-------------------------------------------------------------------------------
Test set: io.confluent.ksql.rest.integration.KsqlResourceFunctionalTest
-------------------------------------------------------------------------------
Tests run: 4, Failures: 0, Errors: 0, Skipped: 0, Time elapsed: 42.23 s - in io.confluent.ksql.rest.integration.KsqlResourceFunctionalTest
-------------------------------------------------------------------------------
Test set: io.confluent.ksql.rest.integration.RestApiTest
-------------------------------------------------------------------------------
Tests run: 30, Failures: 0, Errors: 0, Skipped: 0, Time elapsed: 47.873 s - in io.confluent.ksql.rest.integration.RestApiTest
-------------------------------------------------------------------------------
Test set: io.confluent.ksql.rest.integration.AuthorizationFunctionalTest
-------------------------------------------------------------------------------
Tests run: 5, Failures: 0, Errors: 0, Skipped: 0, Time elapsed: 6.211 s - in io.confluent.ksql.rest.integration.AuthorizationFunctionalTest
-------------------------------------------------------------------------------
Test set: io.confluent.ksql.api.integration.RestoreCommandTopicIntegrationTest
-------------------------------------------------------------------------------
Tests run: 2, Failures: 0, Errors: 0, Skipped: 0, Time elapsed: 107.922 s - in io.confluent.ksql.api.integration.RestoreCommandTopicIntegrationTest
-------------------------------------------------------------------------------
Test set: io.confluent.ksql.rest.integration.LagReportingAgentFunctionalTest
-------------------------------------------------------------------------------
Tests run: 1, Failures: 0, Errors: 0, Skipped: 0, Time elapsed: 12.585 s - in io.confluent.ksql.rest.integration.LagReportingAgentFunctionalTest
-------------------------------------------------------------------------------
Test set: io.confluent.ksql.rest.integration.PreconditionFunctionalTest
-------------------------------------------------------------------------------
Tests run: 3, Failures: 0, Errors: 0, Skipped: 0, Time elapsed: 21.145 s - in io.confluent.ksql.rest.integration.PreconditionFunctionalTest
-------------------------------------------------------------------------------
Test set: io.confluent.ksql.rest.integration.CommandTopicFunctionalTest
-------------------------------------------------------------------------------
Tests run: 1, Failures: 0, Errors: 0, Skipped: 0, Time elapsed: 19.929 s - in io.confluent.ksql.rest.integration.CommandTopicFunctionalTest
-------------------------------------------------------------------------------
Test set: io.confluent.ksql.rest.integration.HeartbeatAgentFunctionalTest
-------------------------------------------------------------------------------
Tests run: 3, Failures: 0, Errors: 0, Skipped: 0, Time elapsed: 156.167 s - in io.confluent.ksql.rest.integration.HeartbeatAgentFunctionalTest
-------------------------------------------------------------------------------
Test set: io.confluent.ksql.rest.integration.ShowQueriesMultiNodeWithTlsFunctionalTest
-------------------------------------------------------------------------------
Tests run: 1, Failures: 0, Errors: 0, Skipped: 0, Time elapsed: 4.781 s - in io.confluent.ksql.rest.integration.ShowQueriesMultiNodeWithTlsFunctionalTest
-------------------------------------------------------------------------------
Test set: io.confluent.ksql.rest.integration.BackupRollbackIntegrationTest
-------------------------------------------------------------------------------
Tests run: 1, Failures: 0, Errors: 0, Skipped: 0, Time elapsed: 53.296 s - in io.confluent.ksql.rest.integration.BackupRollbackIntegrationTest
-------------------------------------------------------------------------------
Test set: io.confluent.ksql.rest.integration.ShowQueriesMultiNodeFunctionalTest
-------------------------------------------------------------------------------
Tests run: 2, Failures: 0, Errors: 0, Skipped: 0, Time elapsed: 4.627 s - in io.confluent.ksql.rest.integration.ShowQueriesMultiNodeFunctionalTest
-------------------------------------------------------------------------------
Test set: io.confluent.ksql.rest.integration.UncaughtExceptionHandlerFunctionalTest
-------------------------------------------------------------------------------
Tests run: 1, Failures: 0, Errors: 0, Skipped: 0, Time elapsed: 333.561 s - in io.confluent.ksql.rest.integration.UncaughtExceptionHandlerFunctionalTest
-------------------------------------------------------------------------------
Test set: io.confluent.ksql.rest.integration.PullQuerySingleNodeFunctionalTest
-------------------------------------------------------------------------------
Tests run: 1, Failures: 0, Errors: 0, Skipped: 1, Time elapsed: 4.647 s - in io.confluent.ksql.rest.integration.PullQuerySingleNodeFunctionalTest
-------------------------------------------------------------------------------
Test set: io.confluent.ksql.rest.integration.PullQueryRoutingFunctionalTest
-------------------------------------------------------------------------------
Tests run: 5, Failures: 0, Errors: 0, Skipped: 0, Time elapsed: 115.474 s - in io.confluent.ksql.rest.integration.PullQueryRoutingFunctionalTest
-------------------------------------------------------------------------------
Test set: io.confluent.ksql.api.integration.ApiIntegrationTest
-------------------------------------------------------------------------------
Tests run: 23, Failures: 0, Errors: 0, Skipped: 0, Time elapsed: 38.907 s - in io.confluent.ksql.api.integration.ApiIntegrationTest
-------------------------------------------------------------------------------
Test set: io.confluent.ksql.rest.server.ConnectIntegrationTest
-------------------------------------------------------------------------------
Tests run: 7, Failures: 0, Errors: 0, Skipped: 1, Time elapsed: 38.757 s - in io.confluent.ksql.rest.server.ConnectIntegrationTest
-------------------------------------------------------------------------------
Test set: io.confluent.ksql.rest.server.StandaloneExecutorFunctionalTest
-------------------------------------------------------------------------------
Tests run: 5, Failures: 0, Errors: 0, Skipped: 0, Time elapsed: 61.175 s - in io.confluent.ksql.rest.server.StandaloneExecutorFunctionalTest
-------------------------------------------------------------------------------
Test set: io.confluent.ksql.rest.integration.ClusterTerminationTest
-------------------------------------------------------------------------------
Tests run: 1, Failures: 0, Errors: 0, Skipped: 0, Time elapsed: 33.842 s - in io.confluent.ksql.rest.integration.ClusterTerminationTest
-------------------------------------------------------------------------------
Test set: io.confluent.ksql.rest.integration.HealthCheckResourceFunctionalTest
-------------------------------------------------------------------------------
Tests run: 1, Failures: 0, Errors: 0, Skipped: 0, Time elapsed: 7.321 s - in io.confluent.ksql.rest.integration.HealthCheckResourceFunctionalTest
-------------------------------------------------------------------------------
Test set: io.confluent.ksql.rest.integration.PullQueryFunctionalTest
-------------------------------------------------------------------------------
Tests run: 6, Failures: 0, Errors: 0, Skipped: 0, Time elapsed: 65.587 s - in io.confluent.ksql.rest.integration.PullQueryFunctionalTest
-------------------------------------------------------------------------------
Test set: io.confluent.ksql.rest.util.RocksDBConfigSetterHandlerTest
-------------------------------------------------------------------------------
Tests run: 3, Failures: 0, Errors: 0, Skipped: 0, Time elapsed: 0.312 s - in io.confluent.ksql.rest.util.RocksDBConfigSetterHandlerTest
-------------------------------------------------------------------------------
Test set: io.confluent.ksql.rest.server.LocalCommandsTest
-------------------------------------------------------------------------------
Tests run: 7, Failures: 0, Errors: 0, Skipped: 0, Time elapsed: 0.3 s - in io.confluent.ksql.rest.server.LocalCommandsTest
-------------------------------------------------------------------------------
Test set: io.confluent.ksql.rest.server.restore.RestoreOptionsTest
-------------------------------------------------------------------------------
Tests run: 2, Failures: 0, Errors: 0, Skipped: 0, Time elapsed: 0.06 s - in io.confluent.ksql.rest.server.restore.RestoreOptionsTest
-------------------------------------------------------------------------------
Test set: io.confluent.ksql.rest.server.execution.ListTopicsExecutorTest
-------------------------------------------------------------------------------
Tests run: 4, Failures: 0, Errors: 0, Skipped: 0, Time elapsed: 1.089 s - in io.confluent.ksql.rest.server.execution.ListTopicsExecutorTest
-------------------------------------------------------------------------------
Test set: io.confluent.ksql.rest.server.validation.PropertyOverriderTest
-------------------------------------------------------------------------------
Tests run: 5, Failures: 0, Errors: 0, Skipped: 0, Time elapsed: 0.294 s - in io.confluent.ksql.rest.server.validation.PropertyOverriderTest
-------------------------------------------------------------------------------
Test set: io.confluent.ksql.rest.server.resources.KsqlResourceTest
-------------------------------------------------------------------------------
Tests run: 98, Failures: 0, Errors: 0, Skipped: 0, Time elapsed: 108.629 s - in io.confluent.ksql.rest.server.resources.KsqlResourceTest
-------------------------------------------------------------------------------
Test set: io.confluent.ksql.rest.server.execution.ListVariablesExecutorTest
-------------------------------------------------------------------------------
Tests run: 2, Failures: 0, Errors: 0, Skipped: 0, Time elapsed: 0.08 s - in io.confluent.ksql.rest.server.execution.ListVariablesExecutorTest
-------------------------------------------------------------------------------
Test set: io.confluent.ksql.rest.server.resources.WSQueryEndpointTest
-------------------------------------------------------------------------------
Tests run: 1, Failures: 0, Errors: 0, Skipped: 0, Time elapsed: 0.41 s - in io.confluent.ksql.rest.server.resources.WSQueryEndpointTest
-------------------------------------------------------------------------------
Test set: io.confluent.ksql.rest.server.KsqlPlanSchemaTest
-------------------------------------------------------------------------------
Tests run: 3, Failures: 0, Errors: 0, Skipped: 1, Time elapsed: 1.671 s - in io.confluent.ksql.rest.server.KsqlPlanSchemaTest
-------------------------------------------------------------------------------
Test set: io.confluent.ksql.api.TlsTest
-------------------------------------------------------------------------------
Tests run: 37, Failures: 0, Errors: 0, Skipped: 0, Time elapsed: 4.309 s - in io.confluent.ksql.api.TlsTest
-------------------------------------------------------------------------------
Test set: io.confluent.ksql.rest.server.execution.ListTypesExecutorTest
-------------------------------------------------------------------------------
Tests run: 1, Failures: 0, Errors: 0, Skipped: 0, Time elapsed: 0.111 s - in io.confluent.ksql.rest.server.execution.ListTypesExecutorTest
-------------------------------------------------------------------------------
Test set: io.confluent.ksql.rest.server.execution.ListPropertiesExecutorTest
-------------------------------------------------------------------------------
Tests run: 5, Failures: 0, Errors: 0, Skipped: 0, Time elapsed: 0.676 s - in io.confluent.ksql.rest.server.execution.ListPropertiesExecutorTest
-------------------------------------------------------------------------------
Test set: io.confluent.ksql.api.Http2OnlyStreamTest
-------------------------------------------------------------------------------
Tests run: 2, Failures: 0, Errors: 0, Skipped: 0, Time elapsed: 0.108 s - in io.confluent.ksql.api.Http2OnlyStreamTest
-------------------------------------------------------------------------------
Test set: io.confluent.ksql.rest.server.KsqlRestApplicationTest
-------------------------------------------------------------------------------
Tests run: 16, Failures: 0, Errors: 0, Skipped: 0, Time elapsed: 7.869 s - in io.confluent.ksql.rest.server.KsqlRestApplicationTest
-------------------------------------------------------------------------------
Test set: io.confluent.ksql.rest.util.KsqlInternalTopicUtilsTest
-------------------------------------------------------------------------------
Tests run: 8, Failures: 0, Errors: 0, Skipped: 0, Time elapsed: 0.024 s - in io.confluent.ksql.rest.util.KsqlInternalTopicUtilsTest
-------------------------------------------------------------------------------
Test set: io.confluent.ksql.rest.server.resources.HeartbeatResourceTest
-------------------------------------------------------------------------------
Tests run: 1, Failures: 0, Errors: 0, Skipped: 0, Time elapsed: 0 s - in io.confluent.ksql.rest.server.resources.HeartbeatResourceTest
-------------------------------------------------------------------------------
Test set: io.confluent.ksql.rest.server.LivenessFilterTest
-------------------------------------------------------------------------------
Tests run: 4, Failures: 0, Errors: 0, Skipped: 0, Time elapsed: 0.041 s - in io.confluent.ksql.rest.server.LivenessFilterTest
-------------------------------------------------------------------------------
Test set: io.confluent.ksql.rest.server.computation.RecoveryTest
-------------------------------------------------------------------------------
Tests run: 18, Failures: 0, Errors: 0, Skipped: 0, Time elapsed: 52.142 s - in io.confluent.ksql.rest.server.computation.RecoveryTest
-------------------------------------------------------------------------------
Test set: io.confluent.ksql.rest.util.EntityUtilTest
-------------------------------------------------------------------------------
Tests run: 14, Failures: 0, Errors: 0, Skipped: 0, Time elapsed: 0.154 s - in io.confluent.ksql.rest.util.EntityUtilTest
-------------------------------------------------------------------------------
Test set: io.confluent.ksql.rest.server.computation.ConfigTopicKeyTest
-------------------------------------------------------------------------------
Tests run: 5, Failures: 0, Errors: 0, Skipped: 0, Time elapsed: 0.004 s - in io.confluent.ksql.rest.server.computation.ConfigTopicKeyTest
-------------------------------------------------------------------------------
Test set: io.confluent.ksql.rest.server.resources.OldApiUtilsTest
-------------------------------------------------------------------------------
Tests run: 2, Failures: 0, Errors: 0, Skipped: 0, Time elapsed: 0 s - in io.confluent.ksql.rest.server.resources.OldApiUtilsTest
-------------------------------------------------------------------------------
Test set: io.confluent.ksql.rest.server.KsqlRestConfigTest
-------------------------------------------------------------------------------
Tests run: 40, Failures: 0, Errors: 0, Skipped: 0, Time elapsed: 0.683 s - in io.confluent.ksql.rest.server.KsqlRestConfigTest
-------------------------------------------------------------------------------
Test set: io.confluent.ksql.rest.server.execution.ListQueriesExecutorTest
-------------------------------------------------------------------------------
Tests run: 11, Failures: 0, Errors: 0, Skipped: 0, Time elapsed: 6.995 s - in io.confluent.ksql.rest.server.execution.ListQueriesExecutorTest
-------------------------------------------------------------------------------
Test set: io.confluent.ksql.rest.server.KsqlServerMainTest
-------------------------------------------------------------------------------
Tests run: 11, Failures: 0, Errors: 0, Skipped: 0, Time elapsed: 0.122 s - in io.confluent.ksql.rest.server.KsqlServerMainTest
-------------------------------------------------------------------------------
Test set: io.confluent.ksql.rest.server.BackupReplayFileTest
-------------------------------------------------------------------------------
Tests run: 5, Failures: 0, Errors: 0, Skipped: 0, Time elapsed: 0.101 s - in io.confluent.ksql.rest.server.BackupReplayFileTest
-------------------------------------------------------------------------------
Test set: io.confluent.ksql.rest.server.HeartbeatAgentTest
-------------------------------------------------------------------------------
Tests run: 10, Failures: 0, Errors: 0, Skipped: 0, Time elapsed: 0.746 s - in io.confluent.ksql.rest.server.HeartbeatAgentTest
-------------------------------------------------------------------------------
Test set: io.confluent.ksql.rest.server.computation.CommandRunnerMetricsTest
-------------------------------------------------------------------------------
Tests run: 8, Failures: 0, Errors: 0, Skipped: 0, Time elapsed: 0.086 s - in io.confluent.ksql.rest.server.computation.CommandRunnerMetricsTest
-------------------------------------------------------------------------------
Test set: io.confluent.ksql.rest.server.computation.KafkaConfigStoreTest
-------------------------------------------------------------------------------
Tests run: 11, Failures: 0, Errors: 0, Skipped: 0, Time elapsed: 0.124 s - in io.confluent.ksql.rest.server.computation.KafkaConfigStoreTest
-------------------------------------------------------------------------------
Test set: io.confluent.ksql.rest.util.ConcurrencyLimiterTest
-------------------------------------------------------------------------------
Tests run: 2, Failures: 0, Errors: 0, Skipped: 0, Time elapsed: 0.002 s - in io.confluent.ksql.rest.util.ConcurrencyLimiterTest
-------------------------------------------------------------------------------
Test set: io.confluent.ksql.rest.server.computation.CommandStoreTest
-------------------------------------------------------------------------------
Tests run: 17, Failures: 0, Errors: 0, Skipped: 0, Time elapsed: 3.269 s - in io.confluent.ksql.rest.server.computation.CommandStoreTest
-------------------------------------------------------------------------------
Test set: io.confluent.ksql.api.ListenersTest
-------------------------------------------------------------------------------
Tests run: 6, Failures: 0, Errors: 0, Skipped: 0, Time elapsed: 0.223 s - in io.confluent.ksql.api.ListenersTest
-------------------------------------------------------------------------------
Test set: io.confluent.ksql.api.auth.JaasAuthProviderTest
-------------------------------------------------------------------------------
Tests run: 8, Failures: 0, Errors: 0, Skipped: 0, Time elapsed: 0.429 s - in io.confluent.ksql.api.auth.JaasAuthProviderTest
-------------------------------------------------------------------------------
Test set: io.confluent.ksql.api.server.LoggingRateLimiterTest
-------------------------------------------------------------------------------
Tests run: 4, Failures: 0, Errors: 0, Skipped: 0, Time elapsed: 0.138 s - in io.confluent.ksql.api.server.LoggingRateLimiterTest
-------------------------------------------------------------------------------
Test set: io.confluent.ksql.rest.server.execution.ListConnectorPluginsTest
-------------------------------------------------------------------------------
Tests run: 1, Failures: 0, Errors: 0, Skipped: 0, Time elapsed: 0.06 s - in io.confluent.ksql.rest.server.execution.ListConnectorPluginsTest
-------------------------------------------------------------------------------
Test set: io.confluent.ksql.rest.server.TestKsqlRestAppTest
-------------------------------------------------------------------------------
Tests run: 1, Failures: 0, Errors: 0, Skipped: 0, Time elapsed: 28.341 s - in io.confluent.ksql.rest.server.TestKsqlRestAppTest
-------------------------------------------------------------------------------
Test set: io.confluent.ksql.api.ApiTest
-------------------------------------------------------------------------------
Tests run: 35, Failures: 0, Errors: 0, Skipped: 0, Time elapsed: 1.868 s - in io.confluent.ksql.api.ApiTest
-------------------------------------------------------------------------------
Test set: io.confluent.ksql.rest.util.ClusterTerminatorTest
-------------------------------------------------------------------------------
Tests run: 21, Failures: 0, Errors: 0, Skipped: 0, Time elapsed: 9.566 s - in io.confluent.ksql.rest.util.ClusterTerminatorTest
-------------------------------------------------------------------------------
Test set: io.confluent.ksql.rest.entity.SourceDescriptionFactoryTest
-------------------------------------------------------------------------------
Tests run: 5, Failures: 0, Errors: 0, Skipped: 0, Time elapsed: 0.504 s - in io.confluent.ksql.rest.entity.SourceDescriptionFactoryTest
-------------------------------------------------------------------------------
Test set: io.confluent.ksql.api.auth.BasicCallbackHandlerTest
-------------------------------------------------------------------------------
Tests run: 2, Failures: 0, Errors: 0, Skipped: 0, Time elapsed: 0.193 s - in io.confluent.ksql.api.auth.BasicCallbackHandlerTest
-------------------------------------------------------------------------------
Test set: io.confluent.ksql.rest.server.resources.streaming.RecordFormatterTest$MainClassTest
-------------------------------------------------------------------------------
Tests run: 12, Failures: 0, Errors: 0, Skipped: 0, Time elapsed: 0.066 s - in io.confluent.ksql.rest.server.resources.streaming.RecordFormatterTest$MainClassTest
-------------------------------------------------------------------------------
Test set: io.confluent.ksql.api.util.ApiSqlValueCoercerTest
-------------------------------------------------------------------------------
Tests run: 37, Failures: 0, Errors: 0, Skipped: 0, Time elapsed: 0.055 s - in io.confluent.ksql.api.util.ApiSqlValueCoercerTest
-------------------------------------------------------------------------------
Test set: io.confluent.ksql.rest.server.CommandTopicBackupImplTest
-------------------------------------------------------------------------------
Tests run: 15, Failures: 0, Errors: 0, Skipped: 0, Time elapsed: 0.09 s - in io.confluent.ksql.rest.server.CommandTopicBackupImplTest
-------------------------------------------------------------------------------
Test set: io.confluent.ksql.rest.server.resources.streaming.RecordFormatterTest$DeserializersTest
-------------------------------------------------------------------------------
Tests run: 62, Failures: 0, Errors: 0, Skipped: 0, Time elapsed: 0.449 s - in io.confluent.ksql.rest.server.resources.streaming.RecordFormatterTest$DeserializersTest
-------------------------------------------------------------------------------
Test set: io.confluent.ksql.rest.server.validation.PrintTopicValidatorTest
-------------------------------------------------------------------------------
Tests run: 1, Failures: 0, Errors: 0, Skipped: 0, Time elapsed: 0.142 s - in io.confluent.ksql.rest.server.validation.PrintTopicValidatorTest
-------------------------------------------------------------------------------
Test set: io.confluent.ksql.logging.processing.ProcessingLogServerUtilsTest
-------------------------------------------------------------------------------
Tests run: 6, Failures: 0, Errors: 0, Skipped: 0, Time elapsed: 1.278 s - in io.confluent.ksql.logging.processing.ProcessingLogServerUtilsTest
-------------------------------------------------------------------------------
Test set: io.confluent.ksql.rest.server.computation.DistributingExecutorTest
-------------------------------------------------------------------------------
Tests run: 14, Failures: 0, Errors: 0, Skipped: 0, Time elapsed: 0.286 s - in io.confluent.ksql.rest.server.computation.DistributingExecutorTest
-------------------------------------------------------------------------------
Test set: io.confluent.ksql.rest.server.execution.ConnectExecutorTest
-------------------------------------------------------------------------------
Tests run: 5, Failures: 0, Errors: 0, Skipped: 0, Time elapsed: 0.041 s - in io.confluent.ksql.rest.server.execution.ConnectExecutorTest
-------------------------------------------------------------------------------
Test set: io.confluent.ksql.rest.server.resources.streaming.SessionUtilTest
-------------------------------------------------------------------------------
Tests run: 5, Failures: 0, Errors: 0, Skipped: 0, Time elapsed: 0.132 s - in io.confluent.ksql.rest.server.resources.streaming.SessionUtilTest
-------------------------------------------------------------------------------
Test set: io.confluent.ksql.rest.server.StandaloneExecutorTest
-------------------------------------------------------------------------------
Tests run: 31, Failures: 0, Errors: 0, Skipped: 0, Time elapsed: 3.324 s - in io.confluent.ksql.rest.server.StandaloneExecutorTest
-------------------------------------------------------------------------------
Test set: io.confluent.ksql.rest.server.execution.DropConnectorExecutorTest
-------------------------------------------------------------------------------
Tests run: 4, Failures: 0, Errors: 0, Skipped: 0, Time elapsed: 0.1 s - in io.confluent.ksql.rest.server.execution.DropConnectorExecutorTest
-------------------------------------------------------------------------------
Test set: io.confluent.ksql.rest.server.CommandTopicTest
-------------------------------------------------------------------------------
Tests run: 16, Failures: 0, Errors: 0, Skipped: 0, Time elapsed: 0.267 s - in io.confluent.ksql.rest.server.CommandTopicTest
-------------------------------------------------------------------------------
Test set: io.confluent.ksql.rest.server.resources.streaming.QueryStreamWriterTest
-------------------------------------------------------------------------------
Tests run: 5, Failures: 0, Errors: 0, Skipped: 0, Time elapsed: 0.015 s - in io.confluent.ksql.rest.server.resources.streaming.QueryStreamWriterTest
-------------------------------------------------------------------------------
Test set: io.confluent.ksql.rest.server.MultiExecutableTest
-------------------------------------------------------------------------------
Tests run: 5, Failures: 0, Errors: 0, Skipped: 0, Time elapsed: 0.245 s - in io.confluent.ksql.rest.server.MultiExecutableTest
-------------------------------------------------------------------------------
Test set: io.confluent.ksql.rest.server.computation.CommandTest
-------------------------------------------------------------------------------
Tests run: 4, Failures: 0, Errors: 0, Skipped: 0, Time elapsed: 0.003 s - in io.confluent.ksql.rest.server.computation.CommandTest
-------------------------------------------------------------------------------
Test set: io.confluent.ksql.rest.server.execution.DefaultCommandQueueSyncTest
-------------------------------------------------------------------------------
Tests run: 4, Failures: 0, Errors: 0, Skipped: 0, Time elapsed: 0.742 s - in io.confluent.ksql.rest.server.execution.DefaultCommandQueueSyncTest
-------------------------------------------------------------------------------
Test set: io.confluent.ksql.rest.server.resources.streaming.PullQueryPublisherTest
-------------------------------------------------------------------------------
Tests run: 8, Failures: 0, Errors: 0, Skipped: 0, Time elapsed: 0.626 s - in io.confluent.ksql.rest.server.resources.streaming.PullQueryPublisherTest
-------------------------------------------------------------------------------
Test set: io.confluent.ksql.rest.server.computation.CommandRunnerTest
-------------------------------------------------------------------------------
Tests run: 24, Failures: 0, Errors: 0, Skipped: 0, Time elapsed: 1.616 s - in io.confluent.ksql.rest.server.computation.CommandRunnerTest
-------------------------------------------------------------------------------
Test set: io.confluent.ksql.api.CorsTest
-------------------------------------------------------------------------------
Tests run: 16, Failures: 0, Errors: 0, Skipped: 0, Time elapsed: 2.236 s - in io.confluent.ksql.api.CorsTest
-------------------------------------------------------------------------------
Test set: io.confluent.ksql.rest.server.computation.InternalTopicSerdesTest
-------------------------------------------------------------------------------
Tests run: 3, Failures: 0, Errors: 0, Skipped: 0, Time elapsed: 0.006 s - in io.confluent.ksql.rest.server.computation.InternalTopicSerdesTest
-------------------------------------------------------------------------------
Test set: io.confluent.ksql.rest.server.resources.streaming.StreamedQueryResourceTest
-------------------------------------------------------------------------------
Tests run: 1, Failures: 0, Errors: 0, Skipped: 1, Time elapsed: 0.001 s - in io.confluent.ksql.rest.server.resources.streaming.StreamedQueryResourceTest
-------------------------------------------------------------------------------
Test set: io.confluent.ksql.rest.server.resources.ServerInfoResourceTest
-------------------------------------------------------------------------------
Tests run: 3, Failures: 0, Errors: 0, Skipped: 0, Time elapsed: 0.002 s - in io.confluent.ksql.rest.server.resources.ServerInfoResourceTest
-------------------------------------------------------------------------------
Test set: io.confluent.ksql.rest.server.execution.RequestHandlerTest
-------------------------------------------------------------------------------
Tests run: 6, Failures: 0, Errors: 0, Skipped: 0, Time elapsed: 2.031 s - in io.confluent.ksql.rest.server.execution.RequestHandlerTest
-------------------------------------------------------------------------------
Test set: io.confluent.ksql.rest.server.execution.RemoteHostExecutorTest
-------------------------------------------------------------------------------
Tests run: 4, Failures: 0, Errors: 0, Skipped: 0, Time elapsed: 3.131 s - in io.confluent.ksql.rest.server.execution.RemoteHostExecutorTest
-------------------------------------------------------------------------------
Test set: io.confluent.ksql.api.server.FileWatcherTest
-------------------------------------------------------------------------------
Tests run: 4, Failures: 0, Errors: 0, Skipped: 0, Time elapsed: 1.068 s - in io.confluent.ksql.api.server.FileWatcherTest
-------------------------------------------------------------------------------
Test set: io.confluent.ksql.rest.server.LagReportingAgentTest
-------------------------------------------------------------------------------
Tests run: 4, Failures: 0, Errors: 0, Skipped: 0, Time elapsed: 0.578 s - in io.confluent.ksql.rest.server.LagReportingAgentTest
-------------------------------------------------------------------------------
Test set: io.confluent.ksql.rest.server.computation.ValidatedCommandFactoryTest
-------------------------------------------------------------------------------
Tests run: 9, Failures: 0, Errors: 0, Skipped: 0, Time elapsed: 0.35 s - in io.confluent.ksql.rest.server.computation.ValidatedCommandFactoryTest
-------------------------------------------------------------------------------
Test set: io.confluent.ksql.rest.server.resources.streaming.RecordFormatterTest$CombinedTest
-------------------------------------------------------------------------------
Tests run: 2, Failures: 0, Errors: 0, Skipped: 0, Time elapsed: 0.003 s - in io.confluent.ksql.rest.server.resources.streaming.RecordFormatterTest$CombinedTest
-------------------------------------------------------------------------------
Test set: io.confluent.ksql.rest.server.MaximumLagFilterTest
-------------------------------------------------------------------------------
Tests run: 4, Failures: 0, Errors: 0, Skipped: 0, Time elapsed: 0.133 s - in io.confluent.ksql.rest.server.MaximumLagFilterTest
-------------------------------------------------------------------------------
Test set: io.confluent.ksql.rest.server.resources.streaming.PullQueryStreamWriterTest
-------------------------------------------------------------------------------
Tests run: 8, Failures: 0, Errors: 0, Skipped: 0, Time elapsed: 0.207 s - in io.confluent.ksql.rest.server.resources.streaming.PullQueryStreamWriterTest
-------------------------------------------------------------------------------
Test set: io.confluent.ksql.rest.util.QueryCapacityUtilTest
-------------------------------------------------------------------------------
Tests run: 6, Failures: 0, Errors: 0, Skipped: 0, Time elapsed: 0.077 s - in io.confluent.ksql.rest.util.QueryCapacityUtilTest
-------------------------------------------------------------------------------
Test set: io.confluent.ksql.api.AuthTest
-------------------------------------------------------------------------------
Tests run: 38, Failures: 0, Errors: 0, Skipped: 0, Time elapsed: 3.599 s - in io.confluent.ksql.api.AuthTest
-------------------------------------------------------------------------------
Test set: io.confluent.ksql.rest.server.execution.ListConnectorsExecutorTest
-------------------------------------------------------------------------------
Tests run: 4, Failures: 0, Errors: 0, Skipped: 0, Time elapsed: 0.002 s - in io.confluent.ksql.rest.server.execution.ListConnectorsExecutorTest
-------------------------------------------------------------------------------
Test set: io.confluent.ksql.rest.server.execution.DescribeFunctionExecutorTest
-------------------------------------------------------------------------------
Tests run: 3, Failures: 0, Errors: 0, Skipped: 0, Time elapsed: 0.284 s - in io.confluent.ksql.rest.server.execution.DescribeFunctionExecutorTest
-------------------------------------------------------------------------------
Test set: io.confluent.ksql.rest.server.resources.HealthCheckResourceTest
-------------------------------------------------------------------------------
Tests run: 3, Failures: 0, Errors: 0, Skipped: 0, Time elapsed: 0.152 s - in io.confluent.ksql.rest.server.resources.HealthCheckResourceTest
-------------------------------------------------------------------------------
Test set: io.confluent.ksql.rest.healthcheck.HealthCheckAgentTest
-------------------------------------------------------------------------------
Tests run: 7, Failures: 0, Errors: 0, Skipped: 0, Time elapsed: 0.633 s - in io.confluent.ksql.rest.healthcheck.HealthCheckAgentTest
-------------------------------------------------------------------------------
Test set: io.confluent.ksql.rest.app.ImmutabilityTest
-------------------------------------------------------------------------------
Tests run: 2, Failures: 0, Errors: 0, Skipped: 0, Time elapsed: 0.001 s - in io.confluent.ksql.rest.app.ImmutabilityTest
-------------------------------------------------------------------------------
Test set: io.confluent.ksql.rest.util.CommandStoreUtilTest
-------------------------------------------------------------------------------
Tests run: 3, Failures: 0, Errors: 0, Skipped: 0, Time elapsed: 0.338 s - in io.confluent.ksql.rest.util.CommandStoreUtilTest
-------------------------------------------------------------------------------
Test set: io.confluent.ksql.rest.server.resources.StatusResourceTest
-------------------------------------------------------------------------------
Tests run: 3, Failures: 0, Errors: 0, Skipped: 0, Time elapsed: 0.088 s - in io.confluent.ksql.rest.server.resources.StatusResourceTest
-------------------------------------------------------------------------------
Test set: io.confluent.ksql.rest.server.resources.streaming.PollingSubscriptionTest
-------------------------------------------------------------------------------
Tests run: 6, Failures: 0, Errors: 0, Skipped: 0, Time elapsed: 0.425 s - in io.confluent.ksql.rest.server.resources.streaming.PollingSubscriptionTest
-------------------------------------------------------------------------------
Test set: io.confluent.ksql.rest.server.execution.ListFunctionsExecutorTest
-------------------------------------------------------------------------------
Tests run: 1, Failures: 0, Errors: 0, Skipped: 0, Time elapsed: 0.124 s - in io.confluent.ksql.rest.server.execution.ListFunctionsExecutorTest
-------------------------------------------------------------------------------
Test set: io.confluent.ksql.api.server.LoggingHandlerTest
-------------------------------------------------------------------------------
Tests run: 4, Failures: 0, Errors: 0, Skipped: 0, Time elapsed: 0.703 s - in io.confluent.ksql.api.server.LoggingHandlerTest
-------------------------------------------------------------------------------
Test set: io.confluent.ksql.rest.server.execution.ExplainExecutorTest
-------------------------------------------------------------------------------
Tests run: 5, Failures: 0, Errors: 0, Skipped: 0, Time elapsed: 2.194 s - in io.confluent.ksql.rest.server.execution.ExplainExecutorTest
-------------------------------------------------------------------------------
Test set: io.confluent.ksql.rest.server.execution.VariableExecutorTest
-------------------------------------------------------------------------------
Tests run: 7, Failures: 0, Errors: 0, Skipped: 0, Time elapsed: 0.752 s - in io.confluent.ksql.rest.server.execution.VariableExecutorTest
-------------------------------------------------------------------------------
Test set: io.confluent.ksql.rest.server.restore.KsqlRestoreCommandTopicTest
-------------------------------------------------------------------------------
Tests run: 8, Failures: 0, Errors: 0, Skipped: 0, Time elapsed: 1.348 s - in io.confluent.ksql.rest.server.restore.KsqlRestoreCommandTopicTest
-------------------------------------------------------------------------------
Test set: io.confluent.ksql.rest.entity.QueryDescriptionFactoryTest
-------------------------------------------------------------------------------
Tests run: 15, Failures: 0, Errors: 0, Skipped: 0, Time elapsed: 3.582 s - in io.confluent.ksql.rest.entity.QueryDescriptionFactoryTest
-------------------------------------------------------------------------------
Test set: io.confluent.ksql.rest.server.ServerOptionsTest
-------------------------------------------------------------------------------
Tests run: 4, Failures: 0, Errors: 0, Skipped: 0, Time elapsed: 0.08 s - in io.confluent.ksql.rest.server.ServerOptionsTest
-------------------------------------------------------------------------------
Test set: io.confluent.ksql.rest.server.LocalCommandsFileTest
-------------------------------------------------------------------------------
Tests run: 3, Failures: 0, Errors: 0, Skipped: 0, Time elapsed: 0.008 s - in io.confluent.ksql.rest.server.LocalCommandsFileTest
-------------------------------------------------------------------------------
Test set: io.confluent.ksql.rest.server.validation.RequestValidatorTest
-------------------------------------------------------------------------------
Tests run: 11, Failures: 0, Errors: 0, Skipped: 0, Time elapsed: 0.861 s - in io.confluent.ksql.rest.server.validation.RequestValidatorTest
-------------------------------------------------------------------------------
Test set: io.confluent.ksql.rest.server.resources.ServerMetadataResourceTest
-------------------------------------------------------------------------------
Tests run: 2, Failures: 0, Errors: 0, Skipped: 0, Time elapsed: 0.302 s - in io.confluent.ksql.rest.server.resources.ServerMetadataResourceTest
-------------------------------------------------------------------------------
Test set: io.confluent.ksql.api.ServerStateTest
-------------------------------------------------------------------------------
Tests run: 2, Failures: 0, Errors: 0, Skipped: 0, Time elapsed: 0.033 s - in io.confluent.ksql.api.ServerStateTest
-------------------------------------------------------------------------------
Test set: io.confluent.ksql.rest.server.execution.RemoteSourceDescriptionExecutorTest
-------------------------------------------------------------------------------
Tests run: 2, Failures: 0, Errors: 0, Skipped: 0, Time elapsed: 4.999 s - in io.confluent.ksql.rest.server.execution.RemoteSourceDescriptionExecutorTest
-------------------------------------------------------------------------------
Test set: io.confluent.ksql.rest.server.execution.ListSourceExecutorTest
-------------------------------------------------------------------------------
Tests run: 12, Failures: 0, Errors: 0, Skipped: 0, Time elapsed: 6.51 s - in io.confluent.ksql.rest.server.execution.ListSourceExecutorTest
-------------------------------------------------------------------------------
Test set: io.confluent.ksql.rest.server.resources.streaming.TombstoneFactoryTest
-------------------------------------------------------------------------------
Tests run: 5, Failures: 0, Errors: 0, Skipped: 0, Time elapsed: 0.003 s - in io.confluent.ksql.rest.server.resources.streaming.TombstoneFactoryTest
-------------------------------------------------------------------------------
Test set: io.confluent.ksql.rest.util.DiscoverRemoteHostsUtilTest
-------------------------------------------------------------------------------
Tests run: 1, Failures: 0, Errors: 0, Skipped: 0, Time elapsed: 58.137 s - in io.confluent.ksql.rest.util.DiscoverRemoteHostsUtilTest
-------------------------------------------------------------------------------
Test set: io.confluent.ksql.rest.server.execution.DescribeConnectorExecutorTest
-------------------------------------------------------------------------------
Tests run: 5, Failures: 0, Errors: 0, Skipped: 0, Time elapsed: 0.881 s - in io.confluent.ksql.rest.server.execution.DescribeConnectorExecutorTest
-------------------------------------------------------------------------------
Test set: io.confluent.ksql.api.MaxQueriesTest
-------------------------------------------------------------------------------
Tests run: 1, Failures: 0, Errors: 0, Skipped: 0, Time elapsed: 0.135 s - in io.confluent.ksql.api.MaxQueriesTest
-------------------------------------------------------------------------------
Test set: io.confluent.ksql.rest.server.execution.PullQueryMetricsTest
-------------------------------------------------------------------------------
Tests run: 10, Failures: 0, Errors: 0, Skipped: 0, Time elapsed: 5.67 s - in io.confluent.ksql.rest.server.execution.PullQueryMetricsTest
-------------------------------------------------------------------------------
Test set: io.confluent.ksql.rest.server.services.ServerInternalKsqlClientTest
-------------------------------------------------------------------------------
Tests run: 1, Failures: 0, Errors: 0, Skipped: 0, Time elapsed: 0.595 s - in io.confluent.ksql.rest.server.services.ServerInternalKsqlClientTest
-------------------------------------------------------------------------------
Test set: io.confluent.ksql.rest.server.StandaloneExecutorFactoryTest
-------------------------------------------------------------------------------
Tests run: 1, Failures: 0, Errors: 0, Skipped: 0, Time elapsed: 1.429 s - in io.confluent.ksql.rest.server.StandaloneExecutorFactoryTest
-------------------------------------------------------------------------------
Test set: io.confluent.ksql.rest.server.computation.InteractiveStatementExecutorTest
-------------------------------------------------------------------------------
Tests run: 22, Failures: 0, Errors: 0, Skipped: 0, Time elapsed: 16.717 s - in io.confluent.ksql.rest.server.computation.InteractiveStatementExecutorTest
-------------------------------------------------------------------------------
Test set: io.confluent.ksql.rest.server.execution.PropertyExecutorTest
-------------------------------------------------------------------------------
Tests run: 2, Failures: 0, Errors: 0, Skipped: 0, Time elapsed: 0.154 s - in io.confluent.ksql.rest.server.execution.PropertyExecutorTest
-------------------------------------------------------------------------------
Test set: io.confluent.ksql.rest.server.state.ServerStateTest
-------------------------------------------------------------------------------
Tests run: 2, Failures: 0, Errors: 0, Skipped: 0, Time elapsed: 0.016 s - in io.confluent.ksql.rest.server.state.ServerStateTest
-------------------------------------------------------------------------------
Test set: io.confluent.ksql.rest.server.computation.SequenceNumberFutureStoreTest
-------------------------------------------------------------------------------
Tests run: 5, Failures: 0, Errors: 0, Skipped: 0, Time elapsed: 0.001 s - in io.confluent.ksql.rest.server.computation.SequenceNumberFutureStoreTest
-------------------------------------------------------------------------------
Test set: io.confluent.ksql.rest.server.resources.streaming.TopicStreamWriterTest
-------------------------------------------------------------------------------
Tests run: 2, Failures: 0, Errors: 0, Skipped: 0, Time elapsed: 0.154 s - in io.confluent.ksql.rest.server.resources.streaming.TopicStreamWriterTest
-------------------------------------------------------------------------------
Test set: io.confluent.ksql.api.auth.SystemAuthenticationHandlerTest
-------------------------------------------------------------------------------
Tests run: 3, Failures: 0, Errors: 0, Skipped: 0, Time elapsed: 0.147 s - in io.confluent.ksql.api.auth.SystemAuthenticationHandlerTest
-------------------------------------------------------------------------------
Test set: io.confluent.ksql.api.impl.DefaultKsqlSecurityContextProviderTest
-------------------------------------------------------------------------------
Tests run: 5, Failures: 0, Errors: 0, Skipped: 0, Time elapsed: 0.617 s - in io.confluent.ksql.api.impl.DefaultKsqlSecurityContextProviderTest
-------------------------------------------------------------------------------
Test set: io.confluent.ksql.rest.server.ServerUtilTest
-------------------------------------------------------------------------------
Tests run: 3, Failures: 0, Errors: 0, Skipped: 0, Time elapsed: 0.006 s - in io.confluent.ksql.rest.server.ServerUtilTest
-------------------------------------------------------------------------------
Test set: io.confluent.ksql.rest.server.ActiveHostFilterTest
-------------------------------------------------------------------------------
Tests run: 1, Failures: 0, Errors: 0, Skipped: 0, Time elapsed: 0.002 s - in io.confluent.ksql.rest.server.ActiveHostFilterTest
-------------------------------------------------------------------------------
Test set: io.confluent.ksql.rest.server.resources.ClusterStatusResourceTest
-------------------------------------------------------------------------------
Tests run: 2, Failures: 0, Errors: 0, Skipped: 0, Time elapsed: 0.002 s - in io.confluent.ksql.rest.server.resources.ClusterStatusResourceTest
-------------------------------------------------------------------------------
Test set: io.confluent.ksql.rest.server.services.DefaultKsqlClientTest
-------------------------------------------------------------------------------
Tests run: 4, Failures: 0, Errors: 0, Skipped: 0, Time elapsed: 0.365 s - in io.confluent.ksql.rest.server.services.DefaultKsqlClientTest
-------------------------------------------------------------------------------
Test set: io.confluent.ksql.rest.server.resources.streaming.PrintSubscriptionTest
-------------------------------------------------------------------------------
Tests run: 5, Failures: 0, Errors: 0, Skipped: 0, Time elapsed: 0.01 s - in io.confluent.ksql.rest.server.resources.streaming.PrintSubscriptionTest
-------------------------------------------------------------------------------
Test set: io.confluent.ksql.rest.client.KsqlClientUtilTest
-------------------------------------------------------------------------------
Tests run: 7, Failures: 0, Errors: 0, Skipped: 0, Time elapsed: 2.294 s - in io.confluent.ksql.rest.client.KsqlClientUtilTest
-------------------------------------------------------------------------------
Test set: io.confluent.ksql.rest.client.KsqlClientTest
-------------------------------------------------------------------------------
Tests run: 32, Failures: 0, Errors: 0, Skipped: 0, Time elapsed: 2.969 s - in io.confluent.ksql.rest.client.KsqlClientTest
-------------------------------------------------------------------------------
Test set: io.confluent.ksql.rest.client.ImmutabilityTest
-------------------------------------------------------------------------------
Tests run: 1, Failures: 0, Errors: 0, Skipped: 0, Time elapsed: 0.012 s - in io.confluent.ksql.rest.client.ImmutabilityTest
-------------------------------------------------------------------------------
Test set: io.confluent.ksql.rest.client.KsqlTargetUtilTest
-------------------------------------------------------------------------------
Tests run: 4, Failures: 0, Errors: 0, Skipped: 0, Time elapsed: 0.369 s - in io.confluent.ksql.rest.client.KsqlTargetUtilTest
-------------------------------------------------------------------------------
Test set: io.confluent.ksql.rest.entity.StreamedRowTest
-------------------------------------------------------------------------------
Tests run: 9, Failures: 0, Errors: 0, Skipped: 0, Time elapsed: 0.048 s - in io.confluent.ksql.rest.entity.StreamedRowTest
-------------------------------------------------------------------------------
Test set: io.confluent.ksql.rest.client.KsqlRestClientTest
-------------------------------------------------------------------------------
Tests run: 7, Failures: 0, Errors: 0, Skipped: 0, Time elapsed: 0.197 s - in io.confluent.ksql.rest.client.KsqlRestClientTest
-------------------------------------------------------------------------------
Test set: io.confluent.ksql.metastore.ImmutabilityTest
-------------------------------------------------------------------------------
Tests run: 4, Failures: 0, Errors: 0, Skipped: 0, Time elapsed: 0.004 s - in io.confluent.ksql.metastore.ImmutabilityTest
-------------------------------------------------------------------------------
Test set: io.confluent.ksql.metastore.model.MetaStoreModelTest
-------------------------------------------------------------------------------
Tests run: 18, Failures: 0, Errors: 0, Skipped: 2, Time elapsed: 0.191 s - in io.confluent.ksql.metastore.model.MetaStoreModelTest
-------------------------------------------------------------------------------
Test set: io.confluent.ksql.metastore.MetaStoreImplTest
-------------------------------------------------------------------------------
Tests run: 15, Failures: 0, Errors: 0, Skipped: 0, Time elapsed: 0.513 s - in io.confluent.ksql.metastore.MetaStoreImplTest
-------------------------------------------------------------------------------
Test set: io.confluent.ksql.metastore.model.StructuredDataSourceTest
-------------------------------------------------------------------------------
Tests run: 15, Failures: 0, Errors: 0, Skipped: 0, Time elapsed: 1.375 s - in io.confluent.ksql.metastore.model.StructuredDataSourceTest
CREATE TABLE L (ID INT PRIMARY KEY, V0 INT, V1 INT) WITH (kafka_topic='left_topic', value_format='JSON');
CREATE TABLE T1 (ID INT PRIMARY KEY, V0 bigint) WITH (kafka_topic='left', key_format='KAFKA', value_format='JSON');
CREATE STREAM S1 (ID INT KEY, V0 INT) WITH (kafka_topic='left', key_format='AVRO', value_format='JSON');
CREATE STREAM S (ID BIGINT KEY, NAME STRING) WITH (kafka_topic='S', value_format='JSON');
CREATE STREAM TEST (ID BIGINT KEY, NAME varchar, VALUE bigint) WITH (kafka_topic='test_topic', value_format='JSON');
CREATE STREAM TEST1 (ID INT KEY, IGNORED STRING) WITH (kafka_topic='left_topic', value_format='JSON');
CREATE STREAM SOURCE (K STRING KEY, A bigint, B varchar) WITH (kafka_topic='source', value_format='AVRO');
CREATE STREAM input2 (K STRING KEY, data VARCHAR) WITH (kafka_topic='input', value_format='DELIMITED');
CREATE TABLE T1 (ID BIGINT PRIMARY KEY, NAME varchar) WITH (kafka_topic='t1', key_format='AVRO', value_format='JSON');
CREATE STREAM L (ID STRING KEY, l0 DOUBLE, l1 INT) WITH (kafka_topic='left_topic', value_format='PROTOBUF');
CREATE STREAM S1 (ID INT KEY, k int, V0 bigint) WITH (kafka_topic='left', value_format='JSON');
CREATE TABLE TEST (ID BIGINT PRIMARY KEY, NAME varchar, VALUE bigint) WITH (kafka_topic='left_topic', value_format='AVRO');
CREATE STREAM L (ID STRING KEY, l0 STRING, l1 INT) WITH (kafka_topic='left_topic', value_format='AVRO');
CREATE STREAM S1 (ID INT KEY, V0 bigint) WITH (kafka_topic='left', key_format='JSON_SR', value_format='JSON');
CREATE TABLE T (ID INT PRIMARY KEY, VAL STRING) WITH (kafka_topic='t', key_format='AVRO', value_format='JSON');
CREATE STREAM SOURCE1 (K STRING, data VARCHAR) WITH (kafka_topic='stream-source', value_format='JSON');
CREATE STREAM L (ID STRING KEY, l0 ARRAY<INT>, l1 INT) WITH (kafka_topic='left_topic', format='AVRO');
CREATE STREAM TEST (ID BIGINT KEY, NAME varchar, VALUE bigint) WITH (kafka_topic='left_topic', value_format='PROTOBUF');
CREATE STREAM INPUT (ID STRING KEY, v DECIMAL(33, 16)) WITH (kafka_topic='test_topic', value_format='DELIMITED');
CREATE STREAM TEST (ID BIGINT KEY, NAME varchar, VALUE bigint) WITH (kafka_topic='left_topic', value_format='JSON');
CREATE STREAM TEST1 (K STRING KEY, ID varchar) WITH (kafka_topic='left_topic', value_format='JSON');
CREATE TABLE TEST (ID BIGINT PRIMARY KEY, NAME varchar, VALUE bigint) WITH (kafka_topic='left_topic', value_format='JSON');
CREATE STREAM S1 (ID BIGINT KEY, NAME varchar, TS bigint) WITH (timestamp='TS', kafka_topic='s1', value_format='JSON');
CREATE STREAM L (ID STRING KEY, l0 BIGINT, l1 INT) WITH (kafka_topic='left_topic', value_format='PROTOBUF');
CREATE STREAM TEST (ID BIGINT KEY, NAME varchar, VALUE bigint) WITH (kafka_topic='test_topic', value_format='PROTOBUF');
CREATE STREAM S1 (ID BIGINT KEY, NAME STRING) WITH (WRAP_SINGLE_VALUE=false, kafka_topic='S1', value_format='JSON');
CREATE STREAM S1 WITH (kafka_topic='s1', format='JSON_SR');
CREATE TABLE T1 (ID BIGINT PRIMARY KEY, NAME STRING) WITH (WRAP_SINGLE_VALUE=false, kafka_topic='T1', value_format='JSON');
CREATE STREAM L (A INT KEY, B INT, C INT) WITH (kafka_topic='LEFT', value_format='JSON');
CREATE STREAM L (ID STRING KEY, l0 STRUCT<F1 INT, F2 STRING>, l1 INT) WITH (kafka_topic='left_topic', format='JSON');
CREATE TABLE A (id varchar primary key, regionid varchar) WITH (kafka_topic='a', value_format='json');
CREATE STREAM S1 (ID INT KEY, V0 bigint) WITH (kafka_topic='left', key_format='JSON', value_format='JSON');
CREATE STREAM SOURCE1 (K STRING KEY, data VARCHAR) WITH (kafka_topic='stream-source', value_format='DELIMITED');
CREATE STREAM L (ID INT KEY, x bigint) WITH (kafka_topic='left_topic', value_format='JSON');
CREATE STREAM TEST (LEFT_ID BIGINT KEY, NAME varchar) WITH (kafka_topic='left_topic', value_format='JSON');
CREATE STREAM S1 (ID INT KEY, V0 INT) WITH (kafka_topic='left', key_format='JSON_SR', value_format='JSON');
CREATE STREAM INPUT (K STRING KEY, WLAN_SA ARRAY<VARCHAR>) WITH (kafka_topic='input', value_format='JSON');
CREATE STREAM INPUT_STREAM (K STRING KEY, SF BIGINT) WITH (kafka_topic='stream_topic', value_format='JSON');
CREATE STREAM INPUT_1 (FOO INT KEY, bar INT) WITH (kafka_topic='t1', value_format='JSON');
CREATE TABLE S1 (ID BIGINT PRIMARY KEY, NAME varchar, TS bigint) WITH (timestamp='TS', kafka_topic='s1', value_format='JSON');
CREATE STREAM S1 (ID INT KEY, V bigint) WITH (kafka_topic='left_topic', key_format='JSON_SR', value_format='JSON', WINDOW_TYPE='Hopping', WINDOW_SIZE='5 SECONDS');
CREATE TABLE T1 (ID BIGINT PRIMARY KEY, NAME STRING) WITH (kafka_topic='T1', value_format='JSON');
CREATE STREAM L (ID STRING KEY, l0 INT, l1 INT) WITH (kafka_topic='left_topic', value_format='JSON');
CREATE STREAM TEST (K STRING KEY, ID bigint, NAME varchar, VALUE bigint) WITH (kafka_topic='left_topic', value_format='JSON');
CREATE STREAM S1 (ID INT KEY, V0 bigint) WITH (kafka_topic='left', key_format='AVRO', value_format='JSON');
CREATE STREAM L (ID STRING KEY, l0 BIGINT, l1 INT) WITH (kafka_topic='left_topic', value_format='AVRO');
CREATE STREAM S1 (ID INT KEY, K INT, V0 bigint) WITH (kafka_topic='left', value_format='JSON');
CREATE STREAM S1 (A INT KEY, B INT) WITH (kafka_topic='S1', value_format='JSON');
CREATE TABLE T1 (ID INT PRIMARY KEY, V0 bigint) WITH (kafka_topic='left', key_format='AVRO', value_format='JSON');
CREATE STREAM S1 (ID INT KEY, A bigint, B STRUCT<C INT>) WITH (kafka_topic='left_topic', value_format='JSON');
EXPLAIN SELECT * from S1;
DROP STREAM IF EXISTS input2;
INSERT INTO OUTPUT SELECT S1.K AS K, S1.ID + S2.ID as DATA, 1 as I FROM SOURCE1 S1 JOIN SOURCE2 S2 WITHIN 1 SECOND ON S1.k = S2.k;
DROP STREAM input2;
INSERT INTO TARGET SELECT 1 as c1, 2.0 as c2 FROM SOURCE;
INSERT INTO SINK SELECT * FROM SOURCE;
INSERT INTO OUTPUT SELECT * FROM SOURCE2;
INSERT INTO OUTPUT SELECT S1.K AS K, S1.DATA AS DATA_1, S2.DATA AS DATA_2 FROM SOURCE1 S1 JOIN SOURCE2 S2 WITHIN 1 SECOND ON S1.K = S2.K;
INSERT INTO OUTPUT SELECT S1.K AS K, S1.DATA AS DATA_1, S2.DATA AS DATA_2 FROM SOURCE1 S1 JOIN SOURCE2 S2 WITHIN 1 SECOND GRACE PERIOD 2 SECONDS ON S1.K = S2.K;
INSERT INTO OUTPUT SELECT S1.K AS K, S1.DATA AS DATA_1, S2.DATA AS DATA_2 FROM SOURCE1 S1 JOIN SOURCE2 S2 WITHIN (1 SECOND, 3 SECONDS) GRACE PERIOD 2 SECONDS ON S1.K = S2.K;
DROP STREAM IF EXISTS input2;
-------------------------------------------------------------------------------
Test set: io.confluent.ksql.test.driver.TestDriverPipelineTest
-------------------------------------------------------------------------------
Tests run: 6, Failures: 0, Errors: 0, Skipped: 0, Time elapsed: 0.225 s - in io.confluent.ksql.test.driver.TestDriverPipelineTest
-------------------------------------------------------------------------------
Test set: io.confluent.ksql.test.planned.PlannedTestsUpToDateTest
-------------------------------------------------------------------------------
Tests run: 1449, Failures: 2, Errors: 0, Skipped: 0, Time elapsed: 70.104 s <<< FAILURE! - in io.confluent.ksql.test.planned.PlannedTestsUpToDateTest
io.confluent.ksql.test.planned.PlannedTestsUpToDateTest.shouldHaveLatestPlans[session-windows - out of order - explicit grace period]  Time elapsed: 0.054 s  <<< FAILURE!
java.lang.AssertionError: 
Failed to run test case: Topic S2. Expected <6> records but it was <10>
Actual records: 
<[0@0/0], "0"> with timestamp=0
<[0@70010/70010], "1"> with timestamp=70010
<[0@0/0], null> with timestamp=0
<[0@0/10009], "5"> with timestamp=10009
<[0@0/10009], null> with timestamp=10009
<[0@0/10010], "6"> with timestamp=10010
<[1@10009/10009], "100"> with timestamp=10009
<[1@10009/10009], null> with timestamp=10009
<[1@10009/10010], "101"> with timestamp=10010
<[1@86412022/86412022], "200"> with timestamp=86412022
failed test: session-windows - out of order - explicit grace period
in file:///home/confluent/prod/ksql/ksqldb-functional-tests/src/test/resources/query-validation-tests/session-windows.json:46
	at io.confluent.ksql.test.planned.PlannedTestsUpToDateTest.shouldHaveLatestPlans(PlannedTestsUpToDateTest.java:86)
Caused by: io.confluent.ksql.util.KsqlException: 
Topic S2. Expected <6> records but it was <10>
Actual records: 
<[0@0/0], "0"> with timestamp=0
<[0@70010/70010], "1"> with timestamp=70010
<[0@0/0], null> with timestamp=0
<[0@0/10009], "5"> with timestamp=10009
<[0@0/10009], null> with timestamp=10009
<[0@0/10010], "6"> with timestamp=10010
<[1@10009/10009], "100"> with timestamp=10009
<[1@10009/10009], null> with timestamp=10009
<[1@10009/10010], "101"> with timestamp=10010
<[1@86412022/86412022], "200"> with timestamp=86412022
	at io.confluent.ksql.test.planned.PlannedTestsUpToDateTest.shouldHaveLatestPlans(PlannedTestsUpToDateTest.java:86)

io.confluent.ksql.test.planned.PlannedTestsUpToDateTest.shouldHaveLatestPlans[suppress - should support final results for session windows]  Time elapsed: 0.043 s  <<< FAILURE!
java.lang.AssertionError: 
Failed to run test case: Topic 'OUTPUT', message 0: Expected <"k1", {"COUNT":3}> with timestamp=8 but was <[k1@0/8], {COUNT=4}> with timestamp=8
failed test: suppress - should support final results for session windows
in file:///home/confluent/prod/ksql/ksqldb-functional-tests/src/test/resources/query-validation-tests/suppress.json:208
	at io.confluent.ksql.test.planned.PlannedTestsUpToDateTest.shouldHaveLatestPlans(PlannedTestsUpToDateTest.java:86)
Caused by: java.lang.AssertionError: Topic 'OUTPUT', message 0: Expected <"k1", {"COUNT":3}> with timestamp=8 but was <[k1@0/8], {COUNT=4}> with timestamp=8
	at io.confluent.ksql.test.planned.PlannedTestsUpToDateTest.shouldHaveLatestPlans(PlannedTestsUpToDateTest.java:86)

-------------------------------------------------------------------------------
Test set: io.confluent.ksql.test.model.RecordNodeTest
-------------------------------------------------------------------------------
Tests run: 1, Failures: 0, Errors: 0, Skipped: 0, Time elapsed: 0.002 s - in io.confluent.ksql.test.model.RecordNodeTest
-------------------------------------------------------------------------------
Test set: io.confluent.ksql.test.serde.kafka.KafkaSerdeSupplierTest
-------------------------------------------------------------------------------
Tests run: 8, Failures: 0, Errors: 0, Skipped: 0, Time elapsed: 0.003 s - in io.confluent.ksql.test.serde.kafka.KafkaSerdeSupplierTest
-------------------------------------------------------------------------------
Test set: io.confluent.ksql.test.tools.RecordTest
-------------------------------------------------------------------------------
Tests run: 3, Failures: 0, Errors: 0, Skipped: 0, Time elapsed: 0.002 s - in io.confluent.ksql.test.tools.RecordTest
-------------------------------------------------------------------------------
Test set: io.confluent.ksql.test.tools.ExpectedRecordComparatorTest
-------------------------------------------------------------------------------
Tests run: 10, Failures: 0, Errors: 0, Skipped: 0, Time elapsed: 0.002 s - in io.confluent.ksql.test.tools.ExpectedRecordComparatorTest
-------------------------------------------------------------------------------
Test set: io.confluent.ksql.test.driver.AssertExecutorMetaTest
-------------------------------------------------------------------------------
Tests run: 1, Failures: 0, Errors: 0, Skipped: 0, Time elapsed: 0.002 s - in io.confluent.ksql.test.driver.AssertExecutorMetaTest
-------------------------------------------------------------------------------
Test set: io.confluent.ksql.test.SchemaTranslationTest
-------------------------------------------------------------------------------
Tests run: 2, Failures: 0, Errors: 0, Skipped: 0, Time elapsed: 5.57 s - in io.confluent.ksql.test.SchemaTranslationTest
-------------------------------------------------------------------------------
Test set: io.confluent.ksql.test.model.SchemaNodeTest
-------------------------------------------------------------------------------
Tests run: 3, Failures: 0, Errors: 0, Skipped: 0, Time elapsed: 0.002 s - in io.confluent.ksql.test.model.SchemaNodeTest
-------------------------------------------------------------------------------
Test set: io.confluent.ksql.test.parser.SqlTestReaderTest
-------------------------------------------------------------------------------
Tests run: 6, Failures: 0, Errors: 0, Skipped: 0, Time elapsed: 0.003 s - in io.confluent.ksql.test.parser.SqlTestReaderTest
-------------------------------------------------------------------------------
Test set: io.confluent.ksql.test.planned.PlannedTestRewriterTest
-------------------------------------------------------------------------------
Tests run: 2, Failures: 0, Errors: 0, Skipped: 1, Time elapsed: 0.001 s - in io.confluent.ksql.test.planned.PlannedTestRewriterTest
-------------------------------------------------------------------------------
Test set: io.confluent.ksql.test.model.KsqlVersionTest
-------------------------------------------------------------------------------
Tests run: 11, Failures: 0, Errors: 0, Skipped: 0, Time elapsed: 0.003 s - in io.confluent.ksql.test.model.KsqlVersionTest
-------------------------------------------------------------------------------
Test set: io.confluent.ksql.test.tools.KsqlTestingToolTest
-------------------------------------------------------------------------------
Tests run: 10, Failures: 0, Errors: 0, Skipped: 0, Time elapsed: 8.619 s - in io.confluent.ksql.test.tools.KsqlTestingToolTest
-------------------------------------------------------------------------------
Test set: io.confluent.ksql.test.planned.PlannedTestGeneratorTest
-------------------------------------------------------------------------------
Tests run: 2, Failures: 0, Errors: 0, Skipped: 1, Time elapsed: 0.001 s - in io.confluent.ksql.test.planned.PlannedTestGeneratorTest
-------------------------------------------------------------------------------
Test set: io.confluent.ksql.test.tools.TestJsonMapperTest
-------------------------------------------------------------------------------
Tests run: 1, Failures: 0, Errors: 0, Skipped: 0, Time elapsed: 0.006 s - in io.confluent.ksql.test.tools.TestJsonMapperTest
-------------------------------------------------------------------------------
Test set: io.confluent.ksql.test.tools.TestExecutorUtilTest
-------------------------------------------------------------------------------
Tests run: 4, Failures: 0, Errors: 0, Skipped: 0, Time elapsed: 0.416 s - in io.confluent.ksql.test.tools.TestExecutorUtilTest
-------------------------------------------------------------------------------
Test set: io.confluent.ksql.test.driver.KsqlTesterTest
-------------------------------------------------------------------------------
Tests run: 69, Failures: 0, Errors: 0, Skipped: 0, Time elapsed: 2.795 s - in io.confluent.ksql.test.driver.KsqlTesterTest
-------------------------------------------------------------------------------
Test set: io.confluent.ksql.test.rest.RestQueryTranslationTest
-------------------------------------------------------------------------------
Tests run: 252, Failures: 141, Errors: 3, Skipped: 0, Time elapsed: 4,646.769 s <<< FAILURE! - in io.confluent.ksql.test.rest.RestQueryTranslationTest
io.confluent.ksql.test.rest.RestQueryTranslationTest.shouldBuildAndExecuteQueries[pull-queries-against-materialized-aggregates - fail on unsupported query feature: join]  Time elapsed: 2.156 s  <<< FAILURE!
java.lang.AssertionError: 
Expected error mismatch.
Actual: Pull queries don't support JOIN clauses. See https://cnfl.io/queries for more info.
Add EMIT CHANGES if you intended to issue a push query.
Caused by: Pull queries don't support JOIN clauses.
Expected: (response with error message an instance of io.confluent.ksql.rest.entity.KsqlStatementErrorMessage and response with error message statement a string containing "SELECT * FROM AGGREGATE A JOIN INPUT I ON A.ID=I.ID WHERE A.ID='10';" and response with error message message a string containing "Pull queries don't support JOIN clauses." and response with status is <400>)
     but: response with error message an instance of io.confluent.ksql.rest.entity.KsqlStatementErrorMessage error message <Pull queries don't support JOIN clauses. See https://cnfl.io/queries for more info.
Add EMIT CHANGES if you intended to issue a push query.
Caused by: Pull queries don't support JOIN clauses.> is a io.confluent.ksql.rest.entity.KsqlErrorMessage
failed test: pull-queries-against-materialized-aggregates - fail on unsupported query feature: join
in file: file:///home/confluent/prod/ksql/ksqldb-functional-tests/src/test/resources/rest-query-validation-tests/pull-queries-against-materialized-aggregates.json:997
	at io.confluent.ksql.test.rest.RestQueryTranslationTest.shouldBuildAndExecuteQueries(RestQueryTranslationTest.java:156)
Caused by: java.lang.AssertionError: 
Expected error mismatch.
Actual: Pull queries don't support JOIN clauses. See https://cnfl.io/queries for more info.
Add EMIT CHANGES if you intended to issue a push query.
Caused by: Pull queries don't support JOIN clauses.
Expected: (response with error message an instance of io.confluent.ksql.rest.entity.KsqlStatementErrorMessage and response with error message statement a string containing "SELECT * FROM AGGREGATE A JOIN INPUT I ON A.ID=I.ID WHERE A.ID='10';" and response with error message message a string containing "Pull queries don't support JOIN clauses." and response with status is <400>)
     but: response with error message an instance of io.confluent.ksql.rest.entity.KsqlStatementErrorMessage error message <Pull queries don't support JOIN clauses. See https://cnfl.io/queries for more info.
Add EMIT CHANGES if you intended to issue a push query.
Caused by: Pull queries don't support JOIN clauses.> is a io.confluent.ksql.rest.entity.KsqlErrorMessage
	at io.confluent.ksql.test.rest.RestQueryTranslationTest.shouldBuildAndExecuteQueries(RestQueryTranslationTest.java:150)

io.confluent.ksql.test.rest.RestQueryTranslationTest.shouldBuildAndExecuteQueries[pull-queries-against-materialized-aggregates - fail on unsupported query feature: window]  Time elapsed: 2.067 s  <<< FAILURE!
java.lang.AssertionError: 
Expected error mismatch.
Actual: Pull queries don't support WINDOW clauses. See https://cnfl.io/queries for more info.
Add EMIT CHANGES if you intended to issue a push query.
Caused by: Pull queries don't support WINDOW clauses.
Expected: (response with error message an instance of io.confluent.ksql.rest.entity.KsqlStatementErrorMessage and response with error message statement a string containing "SELECT * FROM AGGREGATE WINDOW TUMBLING (SIZE 1 SECOND) WHERE ID='10';" and response with error message message a string containing "Pull queries don't support WINDOW clauses." and response with status is <400>)
     but: response with error message an instance of io.confluent.ksql.rest.entity.KsqlStatementErrorMessage error message <Pull queries don't support WINDOW clauses. See https://cnfl.io/queries for more info.
Add EMIT CHANGES if you intended to issue a push query.
Caused by: Pull queries don't support WINDOW clauses.> is a io.confluent.ksql.rest.entity.KsqlErrorMessage
failed test: pull-queries-against-materialized-aggregates - fail on unsupported query feature: window
in file: file:///home/confluent/prod/ksql/ksqldb-functional-tests/src/test/resources/rest-query-validation-tests/pull-queries-against-materialized-aggregates.json:1010
	at io.confluent.ksql.test.rest.RestQueryTranslationTest.shouldBuildAndExecuteQueries(RestQueryTranslationTest.java:156)
Caused by: java.lang.AssertionError: 
Expected error mismatch.
Actual: Pull queries don't support WINDOW clauses. See https://cnfl.io/queries for more info.
Add EMIT CHANGES if you intended to issue a push query.
Caused by: Pull queries don't support WINDOW clauses.
Expected: (response with error message an instance of io.confluent.ksql.rest.entity.KsqlStatementErrorMessage and response with error message statement a string containing "SELECT * FROM AGGREGATE WINDOW TUMBLING (SIZE 1 SECOND) WHERE ID='10';" and response with error message message a string containing "Pull queries don't support WINDOW clauses." and response with status is <400>)
     but: response with error message an instance of io.confluent.ksql.rest.entity.KsqlStatementErrorMessage error message <Pull queries don't support WINDOW clauses. See https://cnfl.io/queries for more info.
Add EMIT CHANGES if you intended to issue a push query.
Caused by: Pull queries don't support WINDOW clauses.> is a io.confluent.ksql.rest.entity.KsqlErrorMessage
	at io.confluent.ksql.test.rest.RestQueryTranslationTest.shouldBuildAndExecuteQueries(RestQueryTranslationTest.java:150)

io.confluent.ksql.test.rest.RestQueryTranslationTest.shouldBuildAndExecuteQueries[pull-queries-against-materialized-aggregates - fail on unsupported query feature: group by]  Time elapsed: 2.13 s  <<< FAILURE!
java.lang.AssertionError: 
Expected error mismatch.
Actual: Pull queries don't support GROUP BY clauses. See https://cnfl.io/queries for more info.
Add EMIT CHANGES if you intended to issue a push query.
Caused by: Pull queries don't support GROUP BY clauses.
Expected: (response with error message an instance of io.confluent.ksql.rest.entity.KsqlStatementErrorMessage and response with error message statement a string containing "SELECT * FROM AGGREGATE WHERE ID='10' GROUP BY ID;" and response with error message message a string containing "Pull queries don't support GROUP BY clauses" and response with status is <400>)
     but: response with error message an instance of io.confluent.ksql.rest.entity.KsqlStatementErrorMessage error message <Pull queries don't support GROUP BY clauses. See https://cnfl.io/queries for more info.
Add EMIT CHANGES if you intended to issue a push query.
Caused by: Pull queries don't support GROUP BY clauses.> is a io.confluent.ksql.rest.entity.KsqlErrorMessage
failed test: pull-queries-against-materialized-aggregates - fail on unsupported query feature: group by
in file: file:///home/confluent/prod/ksql/ksqldb-functional-tests/src/test/resources/rest-query-validation-tests/pull-queries-against-materialized-aggregates.json:1023
	at io.confluent.ksql.test.rest.RestQueryTranslationTest.shouldBuildAndExecuteQueries(RestQueryTranslationTest.java:156)
Caused by: java.lang.AssertionError: 
Expected error mismatch.
Actual: Pull queries don't support GROUP BY clauses. See https://cnfl.io/queries for more info.
Add EMIT CHANGES if you intended to issue a push query.
Caused by: Pull queries don't support GROUP BY clauses.
Expected: (response with error message an instance of io.confluent.ksql.rest.entity.KsqlStatementErrorMessage and response with error message statement a string containing "SELECT * FROM AGGREGATE WHERE ID='10' GROUP BY ID;" and response with error message message a string containing "Pull queries don't support GROUP BY clauses" and response with status is <400>)
     but: response with error message an instance of io.confluent.ksql.rest.entity.KsqlStatementErrorMessage error message <Pull queries don't support GROUP BY clauses. See https://cnfl.io/queries for more info.
Add EMIT CHANGES if you intended to issue a push query.
Caused by: Pull queries don't support GROUP BY clauses.> is a io.confluent.ksql.rest.entity.KsqlErrorMessage
	at io.confluent.ksql.test.rest.RestQueryTranslationTest.shouldBuildAndExecuteQueries(RestQueryTranslationTest.java:150)

io.confluent.ksql.test.rest.RestQueryTranslationTest.shouldBuildAndExecuteQueries[pull-queries-against-materialized-aggregates - fail if WINDOWSTART used in non-windowed pull query]  Time elapsed: 1.508 s  <<< FAILURE!
java.lang.AssertionError: 
Expected error mismatch.
Actual: Line: 1, Col: 43: WHERE column 'WINDOWSTART' cannot be resolved.
Expected: (response with error message an instance of io.confluent.ksql.rest.entity.KsqlStatementErrorMessage and response with error message statement a string containing "SELECT * FROM AGGREGATE WHERE ID='10' AND WINDOWSTART=10;" and response with error message message a string containing "WHERE column 'WINDOWSTART' cannot be resolved" and response with status is <400>)
     but: response with error message an instance of io.confluent.ksql.rest.entity.KsqlStatementErrorMessage error message <Line: 1, Col: 43: WHERE column 'WINDOWSTART' cannot be resolved.> is a io.confluent.ksql.rest.entity.KsqlErrorMessage
failed test: pull-queries-against-materialized-aggregates - fail if WINDOWSTART used in non-windowed pull query
in file: file:///home/confluent/prod/ksql/ksqldb-functional-tests/src/test/resources/rest-query-validation-tests/pull-queries-against-materialized-aggregates.json:1096
	at io.confluent.ksql.test.rest.RestQueryTranslationTest.shouldBuildAndExecuteQueries(RestQueryTranslationTest.java:156)
Caused by: java.lang.AssertionError: 
Expected error mismatch.
Actual: Line: 1, Col: 43: WHERE column 'WINDOWSTART' cannot be resolved.
Expected: (response with error message an instance of io.confluent.ksql.rest.entity.KsqlStatementErrorMessage and response with error message statement a string containing "SELECT * FROM AGGREGATE WHERE ID='10' AND WINDOWSTART=10;" and response with error message message a string containing "WHERE column 'WINDOWSTART' cannot be resolved" and response with status is <400>)
     but: response with error message an instance of io.confluent.ksql.rest.entity.KsqlStatementErrorMessage error message <Line: 1, Col: 43: WHERE column 'WINDOWSTART' cannot be resolved.> is a io.confluent.ksql.rest.entity.KsqlErrorMessage
	at io.confluent.ksql.test.rest.RestQueryTranslationTest.shouldBuildAndExecuteQueries(RestQueryTranslationTest.java:150)

io.confluent.ksql.test.rest.RestQueryTranslationTest.shouldBuildAndExecuteQueries[pull-queries-against-materialized-aggregates - fail if WINDOWEND used in non-windowed pull query]  Time elapsed: 1.039 s  <<< FAILURE!
java.lang.AssertionError: 
Expected error mismatch.
Actual: Line: 1, Col: 43: WHERE column 'WINDOWEND' cannot be resolved.
Expected: (response with error message an instance of io.confluent.ksql.rest.entity.KsqlStatementErrorMessage and response with error message statement a string containing "SELECT * FROM AGGREGATE WHERE ID='10' AND WINDOWEND=10;" and response with error message message a string containing "WHERE column 'WINDOWEND' cannot be resolved" and response with status is <400>)
     but: response with error message an instance of io.confluent.ksql.rest.entity.KsqlStatementErrorMessage error message <Line: 1, Col: 43: WHERE column 'WINDOWEND' cannot be resolved.> is a io.confluent.ksql.rest.entity.KsqlErrorMessage
failed test: pull-queries-against-materialized-aggregates - fail if WINDOWEND used in non-windowed pull query
in file: file:///home/confluent/prod/ksql/ksqldb-functional-tests/src/test/resources/rest-query-validation-tests/pull-queries-against-materialized-aggregates.json:1109
	at io.confluent.ksql.test.rest.RestQueryTranslationTest.shouldBuildAndExecuteQueries(RestQueryTranslationTest.java:156)
Caused by: java.lang.AssertionError: 
Expected error mismatch.
Actual: Line: 1, Col: 43: WHERE column 'WINDOWEND' cannot be resolved.
Expected: (response with error message an instance of io.confluent.ksql.rest.entity.KsqlStatementErrorMessage and response with error message statement a string containing "SELECT * FROM AGGREGATE WHERE ID='10' AND WINDOWEND=10;" and response with error message message a string containing "WHERE column 'WINDOWEND' cannot be resolved" and response with status is <400>)
     but: response with error message an instance of io.confluent.ksql.rest.entity.KsqlStatementErrorMessage error message <Line: 1, Col: 43: WHERE column 'WINDOWEND' cannot be resolved.> is a io.confluent.ksql.rest.entity.KsqlErrorMessage
	at io.confluent.ksql.test.rest.RestQueryTranslationTest.shouldBuildAndExecuteQueries(RestQueryTranslationTest.java:150)

io.confluent.ksql.test.rest.RestQueryTranslationTest.shouldBuildAndExecuteQueries[pull-queries-against-materialized-aggregates - on stream]  Time elapsed: 60.007 s  <<< ERROR!
org.junit.runners.model.TestTimedOutException: test timed out after 60 seconds
	at io.confluent.ksql.test.rest.RestQueryTranslationTest.shouldBuildAndExecuteQueries(RestQueryTranslationTest.java:150)

io.confluent.ksql.test.rest.RestQueryTranslationTest.shouldBuildAndExecuteQueries[pull-queries-against-materialized-aggregates - window start lower bound]  Time elapsed: 32.688 s  <<< FAILURE!
java.lang.AssertionError: 
Active thead-count is on the up: is there new ExecutorService that's not being shutdown somewhere?
New Thead: kafka-admin-client-thread | adminclient-658 (RUNNABLE)
StackTrace: 
	sun.nio.ch.EPollArrayWrapper.epollWait(Native Method)
	sun.nio.ch.EPollArrayWrapper.poll(EPollArrayWrapper.java:269)
	sun.nio.ch.EPollSelectorImpl.doSelect(EPollSelectorImpl.java:93)
	sun.nio.ch.SelectorImpl.lockAndDoSelect(SelectorImpl.java:86)
	sun.nio.ch.SelectorImpl.select(SelectorImpl.java:97)
	org.apache.kafka.common.network.Selector.select(Selector.java:873)
	org.apache.kafka.common.network.Selector.poll(Selector.java:465)
	org.apache.kafka.clients.NetworkClient.poll(NetworkClient.java:551)
	org.apache.kafka.clients.admin.KafkaAdminClient$AdminClientRunnable.processRequests(KafkaAdminClient.java:1414)
	org.apache.kafka.clients.admin.KafkaAdminClient$AdminClientRunnable.run(KafkaAdminClient.java:1345)
	java.lang.Thread.run(Thread.java:748)
Expected: is <0>
     but: was <1>
	at io.confluent.ksql.test.rest.RestQueryTranslationTest.tearDown(RestQueryTranslationTest.java:143)

io.confluent.ksql.test.rest.RestQueryTranslationTest.shouldBuildAndExecuteQueries[pull-queries-against-materialized-aggregates - window end lower bound]  Time elapsed: 31.795 s  <<< FAILURE!
java.lang.AssertionError: 
Active thead-count is on the up: is there new ExecutorService that's not being shutdown somewhere?
New Thead: kafka-admin-client-thread | adminclient-658 (RUNNABLE)
StackTrace: 
	sun.nio.ch.EPollArrayWrapper.epollWait(Native Method)
	sun.nio.ch.EPollArrayWrapper.poll(EPollArrayWrapper.java:269)
	sun.nio.ch.EPollSelectorImpl.doSelect(EPollSelectorImpl.java:93)
	sun.nio.ch.SelectorImpl.lockAndDoSelect(SelectorImpl.java:86)
	sun.nio.ch.SelectorImpl.select(SelectorImpl.java:97)
	org.apache.kafka.common.network.Selector.select(Selector.java:873)
	org.apache.kafka.common.network.Selector.poll(Selector.java:465)
	org.apache.kafka.clients.NetworkClient.poll(NetworkClient.java:551)
	org.apache.kafka.clients.admin.KafkaAdminClient$AdminClientRunnable.processRequests(KafkaAdminClient.java:1414)
	org.apache.kafka.clients.admin.KafkaAdminClient$AdminClientRunnable.run(KafkaAdminClient.java:1345)
	java.lang.Thread.run(Thread.java:748)
Expected: is <0>
     but: was <1>
	at io.confluent.ksql.test.rest.RestQueryTranslationTest.tearDown(RestQueryTranslationTest.java:143)

io.confluent.ksql.test.rest.RestQueryTranslationTest.shouldBuildAndExecuteQueries[pull-queries-against-materialized-aggregates - window start upper bound]  Time elapsed: 31.874 s  <<< FAILURE!
java.lang.AssertionError: 
Active thead-count is on the up: is there new ExecutorService that's not being shutdown somewhere?
New Thead: kafka-admin-client-thread | adminclient-658 (RUNNABLE)
StackTrace: 
	sun.nio.ch.EPollArrayWrapper.epollWait(Native Method)
	sun.nio.ch.EPollArrayWrapper.poll(EPollArrayWrapper.java:269)
	sun.nio.ch.EPollSelectorImpl.doSelect(EPollSelectorImpl.java:93)
	sun.nio.ch.SelectorImpl.lockAndDoSelect(SelectorImpl.java:86)
	sun.nio.ch.SelectorImpl.select(SelectorImpl.java:97)
	org.apache.kafka.common.network.Selector.select(Selector.java:873)
	org.apache.kafka.common.network.Selector.poll(Selector.java:465)
	org.apache.kafka.clients.NetworkClient.poll(NetworkClient.java:551)
	org.apache.kafka.clients.admin.KafkaAdminClient$AdminClientRunnable.processRequests(KafkaAdminClient.java:1414)
	org.apache.kafka.clients.admin.KafkaAdminClient$AdminClientRunnable.run(KafkaAdminClient.java:1345)
	java.lang.Thread.run(Thread.java:748)
Expected: is <0>
     but: was <1>
	at io.confluent.ksql.test.rest.RestQueryTranslationTest.tearDown(RestQueryTranslationTest.java:143)

io.confluent.ksql.test.rest.RestQueryTranslationTest.shouldBuildAndExecuteQueries[pull-queries-against-materialized-aggregates - window end upper bound]  Time elapsed: 31.738 s  <<< FAILURE!
java.lang.AssertionError: 
Active thead-count is on the up: is there new ExecutorService that's not being shutdown somewhere?
New Thead: kafka-admin-client-thread | adminclient-658 (RUNNABLE)
StackTrace: 
	sun.nio.ch.EPollArrayWrapper.epollWait(Native Method)
	sun.nio.ch.EPollArrayWrapper.poll(EPollArrayWrapper.java:269)
	sun.nio.ch.EPollSelectorImpl.doSelect(EPollSelectorImpl.java:93)
	sun.nio.ch.SelectorImpl.lockAndDoSelect(SelectorImpl.java:86)
	sun.nio.ch.SelectorImpl.select(SelectorImpl.java:97)
	org.apache.kafka.common.network.Selector.select(Selector.java:873)
	org.apache.kafka.common.network.Selector.poll(Selector.java:465)
	org.apache.kafka.clients.NetworkClient.poll(NetworkClient.java:551)
	org.apache.kafka.clients.admin.KafkaAdminClient$AdminClientRunnable.processRequests(KafkaAdminClient.java:1414)
	org.apache.kafka.clients.admin.KafkaAdminClient$AdminClientRunnable.run(KafkaAdminClient.java:1345)
	java.lang.Thread.run(Thread.java:748)
Expected: is <0>
     but: was <1>
	at io.confluent.ksql.test.rest.RestQueryTranslationTest.tearDown(RestQueryTranslationTest.java:143)

io.confluent.ksql.test.rest.RestQueryTranslationTest.shouldBuildAndExecuteQueries[pull-queries-against-materialized-aggregates - window range - start-start]  Time elapsed: 31.834 s  <<< FAILURE!
java.lang.AssertionError: 
Active thead-count is on the up: is there new ExecutorService that's not being shutdown somewhere?
New Thead: kafka-admin-client-thread | adminclient-658 (RUNNABLE)
StackTrace: 
	sun.nio.ch.EPollArrayWrapper.epollWait(Native Method)
	sun.nio.ch.EPollArrayWrapper.poll(EPollArrayWrapper.java:269)
	sun.nio.ch.EPollSelectorImpl.doSelect(EPollSelectorImpl.java:93)
	sun.nio.ch.SelectorImpl.lockAndDoSelect(SelectorImpl.java:86)
	sun.nio.ch.SelectorImpl.select(SelectorImpl.java:97)
	org.apache.kafka.common.network.Selector.select(Selector.java:873)
	org.apache.kafka.common.network.Selector.poll(Selector.java:465)
	org.apache.kafka.clients.NetworkClient.poll(NetworkClient.java:551)
	org.apache.kafka.clients.admin.KafkaAdminClient$AdminClientRunnable.processRequests(KafkaAdminClient.java:1414)
	org.apache.kafka.clients.admin.KafkaAdminClient$AdminClientRunnable.run(KafkaAdminClient.java:1345)
	java.lang.Thread.run(Thread.java:748)
Expected: is <0>
     but: was <1>
	at io.confluent.ksql.test.rest.RestQueryTranslationTest.tearDown(RestQueryTranslationTest.java:143)

io.confluent.ksql.test.rest.RestQueryTranslationTest.shouldBuildAndExecuteQueries[pull-queries-against-materialized-aggregates - window range - end-end]  Time elapsed: 31.864 s  <<< FAILURE!
java.lang.AssertionError: 
Active thead-count is on the up: is there new ExecutorService that's not being shutdown somewhere?
New Thead: kafka-admin-client-thread | adminclient-658 (RUNNABLE)
StackTrace: 
	sun.nio.ch.EPollArrayWrapper.epollWait(Native Method)
	sun.nio.ch.EPollArrayWrapper.poll(EPollArrayWrapper.java:269)
	sun.nio.ch.EPollSelectorImpl.doSelect(EPollSelectorImpl.java:93)
	sun.nio.ch.SelectorImpl.lockAndDoSelect(SelectorImpl.java:86)
	sun.nio.ch.SelectorImpl.select(SelectorImpl.java:97)
	org.apache.kafka.common.network.Selector.select(Selector.java:873)
	org.apache.kafka.common.network.Selector.poll(Selector.java:465)
	org.apache.kafka.clients.NetworkClient.poll(NetworkClient.java:551)
	org.apache.kafka.clients.admin.KafkaAdminClient$AdminClientRunnable.processRequests(KafkaAdminClient.java:1414)
	org.apache.kafka.clients.admin.KafkaAdminClient$AdminClientRunnable.run(KafkaAdminClient.java:1345)
	java.lang.Thread.run(Thread.java:748)
Expected: is <0>
     but: was <1>
	at io.confluent.ksql.test.rest.RestQueryTranslationTest.tearDown(RestQueryTranslationTest.java:143)

io.confluent.ksql.test.rest.RestQueryTranslationTest.shouldBuildAndExecuteQueries[pull-queries-against-materialized-aggregates - window range - start-end]  Time elapsed: 31.798 s  <<< FAILURE!
java.lang.AssertionError: 
Active thead-count is on the up: is there new ExecutorService that's not being shutdown somewhere?
New Thead: kafka-admin-client-thread | adminclient-658 (RUNNABLE)
StackTrace: 
	sun.nio.ch.EPollArrayWrapper.epollWait(Native Method)
	sun.nio.ch.EPollArrayWrapper.poll(EPollArrayWrapper.java:269)
	sun.nio.ch.EPollSelectorImpl.doSelect(EPollSelectorImpl.java:93)
	sun.nio.ch.SelectorImpl.lockAndDoSelect(SelectorImpl.java:86)
	sun.nio.ch.SelectorImpl.select(SelectorImpl.java:97)
	org.apache.kafka.common.network.Selector.select(Selector.java:873)
	org.apache.kafka.common.network.Selector.poll(Selector.java:465)
	org.apache.kafka.clients.NetworkClient.poll(NetworkClient.java:551)
	org.apache.kafka.clients.admin.KafkaAdminClient$AdminClientRunnable.processRequests(KafkaAdminClient.java:1414)
	org.apache.kafka.clients.admin.KafkaAdminClient$AdminClientRunnable.run(KafkaAdminClient.java:1345)
	java.lang.Thread.run(Thread.java:748)
Expected: is <0>
     but: was <1>
	at io.confluent.ksql.test.rest.RestQueryTranslationTest.tearDown(RestQueryTranslationTest.java:143)

io.confluent.ksql.test.rest.RestQueryTranslationTest.shouldBuildAndExecuteQueries[pull-queries-against-materialized-aggregates - window range - end-start]  Time elapsed: 31.797 s  <<< FAILURE!
java.lang.AssertionError: 
Active thead-count is on the up: is there new ExecutorService that's not being shutdown somewhere?
New Thead: kafka-admin-client-thread | adminclient-658 (RUNNABLE)
StackTrace: 
	sun.nio.ch.EPollArrayWrapper.epollWait(Native Method)
	sun.nio.ch.EPollArrayWrapper.poll(EPollArrayWrapper.java:269)
	sun.nio.ch.EPollSelectorImpl.doSelect(EPollSelectorImpl.java:93)
	sun.nio.ch.SelectorImpl.lockAndDoSelect(SelectorImpl.java:86)
	sun.nio.ch.SelectorImpl.select(SelectorImpl.java:97)
	org.apache.kafka.common.network.Selector.select(Selector.java:873)
	org.apache.kafka.common.network.Selector.poll(Selector.java:465)
	org.apache.kafka.clients.NetworkClient.poll(NetworkClient.java:551)
	org.apache.kafka.clients.admin.KafkaAdminClient$AdminClientRunnable.processRequests(KafkaAdminClient.java:1414)
	org.apache.kafka.clients.admin.KafkaAdminClient$AdminClientRunnable.run(KafkaAdminClient.java:1345)
	java.lang.Thread.run(Thread.java:748)
Expected: is <0>
     but: was <1>
	at io.confluent.ksql.test.rest.RestQueryTranslationTest.tearDown(RestQueryTranslationTest.java:143)

io.confluent.ksql.test.rest.RestQueryTranslationTest.shouldBuildAndExecuteQueries[pull-queries-against-materialized-aggregates - window range - double lower bound - start highest]  Time elapsed: 31.728 s  <<< FAILURE!
java.lang.AssertionError: 
Active thead-count is on the up: is there new ExecutorService that's not being shutdown somewhere?
New Thead: kafka-admin-client-thread | adminclient-658 (RUNNABLE)
StackTrace: 
	sun.nio.ch.EPollArrayWrapper.epollWait(Native Method)
	sun.nio.ch.EPollArrayWrapper.poll(EPollArrayWrapper.java:269)
	sun.nio.ch.EPollSelectorImpl.doSelect(EPollSelectorImpl.java:93)
	sun.nio.ch.SelectorImpl.lockAndDoSelect(SelectorImpl.java:86)
	sun.nio.ch.SelectorImpl.select(SelectorImpl.java:97)
	org.apache.kafka.common.network.Selector.select(Selector.java:873)
	org.apache.kafka.common.network.Selector.poll(Selector.java:465)
	org.apache.kafka.clients.NetworkClient.poll(NetworkClient.java:551)
	org.apache.kafka.clients.admin.KafkaAdminClient$AdminClientRunnable.processRequests(KafkaAdminClient.java:1414)
	org.apache.kafka.clients.admin.KafkaAdminClient$AdminClientRunnable.run(KafkaAdminClient.java:1345)
	java.lang.Thread.run(Thread.java:748)
Expected: is <0>
     but: was <1>
	at io.confluent.ksql.test.rest.RestQueryTranslationTest.tearDown(RestQueryTranslationTest.java:143)

io.confluent.ksql.test.rest.RestQueryTranslationTest.shouldBuildAndExecuteQueries[pull-queries-against-materialized-aggregates - window range - double lower bound - end highest]  Time elapsed: 31.865 s  <<< FAILURE!
java.lang.AssertionError: 
Active thead-count is on the up: is there new ExecutorService that's not being shutdown somewhere?
New Thead: kafka-admin-client-thread | adminclient-658 (RUNNABLE)
StackTrace: 
	sun.nio.ch.EPollArrayWrapper.epollWait(Native Method)
	sun.nio.ch.EPollArrayWrapper.poll(EPollArrayWrapper.java:269)
	sun.nio.ch.EPollSelectorImpl.doSelect(EPollSelectorImpl.java:93)
	sun.nio.ch.SelectorImpl.lockAndDoSelect(SelectorImpl.java:86)
	sun.nio.ch.SelectorImpl.select(SelectorImpl.java:97)
	org.apache.kafka.common.network.Selector.select(Selector.java:873)
	org.apache.kafka.common.network.Selector.poll(Selector.java:465)
	org.apache.kafka.clients.NetworkClient.poll(NetworkClient.java:551)
	org.apache.kafka.clients.admin.KafkaAdminClient$AdminClientRunnable.processRequests(KafkaAdminClient.java:1414)
	org.apache.kafka.clients.admin.KafkaAdminClient$AdminClientRunnable.run(KafkaAdminClient.java:1345)
	java.lang.Thread.run(Thread.java:748)
Expected: is <0>
     but: was <1>
	at io.confluent.ksql.test.rest.RestQueryTranslationTest.tearDown(RestQueryTranslationTest.java:143)

io.confluent.ksql.test.rest.RestQueryTranslationTest.shouldBuildAndExecuteQueries[pull-queries-against-materialized-aggregates - window range - double upper bound - start lowest]  Time elapsed: 31.771 s  <<< FAILURE!
java.lang.AssertionError: 
Active thead-count is on the up: is there new ExecutorService that's not being shutdown somewhere?
New Thead: kafka-admin-client-thread | adminclient-658 (RUNNABLE)
StackTrace: 
	sun.nio.ch.EPollArrayWrapper.epollWait(Native Method)
	sun.nio.ch.EPollArrayWrapper.poll(EPollArrayWrapper.java:269)
	sun.nio.ch.EPollSelectorImpl.doSelect(EPollSelectorImpl.java:93)
	sun.nio.ch.SelectorImpl.lockAndDoSelect(SelectorImpl.java:86)
	sun.nio.ch.SelectorImpl.select(SelectorImpl.java:97)
	org.apache.kafka.common.network.Selector.select(Selector.java:873)
	org.apache.kafka.common.network.Selector.poll(Selector.java:465)
	org.apache.kafka.clients.NetworkClient.poll(NetworkClient.java:551)
	org.apache.kafka.clients.admin.KafkaAdminClient$AdminClientRunnable.processRequests(KafkaAdminClient.java:1414)
	org.apache.kafka.clients.admin.KafkaAdminClient$AdminClientRunnable.run(KafkaAdminClient.java:1345)
	java.lang.Thread.run(Thread.java:748)
Expected: is <0>
     but: was <1>
	at io.confluent.ksql.test.rest.RestQueryTranslationTest.tearDown(RestQueryTranslationTest.java:143)

io.confluent.ksql.test.rest.RestQueryTranslationTest.shouldBuildAndExecuteQueries[pull-queries-against-materialized-aggregates - window range - double upper bound - end lowest]  Time elapsed: 31.763 s  <<< FAILURE!
java.lang.AssertionError: 
Active thead-count is on the up: is there new ExecutorService that's not being shutdown somewhere?
New Thead: kafka-admin-client-thread | adminclient-658 (RUNNABLE)
StackTrace: 
	sun.nio.ch.EPollArrayWrapper.epollWait(Native Method)
	sun.nio.ch.EPollArrayWrapper.poll(EPollArrayWrapper.java:269)
	sun.nio.ch.EPollSelectorImpl.doSelect(EPollSelectorImpl.java:93)
	sun.nio.ch.SelectorImpl.lockAndDoSelect(SelectorImpl.java:86)
	sun.nio.ch.SelectorImpl.select(SelectorImpl.java:97)
	org.apache.kafka.common.network.Selector.select(Selector.java:873)
	org.apache.kafka.common.network.Selector.poll(Selector.java:465)
	org.apache.kafka.clients.NetworkClient.poll(NetworkClient.java:551)
	org.apache.kafka.clients.admin.KafkaAdminClient$AdminClientRunnable.processRequests(KafkaAdminClient.java:1414)
	org.apache.kafka.clients.admin.KafkaAdminClient$AdminClientRunnable.run(KafkaAdminClient.java:1345)
	java.lang.Thread.run(Thread.java:748)
Expected: is <0>
     but: was <1>
	at io.confluent.ksql.test.rest.RestQueryTranslationTest.tearDown(RestQueryTranslationTest.java:143)

io.confluent.ksql.test.rest.RestQueryTranslationTest.shouldBuildAndExecuteQueries[pull-queries-against-materialized-aggregates - unwrapped value]  Time elapsed: 31.702 s  <<< FAILURE!
java.lang.AssertionError: 
Active thead-count is on the up: is there new ExecutorService that's not being shutdown somewhere?
New Thead: kafka-admin-client-thread | adminclient-658 (RUNNABLE)
StackTrace: 
	sun.nio.ch.EPollArrayWrapper.epollWait(Native Method)
	sun.nio.ch.EPollArrayWrapper.poll(EPollArrayWrapper.java:269)
	sun.nio.ch.EPollSelectorImpl.doSelect(EPollSelectorImpl.java:93)
	sun.nio.ch.SelectorImpl.lockAndDoSelect(SelectorImpl.java:86)
	sun.nio.ch.SelectorImpl.select(SelectorImpl.java:97)
	org.apache.kafka.common.network.Selector.select(Selector.java:873)
	org.apache.kafka.common.network.Selector.poll(Selector.java:465)
	org.apache.kafka.clients.NetworkClient.poll(NetworkClient.java:551)
	org.apache.kafka.clients.admin.KafkaAdminClient$AdminClientRunnable.processRequests(KafkaAdminClient.java:1414)
	org.apache.kafka.clients.admin.KafkaAdminClient$AdminClientRunnable.run(KafkaAdminClient.java:1345)
	java.lang.Thread.run(Thread.java:748)
Expected: is <0>
     but: was <1>
	at io.confluent.ksql.test.rest.RestQueryTranslationTest.tearDown(RestQueryTranslationTest.java:143)

io.confluent.ksql.test.rest.RestQueryTranslationTest.shouldBuildAndExecuteQueries[pull-queries-against-materialized-aggregates - non-windowed single key lookup - non-KAFKA key format]  Time elapsed: 31.768 s  <<< FAILURE!
java.lang.AssertionError: 
Active thead-count is on the up: is there new ExecutorService that's not being shutdown somewhere?
New Thead: kafka-admin-client-thread | adminclient-658 (RUNNABLE)
StackTrace: 
	sun.nio.ch.EPollArrayWrapper.epollWait(Native Method)
	sun.nio.ch.EPollArrayWrapper.poll(EPollArrayWrapper.java:269)
	sun.nio.ch.EPollSelectorImpl.doSelect(EPollSelectorImpl.java:93)
	sun.nio.ch.SelectorImpl.lockAndDoSelect(SelectorImpl.java:86)
	sun.nio.ch.SelectorImpl.select(SelectorImpl.java:97)
	org.apache.kafka.common.network.Selector.select(Selector.java:873)
	org.apache.kafka.common.network.Selector.poll(Selector.java:465)
	org.apache.kafka.clients.NetworkClient.poll(NetworkClient.java:551)
	org.apache.kafka.clients.admin.KafkaAdminClient$AdminClientRunnable.processRequests(KafkaAdminClient.java:1414)
	org.apache.kafka.clients.admin.KafkaAdminClient$AdminClientRunnable.run(KafkaAdminClient.java:1345)
	java.lang.Thread.run(Thread.java:748)
Expected: is <0>
     but: was <1>
	at io.confluent.ksql.test.rest.RestQueryTranslationTest.tearDown(RestQueryTranslationTest.java:143)

io.confluent.ksql.test.rest.RestQueryTranslationTest.shouldBuildAndExecuteQueries[pull-queries-against-materialized-aggregates - non-windowed IN key lookup - STRING]  Time elapsed: 31.891 s  <<< FAILURE!
java.lang.AssertionError: 
Active thead-count is on the up: is there new ExecutorService that's not being shutdown somewhere?
New Thead: kafka-admin-client-thread | adminclient-658 (RUNNABLE)
StackTrace: 
	sun.nio.ch.EPollArrayWrapper.epollWait(Native Method)
	sun.nio.ch.EPollArrayWrapper.poll(EPollArrayWrapper.java:269)
	sun.nio.ch.EPollSelectorImpl.doSelect(EPollSelectorImpl.java:93)
	sun.nio.ch.SelectorImpl.lockAndDoSelect(SelectorImpl.java:86)
	sun.nio.ch.SelectorImpl.select(SelectorImpl.java:97)
	org.apache.kafka.common.network.Selector.select(Selector.java:873)
	org.apache.kafka.common.network.Selector.poll(Selector.java:465)
	org.apache.kafka.clients.NetworkClient.poll(NetworkClient.java:551)
	org.apache.kafka.clients.admin.KafkaAdminClient$AdminClientRunnable.processRequests(KafkaAdminClient.java:1414)
	org.apache.kafka.clients.admin.KafkaAdminClient$AdminClientRunnable.run(KafkaAdminClient.java:1345)
	java.lang.Thread.run(Thread.java:748)
Expected: is <0>
     but: was <1>
	at io.confluent.ksql.test.rest.RestQueryTranslationTest.tearDown(RestQueryTranslationTest.java:143)

io.confluent.ksql.test.rest.RestQueryTranslationTest.shouldBuildAndExecuteQueries[pull-queries-against-materialized-aggregates - non-windowed IN key lookup - INT]  Time elapsed: 31.711 s  <<< FAILURE!
java.lang.AssertionError: 
Active thead-count is on the up: is there new ExecutorService that's not being shutdown somewhere?
New Thead: kafka-admin-client-thread | adminclient-658 (RUNNABLE)
StackTrace: 
	sun.nio.ch.EPollArrayWrapper.epollWait(Native Method)
	sun.nio.ch.EPollArrayWrapper.poll(EPollArrayWrapper.java:269)
	sun.nio.ch.EPollSelectorImpl.doSelect(EPollSelectorImpl.java:93)
	sun.nio.ch.SelectorImpl.lockAndDoSelect(SelectorImpl.java:86)
	sun.nio.ch.SelectorImpl.select(SelectorImpl.java:97)
	org.apache.kafka.common.network.Selector.select(Selector.java:873)
	org.apache.kafka.common.network.Selector.poll(Selector.java:465)
	org.apache.kafka.clients.NetworkClient.poll(NetworkClient.java:551)
	org.apache.kafka.clients.admin.KafkaAdminClient$AdminClientRunnable.processRequests(KafkaAdminClient.java:1414)
	org.apache.kafka.clients.admin.KafkaAdminClient$AdminClientRunnable.run(KafkaAdminClient.java:1345)
	java.lang.Thread.run(Thread.java:748)
Expected: is <0>
     but: was <1>
	at io.confluent.ksql.test.rest.RestQueryTranslationTest.tearDown(RestQueryTranslationTest.java:143)

io.confluent.ksql.test.rest.RestQueryTranslationTest.shouldBuildAndExecuteQueries[pull-queries-against-materialized-aggregates - non-windowed IN key lookup - BIGINT]  Time elapsed: 31.906 s  <<< FAILURE!
java.lang.AssertionError: 
Active thead-count is on the up: is there new ExecutorService that's not being shutdown somewhere?
New Thead: kafka-admin-client-thread | adminclient-658 (RUNNABLE)
StackTrace: 
	sun.nio.ch.EPollArrayWrapper.epollWait(Native Method)
	sun.nio.ch.EPollArrayWrapper.poll(EPollArrayWrapper.java:269)
	sun.nio.ch.EPollSelectorImpl.doSelect(EPollSelectorImpl.java:93)
	sun.nio.ch.SelectorImpl.lockAndDoSelect(SelectorImpl.java:86)
	sun.nio.ch.SelectorImpl.select(SelectorImpl.java:97)
	org.apache.kafka.common.network.Selector.select(Selector.java:873)
	org.apache.kafka.common.network.Selector.poll(Selector.java:465)
	org.apache.kafka.clients.NetworkClient.poll(NetworkClient.java:551)
	org.apache.kafka.clients.admin.KafkaAdminClient$AdminClientRunnable.processRequests(KafkaAdminClient.java:1414)
	org.apache.kafka.clients.admin.KafkaAdminClient$AdminClientRunnable.run(KafkaAdminClient.java:1345)
	java.lang.Thread.run(Thread.java:748)
Expected: is <0>
     but: was <1>
	at io.confluent.ksql.test.rest.RestQueryTranslationTest.tearDown(RestQueryTranslationTest.java:143)

io.confluent.ksql.test.rest.RestQueryTranslationTest.shouldBuildAndExecuteQueries[pull-queries-against-materialized-aggregates - non-windowed IN key lookup - DOUBLE]  Time elapsed: 31.662 s  <<< FAILURE!
java.lang.AssertionError: 
Active thead-count is on the up: is there new ExecutorService that's not being shutdown somewhere?
New Thead: kafka-admin-client-thread | adminclient-658 (RUNNABLE)
StackTrace: 
	sun.nio.ch.EPollArrayWrapper.epollWait(Native Method)
	sun.nio.ch.EPollArrayWrapper.poll(EPollArrayWrapper.java:269)
	sun.nio.ch.EPollSelectorImpl.doSelect(EPollSelectorImpl.java:93)
	sun.nio.ch.SelectorImpl.lockAndDoSelect(SelectorImpl.java:86)
	sun.nio.ch.SelectorImpl.select(SelectorImpl.java:97)
	org.apache.kafka.common.network.Selector.select(Selector.java:873)
	org.apache.kafka.common.network.Selector.poll(Selector.java:465)
	org.apache.kafka.clients.NetworkClient.poll(NetworkClient.java:551)
	org.apache.kafka.clients.admin.KafkaAdminClient$AdminClientRunnable.processRequests(KafkaAdminClient.java:1414)
	org.apache.kafka.clients.admin.KafkaAdminClient$AdminClientRunnable.run(KafkaAdminClient.java:1345)
	java.lang.Thread.run(Thread.java:748)
Expected: is <0>
     but: was <1>
	at io.confluent.ksql.test.rest.RestQueryTranslationTest.tearDown(RestQueryTranslationTest.java:143)

io.confluent.ksql.test.rest.RestQueryTranslationTest.shouldBuildAndExecuteQueries[pull-queries-against-materialized-aggregates - non-windowed IN lookup on wrong type]  Time elapsed: 31.327 s  <<< FAILURE!
java.lang.AssertionError: 
Active thead-count is on the up: is there new ExecutorService that's not being shutdown somewhere?
New Thead: kafka-admin-client-thread | adminclient-658 (RUNNABLE)
StackTrace: 
	sun.nio.ch.EPollArrayWrapper.epollWait(Native Method)
	sun.nio.ch.EPollArrayWrapper.poll(EPollArrayWrapper.java:269)
	sun.nio.ch.EPollSelectorImpl.doSelect(EPollSelectorImpl.java:93)
	sun.nio.ch.SelectorImpl.lockAndDoSelect(SelectorImpl.java:86)
	sun.nio.ch.SelectorImpl.select(SelectorImpl.java:97)
	org.apache.kafka.common.network.Selector.select(Selector.java:873)
	org.apache.kafka.common.network.Selector.poll(Selector.java:465)
	org.apache.kafka.clients.NetworkClient.poll(NetworkClient.java:551)
	org.apache.kafka.clients.admin.KafkaAdminClient$AdminClientRunnable.processRequests(KafkaAdminClient.java:1414)
	org.apache.kafka.clients.admin.KafkaAdminClient$AdminClientRunnable.run(KafkaAdminClient.java:1345)
	java.lang.Thread.run(Thread.java:748)
Expected: is <0>
     but: was <1>
	at io.confluent.ksql.test.rest.RestQueryTranslationTest.tearDown(RestQueryTranslationTest.java:143)

io.confluent.ksql.test.rest.RestQueryTranslationTest.shouldBuildAndExecuteQueries[pull-queries-against-materialized-aggregates - windowed - IN: select star]  Time elapsed: 31.925 s  <<< FAILURE!
java.lang.AssertionError: 
Active thead-count is on the up: is there new ExecutorService that's not being shutdown somewhere?
New Thead: kafka-admin-client-thread | adminclient-658 (RUNNABLE)
StackTrace: 
	sun.nio.ch.EPollArrayWrapper.epollWait(Native Method)
	sun.nio.ch.EPollArrayWrapper.poll(EPollArrayWrapper.java:269)
	sun.nio.ch.EPollSelectorImpl.doSelect(EPollSelectorImpl.java:93)
	sun.nio.ch.SelectorImpl.lockAndDoSelect(SelectorImpl.java:86)
	sun.nio.ch.SelectorImpl.select(SelectorImpl.java:97)
	org.apache.kafka.common.network.Selector.select(Selector.java:873)
	org.apache.kafka.common.network.Selector.poll(Selector.java:465)
	org.apache.kafka.clients.NetworkClient.poll(NetworkClient.java:551)
	org.apache.kafka.clients.admin.KafkaAdminClient$AdminClientRunnable.processRequests(KafkaAdminClient.java:1414)
	org.apache.kafka.clients.admin.KafkaAdminClient$AdminClientRunnable.run(KafkaAdminClient.java:1345)
	java.lang.Thread.run(Thread.java:748)
Expected: is <0>
     but: was <1>
	at io.confluent.ksql.test.rest.RestQueryTranslationTest.tearDown(RestQueryTranslationTest.java:143)

io.confluent.ksql.test.rest.RestQueryTranslationTest.shouldBuildAndExecuteQueries[pull-queries-against-materialized-aggregates - windowed - IN: select star and ROWTIME]  Time elapsed: 31.732 s  <<< FAILURE!
java.lang.AssertionError: 
Active thead-count is on the up: is there new ExecutorService that's not being shutdown somewhere?
New Thead: kafka-admin-client-thread | adminclient-658 (RUNNABLE)
StackTrace: 
	sun.nio.ch.EPollArrayWrapper.epollWait(Native Method)
	sun.nio.ch.EPollArrayWrapper.poll(EPollArrayWrapper.java:269)
	sun.nio.ch.EPollSelectorImpl.doSelect(EPollSelectorImpl.java:93)
	sun.nio.ch.SelectorImpl.lockAndDoSelect(SelectorImpl.java:86)
	sun.nio.ch.SelectorImpl.select(SelectorImpl.java:97)
	org.apache.kafka.common.network.Selector.select(Selector.java:873)
	org.apache.kafka.common.network.Selector.poll(Selector.java:465)
	org.apache.kafka.clients.NetworkClient.poll(NetworkClient.java:551)
	org.apache.kafka.clients.admin.KafkaAdminClient$AdminClientRunnable.processRequests(KafkaAdminClient.java:1414)
	org.apache.kafka.clients.admin.KafkaAdminClient$AdminClientRunnable.run(KafkaAdminClient.java:1345)
	java.lang.Thread.run(Thread.java:748)
Expected: is <0>
     but: was <1>
	at io.confluent.ksql.test.rest.RestQueryTranslationTest.tearDown(RestQueryTranslationTest.java:143)

io.confluent.ksql.test.rest.RestQueryTranslationTest.shouldBuildAndExecuteQueries[pull-queries-against-materialized-aggregates - windowed IN key lookup - STRING]  Time elapsed: 31.864 s  <<< FAILURE!
java.lang.AssertionError: 
Active thead-count is on the up: is there new ExecutorService that's not being shutdown somewhere?
New Thead: kafka-admin-client-thread | adminclient-658 (RUNNABLE)
StackTrace: 
	sun.nio.ch.EPollArrayWrapper.epollWait(Native Method)
	sun.nio.ch.EPollArrayWrapper.poll(EPollArrayWrapper.java:269)
	sun.nio.ch.EPollSelectorImpl.doSelect(EPollSelectorImpl.java:93)
	sun.nio.ch.SelectorImpl.lockAndDoSelect(SelectorImpl.java:86)
	sun.nio.ch.SelectorImpl.select(SelectorImpl.java:97)
	org.apache.kafka.common.network.Selector.select(Selector.java:873)
	org.apache.kafka.common.network.Selector.poll(Selector.java:465)
	org.apache.kafka.clients.NetworkClient.poll(NetworkClient.java:551)
	org.apache.kafka.clients.admin.KafkaAdminClient$AdminClientRunnable.processRequests(KafkaAdminClient.java:1414)
	org.apache.kafka.clients.admin.KafkaAdminClient$AdminClientRunnable.run(KafkaAdminClient.java:1345)
	java.lang.Thread.run(Thread.java:748)
Expected: is <0>
     but: was <1>
	at io.confluent.ksql.test.rest.RestQueryTranslationTest.tearDown(RestQueryTranslationTest.java:143)

io.confluent.ksql.test.rest.RestQueryTranslationTest.shouldBuildAndExecuteQueries[pull-queries-against-materialized-aggregates - windowed IN key lookup - INT]  Time elapsed: 31.699 s  <<< FAILURE!
java.lang.AssertionError: 
Active thead-count is on the up: is there new ExecutorService that's not being shutdown somewhere?
New Thead: kafka-admin-client-thread | adminclient-658 (RUNNABLE)
StackTrace: 
	sun.nio.ch.EPollArrayWrapper.epollWait(Native Method)
	sun.nio.ch.EPollArrayWrapper.poll(EPollArrayWrapper.java:269)
	sun.nio.ch.EPollSelectorImpl.doSelect(EPollSelectorImpl.java:93)
	sun.nio.ch.SelectorImpl.lockAndDoSelect(SelectorImpl.java:86)
	sun.nio.ch.SelectorImpl.select(SelectorImpl.java:97)
	org.apache.kafka.common.network.Selector.select(Selector.java:873)
	org.apache.kafka.common.network.Selector.poll(Selector.java:465)
	org.apache.kafka.clients.NetworkClient.poll(NetworkClient.java:551)
	org.apache.kafka.clients.admin.KafkaAdminClient$AdminClientRunnable.processRequests(KafkaAdminClient.java:1414)
	org.apache.kafka.clients.admin.KafkaAdminClient$AdminClientRunnable.run(KafkaAdminClient.java:1345)
	java.lang.Thread.run(Thread.java:748)
Expected: is <0>
     but: was <1>
	at io.confluent.ksql.test.rest.RestQueryTranslationTest.tearDown(RestQueryTranslationTest.java:143)

io.confluent.ksql.test.rest.RestQueryTranslationTest.shouldBuildAndExecuteQueries[pull-queries-against-materialized-aggregates - windowed IN key lookup - BIGINT]  Time elapsed: 31.929 s  <<< FAILURE!
java.lang.AssertionError: 
Active thead-count is on the up: is there new ExecutorService that's not being shutdown somewhere?
New Thead: kafka-admin-client-thread | adminclient-658 (RUNNABLE)
StackTrace: 
	sun.nio.ch.EPollArrayWrapper.epollWait(Native Method)
	sun.nio.ch.EPollArrayWrapper.poll(EPollArrayWrapper.java:269)
	sun.nio.ch.EPollSelectorImpl.doSelect(EPollSelectorImpl.java:93)
	sun.nio.ch.SelectorImpl.lockAndDoSelect(SelectorImpl.java:86)
	sun.nio.ch.SelectorImpl.select(SelectorImpl.java:97)
	org.apache.kafka.common.network.Selector.select(Selector.java:873)
	org.apache.kafka.common.network.Selector.poll(Selector.java:465)
	org.apache.kafka.clients.NetworkClient.poll(NetworkClient.java:551)
	org.apache.kafka.clients.admin.KafkaAdminClient$AdminClientRunnable.processRequests(KafkaAdminClient.java:1414)
	org.apache.kafka.clients.admin.KafkaAdminClient$AdminClientRunnable.run(KafkaAdminClient.java:1345)
	java.lang.Thread.run(Thread.java:748)
Expected: is <0>
     but: was <1>
	at io.confluent.ksql.test.rest.RestQueryTranslationTest.tearDown(RestQueryTranslationTest.java:143)

io.confluent.ksql.test.rest.RestQueryTranslationTest.shouldBuildAndExecuteQueries[pull-queries-against-materialized-aggregates - windowed IN key lookup - DOUBLE]  Time elapsed: 31.883 s  <<< FAILURE!
java.lang.AssertionError: 
Active thead-count is on the up: is there new ExecutorService that's not being shutdown somewhere?
New Thead: kafka-admin-client-thread | adminclient-658 (RUNNABLE)
StackTrace: 
	sun.nio.ch.EPollArrayWrapper.epollWait(Native Method)
	sun.nio.ch.EPollArrayWrapper.poll(EPollArrayWrapper.java:269)
	sun.nio.ch.EPollSelectorImpl.doSelect(EPollSelectorImpl.java:93)
	sun.nio.ch.SelectorImpl.lockAndDoSelect(SelectorImpl.java:86)
	sun.nio.ch.SelectorImpl.select(SelectorImpl.java:97)
	org.apache.kafka.common.network.Selector.select(Selector.java:873)
	org.apache.kafka.common.network.Selector.poll(Selector.java:465)
	org.apache.kafka.clients.NetworkClient.poll(NetworkClient.java:551)
	org.apache.kafka.clients.admin.KafkaAdminClient$AdminClientRunnable.processRequests(KafkaAdminClient.java:1414)
	org.apache.kafka.clients.admin.KafkaAdminClient$AdminClientRunnable.run(KafkaAdminClient.java:1345)
	java.lang.Thread.run(Thread.java:748)
Expected: is <0>
     but: was <1>
	at io.confluent.ksql.test.rest.RestQueryTranslationTest.tearDown(RestQueryTranslationTest.java:143)

io.confluent.ksql.test.rest.RestQueryTranslationTest.shouldBuildAndExecuteQueries[pull-queries-against-materialized-aggregates - windowed IN lookup on wrong type]  Time elapsed: 31.351 s  <<< FAILURE!
java.lang.AssertionError: 
Active thead-count is on the up: is there new ExecutorService that's not being shutdown somewhere?
New Thead: kafka-admin-client-thread | adminclient-658 (RUNNABLE)
StackTrace: 
	sun.nio.ch.EPollArrayWrapper.epollWait(Native Method)
	sun.nio.ch.EPollArrayWrapper.poll(EPollArrayWrapper.java:269)
	sun.nio.ch.EPollSelectorImpl.doSelect(EPollSelectorImpl.java:93)
	sun.nio.ch.SelectorImpl.lockAndDoSelect(SelectorImpl.java:86)
	sun.nio.ch.SelectorImpl.select(SelectorImpl.java:97)
	org.apache.kafka.common.network.Selector.select(Selector.java:873)
	org.apache.kafka.common.network.Selector.poll(Selector.java:465)
	org.apache.kafka.clients.NetworkClient.poll(NetworkClient.java:551)
	org.apache.kafka.clients.admin.KafkaAdminClient$AdminClientRunnable.processRequests(KafkaAdminClient.java:1414)
	org.apache.kafka.clients.admin.KafkaAdminClient$AdminClientRunnable.run(KafkaAdminClient.java:1345)
	java.lang.Thread.run(Thread.java:748)
Expected: is <0>
     but: was <1>
	at io.confluent.ksql.test.rest.RestQueryTranslationTest.tearDown(RestQueryTranslationTest.java:143)

io.confluent.ksql.test.rest.RestQueryTranslationTest.shouldBuildAndExecuteQueries[pull-queries-against-materialized-aggregates - tumbling windowed IN key lookup with window start-end range]  Time elapsed: 31.85 s  <<< FAILURE!
java.lang.AssertionError: 
Active thead-count is on the up: is there new ExecutorService that's not being shutdown somewhere?
New Thead: kafka-admin-client-thread | adminclient-658 (RUNNABLE)
StackTrace: 
	sun.nio.ch.EPollArrayWrapper.epollWait(Native Method)
	sun.nio.ch.EPollArrayWrapper.poll(EPollArrayWrapper.java:269)
	sun.nio.ch.EPollSelectorImpl.doSelect(EPollSelectorImpl.java:93)
	sun.nio.ch.SelectorImpl.lockAndDoSelect(SelectorImpl.java:86)
	sun.nio.ch.SelectorImpl.select(SelectorImpl.java:97)
	org.apache.kafka.common.network.Selector.select(Selector.java:873)
	org.apache.kafka.common.network.Selector.poll(Selector.java:465)
	org.apache.kafka.clients.NetworkClient.poll(NetworkClient.java:551)
	org.apache.kafka.clients.admin.KafkaAdminClient$AdminClientRunnable.processRequests(KafkaAdminClient.java:1414)
	org.apache.kafka.clients.admin.KafkaAdminClient$AdminClientRunnable.run(KafkaAdminClient.java:1345)
	java.lang.Thread.run(Thread.java:748)
Expected: is <0>
     but: was <1>
	at io.confluent.ksql.test.rest.RestQueryTranslationTest.tearDown(RestQueryTranslationTest.java:143)

io.confluent.ksql.test.rest.RestQueryTranslationTest.shouldBuildAndExecuteQueries[pull-queries-against-materialized-aggregates - IN: should handled quoted key and value]  Time elapsed: 31.804 s  <<< FAILURE!
java.lang.AssertionError: 
Active thead-count is on the up: is there new ExecutorService that's not being shutdown somewhere?
New Thead: kafka-admin-client-thread | adminclient-658 (RUNNABLE)
StackTrace: 
	sun.nio.ch.EPollArrayWrapper.epollWait(Native Method)
	sun.nio.ch.EPollArrayWrapper.poll(EPollArrayWrapper.java:269)
	sun.nio.ch.EPollSelectorImpl.doSelect(EPollSelectorImpl.java:93)
	sun.nio.ch.SelectorImpl.lockAndDoSelect(SelectorImpl.java:86)
	sun.nio.ch.SelectorImpl.select(SelectorImpl.java:97)
	org.apache.kafka.common.network.Selector.select(Selector.java:873)
	org.apache.kafka.common.network.Selector.poll(Selector.java:465)
	org.apache.kafka.clients.NetworkClient.poll(NetworkClient.java:551)
	org.apache.kafka.clients.admin.KafkaAdminClient$AdminClientRunnable.processRequests(KafkaAdminClient.java:1414)
	org.apache.kafka.clients.admin.KafkaAdminClient$AdminClientRunnable.run(KafkaAdminClient.java:1345)
	java.lang.Thread.run(Thread.java:748)
Expected: is <0>
     but: was <1>
	at io.confluent.ksql.test.rest.RestQueryTranslationTest.tearDown(RestQueryTranslationTest.java:143)

io.confluent.ksql.test.rest.RestQueryTranslationTest.shouldBuildAndExecuteQueries[pull-queries-against-materialized-aggregates - IN: fail on null key]  Time elapsed: 31.357 s  <<< FAILURE!
java.lang.AssertionError: 
Active thead-count is on the up: is there new ExecutorService that's not being shutdown somewhere?
New Thead: kafka-admin-client-thread | adminclient-658 (RUNNABLE)
StackTrace: 
	sun.nio.ch.EPollArrayWrapper.epollWait(Native Method)
	sun.nio.ch.EPollArrayWrapper.poll(EPollArrayWrapper.java:269)
	sun.nio.ch.EPollSelectorImpl.doSelect(EPollSelectorImpl.java:93)
	sun.nio.ch.SelectorImpl.lockAndDoSelect(SelectorImpl.java:86)
	sun.nio.ch.SelectorImpl.select(SelectorImpl.java:97)
	org.apache.kafka.common.network.Selector.select(Selector.java:873)
	org.apache.kafka.common.network.Selector.poll(Selector.java:465)
	org.apache.kafka.clients.NetworkClient.poll(NetworkClient.java:551)
	org.apache.kafka.clients.admin.KafkaAdminClient$AdminClientRunnable.processRequests(KafkaAdminClient.java:1414)
	org.apache.kafka.clients.admin.KafkaAdminClient$AdminClientRunnable.run(KafkaAdminClient.java:1345)
	java.lang.Thread.run(Thread.java:748)
Expected: is <0>
     but: was <1>
	at io.confluent.ksql.test.rest.RestQueryTranslationTest.tearDown(RestQueryTranslationTest.java:143)

io.confluent.ksql.test.rest.RestQueryTranslationTest.shouldBuildAndExecuteQueries[pull-queries-against-materialized-aggregates - IN: fail on column reference key]  Time elapsed: 31.326 s  <<< FAILURE!
java.lang.AssertionError: 
Active thead-count is on the up: is there new ExecutorService that's not being shutdown somewhere?
New Thead: kafka-admin-client-thread | adminclient-658 (RUNNABLE)
StackTrace: 
	sun.nio.ch.EPollArrayWrapper.epollWait(Native Method)
	sun.nio.ch.EPollArrayWrapper.poll(EPollArrayWrapper.java:269)
	sun.nio.ch.EPollSelectorImpl.doSelect(EPollSelectorImpl.java:93)
	sun.nio.ch.SelectorImpl.lockAndDoSelect(SelectorImpl.java:86)
	sun.nio.ch.SelectorImpl.select(SelectorImpl.java:97)
	org.apache.kafka.common.network.Selector.select(Selector.java:873)
	org.apache.kafka.common.network.Selector.poll(Selector.java:465)
	org.apache.kafka.clients.NetworkClient.poll(NetworkClient.java:551)
	org.apache.kafka.clients.admin.KafkaAdminClient$AdminClientRunnable.processRequests(KafkaAdminClient.java:1414)
	org.apache.kafka.clients.admin.KafkaAdminClient$AdminClientRunnable.run(KafkaAdminClient.java:1345)
	java.lang.Thread.run(Thread.java:748)
Expected: is <0>
     but: was <1>
	at io.confluent.ksql.test.rest.RestQueryTranslationTest.tearDown(RestQueryTranslationTest.java:143)

io.confluent.ksql.test.rest.RestQueryTranslationTest.shouldBuildAndExecuteQueries[pull-queries-against-materialized-aggregates - non-windowed - function in where clause]  Time elapsed: 31.819 s  <<< FAILURE!
java.lang.AssertionError: 
Active thead-count is on the up: is there new ExecutorService that's not being shutdown somewhere?
New Thead: kafka-admin-client-thread | adminclient-658 (RUNNABLE)
StackTrace: 
	sun.nio.ch.EPollArrayWrapper.epollWait(Native Method)
	sun.nio.ch.EPollArrayWrapper.poll(EPollArrayWrapper.java:269)
	sun.nio.ch.EPollSelectorImpl.doSelect(EPollSelectorImpl.java:93)
	sun.nio.ch.SelectorImpl.lockAndDoSelect(SelectorImpl.java:86)
	sun.nio.ch.SelectorImpl.select(SelectorImpl.java:97)
	org.apache.kafka.common.network.Selector.select(Selector.java:873)
	org.apache.kafka.common.network.Selector.poll(Selector.java:465)
	org.apache.kafka.clients.NetworkClient.poll(NetworkClient.java:551)
	org.apache.kafka.clients.admin.KafkaAdminClient$AdminClientRunnable.processRequests(KafkaAdminClient.java:1414)
	org.apache.kafka.clients.admin.KafkaAdminClient$AdminClientRunnable.run(KafkaAdminClient.java:1345)
	java.lang.Thread.run(Thread.java:748)
Expected: is <0>
     but: was <1>
	at io.confluent.ksql.test.rest.RestQueryTranslationTest.tearDown(RestQueryTranslationTest.java:143)

io.confluent.ksql.test.rest.RestQueryTranslationTest.shouldBuildAndExecuteQueries[pull-queries-against-materialized-aggregates - non-windowed - array keys]  Time elapsed: 31.772 s  <<< FAILURE!
java.lang.AssertionError: 
Active thead-count is on the up: is there new ExecutorService that's not being shutdown somewhere?
New Thead: kafka-admin-client-thread | adminclient-658 (RUNNABLE)
StackTrace: 
	sun.nio.ch.EPollArrayWrapper.epollWait(Native Method)
	sun.nio.ch.EPollArrayWrapper.poll(EPollArrayWrapper.java:269)
	sun.nio.ch.EPollSelectorImpl.doSelect(EPollSelectorImpl.java:93)
	sun.nio.ch.SelectorImpl.lockAndDoSelect(SelectorImpl.java:86)
	sun.nio.ch.SelectorImpl.select(SelectorImpl.java:97)
	org.apache.kafka.common.network.Selector.select(Selector.java:873)
	org.apache.kafka.common.network.Selector.poll(Selector.java:465)
	org.apache.kafka.clients.NetworkClient.poll(NetworkClient.java:551)
	org.apache.kafka.clients.admin.KafkaAdminClient$AdminClientRunnable.processRequests(KafkaAdminClient.java:1414)
	org.apache.kafka.clients.admin.KafkaAdminClient$AdminClientRunnable.run(KafkaAdminClient.java:1345)
	java.lang.Thread.run(Thread.java:748)
Expected: is <0>
     but: was <1>
	at io.confluent.ksql.test.rest.RestQueryTranslationTest.tearDown(RestQueryTranslationTest.java:143)

io.confluent.ksql.test.rest.RestQueryTranslationTest.shouldBuildAndExecuteQueries[pull-queries-against-materialized-aggregates - non-windowed - struct keys]  Time elapsed: 31.678 s  <<< FAILURE!
java.lang.AssertionError: 
Active thead-count is on the up: is there new ExecutorService that's not being shutdown somewhere?
New Thead: kafka-admin-client-thread | adminclient-658 (RUNNABLE)
StackTrace: 
	sun.nio.ch.EPollArrayWrapper.epollWait(Native Method)
	sun.nio.ch.EPollArrayWrapper.poll(EPollArrayWrapper.java:269)
	sun.nio.ch.EPollSelectorImpl.doSelect(EPollSelectorImpl.java:93)
	sun.nio.ch.SelectorImpl.lockAndDoSelect(SelectorImpl.java:86)
	sun.nio.ch.SelectorImpl.select(SelectorImpl.java:97)
	org.apache.kafka.common.network.Selector.select(Selector.java:873)
	org.apache.kafka.common.network.Selector.poll(Selector.java:465)
	org.apache.kafka.clients.NetworkClient.poll(NetworkClient.java:551)
	org.apache.kafka.clients.admin.KafkaAdminClient$AdminClientRunnable.processRequests(KafkaAdminClient.java:1414)
	org.apache.kafka.clients.admin.KafkaAdminClient$AdminClientRunnable.run(KafkaAdminClient.java:1345)
	java.lang.Thread.run(Thread.java:748)
Expected: is <0>
     but: was <1>
	at io.confluent.ksql.test.rest.RestQueryTranslationTest.tearDown(RestQueryTranslationTest.java:143)

io.confluent.ksql.test.rest.RestQueryTranslationTest.shouldBuildAndExecuteQueries[pull-queries-against-materialized-aggregates - IN: support non-literal key]  Time elapsed: 31.713 s  <<< FAILURE!
java.lang.AssertionError: 
Active thead-count is on the up: is there new ExecutorService that's not being shutdown somewhere?
New Thead: kafka-admin-client-thread | adminclient-658 (RUNNABLE)
StackTrace: 
	sun.nio.ch.EPollArrayWrapper.epollWait(Native Method)
	sun.nio.ch.EPollArrayWrapper.poll(EPollArrayWrapper.java:269)
	sun.nio.ch.EPollSelectorImpl.doSelect(EPollSelectorImpl.java:93)
	sun.nio.ch.SelectorImpl.lockAndDoSelect(SelectorImpl.java:86)
	sun.nio.ch.SelectorImpl.select(SelectorImpl.java:97)
	org.apache.kafka.common.network.Selector.select(Selector.java:873)
	org.apache.kafka.common.network.Selector.poll(Selector.java:465)
	org.apache.kafka.clients.NetworkClient.poll(NetworkClient.java:551)
	org.apache.kafka.clients.admin.KafkaAdminClient$AdminClientRunnable.processRequests(KafkaAdminClient.java:1414)
	org.apache.kafka.clients.admin.KafkaAdminClient$AdminClientRunnable.run(KafkaAdminClient.java:1345)
	java.lang.Thread.run(Thread.java:748)
Expected: is <0>
     but: was <1>
	at io.confluent.ksql.test.rest.RestQueryTranslationTest.tearDown(RestQueryTranslationTest.java:143)

io.confluent.ksql.test.rest.RestQueryTranslationTest.shouldBuildAndExecuteQueries[pull-queries-against-materialized-aggregates - non-windowed - Table Scan - select star and ROWTIME]  Time elapsed: 31.737 s  <<< FAILURE!
java.lang.AssertionError: 
Active thead-count is on the up: is there new ExecutorService that's not being shutdown somewhere?
New Thead: kafka-admin-client-thread | adminclient-658 (RUNNABLE)
StackTrace: 
	sun.nio.ch.EPollArrayWrapper.epollWait(Native Method)
	sun.nio.ch.EPollArrayWrapper.poll(EPollArrayWrapper.java:269)
	sun.nio.ch.EPollSelectorImpl.doSelect(EPollSelectorImpl.java:93)
	sun.nio.ch.SelectorImpl.lockAndDoSelect(SelectorImpl.java:86)
	sun.nio.ch.SelectorImpl.select(SelectorImpl.java:97)
	org.apache.kafka.common.network.Selector.select(Selector.java:873)
	org.apache.kafka.common.network.Selector.poll(Selector.java:465)
	org.apache.kafka.clients.NetworkClient.poll(NetworkClient.java:551)
	org.apache.kafka.clients.admin.KafkaAdminClient$AdminClientRunnable.processRequests(KafkaAdminClient.java:1414)
	org.apache.kafka.clients.admin.KafkaAdminClient$AdminClientRunnable.run(KafkaAdminClient.java:1345)
	java.lang.Thread.run(Thread.java:748)
Expected: is <0>
     but: was <1>
	at io.confluent.ksql.test.rest.RestQueryTranslationTest.tearDown(RestQueryTranslationTest.java:143)

io.confluent.ksql.test.rest.RestQueryTranslationTest.shouldBuildAndExecuteQueries[pull-queries-against-materialized-aggregates - windowed - Table Scan - select star and ROWTIME]  Time elapsed: 31.797 s  <<< FAILURE!
java.lang.AssertionError: 
Active thead-count is on the up: is there new ExecutorService that's not being shutdown somewhere?
New Thead: kafka-admin-client-thread | adminclient-658 (RUNNABLE)
StackTrace: 
	sun.nio.ch.EPollArrayWrapper.epollWait(Native Method)
	sun.nio.ch.EPollArrayWrapper.poll(EPollArrayWrapper.java:269)
	sun.nio.ch.EPollSelectorImpl.doSelect(EPollSelectorImpl.java:93)
	sun.nio.ch.SelectorImpl.lockAndDoSelect(SelectorImpl.java:86)
	sun.nio.ch.SelectorImpl.select(SelectorImpl.java:97)
	org.apache.kafka.common.network.Selector.select(Selector.java:873)
	org.apache.kafka.common.network.Selector.poll(Selector.java:465)
	org.apache.kafka.clients.NetworkClient.poll(NetworkClient.java:551)
	org.apache.kafka.clients.admin.KafkaAdminClient$AdminClientRunnable.processRequests(KafkaAdminClient.java:1414)
	org.apache.kafka.clients.admin.KafkaAdminClient$AdminClientRunnable.run(KafkaAdminClient.java:1345)
	java.lang.Thread.run(Thread.java:748)
Expected: is <0>
     but: was <1>
	at io.confluent.ksql.test.rest.RestQueryTranslationTest.tearDown(RestQueryTranslationTest.java:143)

io.confluent.ksql.test.rest.RestQueryTranslationTest.shouldBuildAndExecuteQueries[pull-queries-against-materialized-aggregates - windowed - Table Scan - missing key, windowed system columns only]  Time elapsed: 31.85 s  <<< FAILURE!
java.lang.AssertionError: 
Active thead-count is on the up: is there new ExecutorService that's not being shutdown somewhere?
New Thead: kafka-admin-client-thread | adminclient-658 (RUNNABLE)
StackTrace: 
	sun.nio.ch.EPollArrayWrapper.epollWait(Native Method)
	sun.nio.ch.EPollArrayWrapper.poll(EPollArrayWrapper.java:269)
	sun.nio.ch.EPollSelectorImpl.doSelect(EPollSelectorImpl.java:93)
	sun.nio.ch.SelectorImpl.lockAndDoSelect(SelectorImpl.java:86)
	sun.nio.ch.SelectorImpl.select(SelectorImpl.java:97)
	org.apache.kafka.common.network.Selector.select(Selector.java:873)
	org.apache.kafka.common.network.Selector.poll(Selector.java:465)
	org.apache.kafka.clients.NetworkClient.poll(NetworkClient.java:551)
	org.apache.kafka.clients.admin.KafkaAdminClient$AdminClientRunnable.processRequests(KafkaAdminClient.java:1414)
	org.apache.kafka.clients.admin.KafkaAdminClient$AdminClientRunnable.run(KafkaAdminClient.java:1345)
	java.lang.Thread.run(Thread.java:748)
Expected: is <0>
     but: was <1>
	at io.confluent.ksql.test.rest.RestQueryTranslationTest.tearDown(RestQueryTranslationTest.java:143)

io.confluent.ksql.test.rest.RestQueryTranslationTest.shouldBuildAndExecuteQueries[pull-queries-against-materialized-aggregates - non-windowed - Table Scan - indirect column reference]  Time elapsed: 31.8 s  <<< FAILURE!
java.lang.AssertionError: 
Active thead-count is on the up: is there new ExecutorService that's not being shutdown somewhere?
New Thead: kafka-admin-client-thread | adminclient-658 (RUNNABLE)
StackTrace: 
	sun.nio.ch.EPollArrayWrapper.epollWait(Native Method)
	sun.nio.ch.EPollArrayWrapper.poll(EPollArrayWrapper.java:269)
	sun.nio.ch.EPollSelectorImpl.doSelect(EPollSelectorImpl.java:93)
	sun.nio.ch.SelectorImpl.lockAndDoSelect(SelectorImpl.java:86)
	sun.nio.ch.SelectorImpl.select(SelectorImpl.java:97)
	org.apache.kafka.common.network.Selector.select(Selector.java:873)
	org.apache.kafka.common.network.Selector.poll(Selector.java:465)
	org.apache.kafka.clients.NetworkClient.poll(NetworkClient.java:551)
	org.apache.kafka.clients.admin.KafkaAdminClient$AdminClientRunnable.processRequests(KafkaAdminClient.java:1414)
	org.apache.kafka.clients.admin.KafkaAdminClient$AdminClientRunnable.run(KafkaAdminClient.java:1345)
	java.lang.Thread.run(Thread.java:748)
Expected: is <0>
     but: was <1>
	at io.confluent.ksql.test.rest.RestQueryTranslationTest.tearDown(RestQueryTranslationTest.java:143)

io.confluent.ksql.test.rest.RestQueryTranslationTest.shouldBuildAndExecuteQueries[pull-queries-against-materialized-aggregates - windowed - Table Scan - indirect column reference]  Time elapsed: 31.797 s  <<< FAILURE!
java.lang.AssertionError: 
Active thead-count is on the up: is there new ExecutorService that's not being shutdown somewhere?
New Thead: kafka-admin-client-thread | adminclient-658 (RUNNABLE)
StackTrace: 
	sun.nio.ch.EPollArrayWrapper.epollWait(Native Method)
	sun.nio.ch.EPollArrayWrapper.poll(EPollArrayWrapper.java:269)
	sun.nio.ch.EPollSelectorImpl.doSelect(EPollSelectorImpl.java:93)
	sun.nio.ch.SelectorImpl.lockAndDoSelect(SelectorImpl.java:86)
	sun.nio.ch.SelectorImpl.select(SelectorImpl.java:97)
	org.apache.kafka.common.network.Selector.select(Selector.java:873)
	org.apache.kafka.common.network.Selector.poll(Selector.java:465)
	org.apache.kafka.clients.NetworkClient.poll(NetworkClient.java:551)
	org.apache.kafka.clients.admin.KafkaAdminClient$AdminClientRunnable.processRequests(KafkaAdminClient.java:1414)
	org.apache.kafka.clients.admin.KafkaAdminClient$AdminClientRunnable.run(KafkaAdminClient.java:1345)
	java.lang.Thread.run(Thread.java:748)
Expected: is <0>
     but: was <1>
	at io.confluent.ksql.test.rest.RestQueryTranslationTest.tearDown(RestQueryTranslationTest.java:143)

io.confluent.ksql.test.rest.RestQueryTranslationTest.shouldBuildAndExecuteQueries[pull-queries-against-materialized-aggregates - windowed - Resolving keys for key lookups]  Time elapsed: 31.852 s  <<< FAILURE!
java.lang.AssertionError: 
Active thead-count is on the up: is there new ExecutorService that's not being shutdown somewhere?
New Thead: kafka-admin-client-thread | adminclient-658 (RUNNABLE)
StackTrace: 
	sun.nio.ch.EPollArrayWrapper.epollWait(Native Method)
	sun.nio.ch.EPollArrayWrapper.poll(EPollArrayWrapper.java:269)
	sun.nio.ch.EPollSelectorImpl.doSelect(EPollSelectorImpl.java:93)
	sun.nio.ch.SelectorImpl.lockAndDoSelect(SelectorImpl.java:86)
	sun.nio.ch.SelectorImpl.select(SelectorImpl.java:97)
	org.apache.kafka.common.network.Selector.select(Selector.java:873)
	org.apache.kafka.common.network.Selector.poll(Selector.java:465)
	org.apache.kafka.clients.NetworkClient.poll(NetworkClient.java:551)
	org.apache.kafka.clients.admin.KafkaAdminClient$AdminClientRunnable.processRequests(KafkaAdminClient.java:1414)
	org.apache.kafka.clients.admin.KafkaAdminClient$AdminClientRunnable.run(KafkaAdminClient.java:1345)
	java.lang.Thread.run(Thread.java:748)
Expected: is <0>
     but: was <1>
	at io.confluent.ksql.test.rest.RestQueryTranslationTest.tearDown(RestQueryTranslationTest.java:143)

io.confluent.ksql.test.rest.RestQueryTranslationTest.shouldBuildAndExecuteQueries[pull-queries-against-materialized-aggregates - non-windowed - Table Scan - non column ref is unresolvable or there is no column ref]  Time elapsed: 31.832 s  <<< FAILURE!
java.lang.AssertionError: 
Active thead-count is on the up: is there new ExecutorService that's not being shutdown somewhere?
New Thead: kafka-admin-client-thread | adminclient-658 (RUNNABLE)
StackTrace: 
	sun.nio.ch.EPollArrayWrapper.epollWait(Native Method)
	sun.nio.ch.EPollArrayWrapper.poll(EPollArrayWrapper.java:269)
	sun.nio.ch.EPollSelectorImpl.doSelect(EPollSelectorImpl.java:93)
	sun.nio.ch.SelectorImpl.lockAndDoSelect(SelectorImpl.java:86)
	sun.nio.ch.SelectorImpl.select(SelectorImpl.java:97)
	org.apache.kafka.common.network.Selector.select(Selector.java:873)
	org.apache.kafka.common.network.Selector.poll(Selector.java:465)
	org.apache.kafka.clients.NetworkClient.poll(NetworkClient.java:551)
	org.apache.kafka.clients.admin.KafkaAdminClient$AdminClientRunnable.processRequests(KafkaAdminClient.java:1414)
	org.apache.kafka.clients.admin.KafkaAdminClient$AdminClientRunnable.run(KafkaAdminClient.java:1345)
	java.lang.Thread.run(Thread.java:748)
Expected: is <0>
     but: was <1>
	at io.confluent.ksql.test.rest.RestQueryTranslationTest.tearDown(RestQueryTranslationTest.java:143)

io.confluent.ksql.test.rest.RestQueryTranslationTest.shouldBuildAndExecuteQueries[pull-queries-against-materialized-aggregates - fail on unsupported query feature: No column key]  Time elapsed: 31.309 s  <<< FAILURE!
java.lang.AssertionError: 
Active thead-count is on the up: is there new ExecutorService that's not being shutdown somewhere?
New Thead: kafka-admin-client-thread | adminclient-658 (RUNNABLE)
StackTrace: 
	sun.nio.ch.EPollArrayWrapper.epollWait(Native Method)
	sun.nio.ch.EPollArrayWrapper.poll(EPollArrayWrapper.java:269)
	sun.nio.ch.EPollSelectorImpl.doSelect(EPollSelectorImpl.java:93)
	sun.nio.ch.SelectorImpl.lockAndDoSelect(SelectorImpl.java:86)
	sun.nio.ch.SelectorImpl.select(SelectorImpl.java:97)
	org.apache.kafka.common.network.Selector.select(Selector.java:873)
	org.apache.kafka.common.network.Selector.poll(Selector.java:465)
	org.apache.kafka.clients.NetworkClient.poll(NetworkClient.java:551)
	org.apache.kafka.clients.admin.KafkaAdminClient$AdminClientRunnable.processRequests(KafkaAdminClient.java:1414)
	org.apache.kafka.clients.admin.KafkaAdminClient$AdminClientRunnable.run(KafkaAdminClient.java:1345)
	java.lang.Thread.run(Thread.java:748)
Expected: is <0>
     but: was <1>
	at io.confluent.ksql.test.rest.RestQueryTranslationTest.tearDown(RestQueryTranslationTest.java:143)

io.confluent.ksql.test.rest.RestQueryTranslationTest.shouldBuildAndExecuteQueries[pull-queries-against-materialized-aggregates - fail on unsupported query feature: Two columns in comparison]  Time elapsed: 31.31 s  <<< FAILURE!
java.lang.AssertionError: 
Active thead-count is on the up: is there new ExecutorService that's not being shutdown somewhere?
New Thead: kafka-admin-client-thread | adminclient-658 (RUNNABLE)
StackTrace: 
	sun.nio.ch.EPollArrayWrapper.epollWait(Native Method)
	sun.nio.ch.EPollArrayWrapper.poll(EPollArrayWrapper.java:269)
	sun.nio.ch.EPollSelectorImpl.doSelect(EPollSelectorImpl.java:93)
	sun.nio.ch.SelectorImpl.lockAndDoSelect(SelectorImpl.java:86)
	sun.nio.ch.SelectorImpl.select(SelectorImpl.java:97)
	org.apache.kafka.common.network.Selector.select(Selector.java:873)
	org.apache.kafka.common.network.Selector.poll(Selector.java:465)
	org.apache.kafka.clients.NetworkClient.poll(NetworkClient.java:551)
	org.apache.kafka.clients.admin.KafkaAdminClient$AdminClientRunnable.processRequests(KafkaAdminClient.java:1414)
	org.apache.kafka.clients.admin.KafkaAdminClient$AdminClientRunnable.run(KafkaAdminClient.java:1345)
	java.lang.Thread.run(Thread.java:748)
Expected: is <0>
     but: was <1>
	at io.confluent.ksql.test.rest.RestQueryTranslationTest.tearDown(RestQueryTranslationTest.java:143)

io.confluent.ksql.test.rest.RestQueryTranslationTest.shouldBuildAndExecuteQueries[pull-queries-against-materialized-aggregates - fail on unsupported query feature: Non column key is unresolvable]  Time elapsed: 31.38 s  <<< FAILURE!
java.lang.AssertionError: 
Active thead-count is on the up: is there new ExecutorService that's not being shutdown somewhere?
New Thead: kafka-admin-client-thread | adminclient-658 (RUNNABLE)
StackTrace: 
	sun.nio.ch.EPollArrayWrapper.epollWait(Native Method)
	sun.nio.ch.EPollArrayWrapper.poll(EPollArrayWrapper.java:269)
	sun.nio.ch.EPollSelectorImpl.doSelect(EPollSelectorImpl.java:93)
	sun.nio.ch.SelectorImpl.lockAndDoSelect(SelectorImpl.java:86)
	sun.nio.ch.SelectorImpl.select(SelectorImpl.java:97)
	org.apache.kafka.common.network.Selector.select(Selector.java:873)
	org.apache.kafka.common.network.Selector.poll(Selector.java:465)
	org.apache.kafka.clients.NetworkClient.poll(NetworkClient.java:551)
	org.apache.kafka.clients.admin.KafkaAdminClient$AdminClientRunnable.processRequests(KafkaAdminClient.java:1414)
	org.apache.kafka.clients.admin.KafkaAdminClient$AdminClientRunnable.run(KafkaAdminClient.java:1345)
	java.lang.Thread.run(Thread.java:748)
Expected: is <0>
     but: was <1>
	at io.confluent.ksql.test.rest.RestQueryTranslationTest.tearDown(RestQueryTranslationTest.java:143)

io.confluent.ksql.test.rest.RestQueryTranslationTest.shouldBuildAndExecuteQueries[pull-queries-against-materialized-aggregates - multi-column aggregation]  Time elapsed: 32.078 s  <<< FAILURE!
java.lang.AssertionError: 
Active thead-count is on the up: is there new ExecutorService that's not being shutdown somewhere?
New Thead: kafka-admin-client-thread | adminclient-658 (RUNNABLE)
StackTrace: 
	sun.nio.ch.EPollArrayWrapper.epollWait(Native Method)
	sun.nio.ch.EPollArrayWrapper.poll(EPollArrayWrapper.java:269)
	sun.nio.ch.EPollSelectorImpl.doSelect(EPollSelectorImpl.java:93)
	sun.nio.ch.SelectorImpl.lockAndDoSelect(SelectorImpl.java:86)
	sun.nio.ch.SelectorImpl.select(SelectorImpl.java:97)
	org.apache.kafka.common.network.Selector.select(Selector.java:873)
	org.apache.kafka.common.network.Selector.poll(Selector.java:465)
	org.apache.kafka.clients.NetworkClient.poll(NetworkClient.java:551)
	org.apache.kafka.clients.admin.KafkaAdminClient$AdminClientRunnable.processRequests(KafkaAdminClient.java:1414)
	org.apache.kafka.clients.admin.KafkaAdminClient$AdminClientRunnable.run(KafkaAdminClient.java:1345)
	java.lang.Thread.run(Thread.java:748)
Expected: is <0>
     but: was <1>
	at io.confluent.ksql.test.rest.RestQueryTranslationTest.tearDown(RestQueryTranslationTest.java:143)

io.confluent.ksql.test.rest.RestQueryTranslationTest.shouldBuildAndExecuteQueries[pull-queries-against-materialized-aggregates - multi-column windowed aggregation]  Time elapsed: 32.124 s  <<< FAILURE!
java.lang.AssertionError: 
Active thead-count is on the up: is there new ExecutorService that's not being shutdown somewhere?
New Thead: kafka-admin-client-thread | adminclient-658 (RUNNABLE)
StackTrace: 
	sun.nio.ch.EPollArrayWrapper.epollWait(Native Method)
	sun.nio.ch.EPollArrayWrapper.poll(EPollArrayWrapper.java:269)
	sun.nio.ch.EPollSelectorImpl.doSelect(EPollSelectorImpl.java:93)
	sun.nio.ch.SelectorImpl.lockAndDoSelect(SelectorImpl.java:86)
	sun.nio.ch.SelectorImpl.select(SelectorImpl.java:97)
	org.apache.kafka.common.network.Selector.select(Selector.java:873)
	org.apache.kafka.common.network.Selector.poll(Selector.java:465)
	org.apache.kafka.clients.NetworkClient.poll(NetworkClient.java:551)
	org.apache.kafka.clients.admin.KafkaAdminClient$AdminClientRunnable.processRequests(KafkaAdminClient.java:1414)
	org.apache.kafka.clients.admin.KafkaAdminClient$AdminClientRunnable.run(KafkaAdminClient.java:1345)
	java.lang.Thread.run(Thread.java:748)
Expected: is <0>
     but: was <1>
	at io.confluent.ksql.test.rest.RestQueryTranslationTest.tearDown(RestQueryTranslationTest.java:143)

io.confluent.ksql.test.rest.RestQueryTranslationTest.shouldBuildAndExecuteQueries[pull-queries-against-materialized-aggregates - non-windowed General WHERE - OR lookup]  Time elapsed: 31.845 s  <<< FAILURE!
java.lang.AssertionError: 
Active thead-count is on the up: is there new ExecutorService that's not being shutdown somewhere?
New Thead: kafka-admin-client-thread | adminclient-658 (RUNNABLE)
StackTrace: 
	sun.nio.ch.EPollArrayWrapper.epollWait(Native Method)
	sun.nio.ch.EPollArrayWrapper.poll(EPollArrayWrapper.java:269)
	sun.nio.ch.EPollSelectorImpl.doSelect(EPollSelectorImpl.java:93)
	sun.nio.ch.SelectorImpl.lockAndDoSelect(SelectorImpl.java:86)
	sun.nio.ch.SelectorImpl.select(SelectorImpl.java:97)
	org.apache.kafka.common.network.Selector.select(Selector.java:873)
	org.apache.kafka.common.network.Selector.poll(Selector.java:465)
	org.apache.kafka.clients.NetworkClient.poll(NetworkClient.java:551)
	org.apache.kafka.clients.admin.KafkaAdminClient$AdminClientRunnable.processRequests(KafkaAdminClient.java:1414)
	org.apache.kafka.clients.admin.KafkaAdminClient$AdminClientRunnable.run(KafkaAdminClient.java:1345)
	java.lang.Thread.run(Thread.java:748)
Expected: is <0>
     but: was <1>
	at io.confluent.ksql.test.rest.RestQueryTranslationTest.tearDown(RestQueryTranslationTest.java:143)

io.confluent.ksql.test.rest.RestQueryTranslationTest.shouldBuildAndExecuteQueries[pull-queries-against-materialized-aggregates - windowed General WHERE - window range]  Time elapsed: 31.876 s  <<< FAILURE!
java.lang.AssertionError: 
Active thead-count is on the up: is there new ExecutorService that's not being shutdown somewhere?
New Thead: kafka-admin-client-thread | adminclient-658 (RUNNABLE)
StackTrace: 
	sun.nio.ch.EPollArrayWrapper.epollWait(Native Method)
	sun.nio.ch.EPollArrayWrapper.poll(EPollArrayWrapper.java:269)
	sun.nio.ch.EPollSelectorImpl.doSelect(EPollSelectorImpl.java:93)
	sun.nio.ch.SelectorImpl.lockAndDoSelect(SelectorImpl.java:86)
	sun.nio.ch.SelectorImpl.select(SelectorImpl.java:97)
	org.apache.kafka.common.network.Selector.select(Selector.java:873)
	org.apache.kafka.common.network.Selector.poll(Selector.java:465)
	org.apache.kafka.clients.NetworkClient.poll(NetworkClient.java:551)
	org.apache.kafka.clients.admin.KafkaAdminClient$AdminClientRunnable.processRequests(KafkaAdminClient.java:1414)
	org.apache.kafka.clients.admin.KafkaAdminClient$AdminClientRunnable.run(KafkaAdminClient.java:1345)
	java.lang.Thread.run(Thread.java:748)
Expected: is <0>
     but: was <1>
	at io.confluent.ksql.test.rest.RestQueryTranslationTest.tearDown(RestQueryTranslationTest.java:143)

io.confluent.ksql.test.rest.RestQueryTranslationTest.shouldBuildAndExecuteQueries[pull-queries-against-materialized-aggregates - fail on unsupported query feature: where key range]  Time elapsed: 31.315 s  <<< FAILURE!
java.lang.AssertionError: 
Active thead-count is on the up: is there new ExecutorService that's not being shutdown somewhere?
New Thead: kafka-admin-client-thread | adminclient-658 (RUNNABLE)
StackTrace: 
	sun.nio.ch.EPollArrayWrapper.epollWait(Native Method)
	sun.nio.ch.EPollArrayWrapper.poll(EPollArrayWrapper.java:269)
	sun.nio.ch.EPollSelectorImpl.doSelect(EPollSelectorImpl.java:93)
	sun.nio.ch.SelectorImpl.lockAndDoSelect(SelectorImpl.java:86)
	sun.nio.ch.SelectorImpl.select(SelectorImpl.java:97)
	org.apache.kafka.common.network.Selector.select(Selector.java:873)
	org.apache.kafka.common.network.Selector.poll(Selector.java:465)
	org.apache.kafka.clients.NetworkClient.poll(NetworkClient.java:551)
	org.apache.kafka.clients.admin.KafkaAdminClient$AdminClientRunnable.processRequests(KafkaAdminClient.java:1414)
	org.apache.kafka.clients.admin.KafkaAdminClient$AdminClientRunnable.run(KafkaAdminClient.java:1345)
	java.lang.Thread.run(Thread.java:748)
Expected: is <0>
     but: was <1>
	at io.confluent.ksql.test.rest.RestQueryTranslationTest.tearDown(RestQueryTranslationTest.java:143)

io.confluent.ksql.test.rest.RestQueryTranslationTest.shouldBuildAndExecuteQueries[pull-queries-against-materialized-aggregates - Generalized WHERE: key range]  Time elapsed: 31.931 s  <<< FAILURE!
java.lang.AssertionError: 
Active thead-count is on the up: is there new ExecutorService that's not being shutdown somewhere?
New Thead: kafka-admin-client-thread | adminclient-658 (RUNNABLE)
StackTrace: 
	sun.nio.ch.EPollArrayWrapper.epollWait(Native Method)
	sun.nio.ch.EPollArrayWrapper.poll(EPollArrayWrapper.java:269)
	sun.nio.ch.EPollSelectorImpl.doSelect(EPollSelectorImpl.java:93)
	sun.nio.ch.SelectorImpl.lockAndDoSelect(SelectorImpl.java:86)
	sun.nio.ch.SelectorImpl.select(SelectorImpl.java:97)
	org.apache.kafka.common.network.Selector.select(Selector.java:873)
	org.apache.kafka.common.network.Selector.poll(Selector.java:465)
	org.apache.kafka.clients.NetworkClient.poll(NetworkClient.java:551)
	org.apache.kafka.clients.admin.KafkaAdminClient$AdminClientRunnable.processRequests(KafkaAdminClient.java:1414)
	org.apache.kafka.clients.admin.KafkaAdminClient$AdminClientRunnable.run(KafkaAdminClient.java:1345)
	java.lang.Thread.run(Thread.java:748)
Expected: is <0>
     but: was <1>
	at io.confluent.ksql.test.rest.RestQueryTranslationTest.tearDown(RestQueryTranslationTest.java:143)

io.confluent.ksql.test.rest.RestQueryTranslationTest.shouldBuildAndExecuteQueries[pull-queries-against-materialized-aggregates - Generalized WHERE: key range - windowed]  Time elapsed: 31.819 s  <<< FAILURE!
java.lang.AssertionError: 
Active thead-count is on the up: is there new ExecutorService that's not being shutdown somewhere?
New Thead: kafka-admin-client-thread | adminclient-658 (RUNNABLE)
StackTrace: 
	sun.nio.ch.EPollArrayWrapper.epollWait(Native Method)
	sun.nio.ch.EPollArrayWrapper.poll(EPollArrayWrapper.java:269)
	sun.nio.ch.EPollSelectorImpl.doSelect(EPollSelectorImpl.java:93)
	sun.nio.ch.SelectorImpl.lockAndDoSelect(SelectorImpl.java:86)
	sun.nio.ch.SelectorImpl.select(SelectorImpl.java:97)
	org.apache.kafka.common.network.Selector.select(Selector.java:873)
	org.apache.kafka.common.network.Selector.poll(Selector.java:465)
	org.apache.kafka.clients.NetworkClient.poll(NetworkClient.java:551)
	org.apache.kafka.clients.admin.KafkaAdminClient$AdminClientRunnable.processRequests(KafkaAdminClient.java:1414)
	org.apache.kafka.clients.admin.KafkaAdminClient$AdminClientRunnable.run(KafkaAdminClient.java:1345)
	java.lang.Thread.run(Thread.java:748)
Expected: is <0>
     but: was <1>
	at io.confluent.ksql.test.rest.RestQueryTranslationTest.tearDown(RestQueryTranslationTest.java:143)

io.confluent.ksql.test.rest.RestQueryTranslationTest.shouldBuildAndExecuteQueries[pull-queries-against-materialized-aggregates - fail on unsupported query feature: where key multiple times]  Time elapsed: 31.51 s  <<< FAILURE!
java.lang.AssertionError: 
Active thead-count is on the up: is there new ExecutorService that's not being shutdown somewhere?
New Thead: kafka-admin-client-thread | adminclient-658 (RUNNABLE)
StackTrace: 
	sun.nio.ch.EPollArrayWrapper.epollWait(Native Method)
	sun.nio.ch.EPollArrayWrapper.poll(EPollArrayWrapper.java:269)
	sun.nio.ch.EPollSelectorImpl.doSelect(EPollSelectorImpl.java:93)
	sun.nio.ch.SelectorImpl.lockAndDoSelect(SelectorImpl.java:86)
	sun.nio.ch.SelectorImpl.select(SelectorImpl.java:97)
	org.apache.kafka.common.network.Selector.select(Selector.java:873)
	org.apache.kafka.common.network.Selector.poll(Selector.java:465)
	org.apache.kafka.clients.NetworkClient.poll(NetworkClient.java:551)
	org.apache.kafka.clients.admin.KafkaAdminClient$AdminClientRunnable.processRequests(KafkaAdminClient.java:1414)
	org.apache.kafka.clients.admin.KafkaAdminClient$AdminClientRunnable.run(KafkaAdminClient.java:1345)
	java.lang.Thread.run(Thread.java:748)
Expected: is <0>
     but: was <1>
	at io.confluent.ksql.test.rest.RestQueryTranslationTest.tearDown(RestQueryTranslationTest.java:143)

io.confluent.ksql.test.rest.RestQueryTranslationTest.shouldBuildAndExecuteQueries[pull-queries-against-materialized-aggregates - Generalized WHERE: multiple same key references ]  Time elapsed: 31.859 s  <<< FAILURE!
java.lang.AssertionError: 
Active thead-count is on the up: is there new ExecutorService that's not being shutdown somewhere?
New Thead: kafka-admin-client-thread | adminclient-658 (RUNNABLE)
StackTrace: 
	sun.nio.ch.EPollArrayWrapper.epollWait(Native Method)
	sun.nio.ch.EPollArrayWrapper.poll(EPollArrayWrapper.java:269)
	sun.nio.ch.EPollSelectorImpl.doSelect(EPollSelectorImpl.java:93)
	sun.nio.ch.SelectorImpl.lockAndDoSelect(SelectorImpl.java:86)
	sun.nio.ch.SelectorImpl.select(SelectorImpl.java:97)
	org.apache.kafka.common.network.Selector.select(Selector.java:873)
	org.apache.kafka.common.network.Selector.poll(Selector.java:465)
	org.apache.kafka.clients.NetworkClient.poll(NetworkClient.java:551)
	org.apache.kafka.clients.admin.KafkaAdminClient$AdminClientRunnable.processRequests(KafkaAdminClient.java:1414)
	org.apache.kafka.clients.admin.KafkaAdminClient$AdminClientRunnable.run(KafkaAdminClient.java:1345)
	java.lang.Thread.run(Thread.java:748)
Expected: is <0>
     but: was <1>
	at io.confluent.ksql.test.rest.RestQueryTranslationTest.tearDown(RestQueryTranslationTest.java:143)

io.confluent.ksql.test.rest.RestQueryTranslationTest.shouldBuildAndExecuteQueries[pull-queries-against-materialized-aggregates - Generalized WHERE: multiple same key references - windowed]  Time elapsed: 31.845 s  <<< FAILURE!
java.lang.AssertionError: 
Active thead-count is on the up: is there new ExecutorService that's not being shutdown somewhere?
New Thead: kafka-admin-client-thread | adminclient-658 (RUNNABLE)
StackTrace: 
	sun.nio.ch.EPollArrayWrapper.epollWait(Native Method)
	sun.nio.ch.EPollArrayWrapper.poll(EPollArrayWrapper.java:269)
	sun.nio.ch.EPollSelectorImpl.doSelect(EPollSelectorImpl.java:93)
	sun.nio.ch.SelectorImpl.lockAndDoSelect(SelectorImpl.java:86)
	sun.nio.ch.SelectorImpl.select(SelectorImpl.java:97)
	org.apache.kafka.common.network.Selector.select(Selector.java:873)
	org.apache.kafka.common.network.Selector.poll(Selector.java:465)
	org.apache.kafka.clients.NetworkClient.poll(NetworkClient.java:551)
	org.apache.kafka.clients.admin.KafkaAdminClient$AdminClientRunnable.processRequests(KafkaAdminClient.java:1414)
	org.apache.kafka.clients.admin.KafkaAdminClient$AdminClientRunnable.run(KafkaAdminClient.java:1345)
	java.lang.Thread.run(Thread.java:748)
Expected: is <0>
     but: was <1>
	at io.confluent.ksql.test.rest.RestQueryTranslationTest.tearDown(RestQueryTranslationTest.java:143)

io.confluent.ksql.test.rest.RestQueryTranslationTest.shouldBuildAndExecuteQueries[pull-queries-against-materialized-aggregates - fail on unsupported query feature: where range on non key]  Time elapsed: 31.335 s  <<< FAILURE!
java.lang.AssertionError: 
Active thead-count is on the up: is there new ExecutorService that's not being shutdown somewhere?
New Thead: kafka-admin-client-thread | adminclient-658 (RUNNABLE)
StackTrace: 
	sun.nio.ch.EPollArrayWrapper.epollWait(Native Method)
	sun.nio.ch.EPollArrayWrapper.poll(EPollArrayWrapper.java:269)
	sun.nio.ch.EPollSelectorImpl.doSelect(EPollSelectorImpl.java:93)
	sun.nio.ch.SelectorImpl.lockAndDoSelect(SelectorImpl.java:86)
	sun.nio.ch.SelectorImpl.select(SelectorImpl.java:97)
	org.apache.kafka.common.network.Selector.select(Selector.java:873)
	org.apache.kafka.common.network.Selector.poll(Selector.java:465)
	org.apache.kafka.clients.NetworkClient.poll(NetworkClient.java:551)
	org.apache.kafka.clients.admin.KafkaAdminClient$AdminClientRunnable.processRequests(KafkaAdminClient.java:1414)
	org.apache.kafka.clients.admin.KafkaAdminClient$AdminClientRunnable.run(KafkaAdminClient.java:1345)
	java.lang.Thread.run(Thread.java:748)
Expected: is <0>
     but: was <1>
	at io.confluent.ksql.test.rest.RestQueryTranslationTest.tearDown(RestQueryTranslationTest.java:143)

io.confluent.ksql.test.rest.RestQueryTranslationTest.shouldBuildAndExecuteQueries[pull-queries-against-materialized-aggregates - Generalized WHERE: non key range]  Time elapsed: 31.794 s  <<< FAILURE!
java.lang.AssertionError: 
Active thead-count is on the up: is there new ExecutorService that's not being shutdown somewhere?
New Thead: kafka-admin-client-thread | adminclient-658 (RUNNABLE)
StackTrace: 
	sun.nio.ch.EPollArrayWrapper.epollWait(Native Method)
	sun.nio.ch.EPollArrayWrapper.poll(EPollArrayWrapper.java:269)
	sun.nio.ch.EPollSelectorImpl.doSelect(EPollSelectorImpl.java:93)
	sun.nio.ch.SelectorImpl.lockAndDoSelect(SelectorImpl.java:86)
	sun.nio.ch.SelectorImpl.select(SelectorImpl.java:97)
	org.apache.kafka.common.network.Selector.select(Selector.java:873)
	org.apache.kafka.common.network.Selector.poll(Selector.java:465)
	org.apache.kafka.clients.NetworkClient.poll(NetworkClient.java:551)
	org.apache.kafka.clients.admin.KafkaAdminClient$AdminClientRunnable.processRequests(KafkaAdminClient.java:1414)
	org.apache.kafka.clients.admin.KafkaAdminClient$AdminClientRunnable.run(KafkaAdminClient.java:1345)
	java.lang.Thread.run(Thread.java:748)
Expected: is <0>
     but: was <1>
	at io.confluent.ksql.test.rest.RestQueryTranslationTest.tearDown(RestQueryTranslationTest.java:143)

io.confluent.ksql.test.rest.RestQueryTranslationTest.shouldBuildAndExecuteQueries[pull-queries-against-materialized-aggregates - Generalized WHERE: non key range - windowed]  Time elapsed: 31.872 s  <<< FAILURE!
java.lang.AssertionError: 
Active thead-count is on the up: is there new ExecutorService that's not being shutdown somewhere?
New Thead: kafka-admin-client-thread | adminclient-658 (RUNNABLE)
StackTrace: 
	sun.nio.ch.EPollArrayWrapper.epollWait(Native Method)
	sun.nio.ch.EPollArrayWrapper.poll(EPollArrayWrapper.java:269)
	sun.nio.ch.EPollSelectorImpl.doSelect(EPollSelectorImpl.java:93)
	sun.nio.ch.SelectorImpl.lockAndDoSelect(SelectorImpl.java:86)
	sun.nio.ch.SelectorImpl.select(SelectorImpl.java:97)
	org.apache.kafka.common.network.Selector.select(Selector.java:873)
	org.apache.kafka.common.network.Selector.poll(Selector.java:465)
	org.apache.kafka.clients.NetworkClient.poll(NetworkClient.java:551)
	org.apache.kafka.clients.admin.KafkaAdminClient$AdminClientRunnable.processRequests(KafkaAdminClient.java:1414)
	org.apache.kafka.clients.admin.KafkaAdminClient$AdminClientRunnable.run(KafkaAdminClient.java:1345)
	java.lang.Thread.run(Thread.java:748)
Expected: is <0>
     but: was <1>
	at io.confluent.ksql.test.rest.RestQueryTranslationTest.tearDown(RestQueryTranslationTest.java:143)

io.confluent.ksql.test.rest.RestQueryTranslationTest.shouldBuildAndExecuteQueries[pull-queries-against-materialized-aggregates - fail on unsupported query feature: where missing key column]  Time elapsed: 31.326 s  <<< FAILURE!
java.lang.AssertionError: 
Active thead-count is on the up: is there new ExecutorService that's not being shutdown somewhere?
New Thead: kafka-admin-client-thread | adminclient-658 (RUNNABLE)
StackTrace: 
	sun.nio.ch.EPollArrayWrapper.epollWait(Native Method)
	sun.nio.ch.EPollArrayWrapper.poll(EPollArrayWrapper.java:269)
	sun.nio.ch.EPollSelectorImpl.doSelect(EPollSelectorImpl.java:93)
	sun.nio.ch.SelectorImpl.lockAndDoSelect(SelectorImpl.java:86)
	sun.nio.ch.SelectorImpl.select(SelectorImpl.java:97)
	org.apache.kafka.common.network.Selector.select(Selector.java:873)
	org.apache.kafka.common.network.Selector.poll(Selector.java:465)
	org.apache.kafka.clients.NetworkClient.poll(NetworkClient.java:551)
	org.apache.kafka.clients.admin.KafkaAdminClient$AdminClientRunnable.processRequests(KafkaAdminClient.java:1414)
	org.apache.kafka.clients.admin.KafkaAdminClient$AdminClientRunnable.run(KafkaAdminClient.java:1345)
	java.lang.Thread.run(Thread.java:748)
Expected: is <0>
     but: was <1>
	at io.confluent.ksql.test.rest.RestQueryTranslationTest.tearDown(RestQueryTranslationTest.java:143)

io.confluent.ksql.test.rest.RestQueryTranslationTest.shouldBuildAndExecuteQueries[pull-queries-against-materialized-aggregates - Generalized WHERE: non key special column reference - windowed]  Time elapsed: 31.8 s  <<< FAILURE!
java.lang.AssertionError: 
Active thead-count is on the up: is there new ExecutorService that's not being shutdown somewhere?
New Thead: kafka-admin-client-thread | adminclient-658 (RUNNABLE)
StackTrace: 
	sun.nio.ch.EPollArrayWrapper.epollWait(Native Method)
	sun.nio.ch.EPollArrayWrapper.poll(EPollArrayWrapper.java:269)
	sun.nio.ch.EPollSelectorImpl.doSelect(EPollSelectorImpl.java:93)
	sun.nio.ch.SelectorImpl.lockAndDoSelect(SelectorImpl.java:86)
	sun.nio.ch.SelectorImpl.select(SelectorImpl.java:97)
	org.apache.kafka.common.network.Selector.select(Selector.java:873)
	org.apache.kafka.common.network.Selector.poll(Selector.java:465)
	org.apache.kafka.clients.NetworkClient.poll(NetworkClient.java:551)
	org.apache.kafka.clients.admin.KafkaAdminClient$AdminClientRunnable.processRequests(KafkaAdminClient.java:1414)
	org.apache.kafka.clients.admin.KafkaAdminClient$AdminClientRunnable.run(KafkaAdminClient.java:1345)
	java.lang.Thread.run(Thread.java:748)
Expected: is <0>
     but: was <1>
	at io.confluent.ksql.test.rest.RestQueryTranslationTest.tearDown(RestQueryTranslationTest.java:143)

io.confluent.ksql.test.rest.RestQueryTranslationTest.shouldBuildAndExecuteQueries[pull-queries-against-materialized-aggregates - fail on unsupported query feature: where missing column from multi-column key]  Time elapsed: 31.61 s  <<< FAILURE!
java.lang.AssertionError: 
Active thead-count is on the up: is there new ExecutorService that's not being shutdown somewhere?
New Thead: kafka-admin-client-thread | adminclient-658 (RUNNABLE)
StackTrace: 
	sun.nio.ch.EPollArrayWrapper.epollWait(Native Method)
	sun.nio.ch.EPollArrayWrapper.poll(EPollArrayWrapper.java:269)
	sun.nio.ch.EPollSelectorImpl.doSelect(EPollSelectorImpl.java:93)
	sun.nio.ch.SelectorImpl.lockAndDoSelect(SelectorImpl.java:86)
	sun.nio.ch.SelectorImpl.select(SelectorImpl.java:97)
	org.apache.kafka.common.network.Selector.select(Selector.java:873)
	org.apache.kafka.common.network.Selector.poll(Selector.java:465)
	org.apache.kafka.clients.NetworkClient.poll(NetworkClient.java:551)
	org.apache.kafka.clients.admin.KafkaAdminClient$AdminClientRunnable.processRequests(KafkaAdminClient.java:1414)
	org.apache.kafka.clients.admin.KafkaAdminClient$AdminClientRunnable.run(KafkaAdminClient.java:1345)
	java.lang.Thread.run(Thread.java:748)
Expected: is <0>
     but: was <1>
	at io.confluent.ksql.test.rest.RestQueryTranslationTest.tearDown(RestQueryTranslationTest.java:143)

io.confluent.ksql.test.rest.RestQueryTranslationTest.shouldBuildAndExecuteQueries[pull-queries-against-materialized-aggregates - Generalized WHERE: single column from multi-column key]  Time elapsed: 32.021 s  <<< FAILURE!
java.lang.AssertionError: 
Active thead-count is on the up: is there new ExecutorService that's not being shutdown somewhere?
New Thead: kafka-admin-client-thread | adminclient-658 (RUNNABLE)
StackTrace: 
	sun.nio.ch.EPollArrayWrapper.epollWait(Native Method)
	sun.nio.ch.EPollArrayWrapper.poll(EPollArrayWrapper.java:269)
	sun.nio.ch.EPollSelectorImpl.doSelect(EPollSelectorImpl.java:93)
	sun.nio.ch.SelectorImpl.lockAndDoSelect(SelectorImpl.java:86)
	sun.nio.ch.SelectorImpl.select(SelectorImpl.java:97)
	org.apache.kafka.common.network.Selector.select(Selector.java:873)
	org.apache.kafka.common.network.Selector.poll(Selector.java:465)
	org.apache.kafka.clients.NetworkClient.poll(NetworkClient.java:551)
	org.apache.kafka.clients.admin.KafkaAdminClient$AdminClientRunnable.processRequests(KafkaAdminClient.java:1414)
	org.apache.kafka.clients.admin.KafkaAdminClient$AdminClientRunnable.run(KafkaAdminClient.java:1345)
	java.lang.Thread.run(Thread.java:748)
Expected: is <0>
     but: was <1>
	at io.confluent.ksql.test.rest.RestQueryTranslationTest.tearDown(RestQueryTranslationTest.java:143)

io.confluent.ksql.test.rest.RestQueryTranslationTest.shouldBuildAndExecuteQueries[pull-queries-against-materialized-aggregates - Generalized WHERE: single column from multi-column key - windowed]  Time elapsed: 32.329 s  <<< FAILURE!
java.lang.AssertionError: 
Active thead-count is on the up: is there new ExecutorService that's not being shutdown somewhere?
New Thead: kafka-admin-client-thread | adminclient-658 (RUNNABLE)
StackTrace: 
	sun.nio.ch.EPollArrayWrapper.epollWait(Native Method)
	sun.nio.ch.EPollArrayWrapper.poll(EPollArrayWrapper.java:269)
	sun.nio.ch.EPollSelectorImpl.doSelect(EPollSelectorImpl.java:93)
	sun.nio.ch.SelectorImpl.lockAndDoSelect(SelectorImpl.java:86)
	sun.nio.ch.SelectorImpl.select(SelectorImpl.java:97)
	org.apache.kafka.common.network.Selector.select(Selector.java:873)
	org.apache.kafka.common.network.Selector.poll(Selector.java:465)
	org.apache.kafka.clients.NetworkClient.poll(NetworkClient.java:551)
	org.apache.kafka.clients.admin.KafkaAdminClient$AdminClientRunnable.processRequests(KafkaAdminClient.java:1414)
	org.apache.kafka.clients.admin.KafkaAdminClient$AdminClientRunnable.run(KafkaAdminClient.java:1345)
	java.lang.Thread.run(Thread.java:748)
Expected: is <0>
     but: was <1>
	at io.confluent.ksql.test.rest.RestQueryTranslationTest.tearDown(RestQueryTranslationTest.java:143)

io.confluent.ksql.test.rest.RestQueryTranslationTest.shouldBuildAndExecuteQueries[pull-queries-against-materialized-aggregates - Generalized WHERE: key fetch plus additional filters]  Time elapsed: 31.75 s  <<< FAILURE!
java.lang.AssertionError: 
Active thead-count is on the up: is there new ExecutorService that's not being shutdown somewhere?
New Thead: kafka-admin-client-thread | adminclient-658 (RUNNABLE)
StackTrace: 
	sun.nio.ch.EPollArrayWrapper.epollWait(Native Method)
	sun.nio.ch.EPollArrayWrapper.poll(EPollArrayWrapper.java:269)
	sun.nio.ch.EPollSelectorImpl.doSelect(EPollSelectorImpl.java:93)
	sun.nio.ch.SelectorImpl.lockAndDoSelect(SelectorImpl.java:86)
	sun.nio.ch.SelectorImpl.select(SelectorImpl.java:97)
	org.apache.kafka.common.network.Selector.select(Selector.java:873)
	org.apache.kafka.common.network.Selector.poll(Selector.java:465)
	org.apache.kafka.clients.NetworkClient.poll(NetworkClient.java:551)
	org.apache.kafka.clients.admin.KafkaAdminClient$AdminClientRunnable.processRequests(KafkaAdminClient.java:1414)
	org.apache.kafka.clients.admin.KafkaAdminClient$AdminClientRunnable.run(KafkaAdminClient.java:1345)
	java.lang.Thread.run(Thread.java:748)
Expected: is <0>
     but: was <1>
	at io.confluent.ksql.test.rest.RestQueryTranslationTest.tearDown(RestQueryTranslationTest.java:143)

io.confluent.ksql.test.rest.RestQueryTranslationTest.shouldBuildAndExecuteQueries[pull-queries-against-materialized-aggregates - should give good error message when querying a stream with multiple input queries]  Time elapsed: 60.005 s  <<< ERROR!
org.junit.runners.model.TestTimedOutException: test timed out after 60 seconds
	at io.confluent.ksql.test.rest.RestQueryTranslationTest.shouldBuildAndExecuteQueries(RestQueryTranslationTest.java:150)

io.confluent.ksql.test.rest.RestQueryTranslationTest.shouldBuildAndExecuteQueries[pull-queries-against-materialized-aggregates - lambdas - lambda use in SELECT]  Time elapsed: 1.654 s  <<< ERROR!
java.lang.UnsupportedOperationException: 
error msg: Could not write the statement 'TERMINATE CTAS_AGGREGATE_1561;' into the command topic.
Caused by: Unknown queryId: CTAS_AGGREGATE_1561
Statement: TERMINATE
	CTAS_AGGREGATE_1561;
	at io.confluent.ksql.test.rest.RestQueryTranslationTest.tearDown(RestQueryTranslationTest.java:129)

io.confluent.ksql.test.rest.RestQueryTranslationTest.shouldBuildAndExecuteQueries[pull-queries-against-materialized-aggregates - lambdas - lambda use in WHERE]  Time elapsed: 31.509 s  <<< FAILURE!
java.lang.AssertionError: 
Active thead-count is on the up: is there new ExecutorService that's not being shutdown somewhere?
New Thead: kafka-admin-client-thread | adminclient-1112 (RUNNABLE)
StackTrace: 
	sun.nio.ch.EPollArrayWrapper.epollWait(Native Method)
	sun.nio.ch.EPollArrayWrapper.poll(EPollArrayWrapper.java:269)
	sun.nio.ch.EPollSelectorImpl.doSelect(EPollSelectorImpl.java:93)
	sun.nio.ch.SelectorImpl.lockAndDoSelect(SelectorImpl.java:86)
	sun.nio.ch.SelectorImpl.select(SelectorImpl.java:97)
	org.apache.kafka.common.network.Selector.select(Selector.java:873)
	org.apache.kafka.common.network.Selector.poll(Selector.java:465)
	org.apache.kafka.clients.NetworkClient.poll(NetworkClient.java:551)
	org.apache.kafka.clients.admin.KafkaAdminClient$AdminClientRunnable.processRequests(KafkaAdminClient.java:1414)
	org.apache.kafka.clients.admin.KafkaAdminClient$AdminClientRunnable.run(KafkaAdminClient.java:1345)
	java.lang.Thread.run(Thread.java:748)

New Thead: kafka-admin-client-thread | adminclient-658 (RUNNABLE)
StackTrace: 
	sun.nio.ch.EPollArrayWrapper.epollWait(Native Method)
	sun.nio.ch.EPollArrayWrapper.poll(EPollArrayWrapper.java:269)
	sun.nio.ch.EPollSelectorImpl.doSelect(EPollSelectorImpl.java:93)
	sun.nio.ch.SelectorImpl.lockAndDoSelect(SelectorImpl.java:86)
	sun.nio.ch.SelectorImpl.select(SelectorImpl.java:97)
	org.apache.kafka.common.network.Selector.select(Selector.java:873)
	org.apache.kafka.common.network.Selector.poll(Selector.java:465)
	org.apache.kafka.clients.NetworkClient.poll(NetworkClient.java:551)
	org.apache.kafka.clients.admin.KafkaAdminClient$AdminClientRunnable.processRequests(KafkaAdminClient.java:1414)
	org.apache.kafka.clients.admin.KafkaAdminClient$AdminClientRunnable.run(KafkaAdminClient.java:1345)
	java.lang.Thread.run(Thread.java:748)
Expected: is <0>
     but: was <2>
	at io.confluent.ksql.test.rest.RestQueryTranslationTest.tearDown(RestQueryTranslationTest.java:143)

io.confluent.ksql.test.rest.RestQueryTranslationTest.shouldBuildAndExecuteQueries[pull-queries-against-materialized-table-table-joins - table table inner join - AVRO]  Time elapsed: 32.699 s  <<< FAILURE!
java.lang.AssertionError: 
Active thead-count is on the up: is there new ExecutorService that's not being shutdown somewhere?
New Thead: kafka-admin-client-thread | adminclient-1112 (RUNNABLE)
StackTrace: 
	sun.nio.ch.EPollArrayWrapper.epollWait(Native Method)
	sun.nio.ch.EPollArrayWrapper.poll(EPollArrayWrapper.java:269)
	sun.nio.ch.EPollSelectorImpl.doSelect(EPollSelectorImpl.java:93)
	sun.nio.ch.SelectorImpl.lockAndDoSelect(SelectorImpl.java:86)
	sun.nio.ch.SelectorImpl.select(SelectorImpl.java:97)
	org.apache.kafka.common.network.Selector.select(Selector.java:873)
	org.apache.kafka.common.network.Selector.poll(Selector.java:465)
	org.apache.kafka.clients.NetworkClient.poll(NetworkClient.java:551)
	org.apache.kafka.clients.admin.KafkaAdminClient$AdminClientRunnable.processRequests(KafkaAdminClient.java:1414)
	org.apache.kafka.clients.admin.KafkaAdminClient$AdminClientRunnable.run(KafkaAdminClient.java:1345)
	java.lang.Thread.run(Thread.java:748)

New Thead: kafka-admin-client-thread | adminclient-658 (RUNNABLE)
StackTrace: 
	sun.nio.ch.EPollArrayWrapper.epollWait(Native Method)
	sun.nio.ch.EPollArrayWrapper.poll(EPollArrayWrapper.java:269)
	sun.nio.ch.EPollSelectorImpl.doSelect(EPollSelectorImpl.java:93)
	sun.nio.ch.SelectorImpl.lockAndDoSelect(SelectorImpl.java:86)
	sun.nio.ch.SelectorImpl.select(SelectorImpl.java:97)
	org.apache.kafka.common.network.Selector.select(Selector.java:873)
	org.apache.kafka.common.network.Selector.poll(Selector.java:465)
	org.apache.kafka.clients.NetworkClient.poll(NetworkClient.java:551)
	org.apache.kafka.clients.admin.KafkaAdminClient$AdminClientRunnable.processRequests(KafkaAdminClient.java:1414)
	org.apache.kafka.clients.admin.KafkaAdminClient$AdminClientRunnable.run(KafkaAdminClient.java:1345)
	java.lang.Thread.run(Thread.java:748)
Expected: is <0>
     but: was <2>
	at io.confluent.ksql.test.rest.RestQueryTranslationTest.tearDown(RestQueryTranslationTest.java:143)

io.confluent.ksql.test.rest.RestQueryTranslationTest.shouldBuildAndExecuteQueries[pull-queries-against-materialized-table-table-joins - table table outer join - AVRO]  Time elapsed: 32.554 s  <<< FAILURE!
java.lang.AssertionError: 
Active thead-count is on the up: is there new ExecutorService that's not being shutdown somewhere?
New Thead: kafka-admin-client-thread | adminclient-1112 (RUNNABLE)
StackTrace: 
	sun.nio.ch.EPollArrayWrapper.epollWait(Native Method)
	sun.nio.ch.EPollArrayWrapper.poll(EPollArrayWrapper.java:269)
	sun.nio.ch.EPollSelectorImpl.doSelect(EPollSelectorImpl.java:93)
	sun.nio.ch.SelectorImpl.lockAndDoSelect(SelectorImpl.java:86)
	sun.nio.ch.SelectorImpl.select(SelectorImpl.java:97)
	org.apache.kafka.common.network.Selector.select(Selector.java:873)
	org.apache.kafka.common.network.Selector.poll(Selector.java:465)
	org.apache.kafka.clients.NetworkClient.poll(NetworkClient.java:551)
	org.apache.kafka.clients.admin.KafkaAdminClient$AdminClientRunnable.processRequests(KafkaAdminClient.java:1414)
	org.apache.kafka.clients.admin.KafkaAdminClient$AdminClientRunnable.run(KafkaAdminClient.java:1345)
	java.lang.Thread.run(Thread.java:748)

New Thead: kafka-admin-client-thread | adminclient-658 (RUNNABLE)
StackTrace: 
	sun.nio.ch.EPollArrayWrapper.epollWait(Native Method)
	sun.nio.ch.EPollArrayWrapper.poll(EPollArrayWrapper.java:269)
	sun.nio.ch.EPollSelectorImpl.doSelect(EPollSelectorImpl.java:93)
	sun.nio.ch.SelectorImpl.lockAndDoSelect(SelectorImpl.java:86)
	sun.nio.ch.SelectorImpl.select(SelectorImpl.java:97)
	org.apache.kafka.common.network.Selector.select(Selector.java:873)
	org.apache.kafka.common.network.Selector.poll(Selector.java:465)
	org.apache.kafka.clients.NetworkClient.poll(NetworkClient.java:551)
	org.apache.kafka.clients.admin.KafkaAdminClient$AdminClientRunnable.processRequests(KafkaAdminClient.java:1414)
	org.apache.kafka.clients.admin.KafkaAdminClient$AdminClientRunnable.run(KafkaAdminClient.java:1345)
	java.lang.Thread.run(Thread.java:748)
Expected: is <0>
     but: was <2>
	at io.confluent.ksql.test.rest.RestQueryTranslationTest.tearDown(RestQueryTranslationTest.java:143)

io.confluent.ksql.test.rest.RestQueryTranslationTest.shouldBuildAndExecuteQueries[pull-queries-against-materialized-table-table-joins - table table inner join - single key lookup pull query]  Time elapsed: 32.409 s  <<< FAILURE!
java.lang.AssertionError: 
Active thead-count is on the up: is there new ExecutorService that's not being shutdown somewhere?
New Thead: kafka-admin-client-thread | adminclient-1112 (RUNNABLE)
StackTrace: 
	sun.nio.ch.EPollArrayWrapper.epollWait(Native Method)
	sun.nio.ch.EPollArrayWrapper.poll(EPollArrayWrapper.java:269)
	sun.nio.ch.EPollSelectorImpl.doSelect(EPollSelectorImpl.java:93)
	sun.nio.ch.SelectorImpl.lockAndDoSelect(SelectorImpl.java:86)
	sun.nio.ch.SelectorImpl.select(SelectorImpl.java:97)
	org.apache.kafka.common.network.Selector.select(Selector.java:873)
	org.apache.kafka.common.network.Selector.poll(Selector.java:465)
	org.apache.kafka.clients.NetworkClient.poll(NetworkClient.java:551)
	org.apache.kafka.clients.admin.KafkaAdminClient$AdminClientRunnable.processRequests(KafkaAdminClient.java:1414)
	org.apache.kafka.clients.admin.KafkaAdminClient$AdminClientRunnable.run(KafkaAdminClient.java:1345)
	java.lang.Thread.run(Thread.java:748)

New Thead: kafka-admin-client-thread | adminclient-658 (RUNNABLE)
StackTrace: 
	sun.nio.ch.EPollArrayWrapper.epollWait(Native Method)
	sun.nio.ch.EPollArrayWrapper.poll(EPollArrayWrapper.java:269)
	sun.nio.ch.EPollSelectorImpl.doSelect(EPollSelectorImpl.java:93)
	sun.nio.ch.SelectorImpl.lockAndDoSelect(SelectorImpl.java:86)
	sun.nio.ch.SelectorImpl.select(SelectorImpl.java:97)
	org.apache.kafka.common.network.Selector.select(Selector.java:873)
	org.apache.kafka.common.network.Selector.poll(Selector.java:465)
	org.apache.kafka.clients.NetworkClient.poll(NetworkClient.java:551)
	org.apache.kafka.clients.admin.KafkaAdminClient$AdminClientRunnable.processRequests(KafkaAdminClient.java:1414)
	org.apache.kafka.clients.admin.KafkaAdminClient$AdminClientRunnable.run(KafkaAdminClient.java:1345)
	java.lang.Thread.run(Thread.java:748)
Expected: is <0>
     but: was <2>
	at io.confluent.ksql.test.rest.RestQueryTranslationTest.tearDown(RestQueryTranslationTest.java:143)

io.confluent.ksql.test.rest.RestQueryTranslationTest.shouldBuildAndExecuteQueries[pull-queries-against-materialized-table-table-joins - table table inner join - filter in topology - IN pull query]  Time elapsed: 32.602 s  <<< FAILURE!
java.lang.AssertionError: 
Active thead-count is on the up: is there new ExecutorService that's not being shutdown somewhere?
New Thead: kafka-admin-client-thread | adminclient-1112 (RUNNABLE)
StackTrace: 
	sun.nio.ch.EPollArrayWrapper.epollWait(Native Method)
	sun.nio.ch.EPollArrayWrapper.poll(EPollArrayWrapper.java:269)
	sun.nio.ch.EPollSelectorImpl.doSelect(EPollSelectorImpl.java:93)
	sun.nio.ch.SelectorImpl.lockAndDoSelect(SelectorImpl.java:86)
	sun.nio.ch.SelectorImpl.select(SelectorImpl.java:97)
	org.apache.kafka.common.network.Selector.select(Selector.java:873)
	org.apache.kafka.common.network.Selector.poll(Selector.java:465)
	org.apache.kafka.clients.NetworkClient.poll(NetworkClient.java:551)
	org.apache.kafka.clients.admin.KafkaAdminClient$AdminClientRunnable.processRequests(KafkaAdminClient.java:1414)
	org.apache.kafka.clients.admin.KafkaAdminClient$AdminClientRunnable.run(KafkaAdminClient.java:1345)
	java.lang.Thread.run(Thread.java:748)

New Thead: kafka-admin-client-thread | adminclient-658 (RUNNABLE)
StackTrace: 
	sun.nio.ch.EPollArrayWrapper.epollWait(Native Method)
	sun.nio.ch.EPollArrayWrapper.poll(EPollArrayWrapper.java:269)
	sun.nio.ch.EPollSelectorImpl.doSelect(EPollSelectorImpl.java:93)
	sun.nio.ch.SelectorImpl.lockAndDoSelect(SelectorImpl.java:86)
	sun.nio.ch.SelectorImpl.select(SelectorImpl.java:97)
	org.apache.kafka.common.network.Selector.select(Selector.java:873)
	org.apache.kafka.common.network.Selector.poll(Selector.java:465)
	org.apache.kafka.clients.NetworkClient.poll(NetworkClient.java:551)
	org.apache.kafka.clients.admin.KafkaAdminClient$AdminClientRunnable.processRequests(KafkaAdminClient.java:1414)
	org.apache.kafka.clients.admin.KafkaAdminClient$AdminClientRunnable.run(KafkaAdminClient.java:1345)
	java.lang.Thread.run(Thread.java:748)
Expected: is <0>
     but: was <2>
	at io.confluent.ksql.test.rest.RestQueryTranslationTest.tearDown(RestQueryTranslationTest.java:143)

io.confluent.ksql.test.rest.RestQueryTranslationTest.shouldBuildAndExecuteQueries[pull-queries-against-materialized-table-table-joins - table table left join - AVRO]  Time elapsed: 32.536 s  <<< FAILURE!
java.lang.AssertionError: 
Active thead-count is on the up: is there new ExecutorService that's not being shutdown somewhere?
New Thead: kafka-admin-client-thread | adminclient-1112 (RUNNABLE)
StackTrace: 
	sun.nio.ch.EPollArrayWrapper.epollWait(Native Method)
	sun.nio.ch.EPollArrayWrapper.poll(EPollArrayWrapper.java:269)
	sun.nio.ch.EPollSelectorImpl.doSelect(EPollSelectorImpl.java:93)
	sun.nio.ch.SelectorImpl.lockAndDoSelect(SelectorImpl.java:86)
	sun.nio.ch.SelectorImpl.select(SelectorImpl.java:97)
	org.apache.kafka.common.network.Selector.select(Selector.java:873)
	org.apache.kafka.common.network.Selector.poll(Selector.java:465)
	org.apache.kafka.clients.NetworkClient.poll(NetworkClient.java:551)
	org.apache.kafka.clients.admin.KafkaAdminClient$AdminClientRunnable.processRequests(KafkaAdminClient.java:1414)
	org.apache.kafka.clients.admin.KafkaAdminClient$AdminClientRunnable.run(KafkaAdminClient.java:1345)
	java.lang.Thread.run(Thread.java:748)

New Thead: kafka-admin-client-thread | adminclient-658 (RUNNABLE)
StackTrace: 
	sun.nio.ch.EPollArrayWrapper.epollWait(Native Method)
	sun.nio.ch.EPollArrayWrapper.poll(EPollArrayWrapper.java:269)
	sun.nio.ch.EPollSelectorImpl.doSelect(EPollSelectorImpl.java:93)
	sun.nio.ch.SelectorImpl.lockAndDoSelect(SelectorImpl.java:86)
	sun.nio.ch.SelectorImpl.select(SelectorImpl.java:97)
	org.apache.kafka.common.network.Selector.select(Selector.java:873)
	org.apache.kafka.common.network.Selector.poll(Selector.java:465)
	org.apache.kafka.clients.NetworkClient.poll(NetworkClient.java:551)
	org.apache.kafka.clients.admin.KafkaAdminClient$AdminClientRunnable.processRequests(KafkaAdminClient.java:1414)
	org.apache.kafka.clients.admin.KafkaAdminClient$AdminClientRunnable.run(KafkaAdminClient.java:1345)
	java.lang.Thread.run(Thread.java:748)
Expected: is <0>
     but: was <2>
	at io.confluent.ksql.test.rest.RestQueryTranslationTest.tearDown(RestQueryTranslationTest.java:143)

io.confluent.ksql.test.rest.RestQueryTranslationTest.shouldBuildAndExecuteQueries[pull-queries-against-materialized-table-table-joins - table table left join - JSON]  Time elapsed: 32.622 s  <<< FAILURE!
java.lang.AssertionError: 
Active thead-count is on the up: is there new ExecutorService that's not being shutdown somewhere?
New Thead: kafka-admin-client-thread | adminclient-1112 (RUNNABLE)
StackTrace: 
	sun.nio.ch.EPollArrayWrapper.epollWait(Native Method)
	sun.nio.ch.EPollArrayWrapper.poll(EPollArrayWrapper.java:269)
	sun.nio.ch.EPollSelectorImpl.doSelect(EPollSelectorImpl.java:93)
	sun.nio.ch.SelectorImpl.lockAndDoSelect(SelectorImpl.java:86)
	sun.nio.ch.SelectorImpl.select(SelectorImpl.java:97)
	org.apache.kafka.common.network.Selector.select(Selector.java:873)
	org.apache.kafka.common.network.Selector.poll(Selector.java:465)
	org.apache.kafka.clients.NetworkClient.poll(NetworkClient.java:551)
	org.apache.kafka.clients.admin.KafkaAdminClient$AdminClientRunnable.processRequests(KafkaAdminClient.java:1414)
	org.apache.kafka.clients.admin.KafkaAdminClient$AdminClientRunnable.run(KafkaAdminClient.java:1345)
	java.lang.Thread.run(Thread.java:748)

New Thead: kafka-admin-client-thread | adminclient-658 (RUNNABLE)
StackTrace: 
	sun.nio.ch.EPollArrayWrapper.epollWait(Native Method)
	sun.nio.ch.EPollArrayWrapper.poll(EPollArrayWrapper.java:269)
	sun.nio.ch.EPollSelectorImpl.doSelect(EPollSelectorImpl.java:93)
	sun.nio.ch.SelectorImpl.lockAndDoSelect(SelectorImpl.java:86)
	sun.nio.ch.SelectorImpl.select(SelectorImpl.java:97)
	org.apache.kafka.common.network.Selector.select(Selector.java:873)
	org.apache.kafka.common.network.Selector.poll(Selector.java:465)
	org.apache.kafka.clients.NetworkClient.poll(NetworkClient.java:551)
	org.apache.kafka.clients.admin.KafkaAdminClient$AdminClientRunnable.processRequests(KafkaAdminClient.java:1414)
	org.apache.kafka.clients.admin.KafkaAdminClient$AdminClientRunnable.run(KafkaAdminClient.java:1345)
	java.lang.Thread.run(Thread.java:748)
Expected: is <0>
     but: was <2>
	at io.confluent.ksql.test.rest.RestQueryTranslationTest.tearDown(RestQueryTranslationTest.java:143)

io.confluent.ksql.test.rest.RestQueryTranslationTest.shouldBuildAndExecuteQueries[pull-queries-against-materialized-table-table-joins - table table left join - PROTOBUF]  Time elapsed: 32.567 s  <<< FAILURE!
java.lang.AssertionError: 
Active thead-count is on the up: is there new ExecutorService that's not being shutdown somewhere?
New Thead: kafka-admin-client-thread | adminclient-1112 (RUNNABLE)
StackTrace: 
	sun.nio.ch.EPollArrayWrapper.epollWait(Native Method)
	sun.nio.ch.EPollArrayWrapper.poll(EPollArrayWrapper.java:269)
	sun.nio.ch.EPollSelectorImpl.doSelect(EPollSelectorImpl.java:93)
	sun.nio.ch.SelectorImpl.lockAndDoSelect(SelectorImpl.java:86)
	sun.nio.ch.SelectorImpl.select(SelectorImpl.java:97)
	org.apache.kafka.common.network.Selector.select(Selector.java:873)
	org.apache.kafka.common.network.Selector.poll(Selector.java:465)
	org.apache.kafka.clients.NetworkClient.poll(NetworkClient.java:551)
	org.apache.kafka.clients.admin.KafkaAdminClient$AdminClientRunnable.processRequests(KafkaAdminClient.java:1414)
	org.apache.kafka.clients.admin.KafkaAdminClient$AdminClientRunnable.run(KafkaAdminClient.java:1345)
	java.lang.Thread.run(Thread.java:748)

New Thead: kafka-admin-client-thread | adminclient-658 (RUNNABLE)
StackTrace: 
	sun.nio.ch.EPollArrayWrapper.epollWait(Native Method)
	sun.nio.ch.EPollArrayWrapper.poll(EPollArrayWrapper.java:269)
	sun.nio.ch.EPollSelectorImpl.doSelect(EPollSelectorImpl.java:93)
	sun.nio.ch.SelectorImpl.lockAndDoSelect(SelectorImpl.java:86)
	sun.nio.ch.SelectorImpl.select(SelectorImpl.java:97)
	org.apache.kafka.common.network.Selector.select(Selector.java:873)
	org.apache.kafka.common.network.Selector.poll(Selector.java:465)
	org.apache.kafka.clients.NetworkClient.poll(NetworkClient.java:551)
	org.apache.kafka.clients.admin.KafkaAdminClient$AdminClientRunnable.processRequests(KafkaAdminClient.java:1414)
	org.apache.kafka.clients.admin.KafkaAdminClient$AdminClientRunnable.run(KafkaAdminClient.java:1345)
	java.lang.Thread.run(Thread.java:748)
Expected: is <0>
     but: was <2>
	at io.confluent.ksql.test.rest.RestQueryTranslationTest.tearDown(RestQueryTranslationTest.java:143)

io.confluent.ksql.test.rest.RestQueryTranslationTest.shouldBuildAndExecuteQueries[pull-queries-against-materialized-table-table-joins - table table inner join - JSON]  Time elapsed: 32.418 s  <<< FAILURE!
java.lang.AssertionError: 
Active thead-count is on the up: is there new ExecutorService that's not being shutdown somewhere?
New Thead: kafka-admin-client-thread | adminclient-1112 (RUNNABLE)
StackTrace: 
	sun.nio.ch.EPollArrayWrapper.epollWait(Native Method)
	sun.nio.ch.EPollArrayWrapper.poll(EPollArrayWrapper.java:269)
	sun.nio.ch.EPollSelectorImpl.doSelect(EPollSelectorImpl.java:93)
	sun.nio.ch.SelectorImpl.lockAndDoSelect(SelectorImpl.java:86)
	sun.nio.ch.SelectorImpl.select(SelectorImpl.java:97)
	org.apache.kafka.common.network.Selector.select(Selector.java:873)
	org.apache.kafka.common.network.Selector.poll(Selector.java:465)
	org.apache.kafka.clients.NetworkClient.poll(NetworkClient.java:551)
	org.apache.kafka.clients.admin.KafkaAdminClient$AdminClientRunnable.processRequests(KafkaAdminClient.java:1414)
	org.apache.kafka.clients.admin.KafkaAdminClient$AdminClientRunnable.run(KafkaAdminClient.java:1345)
	java.lang.Thread.run(Thread.java:748)

New Thead: kafka-admin-client-thread | adminclient-658 (RUNNABLE)
StackTrace: 
	sun.nio.ch.EPollArrayWrapper.epollWait(Native Method)
	sun.nio.ch.EPollArrayWrapper.poll(EPollArrayWrapper.java:269)
	sun.nio.ch.EPollSelectorImpl.doSelect(EPollSelectorImpl.java:93)
	sun.nio.ch.SelectorImpl.lockAndDoSelect(SelectorImpl.java:86)
	sun.nio.ch.SelectorImpl.select(SelectorImpl.java:97)
	org.apache.kafka.common.network.Selector.select(Selector.java:873)
	org.apache.kafka.common.network.Selector.poll(Selector.java:465)
	org.apache.kafka.clients.NetworkClient.poll(NetworkClient.java:551)
	org.apache.kafka.clients.admin.KafkaAdminClient$AdminClientRunnable.processRequests(KafkaAdminClient.java:1414)
	org.apache.kafka.clients.admin.KafkaAdminClient$AdminClientRunnable.run(KafkaAdminClient.java:1345)
	java.lang.Thread.run(Thread.java:748)
Expected: is <0>
     but: was <2>
	at io.confluent.ksql.test.rest.RestQueryTranslationTest.tearDown(RestQueryTranslationTest.java:143)

io.confluent.ksql.test.rest.RestQueryTranslationTest.shouldBuildAndExecuteQueries[pull-queries-against-materialized-table-table-joins - table table inner join - PROTOBUF]  Time elapsed: 32.506 s  <<< FAILURE!
java.lang.AssertionError: 
Active thead-count is on the up: is there new ExecutorService that's not being shutdown somewhere?
New Thead: kafka-admin-client-thread | adminclient-1112 (RUNNABLE)
StackTrace: 
	sun.nio.ch.EPollArrayWrapper.epollWait(Native Method)
	sun.nio.ch.EPollArrayWrapper.poll(EPollArrayWrapper.java:269)
	sun.nio.ch.EPollSelectorImpl.doSelect(EPollSelectorImpl.java:93)
	sun.nio.ch.SelectorImpl.lockAndDoSelect(SelectorImpl.java:86)
	sun.nio.ch.SelectorImpl.select(SelectorImpl.java:97)
	org.apache.kafka.common.network.Selector.select(Selector.java:873)
	org.apache.kafka.common.network.Selector.poll(Selector.java:465)
	org.apache.kafka.clients.NetworkClient.poll(NetworkClient.java:551)
	org.apache.kafka.clients.admin.KafkaAdminClient$AdminClientRunnable.processRequests(KafkaAdminClient.java:1414)
	org.apache.kafka.clients.admin.KafkaAdminClient$AdminClientRunnable.run(KafkaAdminClient.java:1345)
	java.lang.Thread.run(Thread.java:748)

New Thead: kafka-admin-client-thread | adminclient-658 (RUNNABLE)
StackTrace: 
	sun.nio.ch.EPollArrayWrapper.epollWait(Native Method)
	sun.nio.ch.EPollArrayWrapper.poll(EPollArrayWrapper.java:269)
	sun.nio.ch.EPollSelectorImpl.doSelect(EPollSelectorImpl.java:93)
	sun.nio.ch.SelectorImpl.lockAndDoSelect(SelectorImpl.java:86)
	sun.nio.ch.SelectorImpl.select(SelectorImpl.java:97)
	org.apache.kafka.common.network.Selector.select(Selector.java:873)
	org.apache.kafka.common.network.Selector.poll(Selector.java:465)
	org.apache.kafka.clients.NetworkClient.poll(NetworkClient.java:551)
	org.apache.kafka.clients.admin.KafkaAdminClient$AdminClientRunnable.processRequests(KafkaAdminClient.java:1414)
	org.apache.kafka.clients.admin.KafkaAdminClient$AdminClientRunnable.run(KafkaAdminClient.java:1345)
	java.lang.Thread.run(Thread.java:748)
Expected: is <0>
     but: was <2>
	at io.confluent.ksql.test.rest.RestQueryTranslationTest.tearDown(RestQueryTranslationTest.java:143)

io.confluent.ksql.test.rest.RestQueryTranslationTest.shouldBuildAndExecuteQueries[pull-queries-against-materialized-table-table-joins - table table outer join - JSON - JSON]  Time elapsed: 32.486 s  <<< FAILURE!
java.lang.AssertionError: 
Active thead-count is on the up: is there new ExecutorService that's not being shutdown somewhere?
New Thead: kafka-admin-client-thread | adminclient-1112 (RUNNABLE)
StackTrace: 
	sun.nio.ch.EPollArrayWrapper.epollWait(Native Method)
	sun.nio.ch.EPollArrayWrapper.poll(EPollArrayWrapper.java:269)
	sun.nio.ch.EPollSelectorImpl.doSelect(EPollSelectorImpl.java:93)
	sun.nio.ch.SelectorImpl.lockAndDoSelect(SelectorImpl.java:86)
	sun.nio.ch.SelectorImpl.select(SelectorImpl.java:97)
	org.apache.kafka.common.network.Selector.select(Selector.java:873)
	org.apache.kafka.common.network.Selector.poll(Selector.java:465)
	org.apache.kafka.clients.NetworkClient.poll(NetworkClient.java:551)
	org.apache.kafka.clients.admin.KafkaAdminClient$AdminClientRunnable.processRequests(KafkaAdminClient.java:1414)
	org.apache.kafka.clients.admin.KafkaAdminClient$AdminClientRunnable.run(KafkaAdminClient.java:1345)
	java.lang.Thread.run(Thread.java:748)

New Thead: kafka-admin-client-thread | adminclient-658 (RUNNABLE)
StackTrace: 
	sun.nio.ch.EPollArrayWrapper.epollWait(Native Method)
	sun.nio.ch.EPollArrayWrapper.poll(EPollArrayWrapper.java:269)
	sun.nio.ch.EPollSelectorImpl.doSelect(EPollSelectorImpl.java:93)
	sun.nio.ch.SelectorImpl.lockAndDoSelect(SelectorImpl.java:86)
	sun.nio.ch.SelectorImpl.select(SelectorImpl.java:97)
	org.apache.kafka.common.network.Selector.select(Selector.java:873)
	org.apache.kafka.common.network.Selector.poll(Selector.java:465)
	org.apache.kafka.clients.NetworkClient.poll(NetworkClient.java:551)
	org.apache.kafka.clients.admin.KafkaAdminClient$AdminClientRunnable.processRequests(KafkaAdminClient.java:1414)
	org.apache.kafka.clients.admin.KafkaAdminClient$AdminClientRunnable.run(KafkaAdminClient.java:1345)
	java.lang.Thread.run(Thread.java:748)
Expected: is <0>
     but: was <2>
	at io.confluent.ksql.test.rest.RestQueryTranslationTest.tearDown(RestQueryTranslationTest.java:143)

io.confluent.ksql.test.rest.RestQueryTranslationTest.shouldBuildAndExecuteQueries[pull-queries-against-materialized-table-table-joins - table table outer join - PROTOBUF]  Time elapsed: 32.708 s  <<< FAILURE!
java.lang.AssertionError: 
Active thead-count is on the up: is there new ExecutorService that's not being shutdown somewhere?
New Thead: kafka-admin-client-thread | adminclient-1112 (RUNNABLE)
StackTrace: 
	sun.nio.ch.EPollArrayWrapper.epollWait(Native Method)
	sun.nio.ch.EPollArrayWrapper.poll(EPollArrayWrapper.java:269)
	sun.nio.ch.EPollSelectorImpl.doSelect(EPollSelectorImpl.java:93)
	sun.nio.ch.SelectorImpl.lockAndDoSelect(SelectorImpl.java:86)
	sun.nio.ch.SelectorImpl.select(SelectorImpl.java:97)
	org.apache.kafka.common.network.Selector.select(Selector.java:873)
	org.apache.kafka.common.network.Selector.poll(Selector.java:465)
	org.apache.kafka.clients.NetworkClient.poll(NetworkClient.java:551)
	org.apache.kafka.clients.admin.KafkaAdminClient$AdminClientRunnable.processRequests(KafkaAdminClient.java:1414)
	org.apache.kafka.clients.admin.KafkaAdminClient$AdminClientRunnable.run(KafkaAdminClient.java:1345)
	java.lang.Thread.run(Thread.java:748)

New Thead: kafka-admin-client-thread | adminclient-658 (RUNNABLE)
StackTrace: 
	sun.nio.ch.EPollArrayWrapper.epollWait(Native Method)
	sun.nio.ch.EPollArrayWrapper.poll(EPollArrayWrapper.java:269)
	sun.nio.ch.EPollSelectorImpl.doSelect(EPollSelectorImpl.java:93)
	sun.nio.ch.SelectorImpl.lockAndDoSelect(SelectorImpl.java:86)
	sun.nio.ch.SelectorImpl.select(SelectorImpl.java:97)
	org.apache.kafka.common.network.Selector.select(Selector.java:873)
	org.apache.kafka.common.network.Selector.poll(Selector.java:465)
	org.apache.kafka.clients.NetworkClient.poll(NetworkClient.java:551)
	org.apache.kafka.clients.admin.KafkaAdminClient$AdminClientRunnable.processRequests(KafkaAdminClient.java:1414)
	org.apache.kafka.clients.admin.KafkaAdminClient$AdminClientRunnable.run(KafkaAdminClient.java:1345)
	java.lang.Thread.run(Thread.java:748)
Expected: is <0>
     but: was <2>
	at io.confluent.ksql.test.rest.RestQueryTranslationTest.tearDown(RestQueryTranslationTest.java:143)

io.confluent.ksql.test.rest.RestQueryTranslationTest.shouldBuildAndExecuteQueries[pull-queries-against-materialized-table-table-joins - table join pipeline - JSON]  Time elapsed: 33.693 s  <<< FAILURE!
java.lang.AssertionError: 
Active thead-count is on the up: is there new ExecutorService that's not being shutdown somewhere?
New Thead: kafka-admin-client-thread | adminclient-1112 (RUNNABLE)
StackTrace: 
	sun.nio.ch.EPollArrayWrapper.epollWait(Native Method)
	sun.nio.ch.EPollArrayWrapper.poll(EPollArrayWrapper.java:269)
	sun.nio.ch.EPollSelectorImpl.doSelect(EPollSelectorImpl.java:93)
	sun.nio.ch.SelectorImpl.lockAndDoSelect(SelectorImpl.java:86)
	sun.nio.ch.SelectorImpl.select(SelectorImpl.java:97)
	org.apache.kafka.common.network.Selector.select(Selector.java:873)
	org.apache.kafka.common.network.Selector.poll(Selector.java:465)
	org.apache.kafka.clients.NetworkClient.poll(NetworkClient.java:551)
	org.apache.kafka.clients.admin.KafkaAdminClient$AdminClientRunnable.processRequests(KafkaAdminClient.java:1414)
	org.apache.kafka.clients.admin.KafkaAdminClient$AdminClientRunnable.run(KafkaAdminClient.java:1345)
	java.lang.Thread.run(Thread.java:748)

New Thead: kafka-admin-client-thread | adminclient-658 (RUNNABLE)
StackTrace: 
	sun.nio.ch.EPollArrayWrapper.epollWait(Native Method)
	sun.nio.ch.EPollArrayWrapper.poll(EPollArrayWrapper.java:269)
	sun.nio.ch.EPollSelectorImpl.doSelect(EPollSelectorImpl.java:93)
	sun.nio.ch.SelectorImpl.lockAndDoSelect(SelectorImpl.java:86)
	sun.nio.ch.SelectorImpl.select(SelectorImpl.java:97)
	org.apache.kafka.common.network.Selector.select(Selector.java:873)
	org.apache.kafka.common.network.Selector.poll(Selector.java:465)
	org.apache.kafka.clients.NetworkClient.poll(NetworkClient.java:551)
	org.apache.kafka.clients.admin.KafkaAdminClient$AdminClientRunnable.processRequests(KafkaAdminClient.java:1414)
	org.apache.kafka.clients.admin.KafkaAdminClient$AdminClientRunnable.run(KafkaAdminClient.java:1345)
	java.lang.Thread.run(Thread.java:748)
Expected: is <0>
     but: was <2>
	at io.confluent.ksql.test.rest.RestQueryTranslationTest.tearDown(RestQueryTranslationTest.java:143)

io.confluent.ksql.test.rest.RestQueryTranslationTest.shouldBuildAndExecuteQueries[pull-queries-against-materialized-table-table-joins - table table join with where clause]  Time elapsed: 32.415 s  <<< FAILURE!
java.lang.AssertionError: 
Active thead-count is on the up: is there new ExecutorService that's not being shutdown somewhere?
New Thead: kafka-admin-client-thread | adminclient-1112 (RUNNABLE)
StackTrace: 
	sun.nio.ch.EPollArrayWrapper.epollWait(Native Method)
	sun.nio.ch.EPollArrayWrapper.poll(EPollArrayWrapper.java:269)
	sun.nio.ch.EPollSelectorImpl.doSelect(EPollSelectorImpl.java:93)
	sun.nio.ch.SelectorImpl.lockAndDoSelect(SelectorImpl.java:86)
	sun.nio.ch.SelectorImpl.select(SelectorImpl.java:97)
	org.apache.kafka.common.network.Selector.select(Selector.java:873)
	org.apache.kafka.common.network.Selector.poll(Selector.java:465)
	org.apache.kafka.clients.NetworkClient.poll(NetworkClient.java:551)
	org.apache.kafka.clients.admin.KafkaAdminClient$AdminClientRunnable.processRequests(KafkaAdminClient.java:1414)
	org.apache.kafka.clients.admin.KafkaAdminClient$AdminClientRunnable.run(KafkaAdminClient.java:1345)
	java.lang.Thread.run(Thread.java:748)

New Thead: kafka-admin-client-thread | adminclient-658 (RUNNABLE)
StackTrace: 
	sun.nio.ch.EPollArrayWrapper.epollWait(Native Method)
	sun.nio.ch.EPollArrayWrapper.poll(EPollArrayWrapper.java:269)
	sun.nio.ch.EPollSelectorImpl.doSelect(EPollSelectorImpl.java:93)
	sun.nio.ch.SelectorImpl.lockAndDoSelect(SelectorImpl.java:86)
	sun.nio.ch.SelectorImpl.select(SelectorImpl.java:97)
	org.apache.kafka.common.network.Selector.select(Selector.java:873)
	org.apache.kafka.common.network.Selector.poll(Selector.java:465)
	org.apache.kafka.clients.NetworkClient.poll(NetworkClient.java:551)
	org.apache.kafka.clients.admin.KafkaAdminClient$AdminClientRunnable.processRequests(KafkaAdminClient.java:1414)
	org.apache.kafka.clients.admin.KafkaAdminClient$AdminClientRunnable.run(KafkaAdminClient.java:1345)
	java.lang.Thread.run(Thread.java:748)
Expected: is <0>
     but: was <2>
	at io.confluent.ksql.test.rest.RestQueryTranslationTest.tearDown(RestQueryTranslationTest.java:143)

io.confluent.ksql.test.rest.RestQueryTranslationTest.shouldBuildAndExecuteQueries[pull-queries-against-materialized-table-table-joins - table to table wrapped single field value schema on inputs]  Time elapsed: 32.164 s  <<< FAILURE!
java.lang.AssertionError: 
Active thead-count is on the up: is there new ExecutorService that's not being shutdown somewhere?
New Thead: kafka-admin-client-thread | adminclient-1112 (RUNNABLE)
StackTrace: 
	sun.nio.ch.EPollArrayWrapper.epollWait(Native Method)
	sun.nio.ch.EPollArrayWrapper.poll(EPollArrayWrapper.java:269)
	sun.nio.ch.EPollSelectorImpl.doSelect(EPollSelectorImpl.java:93)
	sun.nio.ch.SelectorImpl.lockAndDoSelect(SelectorImpl.java:86)
	sun.nio.ch.SelectorImpl.select(SelectorImpl.java:97)
	org.apache.kafka.common.network.Selector.select(Selector.java:873)
	org.apache.kafka.common.network.Selector.poll(Selector.java:465)
	org.apache.kafka.clients.NetworkClient.poll(NetworkClient.java:551)
	org.apache.kafka.clients.admin.KafkaAdminClient$AdminClientRunnable.processRequests(KafkaAdminClient.java:1414)
	org.apache.kafka.clients.admin.KafkaAdminClient$AdminClientRunnable.run(KafkaAdminClient.java:1345)
	java.lang.Thread.run(Thread.java:748)

New Thead: kafka-admin-client-thread | adminclient-658 (RUNNABLE)
StackTrace: 
	sun.nio.ch.EPollArrayWrapper.epollWait(Native Method)
	sun.nio.ch.EPollArrayWrapper.poll(EPollArrayWrapper.java:269)
	sun.nio.ch.EPollSelectorImpl.doSelect(EPollSelectorImpl.java:93)
	sun.nio.ch.SelectorImpl.lockAndDoSelect(SelectorImpl.java:86)
	sun.nio.ch.SelectorImpl.select(SelectorImpl.java:97)
	org.apache.kafka.common.network.Selector.select(Selector.java:873)
	org.apache.kafka.common.network.Selector.poll(Selector.java:465)
	org.apache.kafka.clients.NetworkClient.poll(NetworkClient.java:551)
	org.apache.kafka.clients.admin.KafkaAdminClient$AdminClientRunnable.processRequests(KafkaAdminClient.java:1414)
	org.apache.kafka.clients.admin.KafkaAdminClient$AdminClientRunnable.run(KafkaAdminClient.java:1345)
	java.lang.Thread.run(Thread.java:748)
Expected: is <0>
     but: was <2>
	at io.confluent.ksql.test.rest.RestQueryTranslationTest.tearDown(RestQueryTranslationTest.java:143)

io.confluent.ksql.test.rest.RestQueryTranslationTest.shouldBuildAndExecuteQueries[pull-queries-against-materialized-table-table-joins - table to table unwrapped single field value schema on inputs]  Time elapsed: 31.714 s  <<< FAILURE!
java.lang.AssertionError: 
Active thead-count is on the up: is there new ExecutorService that's not being shutdown somewhere?
New Thead: kafka-admin-client-thread | adminclient-1112 (RUNNABLE)
StackTrace: 
	sun.nio.ch.EPollArrayWrapper.epollWait(Native Method)
	sun.nio.ch.EPollArrayWrapper.poll(EPollArrayWrapper.java:269)
	sun.nio.ch.EPollSelectorImpl.doSelect(EPollSelectorImpl.java:93)
	sun.nio.ch.SelectorImpl.lockAndDoSelect(SelectorImpl.java:86)
	sun.nio.ch.SelectorImpl.select(SelectorImpl.java:97)
	org.apache.kafka.common.network.Selector.select(Selector.java:873)
	org.apache.kafka.common.network.Selector.poll(Selector.java:465)
	org.apache.kafka.clients.NetworkClient.poll(NetworkClient.java:551)
	org.apache.kafka.clients.admin.KafkaAdminClient$AdminClientRunnable.processRequests(KafkaAdminClient.java:1414)
	org.apache.kafka.clients.admin.KafkaAdminClient$AdminClientRunnable.run(KafkaAdminClient.java:1345)
	java.lang.Thread.run(Thread.java:748)

New Thead: kafka-admin-client-thread | adminclient-658 (RUNNABLE)
StackTrace: 
	sun.nio.ch.EPollArrayWrapper.epollWait(Native Method)
	sun.nio.ch.EPollArrayWrapper.poll(EPollArrayWrapper.java:269)
	sun.nio.ch.EPollSelectorImpl.doSelect(EPollSelectorImpl.java:93)
	sun.nio.ch.SelectorImpl.lockAndDoSelect(SelectorImpl.java:86)
	sun.nio.ch.SelectorImpl.select(SelectorImpl.java:97)
	org.apache.kafka.common.network.Selector.select(Selector.java:873)
	org.apache.kafka.common.network.Selector.poll(Selector.java:465)
	org.apache.kafka.clients.NetworkClient.poll(NetworkClient.java:551)
	org.apache.kafka.clients.admin.KafkaAdminClient$AdminClientRunnable.processRequests(KafkaAdminClient.java:1414)
	org.apache.kafka.clients.admin.KafkaAdminClient$AdminClientRunnable.run(KafkaAdminClient.java:1345)
	java.lang.Thread.run(Thread.java:748)
Expected: is <0>
     but: was <2>
	at io.confluent.ksql.test.rest.RestQueryTranslationTest.tearDown(RestQueryTranslationTest.java:143)

io.confluent.ksql.test.rest.RestQueryTranslationTest.shouldBuildAndExecuteQueries[pull-queries-against-materialized-table-table-joins - table to table unwrapped single field value schema on inputs and output]  Time elapsed: 32.199 s  <<< FAILURE!
java.lang.AssertionError: 
Active thead-count is on the up: is there new ExecutorService that's not being shutdown somewhere?
New Thead: kafka-admin-client-thread | adminclient-1112 (RUNNABLE)
StackTrace: 
	sun.nio.ch.EPollArrayWrapper.epollWait(Native Method)
	sun.nio.ch.EPollArrayWrapper.poll(EPollArrayWrapper.java:269)
	sun.nio.ch.EPollSelectorImpl.doSelect(EPollSelectorImpl.java:93)
	sun.nio.ch.SelectorImpl.lockAndDoSelect(SelectorImpl.java:86)
	sun.nio.ch.SelectorImpl.select(SelectorImpl.java:97)
	org.apache.kafka.common.network.Selector.select(Selector.java:873)
	org.apache.kafka.common.network.Selector.poll(Selector.java:465)
	org.apache.kafka.clients.NetworkClient.poll(NetworkClient.java:551)
	org.apache.kafka.clients.admin.KafkaAdminClient$AdminClientRunnable.processRequests(KafkaAdminClient.java:1414)
	org.apache.kafka.clients.admin.KafkaAdminClient$AdminClientRunnable.run(KafkaAdminClient.java:1345)
	java.lang.Thread.run(Thread.java:748)

New Thead: kafka-admin-client-thread | adminclient-658 (RUNNABLE)
StackTrace: 
	sun.nio.ch.EPollArrayWrapper.epollWait(Native Method)
	sun.nio.ch.EPollArrayWrapper.poll(EPollArrayWrapper.java:269)
	sun.nio.ch.EPollSelectorImpl.doSelect(EPollSelectorImpl.java:93)
	sun.nio.ch.SelectorImpl.lockAndDoSelect(SelectorImpl.java:86)
	sun.nio.ch.SelectorImpl.select(SelectorImpl.java:97)
	org.apache.kafka.common.network.Selector.select(Selector.java:873)
	org.apache.kafka.common.network.Selector.poll(Selector.java:465)
	org.apache.kafka.clients.NetworkClient.poll(NetworkClient.java:551)
	org.apache.kafka.clients.admin.KafkaAdminClient$AdminClientRunnable.processRequests(KafkaAdminClient.java:1414)
	org.apache.kafka.clients.admin.KafkaAdminClient$AdminClientRunnable.run(KafkaAdminClient.java:1345)
	java.lang.Thread.run(Thread.java:748)
Expected: is <0>
     but: was <2>
	at io.confluent.ksql.test.rest.RestQueryTranslationTest.tearDown(RestQueryTranslationTest.java:143)

io.confluent.ksql.test.rest.RestQueryTranslationTest.shouldBuildAndExecuteQueries[pull-queries-against-materialized-table-table-joins - table-table-table - inner-inner]  Time elapsed: 33.163 s  <<< FAILURE!
java.lang.AssertionError: 
Active thead-count is on the up: is there new ExecutorService that's not being shutdown somewhere?
New Thead: kafka-admin-client-thread | adminclient-1112 (RUNNABLE)
StackTrace: 
	sun.nio.ch.EPollArrayWrapper.epollWait(Native Method)
	sun.nio.ch.EPollArrayWrapper.poll(EPollArrayWrapper.java:269)
	sun.nio.ch.EPollSelectorImpl.doSelect(EPollSelectorImpl.java:93)
	sun.nio.ch.SelectorImpl.lockAndDoSelect(SelectorImpl.java:86)
	sun.nio.ch.SelectorImpl.select(SelectorImpl.java:97)
	org.apache.kafka.common.network.Selector.select(Selector.java:873)
	org.apache.kafka.common.network.Selector.poll(Selector.java:465)
	org.apache.kafka.clients.NetworkClient.poll(NetworkClient.java:551)
	org.apache.kafka.clients.admin.KafkaAdminClient$AdminClientRunnable.processRequests(KafkaAdminClient.java:1414)
	org.apache.kafka.clients.admin.KafkaAdminClient$AdminClientRunnable.run(KafkaAdminClient.java:1345)
	java.lang.Thread.run(Thread.java:748)

New Thead: kafka-admin-client-thread | adminclient-658 (RUNNABLE)
StackTrace: 
	sun.nio.ch.EPollArrayWrapper.epollWait(Native Method)
	sun.nio.ch.EPollArrayWrapper.poll(EPollArrayWrapper.java:269)
	sun.nio.ch.EPollSelectorImpl.doSelect(EPollSelectorImpl.java:93)
	sun.nio.ch.SelectorImpl.lockAndDoSelect(SelectorImpl.java:86)
	sun.nio.ch.SelectorImpl.select(SelectorImpl.java:97)
	org.apache.kafka.common.network.Selector.select(Selector.java:873)
	org.apache.kafka.common.network.Selector.poll(Selector.java:465)
	org.apache.kafka.clients.NetworkClient.poll(NetworkClient.java:551)
	org.apache.kafka.clients.admin.KafkaAdminClient$AdminClientRunnable.processRequests(KafkaAdminClient.java:1414)
	org.apache.kafka.clients.admin.KafkaAdminClient$AdminClientRunnable.run(KafkaAdminClient.java:1345)
	java.lang.Thread.run(Thread.java:748)
Expected: is <0>
     but: was <2>
	at io.confluent.ksql.test.rest.RestQueryTranslationTest.tearDown(RestQueryTranslationTest.java:143)

io.confluent.ksql.test.rest.RestQueryTranslationTest.shouldBuildAndExecuteQueries[pull-queries-against-materialized-table-table-joins - table-table-table - inner-full]  Time elapsed: 33.097 s  <<< FAILURE!
java.lang.AssertionError: 
Active thead-count is on the up: is there new ExecutorService that's not being shutdown somewhere?
New Thead: kafka-admin-client-thread | adminclient-1112 (RUNNABLE)
StackTrace: 
	sun.nio.ch.EPollArrayWrapper.epollWait(Native Method)
	sun.nio.ch.EPollArrayWrapper.poll(EPollArrayWrapper.java:269)
	sun.nio.ch.EPollSelectorImpl.doSelect(EPollSelectorImpl.java:93)
	sun.nio.ch.SelectorImpl.lockAndDoSelect(SelectorImpl.java:86)
	sun.nio.ch.SelectorImpl.select(SelectorImpl.java:97)
	org.apache.kafka.common.network.Selector.select(Selector.java:873)
	org.apache.kafka.common.network.Selector.poll(Selector.java:465)
	org.apache.kafka.clients.NetworkClient.poll(NetworkClient.java:551)
	org.apache.kafka.clients.admin.KafkaAdminClient$AdminClientRunnable.processRequests(KafkaAdminClient.java:1414)
	org.apache.kafka.clients.admin.KafkaAdminClient$AdminClientRunnable.run(KafkaAdminClient.java:1345)
	java.lang.Thread.run(Thread.java:748)

New Thead: kafka-admin-client-thread | adminclient-658 (RUNNABLE)
StackTrace: 
	sun.nio.ch.EPollArrayWrapper.epollWait(Native Method)
	sun.nio.ch.EPollArrayWrapper.poll(EPollArrayWrapper.java:269)
	sun.nio.ch.EPollSelectorImpl.doSelect(EPollSelectorImpl.java:93)
	sun.nio.ch.SelectorImpl.lockAndDoSelect(SelectorImpl.java:86)
	sun.nio.ch.SelectorImpl.select(SelectorImpl.java:97)
	org.apache.kafka.common.network.Selector.select(Selector.java:873)
	org.apache.kafka.common.network.Selector.poll(Selector.java:465)
	org.apache.kafka.clients.NetworkClient.poll(NetworkClient.java:551)
	org.apache.kafka.clients.admin.KafkaAdminClient$AdminClientRunnable.processRequests(KafkaAdminClient.java:1414)
	org.apache.kafka.clients.admin.KafkaAdminClient$AdminClientRunnable.run(KafkaAdminClient.java:1345)
	java.lang.Thread.run(Thread.java:748)
Expected: is <0>
     but: was <2>
	at io.confluent.ksql.test.rest.RestQueryTranslationTest.tearDown(RestQueryTranslationTest.java:143)

io.confluent.ksql.test.rest.RestQueryTranslationTest.shouldBuildAndExecuteQueries[pull-queries-complex-lambda - transform a map with array values]  Time elapsed: 31.902 s  <<< FAILURE!
java.lang.AssertionError: 
Active thead-count is on the up: is there new ExecutorService that's not being shutdown somewhere?
New Thead: kafka-admin-client-thread | adminclient-1112 (RUNNABLE)
StackTrace: 
	sun.nio.ch.EPollArrayWrapper.epollWait(Native Method)
	sun.nio.ch.EPollArrayWrapper.poll(EPollArrayWrapper.java:269)
	sun.nio.ch.EPollSelectorImpl.doSelect(EPollSelectorImpl.java:93)
	sun.nio.ch.SelectorImpl.lockAndDoSelect(SelectorImpl.java:86)
	sun.nio.ch.SelectorImpl.select(SelectorImpl.java:97)
	org.apache.kafka.common.network.Selector.select(Selector.java:873)
	org.apache.kafka.common.network.Selector.poll(Selector.java:465)
	org.apache.kafka.clients.NetworkClient.poll(NetworkClient.java:551)
	org.apache.kafka.clients.admin.KafkaAdminClient$AdminClientRunnable.processRequests(KafkaAdminClient.java:1414)
	org.apache.kafka.clients.admin.KafkaAdminClient$AdminClientRunnable.run(KafkaAdminClient.java:1345)
	java.lang.Thread.run(Thread.java:748)

New Thead: kafka-admin-client-thread | adminclient-658 (RUNNABLE)
StackTrace: 
	sun.nio.ch.EPollArrayWrapper.epollWait(Native Method)
	sun.nio.ch.EPollArrayWrapper.poll(EPollArrayWrapper.java:269)
	sun.nio.ch.EPollSelectorImpl.doSelect(EPollSelectorImpl.java:93)
	sun.nio.ch.SelectorImpl.lockAndDoSelect(SelectorImpl.java:86)
	sun.nio.ch.SelectorImpl.select(SelectorImpl.java:97)
	org.apache.kafka.common.network.Selector.select(Selector.java:873)
	org.apache.kafka.common.network.Selector.poll(Selector.java:465)
	org.apache.kafka.clients.NetworkClient.poll(NetworkClient.java:551)
	org.apache.kafka.clients.admin.KafkaAdminClient$AdminClientRunnable.processRequests(KafkaAdminClient.java:1414)
	org.apache.kafka.clients.admin.KafkaAdminClient$AdminClientRunnable.run(KafkaAdminClient.java:1345)
	java.lang.Thread.run(Thread.java:748)
Expected: is <0>
     but: was <2>
	at io.confluent.ksql.test.rest.RestQueryTranslationTest.tearDown(RestQueryTranslationTest.java:143)

io.confluent.ksql.test.rest.RestQueryTranslationTest.shouldBuildAndExecuteQueries[pull-queries-complex-lambda - complex lambda]  Time elapsed: 31.907 s  <<< FAILURE!
java.lang.AssertionError: 
Active thead-count is on the up: is there new ExecutorService that's not being shutdown somewhere?
New Thead: kafka-admin-client-thread | adminclient-1112 (RUNNABLE)
StackTrace: 
	sun.nio.ch.EPollArrayWrapper.epollWait(Native Method)
	sun.nio.ch.EPollArrayWrapper.poll(EPollArrayWrapper.java:269)
	sun.nio.ch.EPollSelectorImpl.doSelect(EPollSelectorImpl.java:93)
	sun.nio.ch.SelectorImpl.lockAndDoSelect(SelectorImpl.java:86)
	sun.nio.ch.SelectorImpl.select(SelectorImpl.java:97)
	org.apache.kafka.common.network.Selector.select(Selector.java:873)
	org.apache.kafka.common.network.Selector.poll(Selector.java:465)
	org.apache.kafka.clients.NetworkClient.poll(NetworkClient.java:551)
	org.apache.kafka.clients.admin.KafkaAdminClient$AdminClientRunnable.processRequests(KafkaAdminClient.java:1414)
	org.apache.kafka.clients.admin.KafkaAdminClient$AdminClientRunnable.run(KafkaAdminClient.java:1345)
	java.lang.Thread.run(Thread.java:748)

New Thead: kafka-admin-client-thread | adminclient-658 (RUNNABLE)
StackTrace: 
	sun.nio.ch.EPollArrayWrapper.epollWait(Native Method)
	sun.nio.ch.EPollArrayWrapper.poll(EPollArrayWrapper.java:269)
	sun.nio.ch.EPollSelectorImpl.doSelect(EPollSelectorImpl.java:93)
	sun.nio.ch.SelectorImpl.lockAndDoSelect(SelectorImpl.java:86)
	sun.nio.ch.SelectorImpl.select(SelectorImpl.java:97)
	org.apache.kafka.common.network.Selector.select(Selector.java:873)
	org.apache.kafka.common.network.Selector.poll(Selector.java:465)
	org.apache.kafka.clients.NetworkClient.poll(NetworkClient.java:551)
	org.apache.kafka.clients.admin.KafkaAdminClient$AdminClientRunnable.processRequests(KafkaAdminClient.java:1414)
	org.apache.kafka.clients.admin.KafkaAdminClient$AdminClientRunnable.run(KafkaAdminClient.java:1345)
	java.lang.Thread.run(Thread.java:748)
Expected: is <0>
     but: was <2>
	at io.confluent.ksql.test.rest.RestQueryTranslationTest.tearDown(RestQueryTranslationTest.java:143)

io.confluent.ksql.test.rest.RestQueryTranslationTest.shouldBuildAndExecuteQueries[pull-queries-complex-lambda - reduce an array of maps]  Time elapsed: 31.957 s  <<< FAILURE!
java.lang.AssertionError: 
Active thead-count is on the up: is there new ExecutorService that's not being shutdown somewhere?
New Thead: kafka-admin-client-thread | adminclient-1112 (RUNNABLE)
StackTrace: 
	sun.nio.ch.EPollArrayWrapper.epollWait(Native Method)
	sun.nio.ch.EPollArrayWrapper.poll(EPollArrayWrapper.java:269)
	sun.nio.ch.EPollSelectorImpl.doSelect(EPollSelectorImpl.java:93)
	sun.nio.ch.SelectorImpl.lockAndDoSelect(SelectorImpl.java:86)
	sun.nio.ch.SelectorImpl.select(SelectorImpl.java:97)
	org.apache.kafka.common.network.Selector.select(Selector.java:873)
	org.apache.kafka.common.network.Selector.poll(Selector.java:465)
	org.apache.kafka.clients.NetworkClient.poll(NetworkClient.java:551)
	org.apache.kafka.clients.admin.KafkaAdminClient$AdminClientRunnable.processRequests(KafkaAdminClient.java:1414)
	org.apache.kafka.clients.admin.KafkaAdminClient$AdminClientRunnable.run(KafkaAdminClient.java:1345)
	java.lang.Thread.run(Thread.java:748)

New Thead: kafka-admin-client-thread | adminclient-658 (RUNNABLE)
StackTrace: 
	sun.nio.ch.EPollArrayWrapper.epollWait(Native Method)
	sun.nio.ch.EPollArrayWrapper.poll(EPollArrayWrapper.java:269)
	sun.nio.ch.EPollSelectorImpl.doSelect(EPollSelectorImpl.java:93)
	sun.nio.ch.SelectorImpl.lockAndDoSelect(SelectorImpl.java:86)
	sun.nio.ch.SelectorImpl.select(SelectorImpl.java:97)
	org.apache.kafka.common.network.Selector.select(Selector.java:873)
	org.apache.kafka.common.network.Selector.poll(Selector.java:465)
	org.apache.kafka.clients.NetworkClient.poll(NetworkClient.java:551)
	org.apache.kafka.clients.admin.KafkaAdminClient$AdminClientRunnable.processRequests(KafkaAdminClient.java:1414)
	org.apache.kafka.clients.admin.KafkaAdminClient$AdminClientRunnable.run(KafkaAdminClient.java:1345)
	java.lang.Thread.run(Thread.java:748)
Expected: is <0>
     but: was <2>
	at io.confluent.ksql.test.rest.RestQueryTranslationTest.tearDown(RestQueryTranslationTest.java:143)

io.confluent.ksql.test.rest.RestQueryTranslationTest.shouldBuildAndExecuteQueries[pull-queries-complex-lambda - lambdas - compatible array elements]  Time elapsed: 31.71 s  <<< FAILURE!
java.lang.AssertionError: 
Active thead-count is on the up: is there new ExecutorService that's not being shutdown somewhere?
New Thead: kafka-admin-client-thread | adminclient-1112 (RUNNABLE)
StackTrace: 
	sun.nio.ch.EPollArrayWrapper.epollWait(Native Method)
	sun.nio.ch.EPollArrayWrapper.poll(EPollArrayWrapper.java:269)
	sun.nio.ch.EPollSelectorImpl.doSelect(EPollSelectorImpl.java:93)
	sun.nio.ch.SelectorImpl.lockAndDoSelect(SelectorImpl.java:86)
	sun.nio.ch.SelectorImpl.select(SelectorImpl.java:97)
	org.apache.kafka.common.network.Selector.select(Selector.java:873)
	org.apache.kafka.common.network.Selector.poll(Selector.java:465)
	org.apache.kafka.clients.NetworkClient.poll(NetworkClient.java:551)
	org.apache.kafka.clients.admin.KafkaAdminClient$AdminClientRunnable.processRequests(KafkaAdminClient.java:1414)
	org.apache.kafka.clients.admin.KafkaAdminClient$AdminClientRunnable.run(KafkaAdminClient.java:1345)
	java.lang.Thread.run(Thread.java:748)

New Thead: kafka-admin-client-thread | adminclient-658 (RUNNABLE)
StackTrace: 
	sun.nio.ch.EPollArrayWrapper.epollWait(Native Method)
	sun.nio.ch.EPollArrayWrapper.poll(EPollArrayWrapper.java:269)
	sun.nio.ch.EPollSelectorImpl.doSelect(EPollSelectorImpl.java:93)
	sun.nio.ch.SelectorImpl.lockAndDoSelect(SelectorImpl.java:86)
	sun.nio.ch.SelectorImpl.select(SelectorImpl.java:97)
	org.apache.kafka.common.network.Selector.select(Selector.java:873)
	org.apache.kafka.common.network.Selector.poll(Selector.java:465)
	org.apache.kafka.clients.NetworkClient.poll(NetworkClient.java:551)
	org.apache.kafka.clients.admin.KafkaAdminClient$AdminClientRunnable.processRequests(KafkaAdminClient.java:1414)
	org.apache.kafka.clients.admin.KafkaAdminClient$AdminClientRunnable.run(KafkaAdminClient.java:1345)
	java.lang.Thread.run(Thread.java:748)
Expected: is <0>
     but: was <2>
	at io.confluent.ksql.test.rest.RestQueryTranslationTest.tearDown(RestQueryTranslationTest.java:143)

io.confluent.ksql.test.rest.RestQueryTranslationTest.shouldBuildAndExecuteQueries[push-queries - only key column]  Time elapsed: 31.184 s  <<< FAILURE!
java.lang.AssertionError: 
Active thead-count is on the up: is there new ExecutorService that's not being shutdown somewhere?
New Thead: kafka-admin-client-thread | adminclient-1112 (RUNNABLE)
StackTrace: 
	sun.nio.ch.EPollArrayWrapper.epollWait(Native Method)
	sun.nio.ch.EPollArrayWrapper.poll(EPollArrayWrapper.java:269)
	sun.nio.ch.EPollSelectorImpl.doSelect(EPollSelectorImpl.java:93)
	sun.nio.ch.SelectorImpl.lockAndDoSelect(SelectorImpl.java:86)
	sun.nio.ch.SelectorImpl.select(SelectorImpl.java:97)
	org.apache.kafka.common.network.Selector.select(Selector.java:873)
	org.apache.kafka.common.network.Selector.poll(Selector.java:465)
	org.apache.kafka.clients.NetworkClient.poll(NetworkClient.java:551)
	org.apache.kafka.clients.admin.KafkaAdminClient$AdminClientRunnable.processRequests(KafkaAdminClient.java:1414)
	org.apache.kafka.clients.admin.KafkaAdminClient$AdminClientRunnable.run(KafkaAdminClient.java:1345)
	java.lang.Thread.run(Thread.java:748)

New Thead: kafka-admin-client-thread | adminclient-658 (RUNNABLE)
StackTrace: 
	sun.nio.ch.EPollArrayWrapper.epollWait(Native Method)
	sun.nio.ch.EPollArrayWrapper.poll(EPollArrayWrapper.java:269)
	sun.nio.ch.EPollSelectorImpl.doSelect(EPollSelectorImpl.java:93)
	sun.nio.ch.SelectorImpl.lockAndDoSelect(SelectorImpl.java:86)
	sun.nio.ch.SelectorImpl.select(SelectorImpl.java:97)
	org.apache.kafka.common.network.Selector.select(Selector.java:873)
	org.apache.kafka.common.network.Selector.poll(Selector.java:465)
	org.apache.kafka.clients.NetworkClient.poll(NetworkClient.java:551)
	org.apache.kafka.clients.admin.KafkaAdminClient$AdminClientRunnable.processRequests(KafkaAdminClient.java:1414)
	org.apache.kafka.clients.admin.KafkaAdminClient$AdminClientRunnable.run(KafkaAdminClient.java:1345)
	java.lang.Thread.run(Thread.java:748)
Expected: is <0>
     but: was <2>
	at io.confluent.ksql.test.rest.RestQueryTranslationTest.tearDown(RestQueryTranslationTest.java:143)

io.confluent.ksql.test.rest.RestQueryTranslationTest.shouldBuildAndExecuteQueries[push-queries - only value column]  Time elapsed: 31.209 s  <<< FAILURE!
java.lang.AssertionError: 
Active thead-count is on the up: is there new ExecutorService that's not being shutdown somewhere?
New Thead: kafka-admin-client-thread | adminclient-1112 (RUNNABLE)
StackTrace: 
	sun.nio.ch.EPollArrayWrapper.epollWait(Native Method)
	sun.nio.ch.EPollArrayWrapper.poll(EPollArrayWrapper.java:269)
	sun.nio.ch.EPollSelectorImpl.doSelect(EPollSelectorImpl.java:93)
	sun.nio.ch.SelectorImpl.lockAndDoSelect(SelectorImpl.java:86)
	sun.nio.ch.SelectorImpl.select(SelectorImpl.java:97)
	org.apache.kafka.common.network.Selector.select(Selector.java:873)
	org.apache.kafka.common.network.Selector.poll(Selector.java:465)
	org.apache.kafka.clients.NetworkClient.poll(NetworkClient.java:551)
	org.apache.kafka.clients.admin.KafkaAdminClient$AdminClientRunnable.processRequests(KafkaAdminClient.java:1414)
	org.apache.kafka.clients.admin.KafkaAdminClient$AdminClientRunnable.run(KafkaAdminClient.java:1345)
	java.lang.Thread.run(Thread.java:748)

New Thead: kafka-admin-client-thread | adminclient-658 (RUNNABLE)
StackTrace: 
	sun.nio.ch.EPollArrayWrapper.epollWait(Native Method)
	sun.nio.ch.EPollArrayWrapper.poll(EPollArrayWrapper.java:269)
	sun.nio.ch.EPollSelectorImpl.doSelect(EPollSelectorImpl.java:93)
	sun.nio.ch.SelectorImpl.lockAndDoSelect(SelectorImpl.java:86)
	sun.nio.ch.SelectorImpl.select(SelectorImpl.java:97)
	org.apache.kafka.common.network.Selector.select(Selector.java:873)
	org.apache.kafka.common.network.Selector.poll(Selector.java:465)
	org.apache.kafka.clients.NetworkClient.poll(NetworkClient.java:551)
	org.apache.kafka.clients.admin.KafkaAdminClient$AdminClientRunnable.processRequests(KafkaAdminClient.java:1414)
	org.apache.kafka.clients.admin.KafkaAdminClient$AdminClientRunnable.run(KafkaAdminClient.java:1345)
	java.lang.Thread.run(Thread.java:748)
Expected: is <0>
     but: was <2>
	at io.confluent.ksql.test.rest.RestQueryTranslationTest.tearDown(RestQueryTranslationTest.java:143)

io.confluent.ksql.test.rest.RestQueryTranslationTest.shouldBuildAndExecuteQueries[push-queries - only literal]  Time elapsed: 31.226 s  <<< FAILURE!
java.lang.AssertionError: 
Active thead-count is on the up: is there new ExecutorService that's not being shutdown somewhere?
New Thead: kafka-admin-client-thread | adminclient-1112 (RUNNABLE)
StackTrace: 
	sun.nio.ch.EPollArrayWrapper.epollWait(Native Method)
	sun.nio.ch.EPollArrayWrapper.poll(EPollArrayWrapper.java:269)
	sun.nio.ch.EPollSelectorImpl.doSelect(EPollSelectorImpl.java:93)
	sun.nio.ch.SelectorImpl.lockAndDoSelect(SelectorImpl.java:86)
	sun.nio.ch.SelectorImpl.select(SelectorImpl.java:97)
	org.apache.kafka.common.network.Selector.select(Selector.java:873)
	org.apache.kafka.common.network.Selector.poll(Selector.java:465)
	org.apache.kafka.clients.NetworkClient.poll(NetworkClient.java:551)
	org.apache.kafka.clients.admin.KafkaAdminClient$AdminClientRunnable.processRequests(KafkaAdminClient.java:1414)
	org.apache.kafka.clients.admin.KafkaAdminClient$AdminClientRunnable.run(KafkaAdminClient.java:1345)
	java.lang.Thread.run(Thread.java:748)

New Thead: kafka-admin-client-thread | adminclient-658 (RUNNABLE)
StackTrace: 
	sun.nio.ch.EPollArrayWrapper.epollWait(Native Method)
	sun.nio.ch.EPollArrayWrapper.poll(EPollArrayWrapper.java:269)
	sun.nio.ch.EPollSelectorImpl.doSelect(EPollSelectorImpl.java:93)
	sun.nio.ch.SelectorImpl.lockAndDoSelect(SelectorImpl.java:86)
	sun.nio.ch.SelectorImpl.select(SelectorImpl.java:97)
	org.apache.kafka.common.network.Selector.select(Selector.java:873)
	org.apache.kafka.common.network.Selector.poll(Selector.java:465)
	org.apache.kafka.clients.NetworkClient.poll(NetworkClient.java:551)
	org.apache.kafka.clients.admin.KafkaAdminClient$AdminClientRunnable.processRequests(KafkaAdminClient.java:1414)
	org.apache.kafka.clients.admin.KafkaAdminClient$AdminClientRunnable.run(KafkaAdminClient.java:1345)
	java.lang.Thread.run(Thread.java:748)
Expected: is <0>
     but: was <2>
	at io.confluent.ksql.test.rest.RestQueryTranslationTest.tearDown(RestQueryTranslationTest.java:143)

io.confluent.ksql.test.rest.RestQueryTranslationTest.shouldBuildAndExecuteQueries[push-queries - explicit ROWTIME]  Time elapsed: 31.352 s  <<< FAILURE!
java.lang.AssertionError: 
Active thead-count is on the up: is there new ExecutorService that's not being shutdown somewhere?
New Thead: kafka-admin-client-thread | adminclient-1112 (RUNNABLE)
StackTrace: 
	sun.nio.ch.EPollArrayWrapper.epollWait(Native Method)
	sun.nio.ch.EPollArrayWrapper.poll(EPollArrayWrapper.java:269)
	sun.nio.ch.EPollSelectorImpl.doSelect(EPollSelectorImpl.java:93)
	sun.nio.ch.SelectorImpl.lockAndDoSelect(SelectorImpl.java:86)
	sun.nio.ch.SelectorImpl.select(SelectorImpl.java:97)
	org.apache.kafka.common.network.Selector.select(Selector.java:873)
	org.apache.kafka.common.network.Selector.poll(Selector.java:465)
	org.apache.kafka.clients.NetworkClient.poll(NetworkClient.java:551)
	org.apache.kafka.clients.admin.KafkaAdminClient$AdminClientRunnable.processRequests(KafkaAdminClient.java:1414)
	org.apache.kafka.clients.admin.KafkaAdminClient$AdminClientRunnable.run(KafkaAdminClient.java:1345)
	java.lang.Thread.run(Thread.java:748)

New Thead: kafka-admin-client-thread | adminclient-658 (RUNNABLE)
StackTrace: 
	sun.nio.ch.EPollArrayWrapper.epollWait(Native Method)
	sun.nio.ch.EPollArrayWrapper.poll(EPollArrayWrapper.java:269)
	sun.nio.ch.EPollSelectorImpl.doSelect(EPollSelectorImpl.java:93)
	sun.nio.ch.SelectorImpl.lockAndDoSelect(SelectorImpl.java:86)
	sun.nio.ch.SelectorImpl.select(SelectorImpl.java:97)
	org.apache.kafka.common.network.Selector.select(Selector.java:873)
	org.apache.kafka.common.network.Selector.poll(Selector.java:465)
	org.apache.kafka.clients.NetworkClient.poll(NetworkClient.java:551)
	org.apache.kafka.clients.admin.KafkaAdminClient$AdminClientRunnable.processRequests(KafkaAdminClient.java:1414)
	org.apache.kafka.clients.admin.KafkaAdminClient$AdminClientRunnable.run(KafkaAdminClient.java:1345)
	java.lang.Thread.run(Thread.java:748)
Expected: is <0>
     but: was <2>
	at io.confluent.ksql.test.rest.RestQueryTranslationTest.tearDown(RestQueryTranslationTest.java:143)

io.confluent.ksql.test.rest.RestQueryTranslationTest.shouldBuildAndExecuteQueries[push-queries - non-windowed stream - STRING key]  Time elapsed: 31.324 s  <<< FAILURE!
java.lang.AssertionError: 
Active thead-count is on the up: is there new ExecutorService that's not being shutdown somewhere?
New Thead: kafka-admin-client-thread | adminclient-1112 (RUNNABLE)
StackTrace: 
	sun.nio.ch.EPollArrayWrapper.epollWait(Native Method)
	sun.nio.ch.EPollArrayWrapper.poll(EPollArrayWrapper.java:269)
	sun.nio.ch.EPollSelectorImpl.doSelect(EPollSelectorImpl.java:93)
	sun.nio.ch.SelectorImpl.lockAndDoSelect(SelectorImpl.java:86)
	sun.nio.ch.SelectorImpl.select(SelectorImpl.java:97)
	org.apache.kafka.common.network.Selector.select(Selector.java:873)
	org.apache.kafka.common.network.Selector.poll(Selector.java:465)
	org.apache.kafka.clients.NetworkClient.poll(NetworkClient.java:551)
	org.apache.kafka.clients.admin.KafkaAdminClient$AdminClientRunnable.processRequests(KafkaAdminClient.java:1414)
	org.apache.kafka.clients.admin.KafkaAdminClient$AdminClientRunnable.run(KafkaAdminClient.java:1345)
	java.lang.Thread.run(Thread.java:748)

New Thead: kafka-admin-client-thread | adminclient-658 (RUNNABLE)
StackTrace: 
	sun.nio.ch.EPollArrayWrapper.epollWait(Native Method)
	sun.nio.ch.EPollArrayWrapper.poll(EPollArrayWrapper.java:269)
	sun.nio.ch.EPollSelectorImpl.doSelect(EPollSelectorImpl.java:93)
	sun.nio.ch.SelectorImpl.lockAndDoSelect(SelectorImpl.java:86)
	sun.nio.ch.SelectorImpl.select(SelectorImpl.java:97)
	org.apache.kafka.common.network.Selector.select(Selector.java:873)
	org.apache.kafka.common.network.Selector.poll(Selector.java:465)
	org.apache.kafka.clients.NetworkClient.poll(NetworkClient.java:551)
	org.apache.kafka.clients.admin.KafkaAdminClient$AdminClientRunnable.processRequests(KafkaAdminClient.java:1414)
	org.apache.kafka.clients.admin.KafkaAdminClient$AdminClientRunnable.run(KafkaAdminClient.java:1345)
	java.lang.Thread.run(Thread.java:748)
Expected: is <0>
     but: was <2>
	at io.confluent.ksql.test.rest.RestQueryTranslationTest.tearDown(RestQueryTranslationTest.java:143)

io.confluent.ksql.test.rest.RestQueryTranslationTest.shouldBuildAndExecuteQueries[push-queries - non-windowed stream - INT key]  Time elapsed: 31.247 s  <<< FAILURE!
java.lang.AssertionError: 
Active thead-count is on the up: is there new ExecutorService that's not being shutdown somewhere?
New Thead: kafka-admin-client-thread | adminclient-1112 (RUNNABLE)
StackTrace: 
	sun.nio.ch.EPollArrayWrapper.epollWait(Native Method)
	sun.nio.ch.EPollArrayWrapper.poll(EPollArrayWrapper.java:269)
	sun.nio.ch.EPollSelectorImpl.doSelect(EPollSelectorImpl.java:93)
	sun.nio.ch.SelectorImpl.lockAndDoSelect(SelectorImpl.java:86)
	sun.nio.ch.SelectorImpl.select(SelectorImpl.java:97)
	org.apache.kafka.common.network.Selector.select(Selector.java:873)
	org.apache.kafka.common.network.Selector.poll(Selector.java:465)
	org.apache.kafka.clients.NetworkClient.poll(NetworkClient.java:551)
	org.apache.kafka.clients.admin.KafkaAdminClient$AdminClientRunnable.processRequests(KafkaAdminClient.java:1414)
	org.apache.kafka.clients.admin.KafkaAdminClient$AdminClientRunnable.run(KafkaAdminClient.java:1345)
	java.lang.Thread.run(Thread.java:748)

New Thead: kafka-admin-client-thread | adminclient-658 (RUNNABLE)
StackTrace: 
	sun.nio.ch.EPollArrayWrapper.epollWait(Native Method)
	sun.nio.ch.EPollArrayWrapper.poll(EPollArrayWrapper.java:269)
	sun.nio.ch.EPollSelectorImpl.doSelect(EPollSelectorImpl.java:93)
	sun.nio.ch.SelectorImpl.lockAndDoSelect(SelectorImpl.java:86)
	sun.nio.ch.SelectorImpl.select(SelectorImpl.java:97)
	org.apache.kafka.common.network.Selector.select(Selector.java:873)
	org.apache.kafka.common.network.Selector.poll(Selector.java:465)
	org.apache.kafka.clients.NetworkClient.poll(NetworkClient.java:551)
	org.apache.kafka.clients.admin.KafkaAdminClient$AdminClientRunnable.processRequests(KafkaAdminClient.java:1414)
	org.apache.kafka.clients.admin.KafkaAdminClient$AdminClientRunnable.run(KafkaAdminClient.java:1345)
	java.lang.Thread.run(Thread.java:748)
Expected: is <0>
     but: was <2>
	at io.confluent.ksql.test.rest.RestQueryTranslationTest.tearDown(RestQueryTranslationTest.java:143)

io.confluent.ksql.test.rest.RestQueryTranslationTest.shouldBuildAndExecuteQueries[push-queries - non-windowed stream - BIGINT key]  Time elapsed: 31.31 s  <<< FAILURE!
java.lang.AssertionError: 
Active thead-count is on the up: is there new ExecutorService that's not being shutdown somewhere?
New Thead: kafka-admin-client-thread | adminclient-1112 (RUNNABLE)
StackTrace: 
	sun.nio.ch.EPollArrayWrapper.epollWait(Native Method)
	sun.nio.ch.EPollArrayWrapper.poll(EPollArrayWrapper.java:269)
	sun.nio.ch.EPollSelectorImpl.doSelect(EPollSelectorImpl.java:93)
	sun.nio.ch.SelectorImpl.lockAndDoSelect(SelectorImpl.java:86)
	sun.nio.ch.SelectorImpl.select(SelectorImpl.java:97)
	org.apache.kafka.common.network.Selector.select(Selector.java:873)
	org.apache.kafka.common.network.Selector.poll(Selector.java:465)
	org.apache.kafka.clients.NetworkClient.poll(NetworkClient.java:551)
	org.apache.kafka.clients.admin.KafkaAdminClient$AdminClientRunnable.processRequests(KafkaAdminClient.java:1414)
	org.apache.kafka.clients.admin.KafkaAdminClient$AdminClientRunnable.run(KafkaAdminClient.java:1345)
	java.lang.Thread.run(Thread.java:748)

New Thead: kafka-admin-client-thread | adminclient-658 (RUNNABLE)
StackTrace: 
	sun.nio.ch.EPollArrayWrapper.epollWait(Native Method)
	sun.nio.ch.EPollArrayWrapper.poll(EPollArrayWrapper.java:269)
	sun.nio.ch.EPollSelectorImpl.doSelect(EPollSelectorImpl.java:93)
	sun.nio.ch.SelectorImpl.lockAndDoSelect(SelectorImpl.java:86)
	sun.nio.ch.SelectorImpl.select(SelectorImpl.java:97)
	org.apache.kafka.common.network.Selector.select(Selector.java:873)
	org.apache.kafka.common.network.Selector.poll(Selector.java:465)
	org.apache.kafka.clients.NetworkClient.poll(NetworkClient.java:551)
	org.apache.kafka.clients.admin.KafkaAdminClient$AdminClientRunnable.processRequests(KafkaAdminClient.java:1414)
	org.apache.kafka.clients.admin.KafkaAdminClient$AdminClientRunnable.run(KafkaAdminClient.java:1345)
	java.lang.Thread.run(Thread.java:748)
Expected: is <0>
     but: was <2>
	at io.confluent.ksql.test.rest.RestQueryTranslationTest.tearDown(RestQueryTranslationTest.java:143)

io.confluent.ksql.test.rest.RestQueryTranslationTest.shouldBuildAndExecuteQueries[push-queries - non-windowed stream - DOUBLE key]  Time elapsed: 31.412 s  <<< FAILURE!
java.lang.AssertionError: 
Active thead-count is on the up: is there new ExecutorService that's not being shutdown somewhere?
New Thead: kafka-admin-client-thread | adminclient-1112 (RUNNABLE)
StackTrace: 
	sun.nio.ch.EPollArrayWrapper.epollWait(Native Method)
	sun.nio.ch.EPollArrayWrapper.poll(EPollArrayWrapper.java:269)
	sun.nio.ch.EPollSelectorImpl.doSelect(EPollSelectorImpl.java:93)
	sun.nio.ch.SelectorImpl.lockAndDoSelect(SelectorImpl.java:86)
	sun.nio.ch.SelectorImpl.select(SelectorImpl.java:97)
	org.apache.kafka.common.network.Selector.select(Selector.java:873)
	org.apache.kafka.common.network.Selector.poll(Selector.java:465)
	org.apache.kafka.clients.NetworkClient.poll(NetworkClient.java:551)
	org.apache.kafka.clients.admin.KafkaAdminClient$AdminClientRunnable.processRequests(KafkaAdminClient.java:1414)
	org.apache.kafka.clients.admin.KafkaAdminClient$AdminClientRunnable.run(KafkaAdminClient.java:1345)
	java.lang.Thread.run(Thread.java:748)

New Thead: kafka-admin-client-thread | adminclient-658 (RUNNABLE)
StackTrace: 
	sun.nio.ch.EPollArrayWrapper.epollWait(Native Method)
	sun.nio.ch.EPollArrayWrapper.poll(EPollArrayWrapper.java:269)
	sun.nio.ch.EPollSelectorImpl.doSelect(EPollSelectorImpl.java:93)
	sun.nio.ch.SelectorImpl.lockAndDoSelect(SelectorImpl.java:86)
	sun.nio.ch.SelectorImpl.select(SelectorImpl.java:97)
	org.apache.kafka.common.network.Selector.select(Selector.java:873)
	org.apache.kafka.common.network.Selector.poll(Selector.java:465)
	org.apache.kafka.clients.NetworkClient.poll(NetworkClient.java:551)
	org.apache.kafka.clients.admin.KafkaAdminClient$AdminClientRunnable.processRequests(KafkaAdminClient.java:1414)
	org.apache.kafka.clients.admin.KafkaAdminClient$AdminClientRunnable.run(KafkaAdminClient.java:1345)
	java.lang.Thread.run(Thread.java:748)
Expected: is <0>
     but: was <2>
	at io.confluent.ksql.test.rest.RestQueryTranslationTest.tearDown(RestQueryTranslationTest.java:143)

io.confluent.ksql.test.rest.RestQueryTranslationTest.shouldBuildAndExecuteQueries[push-queries - windowed table - STRING key]  Time elapsed: 32.008 s  <<< FAILURE!
java.lang.AssertionError: 
Active thead-count is on the up: is there new ExecutorService that's not being shutdown somewhere?
New Thead: kafka-admin-client-thread | adminclient-1112 (RUNNABLE)
StackTrace: 
	sun.nio.ch.EPollArrayWrapper.epollWait(Native Method)
	sun.nio.ch.EPollArrayWrapper.poll(EPollArrayWrapper.java:269)
	sun.nio.ch.EPollSelectorImpl.doSelect(EPollSelectorImpl.java:93)
	sun.nio.ch.SelectorImpl.lockAndDoSelect(SelectorImpl.java:86)
	sun.nio.ch.SelectorImpl.select(SelectorImpl.java:97)
	org.apache.kafka.common.network.Selector.select(Selector.java:873)
	org.apache.kafka.common.network.Selector.poll(Selector.java:465)
	org.apache.kafka.clients.NetworkClient.poll(NetworkClient.java:551)
	org.apache.kafka.clients.admin.KafkaAdminClient$AdminClientRunnable.processRequests(KafkaAdminClient.java:1414)
	org.apache.kafka.clients.admin.KafkaAdminClient$AdminClientRunnable.run(KafkaAdminClient.java:1345)
	java.lang.Thread.run(Thread.java:748)

New Thead: kafka-admin-client-thread | adminclient-658 (RUNNABLE)
StackTrace: 
	sun.nio.ch.EPollArrayWrapper.epollWait(Native Method)
	sun.nio.ch.EPollArrayWrapper.poll(EPollArrayWrapper.java:269)
	sun.nio.ch.EPollSelectorImpl.doSelect(EPollSelectorImpl.java:93)
	sun.nio.ch.SelectorImpl.lockAndDoSelect(SelectorImpl.java:86)
	sun.nio.ch.SelectorImpl.select(SelectorImpl.java:97)
	org.apache.kafka.common.network.Selector.select(Selector.java:873)
	org.apache.kafka.common.network.Selector.poll(Selector.java:465)
	org.apache.kafka.clients.NetworkClient.poll(NetworkClient.java:551)
	org.apache.kafka.clients.admin.KafkaAdminClient$AdminClientRunnable.processRequests(KafkaAdminClient.java:1414)
	org.apache.kafka.clients.admin.KafkaAdminClient$AdminClientRunnable.run(KafkaAdminClient.java:1345)
	java.lang.Thread.run(Thread.java:748)
Expected: is <0>
     but: was <2>
	at io.confluent.ksql.test.rest.RestQueryTranslationTest.tearDown(RestQueryTranslationTest.java:143)

io.confluent.ksql.test.rest.RestQueryTranslationTest.shouldBuildAndExecuteQueries[push-queries - windowed table - INT key]  Time elapsed: 32.349 s  <<< FAILURE!
java.lang.AssertionError: 
Active thead-count is on the up: is there new ExecutorService that's not being shutdown somewhere?
New Thead: kafka-admin-client-thread | adminclient-1112 (RUNNABLE)
StackTrace: 
	sun.nio.ch.EPollArrayWrapper.epollWait(Native Method)
	sun.nio.ch.EPollArrayWrapper.poll(EPollArrayWrapper.java:269)
	sun.nio.ch.EPollSelectorImpl.doSelect(EPollSelectorImpl.java:93)
	sun.nio.ch.SelectorImpl.lockAndDoSelect(SelectorImpl.java:86)
	sun.nio.ch.SelectorImpl.select(SelectorImpl.java:97)
	org.apache.kafka.common.network.Selector.select(Selector.java:873)
	org.apache.kafka.common.network.Selector.poll(Selector.java:465)
	org.apache.kafka.clients.NetworkClient.poll(NetworkClient.java:551)
	org.apache.kafka.clients.admin.KafkaAdminClient$AdminClientRunnable.processRequests(KafkaAdminClient.java:1414)
	org.apache.kafka.clients.admin.KafkaAdminClient$AdminClientRunnable.run(KafkaAdminClient.java:1345)
	java.lang.Thread.run(Thread.java:748)

New Thead: kafka-admin-client-thread | adminclient-658 (RUNNABLE)
StackTrace: 
	sun.nio.ch.EPollArrayWrapper.epollWait(Native Method)
	sun.nio.ch.EPollArrayWrapper.poll(EPollArrayWrapper.java:269)
	sun.nio.ch.EPollSelectorImpl.doSelect(EPollSelectorImpl.java:93)
	sun.nio.ch.SelectorImpl.lockAndDoSelect(SelectorImpl.java:86)
	sun.nio.ch.SelectorImpl.select(SelectorImpl.java:97)
	org.apache.kafka.common.network.Selector.select(Selector.java:873)
	org.apache.kafka.common.network.Selector.poll(Selector.java:465)
	org.apache.kafka.clients.NetworkClient.poll(NetworkClient.java:551)
	org.apache.kafka.clients.admin.KafkaAdminClient$AdminClientRunnable.processRequests(KafkaAdminClient.java:1414)
	org.apache.kafka.clients.admin.KafkaAdminClient$AdminClientRunnable.run(KafkaAdminClient.java:1345)
	java.lang.Thread.run(Thread.java:748)
Expected: is <0>
     but: was <2>
	at io.confluent.ksql.test.rest.RestQueryTranslationTest.tearDown(RestQueryTranslationTest.java:143)

io.confluent.ksql.test.rest.RestQueryTranslationTest.shouldBuildAndExecuteQueries[push-queries - windowed table - BIGINT key]  Time elapsed: 32.108 s  <<< FAILURE!
java.lang.AssertionError: 
Active thead-count is on the up: is there new ExecutorService that's not being shutdown somewhere?
New Thead: kafka-admin-client-thread | adminclient-1112 (RUNNABLE)
StackTrace: 
	sun.nio.ch.EPollArrayWrapper.epollWait(Native Method)
	sun.nio.ch.EPollArrayWrapper.poll(EPollArrayWrapper.java:269)
	sun.nio.ch.EPollSelectorImpl.doSelect(EPollSelectorImpl.java:93)
	sun.nio.ch.SelectorImpl.lockAndDoSelect(SelectorImpl.java:86)
	sun.nio.ch.SelectorImpl.select(SelectorImpl.java:97)
	org.apache.kafka.common.network.Selector.select(Selector.java:873)
	org.apache.kafka.common.network.Selector.poll(Selector.java:465)
	org.apache.kafka.clients.NetworkClient.poll(NetworkClient.java:551)
	org.apache.kafka.clients.admin.KafkaAdminClient$AdminClientRunnable.processRequests(KafkaAdminClient.java:1414)
	org.apache.kafka.clients.admin.KafkaAdminClient$AdminClientRunnable.run(KafkaAdminClient.java:1345)
	java.lang.Thread.run(Thread.java:748)

New Thead: kafka-admin-client-thread | adminclient-658 (RUNNABLE)
StackTrace: 
	sun.nio.ch.EPollArrayWrapper.epollWait(Native Method)
	sun.nio.ch.EPollArrayWrapper.poll(EPollArrayWrapper.java:269)
	sun.nio.ch.EPollSelectorImpl.doSelect(EPollSelectorImpl.java:93)
	sun.nio.ch.SelectorImpl.lockAndDoSelect(SelectorImpl.java:86)
	sun.nio.ch.SelectorImpl.select(SelectorImpl.java:97)
	org.apache.kafka.common.network.Selector.select(Selector.java:873)
	org.apache.kafka.common.network.Selector.poll(Selector.java:465)
	org.apache.kafka.clients.NetworkClient.poll(NetworkClient.java:551)
	org.apache.kafka.clients.admin.KafkaAdminClient$AdminClientRunnable.processRequests(KafkaAdminClient.java:1414)
	org.apache.kafka.clients.admin.KafkaAdminClient$AdminClientRunnable.run(KafkaAdminClient.java:1345)
	java.lang.Thread.run(Thread.java:748)
Expected: is <0>
     but: was <2>
	at io.confluent.ksql.test.rest.RestQueryTranslationTest.tearDown(RestQueryTranslationTest.java:143)

io.confluent.ksql.test.rest.RestQueryTranslationTest.shouldBuildAndExecuteQueries[push-queries - windowed table - DOUBLE key]  Time elapsed: 32.068 s  <<< FAILURE!
java.lang.AssertionError: 
Active thead-count is on the up: is there new ExecutorService that's not being shutdown somewhere?
New Thead: kafka-admin-client-thread | adminclient-1112 (RUNNABLE)
StackTrace: 
	sun.nio.ch.EPollArrayWrapper.epollWait(Native Method)
	sun.nio.ch.EPollArrayWrapper.poll(EPollArrayWrapper.java:269)
	sun.nio.ch.EPollSelectorImpl.doSelect(EPollSelectorImpl.java:93)
	sun.nio.ch.SelectorImpl.lockAndDoSelect(SelectorImpl.java:86)
	sun.nio.ch.SelectorImpl.select(SelectorImpl.java:97)
	org.apache.kafka.common.network.Selector.select(Selector.java:873)
	org.apache.kafka.common.network.Selector.poll(Selector.java:465)
	org.apache.kafka.clients.NetworkClient.poll(NetworkClient.java:551)
	org.apache.kafka.clients.admin.KafkaAdminClient$AdminClientRunnable.processRequests(KafkaAdminClient.java:1414)
	org.apache.kafka.clients.admin.KafkaAdminClient$AdminClientRunnable.run(KafkaAdminClient.java:1345)
	java.lang.Thread.run(Thread.java:748)

New Thead: kafka-admin-client-thread | adminclient-658 (RUNNABLE)
StackTrace: 
	sun.nio.ch.EPollArrayWrapper.epollWait(Native Method)
	sun.nio.ch.EPollArrayWrapper.poll(EPollArrayWrapper.java:269)
	sun.nio.ch.EPollSelectorImpl.doSelect(EPollSelectorImpl.java:93)
	sun.nio.ch.SelectorImpl.lockAndDoSelect(SelectorImpl.java:86)
	sun.nio.ch.SelectorImpl.select(SelectorImpl.java:97)
	org.apache.kafka.common.network.Selector.select(Selector.java:873)
	org.apache.kafka.common.network.Selector.poll(Selector.java:465)
	org.apache.kafka.clients.NetworkClient.poll(NetworkClient.java:551)
	org.apache.kafka.clients.admin.KafkaAdminClient$AdminClientRunnable.processRequests(KafkaAdminClient.java:1414)
	org.apache.kafka.clients.admin.KafkaAdminClient$AdminClientRunnable.run(KafkaAdminClient.java:1345)
	java.lang.Thread.run(Thread.java:748)
Expected: is <0>
     but: was <2>
	at io.confluent.ksql.test.rest.RestQueryTranslationTest.tearDown(RestQueryTranslationTest.java:143)

io.confluent.ksql.test.rest.RestQueryTranslationTest.shouldBuildAndExecuteQueries[push-queries - join with ROWTIME]  Time elapsed: 31.761 s  <<< FAILURE!
java.lang.AssertionError: 
Active thead-count is on the up: is there new ExecutorService that's not being shutdown somewhere?
New Thead: kafka-admin-client-thread | adminclient-1112 (RUNNABLE)
StackTrace: 
	sun.nio.ch.EPollArrayWrapper.epollWait(Native Method)
	sun.nio.ch.EPollArrayWrapper.poll(EPollArrayWrapper.java:269)
	sun.nio.ch.EPollSelectorImpl.doSelect(EPollSelectorImpl.java:93)
	sun.nio.ch.SelectorImpl.lockAndDoSelect(SelectorImpl.java:86)
	sun.nio.ch.SelectorImpl.select(SelectorImpl.java:97)
	org.apache.kafka.common.network.Selector.select(Selector.java:873)
	org.apache.kafka.common.network.Selector.poll(Selector.java:465)
	org.apache.kafka.clients.NetworkClient.poll(NetworkClient.java:551)
	org.apache.kafka.clients.admin.KafkaAdminClient$AdminClientRunnable.processRequests(KafkaAdminClient.java:1414)
	org.apache.kafka.clients.admin.KafkaAdminClient$AdminClientRunnable.run(KafkaAdminClient.java:1345)
	java.lang.Thread.run(Thread.java:748)

New Thead: kafka-admin-client-thread | adminclient-658 (RUNNABLE)
StackTrace: 
	sun.nio.ch.EPollArrayWrapper.epollWait(Native Method)
	sun.nio.ch.EPollArrayWrapper.poll(EPollArrayWrapper.java:269)
	sun.nio.ch.EPollSelectorImpl.doSelect(EPollSelectorImpl.java:93)
	sun.nio.ch.SelectorImpl.lockAndDoSelect(SelectorImpl.java:86)
	sun.nio.ch.SelectorImpl.select(SelectorImpl.java:97)
	org.apache.kafka.common.network.Selector.select(Selector.java:873)
	org.apache.kafka.common.network.Selector.poll(Selector.java:465)
	org.apache.kafka.clients.NetworkClient.poll(NetworkClient.java:551)
	org.apache.kafka.clients.admin.KafkaAdminClient$AdminClientRunnable.processRequests(KafkaAdminClient.java:1414)
	org.apache.kafka.clients.admin.KafkaAdminClient$AdminClientRunnable.run(KafkaAdminClient.java:1345)
	java.lang.Thread.run(Thread.java:748)
Expected: is <0>
     but: was <2>
	at io.confluent.ksql.test.rest.RestQueryTranslationTest.tearDown(RestQueryTranslationTest.java:143)

io.confluent.ksql.test.rest.RestQueryTranslationTest.shouldBuildAndExecuteQueries[push-queries - join on STRING key]  Time elapsed: 31.804 s  <<< FAILURE!
java.lang.AssertionError: 
Active thead-count is on the up: is there new ExecutorService that's not being shutdown somewhere?
New Thead: kafka-admin-client-thread | adminclient-1112 (RUNNABLE)
StackTrace: 
	sun.nio.ch.EPollArrayWrapper.epollWait(Native Method)
	sun.nio.ch.EPollArrayWrapper.poll(EPollArrayWrapper.java:269)
	sun.nio.ch.EPollSelectorImpl.doSelect(EPollSelectorImpl.java:93)
	sun.nio.ch.SelectorImpl.lockAndDoSelect(SelectorImpl.java:86)
	sun.nio.ch.SelectorImpl.select(SelectorImpl.java:97)
	org.apache.kafka.common.network.Selector.select(Selector.java:873)
	org.apache.kafka.common.network.Selector.poll(Selector.java:465)
	org.apache.kafka.clients.NetworkClient.poll(NetworkClient.java:551)
	org.apache.kafka.clients.admin.KafkaAdminClient$AdminClientRunnable.processRequests(KafkaAdminClient.java:1414)
	org.apache.kafka.clients.admin.KafkaAdminClient$AdminClientRunnable.run(KafkaAdminClient.java:1345)
	java.lang.Thread.run(Thread.java:748)

New Thead: kafka-admin-client-thread | adminclient-658 (RUNNABLE)
StackTrace: 
	sun.nio.ch.EPollArrayWrapper.epollWait(Native Method)
	sun.nio.ch.EPollArrayWrapper.poll(EPollArrayWrapper.java:269)
	sun.nio.ch.EPollSelectorImpl.doSelect(EPollSelectorImpl.java:93)
	sun.nio.ch.SelectorImpl.lockAndDoSelect(SelectorImpl.java:86)
	sun.nio.ch.SelectorImpl.select(SelectorImpl.java:97)
	org.apache.kafka.common.network.Selector.select(Selector.java:873)
	org.apache.kafka.common.network.Selector.poll(Selector.java:465)
	org.apache.kafka.clients.NetworkClient.poll(NetworkClient.java:551)
	org.apache.kafka.clients.admin.KafkaAdminClient$AdminClientRunnable.processRequests(KafkaAdminClient.java:1414)
	org.apache.kafka.clients.admin.KafkaAdminClient$AdminClientRunnable.run(KafkaAdminClient.java:1345)
	java.lang.Thread.run(Thread.java:748)
Expected: is <0>
     but: was <2>
	at io.confluent.ksql.test.rest.RestQueryTranslationTest.tearDown(RestQueryTranslationTest.java:143)

io.confluent.ksql.test.rest.RestQueryTranslationTest.shouldBuildAndExecuteQueries[push-queries - join on non-STRING key]  Time elapsed: 31.876 s  <<< FAILURE!
java.lang.AssertionError: 
Active thead-count is on the up: is there new ExecutorService that's not being shutdown somewhere?
New Thead: kafka-admin-client-thread | adminclient-1112 (RUNNABLE)
StackTrace: 
	sun.nio.ch.EPollArrayWrapper.epollWait(Native Method)
	sun.nio.ch.EPollArrayWrapper.poll(EPollArrayWrapper.java:269)
	sun.nio.ch.EPollSelectorImpl.doSelect(EPollSelectorImpl.java:93)
	sun.nio.ch.SelectorImpl.lockAndDoSelect(SelectorImpl.java:86)
	sun.nio.ch.SelectorImpl.select(SelectorImpl.java:97)
	org.apache.kafka.common.network.Selector.select(Selector.java:873)
	org.apache.kafka.common.network.Selector.poll(Selector.java:465)
	org.apache.kafka.clients.NetworkClient.poll(NetworkClient.java:551)
	org.apache.kafka.clients.admin.KafkaAdminClient$AdminClientRunnable.processRequests(KafkaAdminClient.java:1414)
	org.apache.kafka.clients.admin.KafkaAdminClient$AdminClientRunnable.run(KafkaAdminClient.java:1345)
	java.lang.Thread.run(Thread.java:748)

New Thead: kafka-admin-client-thread | adminclient-658 (RUNNABLE)
StackTrace: 
	sun.nio.ch.EPollArrayWrapper.epollWait(Native Method)
	sun.nio.ch.EPollArrayWrapper.poll(EPollArrayWrapper.java:269)
	sun.nio.ch.EPollSelectorImpl.doSelect(EPollSelectorImpl.java:93)
	sun.nio.ch.SelectorImpl.lockAndDoSelect(SelectorImpl.java:86)
	sun.nio.ch.SelectorImpl.select(SelectorImpl.java:97)
	org.apache.kafka.common.network.Selector.select(Selector.java:873)
	org.apache.kafka.common.network.Selector.poll(Selector.java:465)
	org.apache.kafka.clients.NetworkClient.poll(NetworkClient.java:551)
	org.apache.kafka.clients.admin.KafkaAdminClient$AdminClientRunnable.processRequests(KafkaAdminClient.java:1414)
	org.apache.kafka.clients.admin.KafkaAdminClient$AdminClientRunnable.run(KafkaAdminClient.java:1345)
	java.lang.Thread.run(Thread.java:748)
Expected: is <0>
     but: was <2>
	at io.confluent.ksql.test.rest.RestQueryTranslationTest.tearDown(RestQueryTranslationTest.java:143)

io.confluent.ksql.test.rest.RestQueryTranslationTest.shouldBuildAndExecuteQueries[push-queries - imported windowed stream - BIGINT KEY]  Time elapsed: 31.189 s  <<< FAILURE!
java.lang.AssertionError: 
Active thead-count is on the up: is there new ExecutorService that's not being shutdown somewhere?
New Thead: kafka-admin-client-thread | adminclient-1112 (RUNNABLE)
StackTrace: 
	sun.nio.ch.EPollArrayWrapper.epollWait(Native Method)
	sun.nio.ch.EPollArrayWrapper.poll(EPollArrayWrapper.java:269)
	sun.nio.ch.EPollSelectorImpl.doSelect(EPollSelectorImpl.java:93)
	sun.nio.ch.SelectorImpl.lockAndDoSelect(SelectorImpl.java:86)
	sun.nio.ch.SelectorImpl.select(SelectorImpl.java:97)
	org.apache.kafka.common.network.Selector.select(Selector.java:873)
	org.apache.kafka.common.network.Selector.poll(Selector.java:465)
	org.apache.kafka.clients.NetworkClient.poll(NetworkClient.java:551)
	org.apache.kafka.clients.admin.KafkaAdminClient$AdminClientRunnable.processRequests(KafkaAdminClient.java:1414)
	org.apache.kafka.clients.admin.KafkaAdminClient$AdminClientRunnable.run(KafkaAdminClient.java:1345)
	java.lang.Thread.run(Thread.java:748)

New Thead: kafka-admin-client-thread | adminclient-658 (RUNNABLE)
StackTrace: 
	sun.nio.ch.EPollArrayWrapper.epollWait(Native Method)
	sun.nio.ch.EPollArrayWrapper.poll(EPollArrayWrapper.java:269)
	sun.nio.ch.EPollSelectorImpl.doSelect(EPollSelectorImpl.java:93)
	sun.nio.ch.SelectorImpl.lockAndDoSelect(SelectorImpl.java:86)
	sun.nio.ch.SelectorImpl.select(SelectorImpl.java:97)
	org.apache.kafka.common.network.Selector.select(Selector.java:873)
	org.apache.kafka.common.network.Selector.poll(Selector.java:465)
	org.apache.kafka.clients.NetworkClient.poll(NetworkClient.java:551)
	org.apache.kafka.clients.admin.KafkaAdminClient$AdminClientRunnable.processRequests(KafkaAdminClient.java:1414)
	org.apache.kafka.clients.admin.KafkaAdminClient$AdminClientRunnable.run(KafkaAdminClient.java:1345)
	java.lang.Thread.run(Thread.java:748)
Expected: is <0>
     but: was <2>
	at io.confluent.ksql.test.rest.RestQueryTranslationTest.tearDown(RestQueryTranslationTest.java:143)

io.confluent.ksql.test.rest.RestQueryTranslationTest.shouldBuildAndExecuteQueries[push-queries - imported windowed table - DOUBLE KEY]  Time elapsed: 31.264 s  <<< FAILURE!
java.lang.AssertionError: 
Active thead-count is on the up: is there new ExecutorService that's not being shutdown somewhere?
New Thead: kafka-admin-client-thread | adminclient-1112 (RUNNABLE)
StackTrace: 
	sun.nio.ch.EPollArrayWrapper.epollWait(Native Method)
	sun.nio.ch.EPollArrayWrapper.poll(EPollArrayWrapper.java:269)
	sun.nio.ch.EPollSelectorImpl.doSelect(EPollSelectorImpl.java:93)
	sun.nio.ch.SelectorImpl.lockAndDoSelect(SelectorImpl.java:86)
	sun.nio.ch.SelectorImpl.select(SelectorImpl.java:97)
	org.apache.kafka.common.network.Selector.select(Selector.java:873)
	org.apache.kafka.common.network.Selector.poll(Selector.java:465)
	org.apache.kafka.clients.NetworkClient.poll(NetworkClient.java:551)
	org.apache.kafka.clients.admin.KafkaAdminClient$AdminClientRunnable.processRequests(KafkaAdminClient.java:1414)
	org.apache.kafka.clients.admin.KafkaAdminClient$AdminClientRunnable.run(KafkaAdminClient.java:1345)
	java.lang.Thread.run(Thread.java:748)

New Thead: kafka-admin-client-thread | adminclient-658 (RUNNABLE)
StackTrace: 
	sun.nio.ch.EPollArrayWrapper.epollWait(Native Method)
	sun.nio.ch.EPollArrayWrapper.poll(EPollArrayWrapper.java:269)
	sun.nio.ch.EPollSelectorImpl.doSelect(EPollSelectorImpl.java:93)
	sun.nio.ch.SelectorImpl.lockAndDoSelect(SelectorImpl.java:86)
	sun.nio.ch.SelectorImpl.select(SelectorImpl.java:97)
	org.apache.kafka.common.network.Selector.select(Selector.java:873)
	org.apache.kafka.common.network.Selector.poll(Selector.java:465)
	org.apache.kafka.clients.NetworkClient.poll(NetworkClient.java:551)
	org.apache.kafka.clients.admin.KafkaAdminClient$AdminClientRunnable.processRequests(KafkaAdminClient.java:1414)
	org.apache.kafka.clients.admin.KafkaAdminClient$AdminClientRunnable.run(KafkaAdminClient.java:1345)
	java.lang.Thread.run(Thread.java:748)
Expected: is <0>
     but: was <2>
	at io.confluent.ksql.test.rest.RestQueryTranslationTest.tearDown(RestQueryTranslationTest.java:143)

io.confluent.ksql.test.rest.RestQueryTranslationTest.shouldBuildAndExecuteQueries[push-queries - windowed table - access window bounds in select]  Time elapsed: 32.128 s  <<< FAILURE!
java.lang.AssertionError: 
Active thead-count is on the up: is there new ExecutorService that's not being shutdown somewhere?
New Thead: kafka-admin-client-thread | adminclient-1112 (RUNNABLE)
StackTrace: 
	sun.nio.ch.EPollArrayWrapper.epollWait(Native Method)
	sun.nio.ch.EPollArrayWrapper.poll(EPollArrayWrapper.java:269)
	sun.nio.ch.EPollSelectorImpl.doSelect(EPollSelectorImpl.java:93)
	sun.nio.ch.SelectorImpl.lockAndDoSelect(SelectorImpl.java:86)
	sun.nio.ch.SelectorImpl.select(SelectorImpl.java:97)
	org.apache.kafka.common.network.Selector.select(Selector.java:873)
	org.apache.kafka.common.network.Selector.poll(Selector.java:465)
	org.apache.kafka.clients.NetworkClient.poll(NetworkClient.java:551)
	org.apache.kafka.clients.admin.KafkaAdminClient$AdminClientRunnable.processRequests(KafkaAdminClient.java:1414)
	org.apache.kafka.clients.admin.KafkaAdminClient$AdminClientRunnable.run(KafkaAdminClient.java:1345)
	java.lang.Thread.run(Thread.java:748)

New Thead: kafka-admin-client-thread | adminclient-658 (RUNNABLE)
StackTrace: 
	sun.nio.ch.EPollArrayWrapper.epollWait(Native Method)
	sun.nio.ch.EPollArrayWrapper.poll(EPollArrayWrapper.java:269)
	sun.nio.ch.EPollSelectorImpl.doSelect(EPollSelectorImpl.java:93)
	sun.nio.ch.SelectorImpl.lockAndDoSelect(SelectorImpl.java:86)
	sun.nio.ch.SelectorImpl.select(SelectorImpl.java:97)
	org.apache.kafka.common.network.Selector.select(Selector.java:873)
	org.apache.kafka.common.network.Selector.poll(Selector.java:465)
	org.apache.kafka.clients.NetworkClient.poll(NetworkClient.java:551)
	org.apache.kafka.clients.admin.KafkaAdminClient$AdminClientRunnable.processRequests(KafkaAdminClient.java:1414)
	org.apache.kafka.clients.admin.KafkaAdminClient$AdminClientRunnable.run(KafkaAdminClient.java:1345)
	java.lang.Thread.run(Thread.java:748)
Expected: is <0>
     but: was <2>
	at io.confluent.ksql.test.rest.RestQueryTranslationTest.tearDown(RestQueryTranslationTest.java:143)

io.confluent.ksql.test.rest.RestQueryTranslationTest.shouldBuildAndExecuteQueries[push-queries - windowed join]  Time elapsed: 32.714 s  <<< FAILURE!
java.lang.AssertionError: 
Active thead-count is on the up: is there new ExecutorService that's not being shutdown somewhere?
New Thead: kafka-admin-client-thread | adminclient-1112 (RUNNABLE)
StackTrace: 
	sun.nio.ch.EPollArrayWrapper.epollWait(Native Method)
	sun.nio.ch.EPollArrayWrapper.poll(EPollArrayWrapper.java:269)
	sun.nio.ch.EPollSelectorImpl.doSelect(EPollSelectorImpl.java:93)
	sun.nio.ch.SelectorImpl.lockAndDoSelect(SelectorImpl.java:86)
	sun.nio.ch.SelectorImpl.select(SelectorImpl.java:97)
	org.apache.kafka.common.network.Selector.select(Selector.java:873)
	org.apache.kafka.common.network.Selector.poll(Selector.java:465)
	org.apache.kafka.clients.NetworkClient.poll(NetworkClient.java:551)
	org.apache.kafka.clients.admin.KafkaAdminClient$AdminClientRunnable.processRequests(KafkaAdminClient.java:1414)
	org.apache.kafka.clients.admin.KafkaAdminClient$AdminClientRunnable.run(KafkaAdminClient.java:1345)
	java.lang.Thread.run(Thread.java:748)

New Thead: kafka-admin-client-thread | adminclient-658 (RUNNABLE)
StackTrace: 
	sun.nio.ch.EPollArrayWrapper.epollWait(Native Method)
	sun.nio.ch.EPollArrayWrapper.poll(EPollArrayWrapper.java:269)
	sun.nio.ch.EPollSelectorImpl.doSelect(EPollSelectorImpl.java:93)
	sun.nio.ch.SelectorImpl.lockAndDoSelect(SelectorImpl.java:86)
	sun.nio.ch.SelectorImpl.select(SelectorImpl.java:97)
	org.apache.kafka.common.network.Selector.select(Selector.java:873)
	org.apache.kafka.common.network.Selector.poll(Selector.java:465)
	org.apache.kafka.clients.NetworkClient.poll(NetworkClient.java:551)
	org.apache.kafka.clients.admin.KafkaAdminClient$AdminClientRunnable.processRequests(KafkaAdminClient.java:1414)
	org.apache.kafka.clients.admin.KafkaAdminClient$AdminClientRunnable.run(KafkaAdminClient.java:1345)
	java.lang.Thread.run(Thread.java:748)
Expected: is <0>
     but: was <2>
	at io.confluent.ksql.test.rest.RestQueryTranslationTest.tearDown(RestQueryTranslationTest.java:143)

io.confluent.ksql.test.rest.RestQueryTranslationTest.shouldBuildAndExecuteQueries[push-queries - windowed join - with rowtime]  Time elapsed: 32.482 s  <<< FAILURE!
java.lang.AssertionError: 
Active thead-count is on the up: is there new ExecutorService that's not being shutdown somewhere?
New Thead: kafka-admin-client-thread | adminclient-1112 (RUNNABLE)
StackTrace: 
	sun.nio.ch.EPollArrayWrapper.epollWait(Native Method)
	sun.nio.ch.EPollArrayWrapper.poll(EPollArrayWrapper.java:269)
	sun.nio.ch.EPollSelectorImpl.doSelect(EPollSelectorImpl.java:93)
	sun.nio.ch.SelectorImpl.lockAndDoSelect(SelectorImpl.java:86)
	sun.nio.ch.SelectorImpl.select(SelectorImpl.java:97)
	org.apache.kafka.common.network.Selector.select(Selector.java:873)
	org.apache.kafka.common.network.Selector.poll(Selector.java:465)
	org.apache.kafka.clients.NetworkClient.poll(NetworkClient.java:551)
	org.apache.kafka.clients.admin.KafkaAdminClient$AdminClientRunnable.processRequests(KafkaAdminClient.java:1414)
	org.apache.kafka.clients.admin.KafkaAdminClient$AdminClientRunnable.run(KafkaAdminClient.java:1345)
	java.lang.Thread.run(Thread.java:748)

New Thead: kafka-admin-client-thread | adminclient-658 (RUNNABLE)
StackTrace: 
	sun.nio.ch.EPollArrayWrapper.epollWait(Native Method)
	sun.nio.ch.EPollArrayWrapper.poll(EPollArrayWrapper.java:269)
	sun.nio.ch.EPollSelectorImpl.doSelect(EPollSelectorImpl.java:93)
	sun.nio.ch.SelectorImpl.lockAndDoSelect(SelectorImpl.java:86)
	sun.nio.ch.SelectorImpl.select(SelectorImpl.java:97)
	org.apache.kafka.common.network.Selector.select(Selector.java:873)
	org.apache.kafka.common.network.Selector.poll(Selector.java:465)
	org.apache.kafka.clients.NetworkClient.poll(NetworkClient.java:551)
	org.apache.kafka.clients.admin.KafkaAdminClient$AdminClientRunnable.processRequests(KafkaAdminClient.java:1414)
	org.apache.kafka.clients.admin.KafkaAdminClient$AdminClientRunnable.run(KafkaAdminClient.java:1345)
	java.lang.Thread.run(Thread.java:748)
Expected: is <0>
     but: was <2>
	at io.confluent.ksql.test.rest.RestQueryTranslationTest.tearDown(RestQueryTranslationTest.java:143)

io.confluent.ksql.test.rest.RestQueryTranslationTest.shouldBuildAndExecuteQueries[push-queries - Should not allow foreign key join on windowed tables]  Time elapsed: 31.144 s  <<< FAILURE!
java.lang.AssertionError: 
Active thead-count is on the up: is there new ExecutorService that's not being shutdown somewhere?
New Thead: kafka-admin-client-thread | adminclient-1112 (RUNNABLE)
StackTrace: 
	sun.nio.ch.EPollArrayWrapper.epollWait(Native Method)
	sun.nio.ch.EPollArrayWrapper.poll(EPollArrayWrapper.java:269)
	sun.nio.ch.EPollSelectorImpl.doSelect(EPollSelectorImpl.java:93)
	sun.nio.ch.SelectorImpl.lockAndDoSelect(SelectorImpl.java:86)
	sun.nio.ch.SelectorImpl.select(SelectorImpl.java:97)
	org.apache.kafka.common.network.Selector.select(Selector.java:873)
	org.apache.kafka.common.network.Selector.poll(Selector.java:465)
	org.apache.kafka.clients.NetworkClient.poll(NetworkClient.java:551)
	org.apache.kafka.clients.admin.KafkaAdminClient$AdminClientRunnable.processRequests(KafkaAdminClient.java:1414)
	org.apache.kafka.clients.admin.KafkaAdminClient$AdminClientRunnable.run(KafkaAdminClient.java:1345)
	java.lang.Thread.run(Thread.java:748)

New Thead: kafka-admin-client-thread | adminclient-658 (RUNNABLE)
StackTrace: 
	sun.nio.ch.EPollArrayWrapper.epollWait(Native Method)
	sun.nio.ch.EPollArrayWrapper.poll(EPollArrayWrapper.java:269)
	sun.nio.ch.EPollSelectorImpl.doSelect(EPollSelectorImpl.java:93)
	sun.nio.ch.SelectorImpl.lockAndDoSelect(SelectorImpl.java:86)
	sun.nio.ch.SelectorImpl.select(SelectorImpl.java:97)
	org.apache.kafka.common.network.Selector.select(Selector.java:873)
	org.apache.kafka.common.network.Selector.poll(Selector.java:465)
	org.apache.kafka.clients.NetworkClient.poll(NetworkClient.java:551)
	org.apache.kafka.clients.admin.KafkaAdminClient$AdminClientRunnable.processRequests(KafkaAdminClient.java:1414)
	org.apache.kafka.clients.admin.KafkaAdminClient$AdminClientRunnable.run(KafkaAdminClient.java:1345)
	java.lang.Thread.run(Thread.java:748)
Expected: is <0>
     but: was <2>
	at io.confluent.ksql.test.rest.RestQueryTranslationTest.tearDown(RestQueryTranslationTest.java:143)

io.confluent.ksql.test.rest.RestQueryTranslationTest.shouldBuildAndExecuteQueries[push-queries - windowed group by - window bounds in SELECT]  Time elapsed: 31.416 s  <<< FAILURE!
java.lang.AssertionError: 
Active thead-count is on the up: is there new ExecutorService that's not being shutdown somewhere?
New Thead: kafka-admin-client-thread | adminclient-1112 (RUNNABLE)
StackTrace: 
	sun.nio.ch.EPollArrayWrapper.epollWait(Native Method)
	sun.nio.ch.EPollArrayWrapper.poll(EPollArrayWrapper.java:269)
	sun.nio.ch.EPollSelectorImpl.doSelect(EPollSelectorImpl.java:93)
	sun.nio.ch.SelectorImpl.lockAndDoSelect(SelectorImpl.java:86)
	sun.nio.ch.SelectorImpl.select(SelectorImpl.java:97)
	org.apache.kafka.common.network.Selector.select(Selector.java:873)
	org.apache.kafka.common.network.Selector.poll(Selector.java:465)
	org.apache.kafka.clients.NetworkClient.poll(NetworkClient.java:551)
	org.apache.kafka.clients.admin.KafkaAdminClient$AdminClientRunnable.processRequests(KafkaAdminClient.java:1414)
	org.apache.kafka.clients.admin.KafkaAdminClient$AdminClientRunnable.run(KafkaAdminClient.java:1345)
	java.lang.Thread.run(Thread.java:748)

New Thead: kafka-admin-client-thread | adminclient-658 (RUNNABLE)
StackTrace: 
	sun.nio.ch.EPollArrayWrapper.epollWait(Native Method)
	sun.nio.ch.EPollArrayWrapper.poll(EPollArrayWrapper.java:269)
	sun.nio.ch.EPollSelectorImpl.doSelect(EPollSelectorImpl.java:93)
	sun.nio.ch.SelectorImpl.lockAndDoSelect(SelectorImpl.java:86)
	sun.nio.ch.SelectorImpl.select(SelectorImpl.java:97)
	org.apache.kafka.common.network.Selector.select(Selector.java:873)
	org.apache.kafka.common.network.Selector.poll(Selector.java:465)
	org.apache.kafka.clients.NetworkClient.poll(NetworkClient.java:551)
	org.apache.kafka.clients.admin.KafkaAdminClient$AdminClientRunnable.processRequests(KafkaAdminClient.java:1414)
	org.apache.kafka.clients.admin.KafkaAdminClient$AdminClientRunnable.run(KafkaAdminClient.java:1345)
	java.lang.Thread.run(Thread.java:748)
Expected: is <0>
     but: was <2>
	at io.confluent.ksql.test.rest.RestQueryTranslationTest.tearDown(RestQueryTranslationTest.java:143)

io.confluent.ksql.test.rest.RestQueryTranslationTest.shouldBuildAndExecuteQueries[push-queries - windowed group by - key not in projection]  Time elapsed: 31.636 s  <<< FAILURE!
java.lang.AssertionError: 
Active thead-count is on the up: is there new ExecutorService that's not being shutdown somewhere?
New Thead: kafka-admin-client-thread | adminclient-1112 (RUNNABLE)
StackTrace: 
	sun.nio.ch.EPollArrayWrapper.epollWait(Native Method)
	sun.nio.ch.EPollArrayWrapper.poll(EPollArrayWrapper.java:269)
	sun.nio.ch.EPollSelectorImpl.doSelect(EPollSelectorImpl.java:93)
	sun.nio.ch.SelectorImpl.lockAndDoSelect(SelectorImpl.java:86)
	sun.nio.ch.SelectorImpl.select(SelectorImpl.java:97)
	org.apache.kafka.common.network.Selector.select(Selector.java:873)
	org.apache.kafka.common.network.Selector.poll(Selector.java:465)
	org.apache.kafka.clients.NetworkClient.poll(NetworkClient.java:551)
	org.apache.kafka.clients.admin.KafkaAdminClient$AdminClientRunnable.processRequests(KafkaAdminClient.java:1414)
	org.apache.kafka.clients.admin.KafkaAdminClient$AdminClientRunnable.run(KafkaAdminClient.java:1345)
	java.lang.Thread.run(Thread.java:748)

New Thead: kafka-admin-client-thread | adminclient-658 (RUNNABLE)
StackTrace: 
	sun.nio.ch.EPollArrayWrapper.epollWait(Native Method)
	sun.nio.ch.EPollArrayWrapper.poll(EPollArrayWrapper.java:269)
	sun.nio.ch.EPollSelectorImpl.doSelect(EPollSelectorImpl.java:93)
	sun.nio.ch.SelectorImpl.lockAndDoSelect(SelectorImpl.java:86)
	sun.nio.ch.SelectorImpl.select(SelectorImpl.java:97)
	org.apache.kafka.common.network.Selector.select(Selector.java:873)
	org.apache.kafka.common.network.Selector.poll(Selector.java:465)
	org.apache.kafka.clients.NetworkClient.poll(NetworkClient.java:551)
	org.apache.kafka.clients.admin.KafkaAdminClient$AdminClientRunnable.processRequests(KafkaAdminClient.java:1414)
	org.apache.kafka.clients.admin.KafkaAdminClient$AdminClientRunnable.run(KafkaAdminClient.java:1345)
	java.lang.Thread.run(Thread.java:748)
Expected: is <0>
     but: was <2>
	at io.confluent.ksql.test.rest.RestQueryTranslationTest.tearDown(RestQueryTranslationTest.java:143)

io.confluent.ksql.test.rest.RestQueryTranslationTest.shouldBuildAndExecuteQueries[push-queries - non-windowed group by - key not in projection]  Time elapsed: 31.798 s  <<< FAILURE!
java.lang.AssertionError: 
Active thead-count is on the up: is there new ExecutorService that's not being shutdown somewhere?
New Thead: kafka-admin-client-thread | adminclient-1112 (RUNNABLE)
StackTrace: 
	sun.nio.ch.EPollArrayWrapper.epollWait(Native Method)
	sun.nio.ch.EPollArrayWrapper.poll(EPollArrayWrapper.java:269)
	sun.nio.ch.EPollSelectorImpl.doSelect(EPollSelectorImpl.java:93)
	sun.nio.ch.SelectorImpl.lockAndDoSelect(SelectorImpl.java:86)
	sun.nio.ch.SelectorImpl.select(SelectorImpl.java:97)
	org.apache.kafka.common.network.Selector.select(Selector.java:873)
	org.apache.kafka.common.network.Selector.poll(Selector.java:465)
	org.apache.kafka.clients.NetworkClient.poll(NetworkClient.java:551)
	org.apache.kafka.clients.admin.KafkaAdminClient$AdminClientRunnable.processRequests(KafkaAdminClient.java:1414)
	org.apache.kafka.clients.admin.KafkaAdminClient$AdminClientRunnable.run(KafkaAdminClient.java:1345)
	java.lang.Thread.run(Thread.java:748)

New Thead: kafka-admin-client-thread | adminclient-658 (RUNNABLE)
StackTrace: 
	sun.nio.ch.EPollArrayWrapper.epollWait(Native Method)
	sun.nio.ch.EPollArrayWrapper.poll(EPollArrayWrapper.java:269)
	sun.nio.ch.EPollSelectorImpl.doSelect(EPollSelectorImpl.java:93)
	sun.nio.ch.SelectorImpl.lockAndDoSelect(SelectorImpl.java:86)
	sun.nio.ch.SelectorImpl.select(SelectorImpl.java:97)
	org.apache.kafka.common.network.Selector.select(Selector.java:873)
	org.apache.kafka.common.network.Selector.poll(Selector.java:465)
	org.apache.kafka.clients.NetworkClient.poll(NetworkClient.java:551)
	org.apache.kafka.clients.admin.KafkaAdminClient$AdminClientRunnable.processRequests(KafkaAdminClient.java:1414)
	org.apache.kafka.clients.admin.KafkaAdminClient$AdminClientRunnable.run(KafkaAdminClient.java:1345)
	java.lang.Thread.run(Thread.java:748)
Expected: is <0>
     but: was <2>
	at io.confluent.ksql.test.rest.RestQueryTranslationTest.tearDown(RestQueryTranslationTest.java:143)

io.confluent.ksql.test.rest.RestQueryTranslationTest.shouldBuildAndExecuteQueries[push-queries - windowed group by - repartition - key in projection]  Time elapsed: 31.61 s  <<< FAILURE!
java.lang.AssertionError: 
Active thead-count is on the up: is there new ExecutorService that's not being shutdown somewhere?
New Thead: kafka-admin-client-thread | adminclient-1112 (RUNNABLE)
StackTrace: 
	sun.nio.ch.EPollArrayWrapper.epollWait(Native Method)
	sun.nio.ch.EPollArrayWrapper.poll(EPollArrayWrapper.java:269)
	sun.nio.ch.EPollSelectorImpl.doSelect(EPollSelectorImpl.java:93)
	sun.nio.ch.SelectorImpl.lockAndDoSelect(SelectorImpl.java:86)
	sun.nio.ch.SelectorImpl.select(SelectorImpl.java:97)
	org.apache.kafka.common.network.Selector.select(Selector.java:873)
	org.apache.kafka.common.network.Selector.poll(Selector.java:465)
	org.apache.kafka.clients.NetworkClient.poll(NetworkClient.java:551)
	org.apache.kafka.clients.admin.KafkaAdminClient$AdminClientRunnable.processRequests(KafkaAdminClient.java:1414)
	org.apache.kafka.clients.admin.KafkaAdminClient$AdminClientRunnable.run(KafkaAdminClient.java:1345)
	java.lang.Thread.run(Thread.java:748)

New Thead: kafka-admin-client-thread | adminclient-658 (RUNNABLE)
StackTrace: 
	sun.nio.ch.EPollArrayWrapper.epollWait(Native Method)
	sun.nio.ch.EPollArrayWrapper.poll(EPollArrayWrapper.java:269)
	sun.nio.ch.EPollSelectorImpl.doSelect(EPollSelectorImpl.java:93)
	sun.nio.ch.SelectorImpl.lockAndDoSelect(SelectorImpl.java:86)
	sun.nio.ch.SelectorImpl.select(SelectorImpl.java:97)
	org.apache.kafka.common.network.Selector.select(Selector.java:873)
	org.apache.kafka.common.network.Selector.poll(Selector.java:465)
	org.apache.kafka.clients.NetworkClient.poll(NetworkClient.java:551)
	org.apache.kafka.clients.admin.KafkaAdminClient$AdminClientRunnable.processRequests(KafkaAdminClient.java:1414)
	org.apache.kafka.clients.admin.KafkaAdminClient$AdminClientRunnable.run(KafkaAdminClient.java:1345)
	java.lang.Thread.run(Thread.java:748)
Expected: is <0>
     but: was <2>
	at io.confluent.ksql.test.rest.RestQueryTranslationTest.tearDown(RestQueryTranslationTest.java:143)

io.confluent.ksql.test.rest.RestQueryTranslationTest.shouldBuildAndExecuteQueries[push-queries - windowed group by - no-repartition - key in projection]  Time elapsed: 31.562 s  <<< FAILURE!
java.lang.AssertionError: 
Active thead-count is on the up: is there new ExecutorService that's not being shutdown somewhere?
New Thead: kafka-admin-client-thread | adminclient-1112 (RUNNABLE)
StackTrace: 
	sun.nio.ch.EPollArrayWrapper.epollWait(Native Method)
	sun.nio.ch.EPollArrayWrapper.poll(EPollArrayWrapper.java:269)
	sun.nio.ch.EPollSelectorImpl.doSelect(EPollSelectorImpl.java:93)
	sun.nio.ch.SelectorImpl.lockAndDoSelect(SelectorImpl.java:86)
	sun.nio.ch.SelectorImpl.select(SelectorImpl.java:97)
	org.apache.kafka.common.network.Selector.select(Selector.java:873)
	org.apache.kafka.common.network.Selector.poll(Selector.java:465)
	org.apache.kafka.clients.NetworkClient.poll(NetworkClient.java:551)
	org.apache.kafka.clients.admin.KafkaAdminClient$AdminClientRunnable.processRequests(KafkaAdminClient.java:1414)
	org.apache.kafka.clients.admin.KafkaAdminClient$AdminClientRunnable.run(KafkaAdminClient.java:1345)
	java.lang.Thread.run(Thread.java:748)

New Thead: kafka-admin-client-thread | adminclient-658 (RUNNABLE)
StackTrace: 
	sun.nio.ch.EPollArrayWrapper.epollWait(Native Method)
	sun.nio.ch.EPollArrayWrapper.poll(EPollArrayWrapper.java:269)
	sun.nio.ch.EPollSelectorImpl.doSelect(EPollSelectorImpl.java:93)
	sun.nio.ch.SelectorImpl.lockAndDoSelect(SelectorImpl.java:86)
	sun.nio.ch.SelectorImpl.select(SelectorImpl.java:97)
	org.apache.kafka.common.network.Selector.select(Selector.java:873)
	org.apache.kafka.common.network.Selector.poll(Selector.java:465)
	org.apache.kafka.clients.NetworkClient.poll(NetworkClient.java:551)
	org.apache.kafka.clients.admin.KafkaAdminClient$AdminClientRunnable.processRequests(KafkaAdminClient.java:1414)
	org.apache.kafka.clients.admin.KafkaAdminClient$AdminClientRunnable.run(KafkaAdminClient.java:1345)
	java.lang.Thread.run(Thread.java:748)
Expected: is <0>
     but: was <2>
	at io.confluent.ksql.test.rest.RestQueryTranslationTest.tearDown(RestQueryTranslationTest.java:143)

io.confluent.ksql.test.rest.RestQueryTranslationTest.shouldBuildAndExecuteQueries[push-queries - non-windowed group by - key in projection]  Time elapsed: 31.68 s  <<< FAILURE!
java.lang.AssertionError: 
Active thead-count is on the up: is there new ExecutorService that's not being shutdown somewhere?
New Thead: kafka-admin-client-thread | adminclient-1112 (RUNNABLE)
StackTrace: 
	sun.nio.ch.EPollArrayWrapper.epollWait(Native Method)
	sun.nio.ch.EPollArrayWrapper.poll(EPollArrayWrapper.java:269)
	sun.nio.ch.EPollSelectorImpl.doSelect(EPollSelectorImpl.java:93)
	sun.nio.ch.SelectorImpl.lockAndDoSelect(SelectorImpl.java:86)
	sun.nio.ch.SelectorImpl.select(SelectorImpl.java:97)
	org.apache.kafka.common.network.Selector.select(Selector.java:873)
	org.apache.kafka.common.network.Selector.poll(Selector.java:465)
	org.apache.kafka.clients.NetworkClient.poll(NetworkClient.java:551)
	org.apache.kafka.clients.admin.KafkaAdminClient$AdminClientRunnable.processRequests(KafkaAdminClient.java:1414)
	org.apache.kafka.clients.admin.KafkaAdminClient$AdminClientRunnable.run(KafkaAdminClient.java:1345)
	java.lang.Thread.run(Thread.java:748)

New Thead: kafka-admin-client-thread | adminclient-658 (RUNNABLE)
StackTrace: 
	sun.nio.ch.EPollArrayWrapper.epollWait(Native Method)
	sun.nio.ch.EPollArrayWrapper.poll(EPollArrayWrapper.java:269)
	sun.nio.ch.EPollSelectorImpl.doSelect(EPollSelectorImpl.java:93)
	sun.nio.ch.SelectorImpl.lockAndDoSelect(SelectorImpl.java:86)
	sun.nio.ch.SelectorImpl.select(SelectorImpl.java:97)
	org.apache.kafka.common.network.Selector.select(Selector.java:873)
	org.apache.kafka.common.network.Selector.poll(Selector.java:465)
	org.apache.kafka.clients.NetworkClient.poll(NetworkClient.java:551)
	org.apache.kafka.clients.admin.KafkaAdminClient$AdminClientRunnable.processRequests(KafkaAdminClient.java:1414)
	org.apache.kafka.clients.admin.KafkaAdminClient$AdminClientRunnable.run(KafkaAdminClient.java:1345)
	java.lang.Thread.run(Thread.java:748)
Expected: is <0>
     but: was <2>
	at io.confluent.ksql.test.rest.RestQueryTranslationTest.tearDown(RestQueryTranslationTest.java:143)

io.confluent.ksql.test.rest.RestQueryTranslationTest.shouldBuildAndExecuteQueries[push-queries - non-windowed group by expression - key not in projection]  Time elapsed: 31.635 s  <<< FAILURE!
java.lang.AssertionError: 
Active thead-count is on the up: is there new ExecutorService that's not being shutdown somewhere?
New Thead: kafka-admin-client-thread | adminclient-1112 (RUNNABLE)
StackTrace: 
	sun.nio.ch.EPollArrayWrapper.epollWait(Native Method)
	sun.nio.ch.EPollArrayWrapper.poll(EPollArrayWrapper.java:269)
	sun.nio.ch.EPollSelectorImpl.doSelect(EPollSelectorImpl.java:93)
	sun.nio.ch.SelectorImpl.lockAndDoSelect(SelectorImpl.java:86)
	sun.nio.ch.SelectorImpl.select(SelectorImpl.java:97)
	org.apache.kafka.common.network.Selector.select(Selector.java:873)
	org.apache.kafka.common.network.Selector.poll(Selector.java:465)
	org.apache.kafka.clients.NetworkClient.poll(NetworkClient.java:551)
	org.apache.kafka.clients.admin.KafkaAdminClient$AdminClientRunnable.processRequests(KafkaAdminClient.java:1414)
	org.apache.kafka.clients.admin.KafkaAdminClient$AdminClientRunnable.run(KafkaAdminClient.java:1345)
	java.lang.Thread.run(Thread.java:748)

New Thead: kafka-admin-client-thread | adminclient-658 (RUNNABLE)
StackTrace: 
	sun.nio.ch.EPollArrayWrapper.epollWait(Native Method)
	sun.nio.ch.EPollArrayWrapper.poll(EPollArrayWrapper.java:269)
	sun.nio.ch.EPollSelectorImpl.doSelect(EPollSelectorImpl.java:93)
	sun.nio.ch.SelectorImpl.lockAndDoSelect(SelectorImpl.java:86)
	sun.nio.ch.SelectorImpl.select(SelectorImpl.java:97)
	org.apache.kafka.common.network.Selector.select(Selector.java:873)
	org.apache.kafka.common.network.Selector.poll(Selector.java:465)
	org.apache.kafka.clients.NetworkClient.poll(NetworkClient.java:551)
	org.apache.kafka.clients.admin.KafkaAdminClient$AdminClientRunnable.processRequests(KafkaAdminClient.java:1414)
	org.apache.kafka.clients.admin.KafkaAdminClient$AdminClientRunnable.run(KafkaAdminClient.java:1345)
	java.lang.Thread.run(Thread.java:748)
Expected: is <0>
     but: was <2>
	at io.confluent.ksql.test.rest.RestQueryTranslationTest.tearDown(RestQueryTranslationTest.java:143)

io.confluent.ksql.test.rest.RestQueryTranslationTest.shouldBuildAndExecuteQueries[push-queries - aggregate with no value columns]  Time elapsed: 31.552 s  <<< FAILURE!
java.lang.AssertionError: 
Active thead-count is on the up: is there new ExecutorService that's not being shutdown somewhere?
New Thead: kafka-admin-client-thread | adminclient-1112 (RUNNABLE)
StackTrace: 
	sun.nio.ch.EPollArrayWrapper.epollWait(Native Method)
	sun.nio.ch.EPollArrayWrapper.poll(EPollArrayWrapper.java:269)
	sun.nio.ch.EPollSelectorImpl.doSelect(EPollSelectorImpl.java:93)
	sun.nio.ch.SelectorImpl.lockAndDoSelect(SelectorImpl.java:86)
	sun.nio.ch.SelectorImpl.select(SelectorImpl.java:97)
	org.apache.kafka.common.network.Selector.select(Selector.java:873)
	org.apache.kafka.common.network.Selector.poll(Selector.java:465)
	org.apache.kafka.clients.NetworkClient.poll(NetworkClient.java:551)
	org.apache.kafka.clients.admin.KafkaAdminClient$AdminClientRunnable.processRequests(KafkaAdminClient.java:1414)
	org.apache.kafka.clients.admin.KafkaAdminClient$AdminClientRunnable.run(KafkaAdminClient.java:1345)
	java.lang.Thread.run(Thread.java:748)

New Thead: kafka-admin-client-thread | adminclient-658 (RUNNABLE)
StackTrace: 
	sun.nio.ch.EPollArrayWrapper.epollWait(Native Method)
	sun.nio.ch.EPollArrayWrapper.poll(EPollArrayWrapper.java:269)
	sun.nio.ch.EPollSelectorImpl.doSelect(EPollSelectorImpl.java:93)
	sun.nio.ch.SelectorImpl.lockAndDoSelect(SelectorImpl.java:86)
	sun.nio.ch.SelectorImpl.select(SelectorImpl.java:97)
	org.apache.kafka.common.network.Selector.select(Selector.java:873)
	org.apache.kafka.common.network.Selector.poll(Selector.java:465)
	org.apache.kafka.clients.NetworkClient.poll(NetworkClient.java:551)
	org.apache.kafka.clients.admin.KafkaAdminClient$AdminClientRunnable.processRequests(KafkaAdminClient.java:1414)
	org.apache.kafka.clients.admin.KafkaAdminClient$AdminClientRunnable.run(KafkaAdminClient.java:1345)
	java.lang.Thread.run(Thread.java:748)
Expected: is <0>
     but: was <2>
	at io.confluent.ksql.test.rest.RestQueryTranslationTest.tearDown(RestQueryTranslationTest.java:143)

io.confluent.ksql.test.rest.RestQueryTranslationTest.shouldBuildAndExecuteQueries[push-queries - key and rowtime in projection]  Time elapsed: 31.342 s  <<< FAILURE!
java.lang.AssertionError: 
Active thead-count is on the up: is there new ExecutorService that's not being shutdown somewhere?
New Thead: kafka-admin-client-thread | adminclient-1112 (RUNNABLE)
StackTrace: 
	sun.nio.ch.EPollArrayWrapper.epollWait(Native Method)
	sun.nio.ch.EPollArrayWrapper.poll(EPollArrayWrapper.java:269)
	sun.nio.ch.EPollSelectorImpl.doSelect(EPollSelectorImpl.java:93)
	sun.nio.ch.SelectorImpl.lockAndDoSelect(SelectorImpl.java:86)
	sun.nio.ch.SelectorImpl.select(SelectorImpl.java:97)
	org.apache.kafka.common.network.Selector.select(Selector.java:873)
	org.apache.kafka.common.network.Selector.poll(Selector.java:465)
	org.apache.kafka.clients.NetworkClient.poll(NetworkClient.java:551)
	org.apache.kafka.clients.admin.KafkaAdminClient$AdminClientRunnable.processRequests(KafkaAdminClient.java:1414)
	org.apache.kafka.clients.admin.KafkaAdminClient$AdminClientRunnable.run(KafkaAdminClient.java:1345)
	java.lang.Thread.run(Thread.java:748)

New Thead: kafka-admin-client-thread | adminclient-658 (RUNNABLE)
StackTrace: 
	sun.nio.ch.EPollArrayWrapper.epollWait(Native Method)
	sun.nio.ch.EPollArrayWrapper.poll(EPollArrayWrapper.java:269)
	sun.nio.ch.EPollSelectorImpl.doSelect(EPollSelectorImpl.java:93)
	sun.nio.ch.SelectorImpl.lockAndDoSelect(SelectorImpl.java:86)
	sun.nio.ch.SelectorImpl.select(SelectorImpl.java:97)
	org.apache.kafka.common.network.Selector.select(Selector.java:873)
	org.apache.kafka.common.network.Selector.poll(Selector.java:465)
	org.apache.kafka.clients.NetworkClient.poll(NetworkClient.java:551)
	org.apache.kafka.clients.admin.KafkaAdminClient$AdminClientRunnable.processRequests(KafkaAdminClient.java:1414)
	org.apache.kafka.clients.admin.KafkaAdminClient$AdminClientRunnable.run(KafkaAdminClient.java:1345)
	java.lang.Thread.run(Thread.java:748)
Expected: is <0>
     but: was <2>
	at io.confluent.ksql.test.rest.RestQueryTranslationTest.tearDown(RestQueryTranslationTest.java:143)

io.confluent.ksql.test.rest.RestQueryTranslationTest.shouldBuildAndExecuteQueries[push-queries - windowed group by - window bounds in WHERE]  Time elapsed: 30.841 s  <<< FAILURE!
java.lang.AssertionError: 
Active thead-count is on the up: is there new ExecutorService that's not being shutdown somewhere?
New Thead: kafka-admin-client-thread | adminclient-1112 (RUNNABLE)
StackTrace: 
	sun.nio.ch.EPollArrayWrapper.epollWait(Native Method)
	sun.nio.ch.EPollArrayWrapper.poll(EPollArrayWrapper.java:269)
	sun.nio.ch.EPollSelectorImpl.doSelect(EPollSelectorImpl.java:93)
	sun.nio.ch.SelectorImpl.lockAndDoSelect(SelectorImpl.java:86)
	sun.nio.ch.SelectorImpl.select(SelectorImpl.java:97)
	org.apache.kafka.common.network.Selector.select(Selector.java:873)
	org.apache.kafka.common.network.Selector.poll(Selector.java:465)
	org.apache.kafka.clients.NetworkClient.poll(NetworkClient.java:551)
	org.apache.kafka.clients.admin.KafkaAdminClient$AdminClientRunnable.processRequests(KafkaAdminClient.java:1414)
	org.apache.kafka.clients.admin.KafkaAdminClient$AdminClientRunnable.run(KafkaAdminClient.java:1345)
	java.lang.Thread.run(Thread.java:748)

New Thead: kafka-admin-client-thread | adminclient-658 (RUNNABLE)
StackTrace: 
	sun.nio.ch.EPollArrayWrapper.epollWait(Native Method)
	sun.nio.ch.EPollArrayWrapper.poll(EPollArrayWrapper.java:269)
	sun.nio.ch.EPollSelectorImpl.doSelect(EPollSelectorImpl.java:93)
	sun.nio.ch.SelectorImpl.lockAndDoSelect(SelectorImpl.java:86)
	sun.nio.ch.SelectorImpl.select(SelectorImpl.java:97)
	org.apache.kafka.common.network.Selector.select(Selector.java:873)
	org.apache.kafka.common.network.Selector.poll(Selector.java:465)
	org.apache.kafka.clients.NetworkClient.poll(NetworkClient.java:551)
	org.apache.kafka.clients.admin.KafkaAdminClient$AdminClientRunnable.processRequests(KafkaAdminClient.java:1414)
	org.apache.kafka.clients.admin.KafkaAdminClient$AdminClientRunnable.run(KafkaAdminClient.java:1345)
	java.lang.Thread.run(Thread.java:748)
Expected: is <0>
     but: was <2>
	at io.confluent.ksql.test.rest.RestQueryTranslationTest.tearDown(RestQueryTranslationTest.java:143)

io.confluent.ksql.test.rest.RestQueryTranslationTest.shouldBuildAndExecuteQueries[push-queries - windowed group by - window bounds in HAVING]  Time elapsed: 30.816 s  <<< FAILURE!
java.lang.AssertionError: 
Active thead-count is on the up: is there new ExecutorService that's not being shutdown somewhere?
New Thead: kafka-admin-client-thread | adminclient-1112 (RUNNABLE)
StackTrace: 
	sun.nio.ch.EPollArrayWrapper.epollWait(Native Method)
	sun.nio.ch.EPollArrayWrapper.poll(EPollArrayWrapper.java:269)
	sun.nio.ch.EPollSelectorImpl.doSelect(EPollSelectorImpl.java:93)
	sun.nio.ch.SelectorImpl.lockAndDoSelect(SelectorImpl.java:86)
	sun.nio.ch.SelectorImpl.select(SelectorImpl.java:97)
	org.apache.kafka.common.network.Selector.select(Selector.java:873)
	org.apache.kafka.common.network.Selector.poll(Selector.java:465)
	org.apache.kafka.clients.NetworkClient.poll(NetworkClient.java:551)
	org.apache.kafka.clients.admin.KafkaAdminClient$AdminClientRunnable.processRequests(KafkaAdminClient.java:1414)
	org.apache.kafka.clients.admin.KafkaAdminClient$AdminClientRunnable.run(KafkaAdminClient.java:1345)
	java.lang.Thread.run(Thread.java:748)

New Thead: kafka-admin-client-thread | adminclient-658 (RUNNABLE)
StackTrace: 
	sun.nio.ch.EPollArrayWrapper.epollWait(Native Method)
	sun.nio.ch.EPollArrayWrapper.poll(EPollArrayWrapper.java:269)
	sun.nio.ch.EPollSelectorImpl.doSelect(EPollSelectorImpl.java:93)
	sun.nio.ch.SelectorImpl.lockAndDoSelect(SelectorImpl.java:86)
	sun.nio.ch.SelectorImpl.select(SelectorImpl.java:97)
	org.apache.kafka.common.network.Selector.select(Selector.java:873)
	org.apache.kafka.common.network.Selector.poll(Selector.java:465)
	org.apache.kafka.clients.NetworkClient.poll(NetworkClient.java:551)
	org.apache.kafka.clients.admin.KafkaAdminClient$AdminClientRunnable.processRequests(KafkaAdminClient.java:1414)
	org.apache.kafka.clients.admin.KafkaAdminClient$AdminClientRunnable.run(KafkaAdminClient.java:1345)
	java.lang.Thread.run(Thread.java:748)
Expected: is <0>
     but: was <2>
	at io.confluent.ksql.test.rest.RestQueryTranslationTest.tearDown(RestQueryTranslationTest.java:143)

io.confluent.ksql.test.rest.RestQueryTranslationTest.shouldBuildAndExecuteQueries[push-queries - zero limit]  Time elapsed: 30.954 s  <<< FAILURE!
java.lang.AssertionError: 
Active thead-count is on the up: is there new ExecutorService that's not being shutdown somewhere?
New Thead: kafka-admin-client-thread | adminclient-1112 (RUNNABLE)
StackTrace: 
	sun.nio.ch.EPollArrayWrapper.epollWait(Native Method)
	sun.nio.ch.EPollArrayWrapper.poll(EPollArrayWrapper.java:269)
	sun.nio.ch.EPollSelectorImpl.doSelect(EPollSelectorImpl.java:93)
	sun.nio.ch.SelectorImpl.lockAndDoSelect(SelectorImpl.java:86)
	sun.nio.ch.SelectorImpl.select(SelectorImpl.java:97)
	org.apache.kafka.common.network.Selector.select(Selector.java:873)
	org.apache.kafka.common.network.Selector.poll(Selector.java:465)
	org.apache.kafka.clients.NetworkClient.poll(NetworkClient.java:551)
	org.apache.kafka.clients.admin.KafkaAdminClient$AdminClientRunnable.processRequests(KafkaAdminClient.java:1414)
	org.apache.kafka.clients.admin.KafkaAdminClient$AdminClientRunnable.run(KafkaAdminClient.java:1345)
	java.lang.Thread.run(Thread.java:748)

New Thead: kafka-admin-client-thread | adminclient-658 (RUNNABLE)
StackTrace: 
	sun.nio.ch.EPollArrayWrapper.epollWait(Native Method)
	sun.nio.ch.EPollArrayWrapper.poll(EPollArrayWrapper.java:269)
	sun.nio.ch.EPollSelectorImpl.doSelect(EPollSelectorImpl.java:93)
	sun.nio.ch.SelectorImpl.lockAndDoSelect(SelectorImpl.java:86)
	sun.nio.ch.SelectorImpl.select(SelectorImpl.java:97)
	org.apache.kafka.common.network.Selector.select(Selector.java:873)
	org.apache.kafka.common.network.Selector.poll(Selector.java:465)
	org.apache.kafka.clients.NetworkClient.poll(NetworkClient.java:551)
	org.apache.kafka.clients.admin.KafkaAdminClient$AdminClientRunnable.processRequests(KafkaAdminClient.java:1414)
	org.apache.kafka.clients.admin.KafkaAdminClient$AdminClientRunnable.run(KafkaAdminClient.java:1345)
	java.lang.Thread.run(Thread.java:748)
Expected: is <0>
     but: was <2>
	at io.confluent.ksql.test.rest.RestQueryTranslationTest.tearDown(RestQueryTranslationTest.java:143)

io.confluent.ksql.test.rest.RestQueryTranslationTest.shouldBuildAndExecuteQueries[push-queries - out-of-order columns]  Time elapsed: 31.292 s  <<< FAILURE!
java.lang.AssertionError: 
Active thead-count is on the up: is there new ExecutorService that's not being shutdown somewhere?
New Thead: kafka-admin-client-thread | adminclient-1112 (RUNNABLE)
StackTrace: 
	sun.nio.ch.EPollArrayWrapper.epollWait(Native Method)
	sun.nio.ch.EPollArrayWrapper.poll(EPollArrayWrapper.java:269)
	sun.nio.ch.EPollSelectorImpl.doSelect(EPollSelectorImpl.java:93)
	sun.nio.ch.SelectorImpl.lockAndDoSelect(SelectorImpl.java:86)
	sun.nio.ch.SelectorImpl.select(SelectorImpl.java:97)
	org.apache.kafka.common.network.Selector.select(Selector.java:873)
	org.apache.kafka.common.network.Selector.poll(Selector.java:465)
	org.apache.kafka.clients.NetworkClient.poll(NetworkClient.java:551)
	org.apache.kafka.clients.admin.KafkaAdminClient$AdminClientRunnable.processRequests(KafkaAdminClient.java:1414)
	org.apache.kafka.clients.admin.KafkaAdminClient$AdminClientRunnable.run(KafkaAdminClient.java:1345)
	java.lang.Thread.run(Thread.java:748)

New Thead: kafka-admin-client-thread | adminclient-658 (RUNNABLE)
StackTrace: 
	sun.nio.ch.EPollArrayWrapper.epollWait(Native Method)
	sun.nio.ch.EPollArrayWrapper.poll(EPollArrayWrapper.java:269)
	sun.nio.ch.EPollSelectorImpl.doSelect(EPollSelectorImpl.java:93)
	sun.nio.ch.SelectorImpl.lockAndDoSelect(SelectorImpl.java:86)
	sun.nio.ch.SelectorImpl.select(SelectorImpl.java:97)
	org.apache.kafka.common.network.Selector.select(Selector.java:873)
	org.apache.kafka.common.network.Selector.poll(Selector.java:465)
	org.apache.kafka.clients.NetworkClient.poll(NetworkClient.java:551)
	org.apache.kafka.clients.admin.KafkaAdminClient$AdminClientRunnable.processRequests(KafkaAdminClient.java:1414)
	org.apache.kafka.clients.admin.KafkaAdminClient$AdminClientRunnable.run(KafkaAdminClient.java:1345)
	java.lang.Thread.run(Thread.java:748)
Expected: is <0>
     but: was <2>
	at io.confluent.ksql.test.rest.RestQueryTranslationTest.tearDown(RestQueryTranslationTest.java:143)

io.confluent.ksql.test.rest.RestQueryTranslationTest.shouldBuildAndExecuteQueries[push-queries - streams without key columns]  Time elapsed: 31.319 s  <<< FAILURE!
java.lang.AssertionError: 
Active thead-count is on the up: is there new ExecutorService that's not being shutdown somewhere?
New Thead: kafka-admin-client-thread | adminclient-1112 (RUNNABLE)
StackTrace: 
	sun.nio.ch.EPollArrayWrapper.epollWait(Native Method)
	sun.nio.ch.EPollArrayWrapper.poll(EPollArrayWrapper.java:269)
	sun.nio.ch.EPollSelectorImpl.doSelect(EPollSelectorImpl.java:93)
	sun.nio.ch.SelectorImpl.lockAndDoSelect(SelectorImpl.java:86)
	sun.nio.ch.SelectorImpl.select(SelectorImpl.java:97)
	org.apache.kafka.common.network.Selector.select(Selector.java:873)
	org.apache.kafka.common.network.Selector.poll(Selector.java:465)
	org.apache.kafka.clients.NetworkClient.poll(NetworkClient.java:551)
	org.apache.kafka.clients.admin.KafkaAdminClient$AdminClientRunnable.processRequests(KafkaAdminClient.java:1414)
	org.apache.kafka.clients.admin.KafkaAdminClient$AdminClientRunnable.run(KafkaAdminClient.java:1345)
	java.lang.Thread.run(Thread.java:748)

New Thead: kafka-admin-client-thread | adminclient-658 (RUNNABLE)
StackTrace: 
	sun.nio.ch.EPollArrayWrapper.epollWait(Native Method)
	sun.nio.ch.EPollArrayWrapper.poll(EPollArrayWrapper.java:269)
	sun.nio.ch.EPollSelectorImpl.doSelect(EPollSelectorImpl.java:93)
	sun.nio.ch.SelectorImpl.lockAndDoSelect(SelectorImpl.java:86)
	sun.nio.ch.SelectorImpl.select(SelectorImpl.java:97)
	org.apache.kafka.common.network.Selector.select(Selector.java:873)
	org.apache.kafka.common.network.Selector.poll(Selector.java:465)
	org.apache.kafka.clients.NetworkClient.poll(NetworkClient.java:551)
	org.apache.kafka.clients.admin.KafkaAdminClient$AdminClientRunnable.processRequests(KafkaAdminClient.java:1414)
	org.apache.kafka.clients.admin.KafkaAdminClient$AdminClientRunnable.run(KafkaAdminClient.java:1345)
	java.lang.Thread.run(Thread.java:748)
Expected: is <0>
     but: was <2>
	at io.confluent.ksql.test.rest.RestQueryTranslationTest.tearDown(RestQueryTranslationTest.java:143)

io.confluent.ksql.test.rest.RestQueryTranslationTest.shouldBuildAndExecuteQueries[push-queries - streams without key columns - grouped]  Time elapsed: 31.532 s  <<< FAILURE!
java.lang.AssertionError: 
Active thead-count is on the up: is there new ExecutorService that's not being shutdown somewhere?
New Thead: kafka-admin-client-thread | adminclient-1112 (RUNNABLE)
StackTrace: 
	sun.nio.ch.EPollArrayWrapper.epollWait(Native Method)
	sun.nio.ch.EPollArrayWrapper.poll(EPollArrayWrapper.java:269)
	sun.nio.ch.EPollSelectorImpl.doSelect(EPollSelectorImpl.java:93)
	sun.nio.ch.SelectorImpl.lockAndDoSelect(SelectorImpl.java:86)
	sun.nio.ch.SelectorImpl.select(SelectorImpl.java:97)
	org.apache.kafka.common.network.Selector.select(Selector.java:873)
	org.apache.kafka.common.network.Selector.poll(Selector.java:465)
	org.apache.kafka.clients.NetworkClient.poll(NetworkClient.java:551)
	org.apache.kafka.clients.admin.KafkaAdminClient$AdminClientRunnable.processRequests(KafkaAdminClient.java:1414)
	org.apache.kafka.clients.admin.KafkaAdminClient$AdminClientRunnable.run(KafkaAdminClient.java:1345)
	java.lang.Thread.run(Thread.java:748)

New Thead: kafka-admin-client-thread | adminclient-658 (RUNNABLE)
StackTrace: 
	sun.nio.ch.EPollArrayWrapper.epollWait(Native Method)
	sun.nio.ch.EPollArrayWrapper.poll(EPollArrayWrapper.java:269)
	sun.nio.ch.EPollSelectorImpl.doSelect(EPollSelectorImpl.java:93)
	sun.nio.ch.SelectorImpl.lockAndDoSelect(SelectorImpl.java:86)
	sun.nio.ch.SelectorImpl.select(SelectorImpl.java:97)
	org.apache.kafka.common.network.Selector.select(Selector.java:873)
	org.apache.kafka.common.network.Selector.poll(Selector.java:465)
	org.apache.kafka.clients.NetworkClient.poll(NetworkClient.java:551)
	org.apache.kafka.clients.admin.KafkaAdminClient$AdminClientRunnable.processRequests(KafkaAdminClient.java:1414)
	org.apache.kafka.clients.admin.KafkaAdminClient$AdminClientRunnable.run(KafkaAdminClient.java:1345)
	java.lang.Thread.run(Thread.java:748)
Expected: is <0>
     but: was <2>
	at io.confluent.ksql.test.rest.RestQueryTranslationTest.tearDown(RestQueryTranslationTest.java:143)

io.confluent.ksql.test.rest.RestQueryTranslationTest.shouldBuildAndExecuteQueries[push-queries - streams without key columns - windowed and grouped]  Time elapsed: 31.838 s  <<< FAILURE!
java.lang.AssertionError: 
Active thead-count is on the up: is there new ExecutorService that's not being shutdown somewhere?
New Thead: kafka-admin-client-thread | adminclient-1112 (RUNNABLE)
StackTrace: 
	sun.nio.ch.EPollArrayWrapper.epollWait(Native Method)
	sun.nio.ch.EPollArrayWrapper.poll(EPollArrayWrapper.java:269)
	sun.nio.ch.EPollSelectorImpl.doSelect(EPollSelectorImpl.java:93)
	sun.nio.ch.SelectorImpl.lockAndDoSelect(SelectorImpl.java:86)
	sun.nio.ch.SelectorImpl.select(SelectorImpl.java:97)
	org.apache.kafka.common.network.Selector.select(Selector.java:873)
	org.apache.kafka.common.network.Selector.poll(Selector.java:465)
	org.apache.kafka.clients.NetworkClient.poll(NetworkClient.java:551)
	org.apache.kafka.clients.admin.KafkaAdminClient$AdminClientRunnable.processRequests(KafkaAdminClient.java:1414)
	org.apache.kafka.clients.admin.KafkaAdminClient$AdminClientRunnable.run(KafkaAdminClient.java:1345)
	java.lang.Thread.run(Thread.java:748)

New Thead: kafka-admin-client-thread | adminclient-658 (RUNNABLE)
StackTrace: 
	sun.nio.ch.EPollArrayWrapper.epollWait(Native Method)
	sun.nio.ch.EPollArrayWrapper.poll(EPollArrayWrapper.java:269)
	sun.nio.ch.EPollSelectorImpl.doSelect(EPollSelectorImpl.java:93)
	sun.nio.ch.SelectorImpl.lockAndDoSelect(SelectorImpl.java:86)
	sun.nio.ch.SelectorImpl.select(SelectorImpl.java:97)
	org.apache.kafka.common.network.Selector.select(Selector.java:873)
	org.apache.kafka.common.network.Selector.poll(Selector.java:465)
	org.apache.kafka.clients.NetworkClient.poll(NetworkClient.java:551)
	org.apache.kafka.clients.admin.KafkaAdminClient$AdminClientRunnable.processRequests(KafkaAdminClient.java:1414)
	org.apache.kafka.clients.admin.KafkaAdminClient$AdminClientRunnable.run(KafkaAdminClient.java:1345)
	java.lang.Thread.run(Thread.java:748)
Expected: is <0>
     but: was <2>
	at io.confluent.ksql.test.rest.RestQueryTranslationTest.tearDown(RestQueryTranslationTest.java:143)

io.confluent.ksql.test.rest.RestQueryTranslationTest.shouldBuildAndExecuteQueries[push-queries - non-windowed stream - non-KAFKA key format]  Time elapsed: 31.308 s  <<< FAILURE!
java.lang.AssertionError: 
Active thead-count is on the up: is there new ExecutorService that's not being shutdown somewhere?
New Thead: kafka-admin-client-thread | adminclient-1112 (RUNNABLE)
StackTrace: 
	sun.nio.ch.EPollArrayWrapper.epollWait(Native Method)
	sun.nio.ch.EPollArrayWrapper.poll(EPollArrayWrapper.java:269)
	sun.nio.ch.EPollSelectorImpl.doSelect(EPollSelectorImpl.java:93)
	sun.nio.ch.SelectorImpl.lockAndDoSelect(SelectorImpl.java:86)
	sun.nio.ch.SelectorImpl.select(SelectorImpl.java:97)
	org.apache.kafka.common.network.Selector.select(Selector.java:873)
	org.apache.kafka.common.network.Selector.poll(Selector.java:465)
	org.apache.kafka.clients.NetworkClient.poll(NetworkClient.java:551)
	org.apache.kafka.clients.admin.KafkaAdminClient$AdminClientRunnable.processRequests(KafkaAdminClient.java:1414)
	org.apache.kafka.clients.admin.KafkaAdminClient$AdminClientRunnable.run(KafkaAdminClient.java:1345)
	java.lang.Thread.run(Thread.java:748)

New Thead: kafka-admin-client-thread | adminclient-658 (RUNNABLE)
StackTrace: 
	sun.nio.ch.EPollArrayWrapper.epollWait(Native Method)
	sun.nio.ch.EPollArrayWrapper.poll(EPollArrayWrapper.java:269)
	sun.nio.ch.EPollSelectorImpl.doSelect(EPollSelectorImpl.java:93)
	sun.nio.ch.SelectorImpl.lockAndDoSelect(SelectorImpl.java:86)
	sun.nio.ch.SelectorImpl.select(SelectorImpl.java:97)
	org.apache.kafka.common.network.Selector.select(Selector.java:873)
	org.apache.kafka.common.network.Selector.poll(Selector.java:465)
	org.apache.kafka.clients.NetworkClient.poll(NetworkClient.java:551)
	org.apache.kafka.clients.admin.KafkaAdminClient$AdminClientRunnable.processRequests(KafkaAdminClient.java:1414)
	org.apache.kafka.clients.admin.KafkaAdminClient$AdminClientRunnable.run(KafkaAdminClient.java:1345)
	java.lang.Thread.run(Thread.java:748)
Expected: is <0>
     but: was <2>
	at io.confluent.ksql.test.rest.RestQueryTranslationTest.tearDown(RestQueryTranslationTest.java:143)

io.confluent.ksql.test.rest.RestQueryTranslationTest.shouldBuildAndExecuteQueries[push-queries - non-windowed stream with nulls]  Time elapsed: 31.284 s  <<< FAILURE!
java.lang.AssertionError: 
Active thead-count is on the up: is there new ExecutorService that's not being shutdown somewhere?
New Thead: kafka-admin-client-thread | adminclient-1112 (RUNNABLE)
StackTrace: 
	sun.nio.ch.EPollArrayWrapper.epollWait(Native Method)
	sun.nio.ch.EPollArrayWrapper.poll(EPollArrayWrapper.java:269)
	sun.nio.ch.EPollSelectorImpl.doSelect(EPollSelectorImpl.java:93)
	sun.nio.ch.SelectorImpl.lockAndDoSelect(SelectorImpl.java:86)
	sun.nio.ch.SelectorImpl.select(SelectorImpl.java:97)
	org.apache.kafka.common.network.Selector.select(Selector.java:873)
	org.apache.kafka.common.network.Selector.poll(Selector.java:465)
	org.apache.kafka.clients.NetworkClient.poll(NetworkClient.java:551)
	org.apache.kafka.clients.admin.KafkaAdminClient$AdminClientRunnable.processRequests(KafkaAdminClient.java:1414)
	org.apache.kafka.clients.admin.KafkaAdminClient$AdminClientRunnable.run(KafkaAdminClient.java:1345)
	java.lang.Thread.run(Thread.java:748)

New Thead: kafka-admin-client-thread | adminclient-658 (RUNNABLE)
StackTrace: 
	sun.nio.ch.EPollArrayWrapper.epollWait(Native Method)
	sun.nio.ch.EPollArrayWrapper.poll(EPollArrayWrapper.java:269)
	sun.nio.ch.EPollSelectorImpl.doSelect(EPollSelectorImpl.java:93)
	sun.nio.ch.SelectorImpl.lockAndDoSelect(SelectorImpl.java:86)
	sun.nio.ch.SelectorImpl.select(SelectorImpl.java:97)
	org.apache.kafka.common.network.Selector.select(Selector.java:873)
	org.apache.kafka.common.network.Selector.poll(Selector.java:465)
	org.apache.kafka.clients.NetworkClient.poll(NetworkClient.java:551)
	org.apache.kafka.clients.admin.KafkaAdminClient$AdminClientRunnable.processRequests(KafkaAdminClient.java:1414)
	org.apache.kafka.clients.admin.KafkaAdminClient$AdminClientRunnable.run(KafkaAdminClient.java:1345)
	java.lang.Thread.run(Thread.java:748)
Expected: is <0>
     but: was <2>
	at io.confluent.ksql.test.rest.RestQueryTranslationTest.tearDown(RestQueryTranslationTest.java:143)

io.confluent.ksql.test.rest.RestQueryTranslationTest.shouldBuildAndExecuteQueries[push-queries - windowed stream with nulls]  Time elapsed: 31.413 s  <<< FAILURE!
java.lang.AssertionError: 
Active thead-count is on the up: is there new ExecutorService that's not being shutdown somewhere?
New Thead: kafka-admin-client-thread | adminclient-1112 (RUNNABLE)
StackTrace: 
	sun.nio.ch.EPollArrayWrapper.epollWait(Native Method)
	sun.nio.ch.EPollArrayWrapper.poll(EPollArrayWrapper.java:269)
	sun.nio.ch.EPollSelectorImpl.doSelect(EPollSelectorImpl.java:93)
	sun.nio.ch.SelectorImpl.lockAndDoSelect(SelectorImpl.java:86)
	sun.nio.ch.SelectorImpl.select(SelectorImpl.java:97)
	org.apache.kafka.common.network.Selector.select(Selector.java:873)
	org.apache.kafka.common.network.Selector.poll(Selector.java:465)
	org.apache.kafka.clients.NetworkClient.poll(NetworkClient.java:551)
	org.apache.kafka.clients.admin.KafkaAdminClient$AdminClientRunnable.processRequests(KafkaAdminClient.java:1414)
	org.apache.kafka.clients.admin.KafkaAdminClient$AdminClientRunnable.run(KafkaAdminClient.java:1345)
	java.lang.Thread.run(Thread.java:748)

New Thead: kafka-admin-client-thread | adminclient-658 (RUNNABLE)
StackTrace: 
	sun.nio.ch.EPollArrayWrapper.epollWait(Native Method)
	sun.nio.ch.EPollArrayWrapper.poll(EPollArrayWrapper.java:269)
	sun.nio.ch.EPollSelectorImpl.doSelect(EPollSelectorImpl.java:93)
	sun.nio.ch.SelectorImpl.lockAndDoSelect(SelectorImpl.java:86)
	sun.nio.ch.SelectorImpl.select(SelectorImpl.java:97)
	org.apache.kafka.common.network.Selector.select(Selector.java:873)
	org.apache.kafka.common.network.Selector.poll(Selector.java:465)
	org.apache.kafka.clients.NetworkClient.poll(NetworkClient.java:551)
	org.apache.kafka.clients.admin.KafkaAdminClient$AdminClientRunnable.processRequests(KafkaAdminClient.java:1414)
	org.apache.kafka.clients.admin.KafkaAdminClient$AdminClientRunnable.run(KafkaAdminClient.java:1345)
	java.lang.Thread.run(Thread.java:748)
Expected: is <0>
     but: was <2>
	at io.confluent.ksql.test.rest.RestQueryTranslationTest.tearDown(RestQueryTranslationTest.java:143)

io.confluent.ksql.test.rest.RestQueryTranslationTest.shouldBuildAndExecuteQueries[push-queries - non-windowed table with tombstones]  Time elapsed: 31.421 s  <<< FAILURE!
java.lang.AssertionError: 
Active thead-count is on the up: is there new ExecutorService that's not being shutdown somewhere?
New Thead: kafka-admin-client-thread | adminclient-1112 (RUNNABLE)
StackTrace: 
	sun.nio.ch.EPollArrayWrapper.epollWait(Native Method)
	sun.nio.ch.EPollArrayWrapper.poll(EPollArrayWrapper.java:269)
	sun.nio.ch.EPollSelectorImpl.doSelect(EPollSelectorImpl.java:93)
	sun.nio.ch.SelectorImpl.lockAndDoSelect(SelectorImpl.java:86)
	sun.nio.ch.SelectorImpl.select(SelectorImpl.java:97)
	org.apache.kafka.common.network.Selector.select(Selector.java:873)
	org.apache.kafka.common.network.Selector.poll(Selector.java:465)
	org.apache.kafka.clients.NetworkClient.poll(NetworkClient.java:551)
	org.apache.kafka.clients.admin.KafkaAdminClient$AdminClientRunnable.processRequests(KafkaAdminClient.java:1414)
	org.apache.kafka.clients.admin.KafkaAdminClient$AdminClientRunnable.run(KafkaAdminClient.java:1345)
	java.lang.Thread.run(Thread.java:748)

New Thead: kafka-admin-client-thread | adminclient-658 (RUNNABLE)
StackTrace: 
	sun.nio.ch.EPollArrayWrapper.epollWait(Native Method)
	sun.nio.ch.EPollArrayWrapper.poll(EPollArrayWrapper.java:269)
	sun.nio.ch.EPollSelectorImpl.doSelect(EPollSelectorImpl.java:93)
	sun.nio.ch.SelectorImpl.lockAndDoSelect(SelectorImpl.java:86)
	sun.nio.ch.SelectorImpl.select(SelectorImpl.java:97)
	org.apache.kafka.common.network.Selector.select(Selector.java:873)
	org.apache.kafka.common.network.Selector.poll(Selector.java:465)
	org.apache.kafka.clients.NetworkClient.poll(NetworkClient.java:551)
	org.apache.kafka.clients.admin.KafkaAdminClient$AdminClientRunnable.processRequests(KafkaAdminClient.java:1414)
	org.apache.kafka.clients.admin.KafkaAdminClient$AdminClientRunnable.run(KafkaAdminClient.java:1345)
	java.lang.Thread.run(Thread.java:748)
Expected: is <0>
     but: was <2>
	at io.confluent.ksql.test.rest.RestQueryTranslationTest.tearDown(RestQueryTranslationTest.java:143)

io.confluent.ksql.test.rest.RestQueryTranslationTest.shouldBuildAndExecuteQueries[push-queries - non-windowed table with tombstones - key not in projection]  Time elapsed: 31.605 s  <<< FAILURE!
java.lang.AssertionError: 
Active thead-count is on the up: is there new ExecutorService that's not being shutdown somewhere?
New Thead: kafka-admin-client-thread | adminclient-1112 (RUNNABLE)
StackTrace: 
	sun.nio.ch.EPollArrayWrapper.epollWait(Native Method)
	sun.nio.ch.EPollArrayWrapper.poll(EPollArrayWrapper.java:269)
	sun.nio.ch.EPollSelectorImpl.doSelect(EPollSelectorImpl.java:93)
	sun.nio.ch.SelectorImpl.lockAndDoSelect(SelectorImpl.java:86)
	sun.nio.ch.SelectorImpl.select(SelectorImpl.java:97)
	org.apache.kafka.common.network.Selector.select(Selector.java:873)
	org.apache.kafka.common.network.Selector.poll(Selector.java:465)
	org.apache.kafka.clients.NetworkClient.poll(NetworkClient.java:551)
	org.apache.kafka.clients.admin.KafkaAdminClient$AdminClientRunnable.processRequests(KafkaAdminClient.java:1414)
	org.apache.kafka.clients.admin.KafkaAdminClient$AdminClientRunnable.run(KafkaAdminClient.java:1345)
	java.lang.Thread.run(Thread.java:748)

New Thead: kafka-admin-client-thread | adminclient-658 (RUNNABLE)
StackTrace: 
	sun.nio.ch.EPollArrayWrapper.epollWait(Native Method)
	sun.nio.ch.EPollArrayWrapper.poll(EPollArrayWrapper.java:269)
	sun.nio.ch.EPollSelectorImpl.doSelect(EPollSelectorImpl.java:93)
	sun.nio.ch.SelectorImpl.lockAndDoSelect(SelectorImpl.java:86)
	sun.nio.ch.SelectorImpl.select(SelectorImpl.java:97)
	org.apache.kafka.common.network.Selector.select(Selector.java:873)
	org.apache.kafka.common.network.Selector.poll(Selector.java:465)
	org.apache.kafka.clients.NetworkClient.poll(NetworkClient.java:551)
	org.apache.kafka.clients.admin.KafkaAdminClient$AdminClientRunnable.processRequests(KafkaAdminClient.java:1414)
	org.apache.kafka.clients.admin.KafkaAdminClient$AdminClientRunnable.run(KafkaAdminClient.java:1345)
	java.lang.Thread.run(Thread.java:748)
Expected: is <0>
     but: was <2>
	at io.confluent.ksql.test.rest.RestQueryTranslationTest.tearDown(RestQueryTranslationTest.java:143)

io.confluent.ksql.test.rest.RestQueryTranslationTest.shouldBuildAndExecuteQueries[push-queries - windowed table with tombstones]  Time elapsed: 32.219 s  <<< FAILURE!
java.lang.AssertionError: 
Active thead-count is on the up: is there new ExecutorService that's not being shutdown somewhere?
New Thead: kafka-admin-client-thread | adminclient-1112 (RUNNABLE)
StackTrace: 
	sun.nio.ch.EPollArrayWrapper.epollWait(Native Method)
	sun.nio.ch.EPollArrayWrapper.poll(EPollArrayWrapper.java:269)
	sun.nio.ch.EPollSelectorImpl.doSelect(EPollSelectorImpl.java:93)
	sun.nio.ch.SelectorImpl.lockAndDoSelect(SelectorImpl.java:86)
	sun.nio.ch.SelectorImpl.select(SelectorImpl.java:97)
	org.apache.kafka.common.network.Selector.select(Selector.java:873)
	org.apache.kafka.common.network.Selector.poll(Selector.java:465)
	org.apache.kafka.clients.NetworkClient.poll(NetworkClient.java:551)
	org.apache.kafka.clients.admin.KafkaAdminClient$AdminClientRunnable.processRequests(KafkaAdminClient.java:1414)
	org.apache.kafka.clients.admin.KafkaAdminClient$AdminClientRunnable.run(KafkaAdminClient.java:1345)
	java.lang.Thread.run(Thread.java:748)

New Thead: kafka-admin-client-thread | adminclient-658 (RUNNABLE)
StackTrace: 
	sun.nio.ch.EPollArrayWrapper.epollWait(Native Method)
	sun.nio.ch.EPollArrayWrapper.poll(EPollArrayWrapper.java:269)
	sun.nio.ch.EPollSelectorImpl.doSelect(EPollSelectorImpl.java:93)
	sun.nio.ch.SelectorImpl.lockAndDoSelect(SelectorImpl.java:86)
	sun.nio.ch.SelectorImpl.select(SelectorImpl.java:97)
	org.apache.kafka.common.network.Selector.select(Selector.java:873)
	org.apache.kafka.common.network.Selector.poll(Selector.java:465)
	org.apache.kafka.clients.NetworkClient.poll(NetworkClient.java:551)
	org.apache.kafka.clients.admin.KafkaAdminClient$AdminClientRunnable.processRequests(KafkaAdminClient.java:1414)
	org.apache.kafka.clients.admin.KafkaAdminClient$AdminClientRunnable.run(KafkaAdminClient.java:1345)
	java.lang.Thread.run(Thread.java:748)
Expected: is <0>
     but: was <2>
	at io.confluent.ksql.test.rest.RestQueryTranslationTest.tearDown(RestQueryTranslationTest.java:143)

io.confluent.ksql.test.rest.RestQueryTranslationTest.shouldBuildAndExecuteQueries[push-queries - windowed table with tombstones - key not in projection]  Time elapsed: 32.161 s  <<< FAILURE!
java.lang.AssertionError: 
Active thead-count is on the up: is there new ExecutorService that's not being shutdown somewhere?
New Thead: kafka-admin-client-thread | adminclient-1112 (RUNNABLE)
StackTrace: 
	sun.nio.ch.EPollArrayWrapper.epollWait(Native Method)
	sun.nio.ch.EPollArrayWrapper.poll(EPollArrayWrapper.java:269)
	sun.nio.ch.EPollSelectorImpl.doSelect(EPollSelectorImpl.java:93)
	sun.nio.ch.SelectorImpl.lockAndDoSelect(SelectorImpl.java:86)
	sun.nio.ch.SelectorImpl.select(SelectorImpl.java:97)
	org.apache.kafka.common.network.Selector.select(Selector.java:873)
	org.apache.kafka.common.network.Selector.poll(Selector.java:465)
	org.apache.kafka.clients.NetworkClient.poll(NetworkClient.java:551)
	org.apache.kafka.clients.admin.KafkaAdminClient$AdminClientRunnable.processRequests(KafkaAdminClient.java:1414)
	org.apache.kafka.clients.admin.KafkaAdminClient$AdminClientRunnable.run(KafkaAdminClient.java:1345)
	java.lang.Thread.run(Thread.java:748)

New Thead: kafka-admin-client-thread | adminclient-658 (RUNNABLE)
StackTrace: 
	sun.nio.ch.EPollArrayWrapper.epollWait(Native Method)
	sun.nio.ch.EPollArrayWrapper.poll(EPollArrayWrapper.java:269)
	sun.nio.ch.EPollSelectorImpl.doSelect(EPollSelectorImpl.java:93)
	sun.nio.ch.SelectorImpl.lockAndDoSelect(SelectorImpl.java:86)
	sun.nio.ch.SelectorImpl.select(SelectorImpl.java:97)
	org.apache.kafka.common.network.Selector.select(Selector.java:873)
	org.apache.kafka.common.network.Selector.poll(Selector.java:465)
	org.apache.kafka.clients.NetworkClient.poll(NetworkClient.java:551)
	org.apache.kafka.clients.admin.KafkaAdminClient$AdminClientRunnable.processRequests(KafkaAdminClient.java:1414)
	org.apache.kafka.clients.admin.KafkaAdminClient$AdminClientRunnable.run(KafkaAdminClient.java:1345)
	java.lang.Thread.run(Thread.java:748)
Expected: is <0>
     but: was <2>
	at io.confluent.ksql.test.rest.RestQueryTranslationTest.tearDown(RestQueryTranslationTest.java:143)

io.confluent.ksql.test.rest.RestQueryTranslationTest.shouldBuildAndExecuteQueries[push-queries - windowed table with tombstones - only window bounds in projection]  Time elapsed: 32.218 s  <<< FAILURE!
java.lang.AssertionError: 
Active thead-count is on the up: is there new ExecutorService that's not being shutdown somewhere?
New Thead: kafka-admin-client-thread | adminclient-1112 (RUNNABLE)
StackTrace: 
	sun.nio.ch.EPollArrayWrapper.epollWait(Native Method)
	sun.nio.ch.EPollArrayWrapper.poll(EPollArrayWrapper.java:269)
	sun.nio.ch.EPollSelectorImpl.doSelect(EPollSelectorImpl.java:93)
	sun.nio.ch.SelectorImpl.lockAndDoSelect(SelectorImpl.java:86)
	sun.nio.ch.SelectorImpl.select(SelectorImpl.java:97)
	org.apache.kafka.common.network.Selector.select(Selector.java:873)
	org.apache.kafka.common.network.Selector.poll(Selector.java:465)
	org.apache.kafka.clients.NetworkClient.poll(NetworkClient.java:551)
	org.apache.kafka.clients.admin.KafkaAdminClient$AdminClientRunnable.processRequests(KafkaAdminClient.java:1414)
	org.apache.kafka.clients.admin.KafkaAdminClient$AdminClientRunnable.run(KafkaAdminClient.java:1345)
	java.lang.Thread.run(Thread.java:748)

New Thead: kafka-admin-client-thread | adminclient-658 (RUNNABLE)
StackTrace: 
	sun.nio.ch.EPollArrayWrapper.epollWait(Native Method)
	sun.nio.ch.EPollArrayWrapper.poll(EPollArrayWrapper.java:269)
	sun.nio.ch.EPollSelectorImpl.doSelect(EPollSelectorImpl.java:93)
	sun.nio.ch.SelectorImpl.lockAndDoSelect(SelectorImpl.java:86)
	sun.nio.ch.SelectorImpl.select(SelectorImpl.java:97)
	org.apache.kafka.common.network.Selector.select(Selector.java:873)
	org.apache.kafka.common.network.Selector.poll(Selector.java:465)
	org.apache.kafka.clients.NetworkClient.poll(NetworkClient.java:551)
	org.apache.kafka.clients.admin.KafkaAdminClient$AdminClientRunnable.processRequests(KafkaAdminClient.java:1414)
	org.apache.kafka.clients.admin.KafkaAdminClient$AdminClientRunnable.run(KafkaAdminClient.java:1345)
	java.lang.Thread.run(Thread.java:748)
Expected: is <0>
     but: was <2>
	at io.confluent.ksql.test.rest.RestQueryTranslationTest.tearDown(RestQueryTranslationTest.java:143)

io.confluent.ksql.test.rest.RestQueryTranslationTest.shouldBuildAndExecuteQueries[push-queries - NULL Arithmetic Behavior - INTEGER addition]  Time elapsed: 30.766 s  <<< FAILURE!
java.lang.AssertionError: 
Active thead-count is on the up: is there new ExecutorService that's not being shutdown somewhere?
New Thead: kafka-admin-client-thread | adminclient-1112 (RUNNABLE)
StackTrace: 
	sun.nio.ch.EPollArrayWrapper.epollWait(Native Method)
	sun.nio.ch.EPollArrayWrapper.poll(EPollArrayWrapper.java:269)
	sun.nio.ch.EPollSelectorImpl.doSelect(EPollSelectorImpl.java:93)
	sun.nio.ch.SelectorImpl.lockAndDoSelect(SelectorImpl.java:86)
	sun.nio.ch.SelectorImpl.select(SelectorImpl.java:97)
	org.apache.kafka.common.network.Selector.select(Selector.java:873)
	org.apache.kafka.common.network.Selector.poll(Selector.java:465)
	org.apache.kafka.clients.NetworkClient.poll(NetworkClient.java:551)
	org.apache.kafka.clients.admin.KafkaAdminClient$AdminClientRunnable.processRequests(KafkaAdminClient.java:1414)
	org.apache.kafka.clients.admin.KafkaAdminClient$AdminClientRunnable.run(KafkaAdminClient.java:1345)
	java.lang.Thread.run(Thread.java:748)

New Thead: kafka-admin-client-thread | adminclient-658 (RUNNABLE)
StackTrace: 
	sun.nio.ch.EPollArrayWrapper.epollWait(Native Method)
	sun.nio.ch.EPollArrayWrapper.poll(EPollArrayWrapper.java:269)
	sun.nio.ch.EPollSelectorImpl.doSelect(EPollSelectorImpl.java:93)
	sun.nio.ch.SelectorImpl.lockAndDoSelect(SelectorImpl.java:86)
	sun.nio.ch.SelectorImpl.select(SelectorImpl.java:97)
	org.apache.kafka.common.network.Selector.select(Selector.java:873)
	org.apache.kafka.common.network.Selector.poll(Selector.java:465)
	org.apache.kafka.clients.NetworkClient.poll(NetworkClient.java:551)
	org.apache.kafka.clients.admin.KafkaAdminClient$AdminClientRunnable.processRequests(KafkaAdminClient.java:1414)
	org.apache.kafka.clients.admin.KafkaAdminClient$AdminClientRunnable.run(KafkaAdminClient.java:1345)
	java.lang.Thread.run(Thread.java:748)
Expected: is <0>
     but: was <2>
	at io.confluent.ksql.test.rest.RestQueryTranslationTest.tearDown(RestQueryTranslationTest.java:143)

io.confluent.ksql.test.rest.RestQueryTranslationTest.shouldBuildAndExecuteQueries[push-queries - NULL Arithmetic Behavior - MAP addition]  Time elapsed: 30.77 s  <<< FAILURE!
java.lang.AssertionError: 
Active thead-count is on the up: is there new ExecutorService that's not being shutdown somewhere?
New Thead: kafka-admin-client-thread | adminclient-1112 (RUNNABLE)
StackTrace: 
	sun.nio.ch.EPollArrayWrapper.epollWait(Native Method)
	sun.nio.ch.EPollArrayWrapper.poll(EPollArrayWrapper.java:269)
	sun.nio.ch.EPollSelectorImpl.doSelect(EPollSelectorImpl.java:93)
	sun.nio.ch.SelectorImpl.lockAndDoSelect(SelectorImpl.java:86)
	sun.nio.ch.SelectorImpl.select(SelectorImpl.java:97)
	org.apache.kafka.common.network.Selector.select(Selector.java:873)
	org.apache.kafka.common.network.Selector.poll(Selector.java:465)
	org.apache.kafka.clients.NetworkClient.poll(NetworkClient.java:551)
	org.apache.kafka.clients.admin.KafkaAdminClient$AdminClientRunnable.processRequests(KafkaAdminClient.java:1414)
	org.apache.kafka.clients.admin.KafkaAdminClient$AdminClientRunnable.run(KafkaAdminClient.java:1345)
	java.lang.Thread.run(Thread.java:748)

New Thead: kafka-admin-client-thread | adminclient-658 (RUNNABLE)
StackTrace: 
	sun.nio.ch.EPollArrayWrapper.epollWait(Native Method)
	sun.nio.ch.EPollArrayWrapper.poll(EPollArrayWrapper.java:269)
	sun.nio.ch.EPollSelectorImpl.doSelect(EPollSelectorImpl.java:93)
	sun.nio.ch.SelectorImpl.lockAndDoSelect(SelectorImpl.java:86)
	sun.nio.ch.SelectorImpl.select(SelectorImpl.java:97)
	org.apache.kafka.common.network.Selector.select(Selector.java:873)
	org.apache.kafka.common.network.Selector.poll(Selector.java:465)
	org.apache.kafka.clients.NetworkClient.poll(NetworkClient.java:551)
	org.apache.kafka.clients.admin.KafkaAdminClient$AdminClientRunnable.processRequests(KafkaAdminClient.java:1414)
	org.apache.kafka.clients.admin.KafkaAdminClient$AdminClientRunnable.run(KafkaAdminClient.java:1345)
	java.lang.Thread.run(Thread.java:748)
Expected: is <0>
     but: was <2>
	at io.confluent.ksql.test.rest.RestQueryTranslationTest.tearDown(RestQueryTranslationTest.java:143)

io.confluent.ksql.test.rest.RestQueryTranslationTest.shouldBuildAndExecuteQueries[push-queries - NULL Arithmetic Behavior - ARRAY addition]  Time elapsed: 30.699 s  <<< FAILURE!
java.lang.AssertionError: 
Active thead-count is on the up: is there new ExecutorService that's not being shutdown somewhere?
New Thead: kafka-admin-client-thread | adminclient-1112 (RUNNABLE)
StackTrace: 
	sun.nio.ch.EPollArrayWrapper.epollWait(Native Method)
	sun.nio.ch.EPollArrayWrapper.poll(EPollArrayWrapper.java:269)
	sun.nio.ch.EPollSelectorImpl.doSelect(EPollSelectorImpl.java:93)
	sun.nio.ch.SelectorImpl.lockAndDoSelect(SelectorImpl.java:86)
	sun.nio.ch.SelectorImpl.select(SelectorImpl.java:97)
	org.apache.kafka.common.network.Selector.select(Selector.java:873)
	org.apache.kafka.common.network.Selector.poll(Selector.java:465)
	org.apache.kafka.clients.NetworkClient.poll(NetworkClient.java:551)
	org.apache.kafka.clients.admin.KafkaAdminClient$AdminClientRunnable.processRequests(KafkaAdminClient.java:1414)
	org.apache.kafka.clients.admin.KafkaAdminClient$AdminClientRunnable.run(KafkaAdminClient.java:1345)
	java.lang.Thread.run(Thread.java:748)

New Thead: kafka-admin-client-thread | adminclient-658 (RUNNABLE)
StackTrace: 
	sun.nio.ch.EPollArrayWrapper.epollWait(Native Method)
	sun.nio.ch.EPollArrayWrapper.poll(EPollArrayWrapper.java:269)
	sun.nio.ch.EPollSelectorImpl.doSelect(EPollSelectorImpl.java:93)
	sun.nio.ch.SelectorImpl.lockAndDoSelect(SelectorImpl.java:86)
	sun.nio.ch.SelectorImpl.select(SelectorImpl.java:97)
	org.apache.kafka.common.network.Selector.select(Selector.java:873)
	org.apache.kafka.common.network.Selector.poll(Selector.java:465)
	org.apache.kafka.clients.NetworkClient.poll(NetworkClient.java:551)
	org.apache.kafka.clients.admin.KafkaAdminClient$AdminClientRunnable.processRequests(KafkaAdminClient.java:1414)
	org.apache.kafka.clients.admin.KafkaAdminClient$AdminClientRunnable.run(KafkaAdminClient.java:1345)
	java.lang.Thread.run(Thread.java:748)
Expected: is <0>
     but: was <2>
	at io.confluent.ksql.test.rest.RestQueryTranslationTest.tearDown(RestQueryTranslationTest.java:143)

io.confluent.ksql.test.rest.RestQueryTranslationTest.shouldBuildAndExecuteQueries[push-queries - NULL Arithmetic Behavior - DECIMAL division]  Time elapsed: 30.682 s  <<< FAILURE!
java.lang.AssertionError: 
Active thead-count is on the up: is there new ExecutorService that's not being shutdown somewhere?
New Thead: kafka-admin-client-thread | adminclient-1112 (RUNNABLE)
StackTrace: 
	sun.nio.ch.EPollArrayWrapper.epollWait(Native Method)
	sun.nio.ch.EPollArrayWrapper.poll(EPollArrayWrapper.java:269)
	sun.nio.ch.EPollSelectorImpl.doSelect(EPollSelectorImpl.java:93)
	sun.nio.ch.SelectorImpl.lockAndDoSelect(SelectorImpl.java:86)
	sun.nio.ch.SelectorImpl.select(SelectorImpl.java:97)
	org.apache.kafka.common.network.Selector.select(Selector.java:873)
	org.apache.kafka.common.network.Selector.poll(Selector.java:465)
	org.apache.kafka.clients.NetworkClient.poll(NetworkClient.java:551)
	org.apache.kafka.clients.admin.KafkaAdminClient$AdminClientRunnable.processRequests(KafkaAdminClient.java:1414)
	org.apache.kafka.clients.admin.KafkaAdminClient$AdminClientRunnable.run(KafkaAdminClient.java:1345)
	java.lang.Thread.run(Thread.java:748)

New Thead: kafka-admin-client-thread | adminclient-658 (RUNNABLE)
StackTrace: 
	sun.nio.ch.EPollArrayWrapper.epollWait(Native Method)
	sun.nio.ch.EPollArrayWrapper.poll(EPollArrayWrapper.java:269)
	sun.nio.ch.EPollSelectorImpl.doSelect(EPollSelectorImpl.java:93)
	sun.nio.ch.SelectorImpl.lockAndDoSelect(SelectorImpl.java:86)
	sun.nio.ch.SelectorImpl.select(SelectorImpl.java:97)
	org.apache.kafka.common.network.Selector.select(Selector.java:873)
	org.apache.kafka.common.network.Selector.poll(Selector.java:465)
	org.apache.kafka.clients.NetworkClient.poll(NetworkClient.java:551)
	org.apache.kafka.clients.admin.KafkaAdminClient$AdminClientRunnable.processRequests(KafkaAdminClient.java:1414)
	org.apache.kafka.clients.admin.KafkaAdminClient$AdminClientRunnable.run(KafkaAdminClient.java:1345)
	java.lang.Thread.run(Thread.java:748)
Expected: is <0>
     but: was <2>
	at io.confluent.ksql.test.rest.RestQueryTranslationTest.tearDown(RestQueryTranslationTest.java:143)

io.confluent.ksql.test.rest.RestQueryTranslationTest.shouldBuildAndExecuteQueries[push-queries - NULL Arithmetic Behavior - NULL NULL multiplication]  Time elapsed: 30.775 s  <<< FAILURE!
java.lang.AssertionError: 
Active thead-count is on the up: is there new ExecutorService that's not being shutdown somewhere?
New Thead: kafka-admin-client-thread | adminclient-1112 (RUNNABLE)
StackTrace: 
	sun.nio.ch.EPollArrayWrapper.epollWait(Native Method)
	sun.nio.ch.EPollArrayWrapper.poll(EPollArrayWrapper.java:269)
	sun.nio.ch.EPollSelectorImpl.doSelect(EPollSelectorImpl.java:93)
	sun.nio.ch.SelectorImpl.lockAndDoSelect(SelectorImpl.java:86)
	sun.nio.ch.SelectorImpl.select(SelectorImpl.java:97)
	org.apache.kafka.common.network.Selector.select(Selector.java:873)
	org.apache.kafka.common.network.Selector.poll(Selector.java:465)
	org.apache.kafka.clients.NetworkClient.poll(NetworkClient.java:551)
	org.apache.kafka.clients.admin.KafkaAdminClient$AdminClientRunnable.processRequests(KafkaAdminClient.java:1414)
	org.apache.kafka.clients.admin.KafkaAdminClient$AdminClientRunnable.run(KafkaAdminClient.java:1345)
	java.lang.Thread.run(Thread.java:748)

New Thead: kafka-admin-client-thread | adminclient-658 (RUNNABLE)
StackTrace: 
	sun.nio.ch.EPollArrayWrapper.epollWait(Native Method)
	sun.nio.ch.EPollArrayWrapper.poll(EPollArrayWrapper.java:269)
	sun.nio.ch.EPollSelectorImpl.doSelect(EPollSelectorImpl.java:93)
	sun.nio.ch.SelectorImpl.lockAndDoSelect(SelectorImpl.java:86)
	sun.nio.ch.SelectorImpl.select(SelectorImpl.java:97)
	org.apache.kafka.common.network.Selector.select(Selector.java:873)
	org.apache.kafka.common.network.Selector.poll(Selector.java:465)
	org.apache.kafka.clients.NetworkClient.poll(NetworkClient.java:551)
	org.apache.kafka.clients.admin.KafkaAdminClient$AdminClientRunnable.processRequests(KafkaAdminClient.java:1414)
	org.apache.kafka.clients.admin.KafkaAdminClient$AdminClientRunnable.run(KafkaAdminClient.java:1345)
	java.lang.Thread.run(Thread.java:748)
Expected: is <0>
     but: was <2>
	at io.confluent.ksql.test.rest.RestQueryTranslationTest.tearDown(RestQueryTranslationTest.java:143)

-------------------------------------------------------------------------------
Test set: io.confluent.ksql.test.model.KeyFormatNodeTest
-------------------------------------------------------------------------------
Tests run: 1, Failures: 0, Errors: 0, Skipped: 0, Time elapsed: 0.006 s - in io.confluent.ksql.test.model.KeyFormatNodeTest
-------------------------------------------------------------------------------
Test set: io.confluent.ksql.test.tools.TestExecutorTest
-------------------------------------------------------------------------------
Tests run: 14, Failures: 0, Errors: 0, Skipped: 0, Time elapsed: 1.385 s - in io.confluent.ksql.test.tools.TestExecutorTest
-------------------------------------------------------------------------------
Test set: io.confluent.ksql.test.planned.TestCasePlanLoaderTest
-------------------------------------------------------------------------------
Tests run: 1, Failures: 0, Errors: 0, Skipped: 0, Time elapsed: 0.002 s - in io.confluent.ksql.test.planned.TestCasePlanLoaderTest
-------------------------------------------------------------------------------
Test set: io.confluent.ksql.test.functional.ImmutabilityTest
-------------------------------------------------------------------------------
Tests run: 2, Failures: 0, Errors: 0, Skipped: 0, Time elapsed: 0.004 s - in io.confluent.ksql.test.functional.ImmutabilityTest
-------------------------------------------------------------------------------
Test set: io.confluent.ksql.test.model.PostConditionsNodeTest
-------------------------------------------------------------------------------
Tests run: 1, Failures: 0, Errors: 0, Skipped: 0, Time elapsed: 0.002 s - in io.confluent.ksql.test.model.PostConditionsNodeTest
-------------------------------------------------------------------------------
Test set: io.confluent.ksql.test.QueryAnonymizerTest
-------------------------------------------------------------------------------
Tests run: 1, Failures: 0, Errors: 0, Skipped: 0, Time elapsed: 0.077 s - in io.confluent.ksql.test.QueryAnonymizerTest
-------------------------------------------------------------------------------
Test set: io.confluent.ksql.test.model.SourceNodeTest
-------------------------------------------------------------------------------
Tests run: 4, Failures: 0, Errors: 0, Skipped: 0, Time elapsed: 0.002 s - in io.confluent.ksql.test.model.SourceNodeTest
-------------------------------------------------------------------------------
Test set: io.confluent.ksql.test.tools.HistoricalTestingFunctionalTest
-------------------------------------------------------------------------------
Tests run: 3, Failures: 0, Errors: 0, Skipped: 0, Time elapsed: 0.369 s - in io.confluent.ksql.test.tools.HistoricalTestingFunctionalTest
-------------------------------------------------------------------------------
Test set: io.confluent.ksql.test.serde.json.ValueSpecJsonSerdeSupplierTest
-------------------------------------------------------------------------------
Tests run: 4, Failures: 0, Errors: 0, Skipped: 0, Time elapsed: 0.028 s - in io.confluent.ksql.test.serde.json.ValueSpecJsonSerdeSupplierTest
-------------------------------------------------------------------------------
Test set: io.confluent.ksql.test.tools.StubKafkaServiceTest
-------------------------------------------------------------------------------
Tests run: 3, Failures: 0, Errors: 0, Skipped: 0, Time elapsed: 0.146 s - in io.confluent.ksql.test.tools.StubKafkaServiceTest
-------------------------------------------------------------------------------
Test set: io.confluent.ksql.test.tools.command.TestOptionsParserTest
-------------------------------------------------------------------------------
Tests run: 3, Failures: 0, Errors: 0, Skipped: 0, Time elapsed: 0.092 s - in io.confluent.ksql.test.tools.command.TestOptionsParserTest
-------------------------------------------------------------------------------
Test set: io.confluent.ksql.test.rest.RestTestExecutorTest
-------------------------------------------------------------------------------
Tests run: 4, Failures: 0, Errors: 0, Skipped: 0, Time elapsed: 7.39 s - in io.confluent.ksql.test.rest.RestTestExecutorTest
-------------------------------------------------------------------------------
Test set: io.confluent.ksql.test.QueryTranslationTest
-------------------------------------------------------------------------------
Tests run: 6291, Failures: 6, Errors: 0, Skipped: 0, Time elapsed: 234.52 s <<< FAILURE! - in io.confluent.ksql.test.QueryTranslationTest
io.confluent.ksql.test.QueryTranslationTest.shouldBuildAndExecuteQueries[session-windows - out of order - explicit grace period]  Time elapsed: 0.041 s  <<< FAILURE!
java.lang.AssertionError: 
Topic S2. Expected <6> records but it was <10>
Actual records: 
<[0@0/0], "0"> with timestamp=0
<[0@70010/70010], "1"> with timestamp=70010
<[0@0/0], null> with timestamp=0
<[0@0/10009], "5"> with timestamp=10009
<[0@0/10009], null> with timestamp=10009
<[0@0/10010], "6"> with timestamp=10010
<[1@10009/10009], "100"> with timestamp=10009
<[1@10009/10009], null> with timestamp=10009
<[1@10009/10010], "101"> with timestamp=10010
<[1@86412022/86412022], "200"> with timestamp=86412022
failed test: session-windows - out of order - explicit grace period
in file:///home/confluent/prod/ksql/ksqldb-functional-tests/src/test/resources/query-validation-tests/session-windows.json:46
	at io.confluent.ksql.test.QueryTranslationTest.shouldBuildAndExecuteQueries(QueryTranslationTest.java:91)
Caused by: io.confluent.ksql.util.KsqlException: 
Topic S2. Expected <6> records but it was <10>
Actual records: 
<[0@0/0], "0"> with timestamp=0
<[0@70010/70010], "1"> with timestamp=70010
<[0@0/0], null> with timestamp=0
<[0@0/10009], "5"> with timestamp=10009
<[0@0/10009], null> with timestamp=10009
<[0@0/10010], "6"> with timestamp=10010
<[1@10009/10009], "100"> with timestamp=10009
<[1@10009/10009], null> with timestamp=10009
<[1@10009/10010], "101"> with timestamp=10010
<[1@86412022/86412022], "200"> with timestamp=86412022
	at io.confluent.ksql.test.QueryTranslationTest.shouldBuildAndExecuteQueries(QueryTranslationTest.java:91)

io.confluent.ksql.test.QueryTranslationTest.shouldBuildAndExecuteQueries[suppress - should support final results for session windows]  Time elapsed: 0.034 s  <<< FAILURE!
java.lang.AssertionError: 
Topic 'OUTPUT', message 0: Expected <"k1", {"COUNT":3}> with timestamp=8 but was <[k1@0/8], {COUNT=4}> with timestamp=8
failed test: suppress - should support final results for session windows
in file:///home/confluent/prod/ksql/ksqldb-functional-tests/src/test/resources/query-validation-tests/suppress.json:208
	at io.confluent.ksql.test.QueryTranslationTest.shouldBuildAndExecuteQueries(QueryTranslationTest.java:91)
Caused by: java.lang.AssertionError: Topic 'OUTPUT', message 0: Expected <"k1", {"COUNT":3}> with timestamp=8 but was <[k1@0/8], {COUNT=4}> with timestamp=8
	at io.confluent.ksql.test.QueryTranslationTest.shouldBuildAndExecuteQueries(QueryTranslationTest.java:91)

io.confluent.ksql.test.QueryTranslationTest.shouldBuildAndExecuteQueries[session-windows - out of order - explicit grace period-6.0.0-1591102310430]  Time elapsed: 0.051 s  <<< FAILURE!
java.lang.AssertionError: 
Topic S2. Expected <6> records but it was <10>
Actual records: 
<[0@0/0], "0"> with timestamp=0
<[0@70010/70010], "1"> with timestamp=70010
<[0@0/0], null> with timestamp=0
<[0@0/10009], "5"> with timestamp=10009
<[0@0/10009], null> with timestamp=10009
<[0@0/10010], "6"> with timestamp=10010
<[1@10009/10009], "100"> with timestamp=10009
<[1@10009/10009], null> with timestamp=10009
<[1@10009/10010], "101"> with timestamp=10010
<[1@86412022/86412022], "200"> with timestamp=86412022
failed test: session-windows - out of order - explicit grace period-6.0.0-1591102310430
in file:///home/confluent/prod/ksql/ksqldb-functional-tests/src/test/resources/historical_plans/session-windows_-_out_of_order_-_explicit_grace_period/6.0.0_1591102310430
	at io.confluent.ksql.test.QueryTranslationTest.shouldBuildAndExecuteQueries(QueryTranslationTest.java:91)
Caused by: io.confluent.ksql.util.KsqlException: 
Topic S2. Expected <6> records but it was <10>
Actual records: 
<[0@0/0], "0"> with timestamp=0
<[0@70010/70010], "1"> with timestamp=70010
<[0@0/0], null> with timestamp=0
<[0@0/10009], "5"> with timestamp=10009
<[0@0/10009], null> with timestamp=10009
<[0@0/10010], "6"> with timestamp=10010
<[1@10009/10009], "100"> with timestamp=10009
<[1@10009/10009], null> with timestamp=10009
<[1@10009/10010], "101"> with timestamp=10010
<[1@86412022/86412022], "200"> with timestamp=86412022
	at io.confluent.ksql.test.QueryTranslationTest.shouldBuildAndExecuteQueries(QueryTranslationTest.java:91)

io.confluent.ksql.test.QueryTranslationTest.shouldBuildAndExecuteQueries[session-windows - out of order - explicit grace period-7.0.0-1618294688664]  Time elapsed: 0.051 s  <<< FAILURE!
java.lang.AssertionError: 
Topic S2. Expected <6> records but it was <10>
Actual records: 
<[0@0/0], "0"> with timestamp=0
<[0@70010/70010], "1"> with timestamp=70010
<[0@0/0], null> with timestamp=0
<[0@0/10009], "5"> with timestamp=10009
<[0@0/10009], null> with timestamp=10009
<[0@0/10010], "6"> with timestamp=10010
<[1@10009/10009], "100"> with timestamp=10009
<[1@10009/10009], null> with timestamp=10009
<[1@10009/10010], "101"> with timestamp=10010
<[1@86412022/86412022], "200"> with timestamp=86412022
failed test: session-windows - out of order - explicit grace period-7.0.0-1618294688664
in file:///home/confluent/prod/ksql/ksqldb-functional-tests/src/test/resources/historical_plans/session-windows_-_out_of_order_-_explicit_grace_period/7.0.0_1618294688664
	at io.confluent.ksql.test.QueryTranslationTest.shouldBuildAndExecuteQueries(QueryTranslationTest.java:91)
Caused by: io.confluent.ksql.util.KsqlException: 
Topic S2. Expected <6> records but it was <10>
Actual records: 
<[0@0/0], "0"> with timestamp=0
<[0@70010/70010], "1"> with timestamp=70010
<[0@0/0], null> with timestamp=0
<[0@0/10009], "5"> with timestamp=10009
<[0@0/10009], null> with timestamp=10009
<[0@0/10010], "6"> with timestamp=10010
<[1@10009/10009], "100"> with timestamp=10009
<[1@10009/10009], null> with timestamp=10009
<[1@10009/10010], "101"> with timestamp=10010
<[1@86412022/86412022], "200"> with timestamp=86412022
	at io.confluent.ksql.test.QueryTranslationTest.shouldBuildAndExecuteQueries(QueryTranslationTest.java:91)

io.confluent.ksql.test.QueryTranslationTest.shouldBuildAndExecuteQueries[suppress - should support final results for session windows-6.1.0-1595998101485]  Time elapsed: 0.041 s  <<< FAILURE!
java.lang.AssertionError: 
Topic 'OUTPUT', message 0: Expected <"k1", {"COUNT":3}> with timestamp=8 but was <[k1@0/8], {COUNT=4}> with timestamp=8
failed test: suppress - should support final results for session windows-6.1.0-1595998101485
in file:///home/confluent/prod/ksql/ksqldb-functional-tests/src/test/resources/historical_plans/suppress_-_should_support_final_results_for_session_windows/6.1.0_1595998101485
	at io.confluent.ksql.test.QueryTranslationTest.shouldBuildAndExecuteQueries(QueryTranslationTest.java:91)
Caused by: java.lang.AssertionError: Topic 'OUTPUT', message 0: Expected <"k1", {"COUNT":3}> with timestamp=8 but was <[k1@0/8], {COUNT=4}> with timestamp=8
	at io.confluent.ksql.test.QueryTranslationTest.shouldBuildAndExecuteQueries(QueryTranslationTest.java:91)

io.confluent.ksql.test.QueryTranslationTest.shouldBuildAndExecuteQueries[suppress - should support final results for session windows-7.0.0-1618294694168]  Time elapsed: 0.024 s  <<< FAILURE!
java.lang.AssertionError: 
Topic 'OUTPUT', message 0: Expected <"k1", {"COUNT":3}> with timestamp=8 but was <[k1@0/8], {COUNT=4}> with timestamp=8
failed test: suppress - should support final results for session windows-7.0.0-1618294694168
in file:///home/confluent/prod/ksql/ksqldb-functional-tests/src/test/resources/historical_plans/suppress_-_should_support_final_results_for_session_windows/7.0.0_1618294694168
	at io.confluent.ksql.test.QueryTranslationTest.shouldBuildAndExecuteQueries(QueryTranslationTest.java:91)
Caused by: java.lang.AssertionError: Topic 'OUTPUT', message 0: Expected <"k1", {"COUNT":3}> with timestamp=8 but was <[k1@0/8], {COUNT=4}> with timestamp=8
	at io.confluent.ksql.test.QueryTranslationTest.shouldBuildAndExecuteQueries(QueryTranslationTest.java:91)

-------------------------------------------------------------------------------
Test set: io.confluent.ksql.test.parser.TestDirectiveTest
-------------------------------------------------------------------------------
Tests run: 4, Failures: 0, Errors: 0, Skipped: 0, Time elapsed: 0.001 s - in io.confluent.ksql.test.parser.TestDirectiveTest
-------------------------------------------------------------------------------
Test set: io.confluent.ksql.schema.ksql.types.SqlStructTest$FieldTest
-------------------------------------------------------------------------------
Tests run: 8, Failures: 0, Errors: 0, Skipped: 0, Time elapsed: 0.047 s - in io.confluent.ksql.schema.ksql.types.SqlStructTest$FieldTest
-------------------------------------------------------------------------------
Test set: io.confluent.ksql.schema.ksql.types.SqlPrimitiveTypeTest
-------------------------------------------------------------------------------
Tests run: 11, Failures: 0, Errors: 0, Skipped: 0, Time elapsed: 0.016 s - in io.confluent.ksql.schema.ksql.types.SqlPrimitiveTypeTest
-------------------------------------------------------------------------------
Test set: io.confluent.ksql.schema.ksql.types.SqlStructTest$StructTest
-------------------------------------------------------------------------------
Tests run: 12, Failures: 0, Errors: 0, Skipped: 0, Time elapsed: 0.026 s - in io.confluent.ksql.schema.ksql.types.SqlStructTest$StructTest
-------------------------------------------------------------------------------
Test set: io.confluent.ksql.schema.ksql.types.SqlTypesTest
-------------------------------------------------------------------------------
Tests run: 18, Failures: 0, Errors: 0, Skipped: 1, Time elapsed: 0.035 s - in io.confluent.ksql.schema.ksql.types.SqlTypesTest
-------------------------------------------------------------------------------
Test set: io.confluent.ksql.schema.ksql.SqlArgumentTest
-------------------------------------------------------------------------------
Tests run: 8, Failures: 0, Errors: 0, Skipped: 0, Time elapsed: 0.006 s - in io.confluent.ksql.schema.ksql.SqlArgumentTest
-------------------------------------------------------------------------------
Test set: io.confluent.ksql.schema.ksql.types.SqlArrayTest
-------------------------------------------------------------------------------
Tests run: 4, Failures: 0, Errors: 0, Skipped: 0, Time elapsed: 0.002 s - in io.confluent.ksql.schema.ksql.types.SqlArrayTest
-------------------------------------------------------------------------------
Test set: io.confluent.ksql.schema.ksql.types.SqlDecimalTest
-------------------------------------------------------------------------------
Tests run: 13, Failures: 0, Errors: 0, Skipped: 0, Time elapsed: 0.018 s - in io.confluent.ksql.schema.ksql.types.SqlDecimalTest
-------------------------------------------------------------------------------
Test set: io.confluent.ksql.types.KsqlStructTest
-------------------------------------------------------------------------------
Tests run: 17, Failures: 0, Errors: 0, Skipped: 0, Time elapsed: 0.874 s - in io.confluent.ksql.types.KsqlStructTest
-------------------------------------------------------------------------------
Test set: io.confluent.ksql.schema.ksql.types.SqlMapTest
-------------------------------------------------------------------------------
Tests run: 5, Failures: 0, Errors: 0, Skipped: 0, Time elapsed: 0.001 s - in io.confluent.ksql.schema.ksql.types.SqlMapTest
-------------------------------------------------------------------------------
Test set: io.confluent.ksql.integration.JoinIntTest
-------------------------------------------------------------------------------
Tests run: 4, Failures: 0, Errors: 0, Skipped: 0, Time elapsed: 298.12 s - in io.confluent.ksql.integration.JoinIntTest
-------------------------------------------------------------------------------
Test set: io.confluent.ksql.integration.SecureIntegrationTest
-------------------------------------------------------------------------------
Tests run: 7, Failures: 0, Errors: 0, Skipped: 0, Time elapsed: 170.754 s - in io.confluent.ksql.integration.SecureIntegrationTest
-------------------------------------------------------------------------------
Test set: io.confluent.ksql.integration.UdfIntTest
-------------------------------------------------------------------------------
Tests run: 12, Failures: 0, Errors: 0, Skipped: 5, Time elapsed: 9.939 s - in io.confluent.ksql.integration.UdfIntTest
-------------------------------------------------------------------------------
Test set: io.confluent.ksql.integration.StreamsSelectAndProjectIntTest
-------------------------------------------------------------------------------
Tests run: 21, Failures: 0, Errors: 0, Skipped: 0, Time elapsed: 241.435 s - in io.confluent.ksql.integration.StreamsSelectAndProjectIntTest
-------------------------------------------------------------------------------
Test set: io.confluent.ksql.integration.JsonFormatTest
-------------------------------------------------------------------------------
Tests run: 2, Failures: 0, Errors: 0, Skipped: 0, Time elapsed: 32.113 s - in io.confluent.ksql.integration.JsonFormatTest
-------------------------------------------------------------------------------
Test set: io.confluent.ksql.integration.WindowingIntTest
-------------------------------------------------------------------------------
Tests run: 4, Failures: 0, Errors: 0, Skipped: 0, Time elapsed: 102.469 s - in io.confluent.ksql.integration.WindowingIntTest
-------------------------------------------------------------------------------
Test set: io.confluent.ksql.integration.ReplaceIntTest
-------------------------------------------------------------------------------
Tests run: 3, Failures: 0, Errors: 0, Skipped: 0, Time elapsed: 142.081 s - in io.confluent.ksql.integration.ReplaceIntTest
-------------------------------------------------------------------------------
Test set: io.confluent.ksql.engine.rewrite.StatementRewriterTest
-------------------------------------------------------------------------------
Tests run: 35, Failures: 0, Errors: 0, Skipped: 0, Time elapsed: 1.669 s - in io.confluent.ksql.engine.rewrite.StatementRewriterTest
-------------------------------------------------------------------------------
Test set: io.confluent.ksql.function.udf.url.UrlExtractPathTest
-------------------------------------------------------------------------------
Tests run: 4, Failures: 0, Errors: 0, Skipped: 0, Time elapsed: 0.001 s - in io.confluent.ksql.function.udf.url.UrlExtractPathTest
-------------------------------------------------------------------------------
Test set: io.confluent.ksql.ddl.commands.DropTypeFactoryTest
-------------------------------------------------------------------------------
Tests run: 4, Failures: 0, Errors: 0, Skipped: 0, Time elapsed: 0.001 s - in io.confluent.ksql.ddl.commands.DropTypeFactoryTest
-------------------------------------------------------------------------------
Test set: io.confluent.ksql.ddl.commands.DropSourceFactoryTest
-------------------------------------------------------------------------------
Tests run: 5, Failures: 0, Errors: 0, Skipped: 0, Time elapsed: 0.001 s - in io.confluent.ksql.ddl.commands.DropSourceFactoryTest
-------------------------------------------------------------------------------
Test set: io.confluent.ksql.planner.plan.QueryProjectNodeTest
-------------------------------------------------------------------------------
Tests run: 7, Failures: 0, Errors: 0, Skipped: 0, Time elapsed: 0.094 s - in io.confluent.ksql.planner.plan.QueryProjectNodeTest
-------------------------------------------------------------------------------
Test set: io.confluent.ksql.function.udf.datetime.TimestampSubTest
-------------------------------------------------------------------------------
Tests run: 4, Failures: 0, Errors: 0, Skipped: 0, Time elapsed: 0.002 s - in io.confluent.ksql.function.udf.datetime.TimestampSubTest
-------------------------------------------------------------------------------
Test set: io.confluent.ksql.function.udaf.min.LongMinKudafTest
-------------------------------------------------------------------------------
Tests run: 3, Failures: 0, Errors: 0, Skipped: 0, Time elapsed: 0.002 s - in io.confluent.ksql.function.udaf.min.LongMinKudafTest
-------------------------------------------------------------------------------
Test set: io.confluent.ksql.function.UdafTypesTest
-------------------------------------------------------------------------------
Tests run: 2, Failures: 0, Errors: 0, Skipped: 0, Time elapsed: 0.085 s - in io.confluent.ksql.function.UdafTypesTest
-------------------------------------------------------------------------------
Test set: io.confluent.ksql.function.udaf.sum.ListSumUdafTest
-------------------------------------------------------------------------------
Tests run: 8, Failures: 0, Errors: 0, Skipped: 0, Time elapsed: 0.002 s - in io.confluent.ksql.function.udaf.sum.ListSumUdafTest
-------------------------------------------------------------------------------
Test set: io.confluent.ksql.physical.pull.operators.KeyedWindowedTableLookupOperatorTest
-------------------------------------------------------------------------------
Tests run: 3, Failures: 0, Errors: 0, Skipped: 0, Time elapsed: 0.332 s - in io.confluent.ksql.physical.pull.operators.KeyedWindowedTableLookupOperatorTest
-------------------------------------------------------------------------------
Test set: io.confluent.ksql.function.udaf.sum.LongSumKudafTest
-------------------------------------------------------------------------------
Tests run: 5, Failures: 0, Errors: 0, Skipped: 0, Time elapsed: 0.001 s - in io.confluent.ksql.function.udaf.sum.LongSumKudafTest
-------------------------------------------------------------------------------
Test set: io.confluent.ksql.function.udf.string.LCaseTest
-------------------------------------------------------------------------------
Tests run: 4, Failures: 0, Errors: 0, Skipped: 0, Time elapsed: 0.001 s - in io.confluent.ksql.function.udf.string.LCaseTest
-------------------------------------------------------------------------------
Test set: io.confluent.ksql.function.udaf.max.LongMaxKudafTest
-------------------------------------------------------------------------------
Tests run: 3, Failures: 0, Errors: 0, Skipped: 0, Time elapsed: 0.001 s - in io.confluent.ksql.function.udaf.max.LongMaxKudafTest
-------------------------------------------------------------------------------
Test set: io.confluent.ksql.services.KafkaTopicClientImplTest
-------------------------------------------------------------------------------
Tests run: 44, Failures: 0, Errors: 0, Skipped: 0, Time elapsed: 6.384 s - in io.confluent.ksql.services.KafkaTopicClientImplTest
-------------------------------------------------------------------------------
Test set: io.confluent.ksql.planner.plan.ProjectNodeTest
-------------------------------------------------------------------------------
Tests run: 2, Failures: 0, Errors: 0, Skipped: 0, Time elapsed: 0.106 s - in io.confluent.ksql.planner.plan.ProjectNodeTest
-------------------------------------------------------------------------------
Test set: io.confluent.ksql.planner.plan.KsqlStructuredDataOutputNodeTest
-------------------------------------------------------------------------------
Tests run: 6, Failures: 0, Errors: 0, Skipped: 0, Time elapsed: 0.261 s - in io.confluent.ksql.planner.plan.KsqlStructuredDataOutputNodeTest
-------------------------------------------------------------------------------
Test set: io.confluent.ksql.function.udf.array.ArrayRemoveTest
-------------------------------------------------------------------------------
Tests run: 11, Failures: 0, Errors: 0, Skipped: 0, Time elapsed: 0.006 s - in io.confluent.ksql.function.udf.array.ArrayRemoveTest
-------------------------------------------------------------------------------
Test set: io.confluent.ksql.query.QueryRegistryImplTest
-------------------------------------------------------------------------------
Tests run: 18, Failures: 0, Errors: 0, Skipped: 0, Time elapsed: 0.001 s - in io.confluent.ksql.query.QueryRegistryImplTest
-------------------------------------------------------------------------------
Test set: io.confluent.ksql.function.udf.url.UrlExtractHostTest
-------------------------------------------------------------------------------
Tests run: 3, Failures: 0, Errors: 0, Skipped: 0, Time elapsed: 0.001 s - in io.confluent.ksql.function.udf.url.UrlExtractHostTest
-------------------------------------------------------------------------------
Test set: io.confluent.ksql.function.udaf.max.DoubleMaxKudafTest
-------------------------------------------------------------------------------
Tests run: 3, Failures: 0, Errors: 0, Skipped: 0, Time elapsed: 0.001 s - in io.confluent.ksql.function.udaf.max.DoubleMaxKudafTest
-------------------------------------------------------------------------------
Test set: io.confluent.ksql.function.udf.string.LenTest
-------------------------------------------------------------------------------
Tests run: 3, Failures: 0, Errors: 0, Skipped: 0, Time elapsed: 0.005 s - in io.confluent.ksql.function.udf.string.LenTest
-------------------------------------------------------------------------------
Test set: io.confluent.ksql.embedded.KsqlContextTest
-------------------------------------------------------------------------------
Tests run: 19, Failures: 0, Errors: 0, Skipped: 0, Time elapsed: 0.471 s - in io.confluent.ksql.embedded.KsqlContextTest
-------------------------------------------------------------------------------
Test set: io.confluent.ksql.engine.rewrite.DataSourceExtractorTest
-------------------------------------------------------------------------------
Tests run: 11, Failures: 0, Errors: 0, Skipped: 0, Time elapsed: 0.006 s - in io.confluent.ksql.engine.rewrite.DataSourceExtractorTest
-------------------------------------------------------------------------------
Test set: io.confluent.ksql.schema.ksql.inference.SchemaRegisterInjectorTest
-------------------------------------------------------------------------------
Tests run: 13, Failures: 0, Errors: 0, Skipped: 0, Time elapsed: 0.655 s - in io.confluent.ksql.schema.ksql.inference.SchemaRegisterInjectorTest
-------------------------------------------------------------------------------
Test set: io.confluent.ksql.ddl.commands.RegisterTypeFactoryTest
-------------------------------------------------------------------------------
Tests run: 4, Failures: 0, Errors: 0, Skipped: 0, Time elapsed: 0.055 s - in io.confluent.ksql.ddl.commands.RegisterTypeFactoryTest
-------------------------------------------------------------------------------
Test set: io.confluent.ksql.function.udf.url.UrlExtractProtocolTest
-------------------------------------------------------------------------------
Tests run: 3, Failures: 0, Errors: 0, Skipped: 0, Time elapsed: 0.002 s - in io.confluent.ksql.function.udf.url.UrlExtractProtocolTest
-------------------------------------------------------------------------------
Test set: io.confluent.ksql.function.udf.datetime.ConvertTzTest
-------------------------------------------------------------------------------
Tests run: 4, Failures: 0, Errors: 0, Skipped: 0, Time elapsed: 0.002 s - in io.confluent.ksql.function.udf.datetime.ConvertTzTest
-------------------------------------------------------------------------------
Test set: io.confluent.ksql.logging.query.QueryLoggerTest
-------------------------------------------------------------------------------
Tests run: 4, Failures: 0, Errors: 0, Skipped: 0, Time elapsed: 0.029 s - in io.confluent.ksql.logging.query.QueryLoggerTest
-------------------------------------------------------------------------------
Test set: io.confluent.ksql.function.udaf.sum.IntegerSumKudafTest
-------------------------------------------------------------------------------
Tests run: 5, Failures: 0, Errors: 0, Skipped: 0, Time elapsed: 0.001 s - in io.confluent.ksql.function.udaf.sum.IntegerSumKudafTest
-------------------------------------------------------------------------------
Test set: io.confluent.ksql.planner.plan.PlanNodeTest
-------------------------------------------------------------------------------
Tests run: 4, Failures: 0, Errors: 0, Skipped: 0, Time elapsed: 0.002 s - in io.confluent.ksql.planner.plan.PlanNodeTest
-------------------------------------------------------------------------------
Test set: io.confluent.ksql.function.udaf.max.IntegerMaxKudafTest
-------------------------------------------------------------------------------
Tests run: 3, Failures: 0, Errors: 0, Skipped: 0, Time elapsed: 0.001 s - in io.confluent.ksql.function.udaf.max.IntegerMaxKudafTest
-------------------------------------------------------------------------------
Test set: io.confluent.ksql.util.SandboxedTransientQueryMetadataTest
-------------------------------------------------------------------------------
Tests run: 3, Failures: 0, Errors: 0, Skipped: 0, Time elapsed: 0.174 s - in io.confluent.ksql.util.SandboxedTransientQueryMetadataTest
-------------------------------------------------------------------------------
Test set: io.confluent.ksql.function.udaf.min.DoubleMinKudafTest
-------------------------------------------------------------------------------
Tests run: 3, Failures: 0, Errors: 0, Skipped: 0, Time elapsed: 0.001 s - in io.confluent.ksql.function.udaf.min.DoubleMinKudafTest
-------------------------------------------------------------------------------
Test set: io.confluent.ksql.security.KsqlAuthorizationValidatorFactoryTest
-------------------------------------------------------------------------------
Tests run: 8, Failures: 0, Errors: 0, Skipped: 0, Time elapsed: 0.12 s - in io.confluent.ksql.security.KsqlAuthorizationValidatorFactoryTest
-------------------------------------------------------------------------------
Test set: io.confluent.ksql.function.udf.array.ArrayDistinctTest
-------------------------------------------------------------------------------
Tests run: 8, Failures: 0, Errors: 0, Skipped: 0, Time elapsed: 0.003 s - in io.confluent.ksql.function.udf.array.ArrayDistinctTest
-------------------------------------------------------------------------------
Test set: io.confluent.ksql.planner.plan.FinalProjectNodeTest
-------------------------------------------------------------------------------
Tests run: 5, Failures: 0, Errors: 0, Skipped: 0, Time elapsed: 0.002 s - in io.confluent.ksql.planner.plan.FinalProjectNodeTest
-------------------------------------------------------------------------------
Test set: io.confluent.ksql.physical.pull.operators.TableScanOperatorTest
-------------------------------------------------------------------------------
Tests run: 1, Failures: 0, Errors: 0, Skipped: 0, Time elapsed: 0.256 s - in io.confluent.ksql.physical.pull.operators.TableScanOperatorTest
-------------------------------------------------------------------------------
Test set: io.confluent.ksql.internal.QueryStateMetricsReportingListenerTest
-------------------------------------------------------------------------------
Tests run: 9, Failures: 0, Errors: 0, Skipped: 0, Time elapsed: 0.154 s - in io.confluent.ksql.internal.QueryStateMetricsReportingListenerTest
-------------------------------------------------------------------------------
Test set: io.confluent.ksql.function.udf.array.ArrayLengthTest
-------------------------------------------------------------------------------
Tests run: 2, Failures: 0, Errors: 0, Skipped: 0, Time elapsed: 0.003 s - in io.confluent.ksql.function.udf.array.ArrayLengthTest
-------------------------------------------------------------------------------
Test set: io.confluent.ksql.function.UdfMetricProducerTest
-------------------------------------------------------------------------------
Tests run: 2, Failures: 0, Errors: 0, Skipped: 0, Time elapsed: 0.002 s - in io.confluent.ksql.function.UdfMetricProducerTest
-------------------------------------------------------------------------------
Test set: io.confluent.ksql.function.udf.string.RegexpExtractAllTest
-------------------------------------------------------------------------------
Tests run: 6, Failures: 0, Errors: 0, Skipped: 0, Time elapsed: 0.001 s - in io.confluent.ksql.function.udf.string.RegexpExtractAllTest
-------------------------------------------------------------------------------
Test set: io.confluent.ksql.logging.query.QueryAnonymizingRewritePolicyTest
-------------------------------------------------------------------------------
Tests run: 5, Failures: 0, Errors: 0, Skipped: 0, Time elapsed: 0.045 s - in io.confluent.ksql.logging.query.QueryAnonymizingRewritePolicyTest
-------------------------------------------------------------------------------
Test set: io.confluent.ksql.function.udf.string.ReplaceTest
-------------------------------------------------------------------------------
Tests run: 2, Failures: 0, Errors: 0, Skipped: 0, Time elapsed: 0.002 s - in io.confluent.ksql.function.udf.string.ReplaceTest
-------------------------------------------------------------------------------
Test set: io.confluent.ksql.planner.plan.UserRepartitionNodeTest
-------------------------------------------------------------------------------
Tests run: 5, Failures: 0, Errors: 0, Skipped: 0, Time elapsed: 0.109 s - in io.confluent.ksql.planner.plan.UserRepartitionNodeTest
-------------------------------------------------------------------------------
Test set: io.confluent.ksql.streams.JoinedFactoryTest
-------------------------------------------------------------------------------
Tests run: 1, Failures: 0, Errors: 0, Skipped: 0, Time elapsed: 0.155 s - in io.confluent.ksql.streams.JoinedFactoryTest
-------------------------------------------------------------------------------
Test set: io.confluent.ksql.serde.SerdeFeaturesFactoryTest
-------------------------------------------------------------------------------
Tests run: 29, Failures: 0, Errors: 0, Skipped: 0, Time elapsed: 0.011 s - in io.confluent.ksql.serde.SerdeFeaturesFactoryTest
-------------------------------------------------------------------------------
Test set: io.confluent.ksql.function.udaf.count.CountDistinctKudafTest
-------------------------------------------------------------------------------
Tests run: 4, Failures: 0, Errors: 0, Skipped: 0, Time elapsed: 0.001 s - in io.confluent.ksql.function.udaf.count.CountDistinctKudafTest
-------------------------------------------------------------------------------
Test set: io.confluent.ksql.function.udf.string.EltTest
-------------------------------------------------------------------------------
Tests run: 7, Failures: 0, Errors: 0, Skipped: 0, Time elapsed: 0.003 s - in io.confluent.ksql.function.udf.string.EltTest
-------------------------------------------------------------------------------
Test set: io.confluent.ksql.function.udf.string.RegexpSplitToArrayTest
-------------------------------------------------------------------------------
Tests run: 7, Failures: 0, Errors: 0, Skipped: 0, Time elapsed: 0.001 s - in io.confluent.ksql.function.udf.string.RegexpSplitToArrayTest
-------------------------------------------------------------------------------
Test set: io.confluent.ksql.query.AuthorizationClassifierTest
-------------------------------------------------------------------------------
Tests run: 4, Failures: 0, Errors: 0, Skipped: 0, Time elapsed: 0.007 s - in io.confluent.ksql.query.AuthorizationClassifierTest
-------------------------------------------------------------------------------
Test set: io.confluent.ksql.planner.JoinTreeTest
-------------------------------------------------------------------------------
Tests run: 19, Failures: 0, Errors: 0, Skipped: 0, Time elapsed: 0.242 s - in io.confluent.ksql.planner.JoinTreeTest
-------------------------------------------------------------------------------
Test set: io.confluent.ksql.ddl.commands.AlterSourceFactoryTest
-------------------------------------------------------------------------------
Tests run: 2, Failures: 0, Errors: 0, Skipped: 0, Time elapsed: 0.001 s - in io.confluent.ksql.ddl.commands.AlterSourceFactoryTest
-------------------------------------------------------------------------------
Test set: io.confluent.ksql.physical.scalablepush.PushPhysicalPlanBuilderTest
-------------------------------------------------------------------------------
Tests run: 6, Failures: 0, Errors: 0, Skipped: 0, Time elapsed: 0.454 s - in io.confluent.ksql.physical.scalablepush.PushPhysicalPlanBuilderTest
-------------------------------------------------------------------------------
Test set: io.confluent.ksql.function.udaf.topkdistinct.DecimalTopKDistinctKudafTest
-------------------------------------------------------------------------------
Tests run: 6, Failures: 0, Errors: 0, Skipped: 0, Time elapsed: 0.002 s - in io.confluent.ksql.function.udaf.topkdistinct.DecimalTopKDistinctKudafTest
-------------------------------------------------------------------------------
Test set: io.confluent.ksql.function.InternalFunctionRegistryTest
-------------------------------------------------------------------------------
Tests run: 20, Failures: 0, Errors: 0, Skipped: 0, Time elapsed: 0.322 s - in io.confluent.ksql.function.InternalFunctionRegistryTest
-------------------------------------------------------------------------------
Test set: io.confluent.ksql.schema.ksql.inference.DefaultSchemaInjectorFunctionalTest
-------------------------------------------------------------------------------
Tests run: 33, Failures: 0, Errors: 0, Skipped: 0, Time elapsed: 0.199 s - in io.confluent.ksql.schema.ksql.inference.DefaultSchemaInjectorFunctionalTest
-------------------------------------------------------------------------------
Test set: io.confluent.ksql.analyzer.PullQueryValidatorTest
-------------------------------------------------------------------------------
Tests run: 8, Failures: 0, Errors: 0, Skipped: 0, Time elapsed: 0.092 s - in io.confluent.ksql.analyzer.PullQueryValidatorTest
-------------------------------------------------------------------------------
Test set: io.confluent.ksql.function.udaf.min.DecimalMinKudafTest
-------------------------------------------------------------------------------
Tests run: 3, Failures: 0, Errors: 0, Skipped: 0, Time elapsed: 0.001 s - in io.confluent.ksql.function.udaf.min.DecimalMinKudafTest
-------------------------------------------------------------------------------
Test set: io.confluent.ksql.topic.TopicCreateInjectorTest
-------------------------------------------------------------------------------
Tests run: 20, Failures: 0, Errors: 0, Skipped: 0, Time elapsed: 0.191 s - in io.confluent.ksql.topic.TopicCreateInjectorTest
-------------------------------------------------------------------------------
Test set: io.confluent.ksql.function.udaf.topkdistinct.StringTopkDistinctKudafTest
-------------------------------------------------------------------------------
Tests run: 6, Failures: 0, Errors: 0, Skipped: 0, Time elapsed: 0.003 s - in io.confluent.ksql.function.udaf.topkdistinct.StringTopkDistinctKudafTest
-------------------------------------------------------------------------------
Test set: io.confluent.ksql.services.MemoizedSupplierTest
-------------------------------------------------------------------------------
Tests run: 3, Failures: 0, Errors: 0, Skipped: 0, Time elapsed: 0 s - in io.confluent.ksql.services.MemoizedSupplierTest
-------------------------------------------------------------------------------
Test set: io.confluent.ksql.connect.supported.JdbcSourceTest
-------------------------------------------------------------------------------
Tests run: 3, Failures: 0, Errors: 0, Skipped: 0, Time elapsed: 0.002 s - in io.confluent.ksql.connect.supported.JdbcSourceTest
-------------------------------------------------------------------------------
Test set: io.confluent.ksql.function.udaf.topk.DoubleTopkKudafTest
-------------------------------------------------------------------------------
Tests run: 5, Failures: 0, Errors: 0, Skipped: 0, Time elapsed: 0.002 s - in io.confluent.ksql.function.udaf.topk.DoubleTopkKudafTest
-------------------------------------------------------------------------------
Test set: io.confluent.ksql.engine.InsertValuesExecutorTest
-------------------------------------------------------------------------------
Tests run: 34, Failures: 0, Errors: 0, Skipped: 0, Time elapsed: 2.561 s - in io.confluent.ksql.engine.InsertValuesExecutorTest
-------------------------------------------------------------------------------
Test set: io.confluent.ksql.function.udf.datetime.FromUnixTimeTest
-------------------------------------------------------------------------------
Tests run: 2, Failures: 0, Errors: 0, Skipped: 0, Time elapsed: 0.003 s - in io.confluent.ksql.function.udf.datetime.FromUnixTimeTest
-------------------------------------------------------------------------------
Test set: io.confluent.ksql.analyzer.QueryAnalyzerTest
-------------------------------------------------------------------------------
Tests run: 2, Failures: 0, Errors: 0, Skipped: 0, Time elapsed: 0.295 s - in io.confluent.ksql.analyzer.QueryAnalyzerTest
-------------------------------------------------------------------------------
Test set: io.confluent.ksql.planner.plan.JoinNodeTest
-------------------------------------------------------------------------------
Tests run: 30, Failures: 0, Errors: 0, Skipped: 0, Time elapsed: 0.595 s - in io.confluent.ksql.planner.plan.JoinNodeTest
-------------------------------------------------------------------------------
Test set: io.confluent.ksql.function.udf.array.EntriesTest
-------------------------------------------------------------------------------
Tests run: 15, Failures: 0, Errors: 0, Skipped: 0, Time elapsed: 0.003 s - in io.confluent.ksql.function.udf.array.EntriesTest
-------------------------------------------------------------------------------
Test set: io.confluent.ksql.function.udf.string.MaskTest
-------------------------------------------------------------------------------
Tests run: 5, Failures: 0, Errors: 0, Skipped: 0, Time elapsed: 0.006 s - in io.confluent.ksql.function.udf.string.MaskTest
-------------------------------------------------------------------------------
Test set: io.confluent.ksql.services.KafkaTopicClientImplIntegrationTest
-------------------------------------------------------------------------------
Tests run: 12, Failures: 0, Errors: 0, Skipped: 0, Time elapsed: 6.93 s - in io.confluent.ksql.services.KafkaTopicClientImplIntegrationTest
-------------------------------------------------------------------------------
Test set: io.confluent.ksql.planner.plan.FilterNodeTest
-------------------------------------------------------------------------------
Tests run: 2, Failures: 0, Errors: 0, Skipped: 0, Time elapsed: 0.003 s - in io.confluent.ksql.planner.plan.FilterNodeTest
-------------------------------------------------------------------------------
Test set: io.confluent.ksql.function.udaf.topk.IntTopkKudafTest
-------------------------------------------------------------------------------
Tests run: 8, Failures: 0, Errors: 0, Skipped: 0, Time elapsed: 0.002 s - in io.confluent.ksql.function.udaf.topk.IntTopkKudafTest
-------------------------------------------------------------------------------
Test set: io.confluent.ksql.topic.SourceTopicsExtractorTest
-------------------------------------------------------------------------------
Tests run: 4, Failures: 0, Errors: 0, Skipped: 0, Time elapsed: 0.012 s - in io.confluent.ksql.topic.SourceTopicsExtractorTest
-------------------------------------------------------------------------------
Test set: io.confluent.ksql.analyzer.PushQueryValidatorTest
-------------------------------------------------------------------------------
Tests run: 4, Failures: 0, Errors: 0, Skipped: 0, Time elapsed: 0.134 s - in io.confluent.ksql.analyzer.PushQueryValidatorTest
-------------------------------------------------------------------------------
Test set: io.confluent.ksql.function.udaf.offset.EarliestByOffsetTest
-------------------------------------------------------------------------------
Tests run: 28, Failures: 0, Errors: 0, Skipped: 0, Time elapsed: 0.002 s - in io.confluent.ksql.function.udaf.offset.EarliestByOffsetTest
-------------------------------------------------------------------------------
Test set: io.confluent.ksql.analyzer.RewrittenAnalysisTest
-------------------------------------------------------------------------------
Tests run: 4, Failures: 0, Errors: 0, Skipped: 0, Time elapsed: 0.216 s - in io.confluent.ksql.analyzer.RewrittenAnalysisTest
-------------------------------------------------------------------------------
Test set: io.confluent.ksql.function.udf.string.ChrTest
-------------------------------------------------------------------------------
Tests run: 16, Failures: 0, Errors: 0, Skipped: 0, Time elapsed: 0.001 s - in io.confluent.ksql.function.udf.string.ChrTest
-------------------------------------------------------------------------------
Test set: io.confluent.ksql.query.KafkaStreamsQueryValidatorTest
-------------------------------------------------------------------------------
Tests run: 6, Failures: 0, Errors: 0, Skipped: 0, Time elapsed: 0.001 s - in io.confluent.ksql.query.KafkaStreamsQueryValidatorTest
-------------------------------------------------------------------------------
Test set: io.confluent.ksql.function.udf.array.ArrayMinTest
-------------------------------------------------------------------------------
Tests run: 10, Failures: 0, Errors: 0, Skipped: 0, Time elapsed: 0.001 s - in io.confluent.ksql.function.udf.array.ArrayMinTest
-------------------------------------------------------------------------------
Test set: io.confluent.ksql.function.udaf.topkdistinct.DoubleTopkDistinctKudafTest
-------------------------------------------------------------------------------
Tests run: 6, Failures: 0, Errors: 0, Skipped: 0, Time elapsed: 0.001 s - in io.confluent.ksql.function.udaf.topkdistinct.DoubleTopkDistinctKudafTest
-------------------------------------------------------------------------------
Test set: io.confluent.ksql.function.udf.lambda.FilterTest
-------------------------------------------------------------------------------
Tests run: 5, Failures: 0, Errors: 0, Skipped: 0, Time elapsed: 0.002 s - in io.confluent.ksql.function.udf.lambda.FilterTest
-------------------------------------------------------------------------------
Test set: io.confluent.ksql.function.udf.url.UrlEncodeParamTest
-------------------------------------------------------------------------------
Tests run: 3, Failures: 0, Errors: 0, Skipped: 0, Time elapsed: 0.001 s - in io.confluent.ksql.function.udf.url.UrlEncodeParamTest
-------------------------------------------------------------------------------
Test set: io.confluent.ksql.function.udtf.CubeTest
-------------------------------------------------------------------------------
Tests run: 5, Failures: 0, Errors: 0, Skipped: 0, Time elapsed: 0.002 s - in io.confluent.ksql.function.udtf.CubeTest
-------------------------------------------------------------------------------
Test set: io.confluent.ksql.query.MissingTopicClassifierTest
-------------------------------------------------------------------------------
Tests run: 2, Failures: 0, Errors: 0, Skipped: 0, Time elapsed: 0.006 s - in io.confluent.ksql.query.MissingTopicClassifierTest
-------------------------------------------------------------------------------
Test set: io.confluent.ksql.planner.plan.KsqlBareOutputNodeTest
-------------------------------------------------------------------------------
Tests run: 4, Failures: 0, Errors: 0, Skipped: 0, Time elapsed: 0.118 s - in io.confluent.ksql.planner.plan.KsqlBareOutputNodeTest
-------------------------------------------------------------------------------
Test set: io.confluent.ksql.statement.InjectorChainTest
-------------------------------------------------------------------------------
Tests run: 2, Failures: 0, Errors: 0, Skipped: 0, Time elapsed: 0.037 s - in io.confluent.ksql.statement.InjectorChainTest
-------------------------------------------------------------------------------
Test set: io.confluent.ksql.structured.SchemaKGroupedStreamTest
-------------------------------------------------------------------------------
Tests run: 5, Failures: 0, Errors: 0, Skipped: 0, Time elapsed: 0.017 s - in io.confluent.ksql.structured.SchemaKGroupedStreamTest
-------------------------------------------------------------------------------
Test set: io.confluent.ksql.function.BlacklistTest
-------------------------------------------------------------------------------
Tests run: 7, Failures: 0, Errors: 0, Skipped: 0, Time elapsed: 0.009 s - in io.confluent.ksql.function.BlacklistTest
-------------------------------------------------------------------------------
Test set: io.confluent.ksql.services.TestServiceContextTest
-------------------------------------------------------------------------------
Tests run: 1, Failures: 0, Errors: 0, Skipped: 0, Time elapsed: 0.094 s - in io.confluent.ksql.services.TestServiceContextTest
-------------------------------------------------------------------------------
Test set: io.confluent.ksql.analyzer.AnalysisTest
-------------------------------------------------------------------------------
Tests run: 6, Failures: 0, Errors: 0, Skipped: 0, Time elapsed: 0.077 s - in io.confluent.ksql.analyzer.AnalysisTest
-------------------------------------------------------------------------------
Test set: io.confluent.ksql.function.UdtfLoaderTest
-------------------------------------------------------------------------------
Tests run: 14, Failures: 0, Errors: 0, Skipped: 0, Time elapsed: 0.726 s - in io.confluent.ksql.function.UdtfLoaderTest
-------------------------------------------------------------------------------
Test set: io.confluent.ksql.planner.plan.PullQueryRewriterTest
-------------------------------------------------------------------------------
Tests run: 1, Failures: 0, Errors: 0, Skipped: 0, Time elapsed: 0.002 s - in io.confluent.ksql.planner.plan.PullQueryRewriterTest
-------------------------------------------------------------------------------
Test set: io.confluent.ksql.execution.json.PlanJsonMapperTest
-------------------------------------------------------------------------------
Tests run: 5, Failures: 0, Errors: 0, Skipped: 0, Time elapsed: 0.001 s - in io.confluent.ksql.execution.json.PlanJsonMapperTest
-------------------------------------------------------------------------------
Test set: io.confluent.ksql.integration.RetryTest
-------------------------------------------------------------------------------
Tests run: 6, Failures: 0, Errors: 0, Skipped: 0, Time elapsed: 1.389 s - in io.confluent.ksql.integration.RetryTest
-------------------------------------------------------------------------------
Test set: io.confluent.ksql.engine.QueryPlanTest
-------------------------------------------------------------------------------
Tests run: 1, Failures: 0, Errors: 0, Skipped: 0, Time elapsed: 0.145 s - in io.confluent.ksql.engine.QueryPlanTest
-------------------------------------------------------------------------------
Test set: io.confluent.ksql.security.KsqlAuthorizationValidatorImplTest
-------------------------------------------------------------------------------
Tests run: 17, Failures: 0, Errors: 0, Skipped: 0, Time elapsed: 0.165 s - in io.confluent.ksql.security.KsqlAuthorizationValidatorImplTest
-------------------------------------------------------------------------------
Test set: io.confluent.ksql.function.udf.nulls.CoalesceTest
-------------------------------------------------------------------------------
Tests run: 4, Failures: 0, Errors: 0, Skipped: 0, Time elapsed: 0.005 s - in io.confluent.ksql.function.udf.nulls.CoalesceTest
-------------------------------------------------------------------------------
Test set: io.confluent.ksql.function.BaseAggregateFunctionTest
-------------------------------------------------------------------------------
Tests run: 1, Failures: 0, Errors: 0, Skipped: 0, Time elapsed: 0.002 s - in io.confluent.ksql.function.BaseAggregateFunctionTest
-------------------------------------------------------------------------------
Test set: io.confluent.ksql.query.PullQueryQueueTest
-------------------------------------------------------------------------------
Tests run: 6, Failures: 0, Errors: 0, Skipped: 0, Time elapsed: 0.001 s - in io.confluent.ksql.query.PullQueryQueueTest
-------------------------------------------------------------------------------
Test set: io.confluent.ksql.function.udf.string.SubstringTest
-------------------------------------------------------------------------------
Tests run: 5, Failures: 0, Errors: 0, Skipped: 0, Time elapsed: 0.001 s - in io.confluent.ksql.function.udf.string.SubstringTest
-------------------------------------------------------------------------------
Test set: io.confluent.ksql.function.udf.datetime.DateToStringTest
-------------------------------------------------------------------------------
Tests run: 5, Failures: 0, Errors: 0, Skipped: 0, Time elapsed: 0.093 s - in io.confluent.ksql.function.udf.datetime.DateToStringTest
-------------------------------------------------------------------------------
Test set: io.confluent.ksql.integration.EndToEndIntegrationTest
-------------------------------------------------------------------------------
Tests run: 6, Failures: 0, Errors: 0, Skipped: 0, Time elapsed: 13.956 s - in io.confluent.ksql.integration.EndToEndIntegrationTest
-------------------------------------------------------------------------------
Test set: io.confluent.ksql.structured.SchemaKSourceFactoryTest
-------------------------------------------------------------------------------
Tests run: 4, Failures: 0, Errors: 0, Skipped: 0, Time elapsed: 0.178 s - in io.confluent.ksql.structured.SchemaKSourceFactoryTest
-------------------------------------------------------------------------------
Test set: io.confluent.ksql.ddl.commands.CreateSourceFactoryTest
-------------------------------------------------------------------------------
Tests run: 42, Failures: 0, Errors: 0, Skipped: 0, Time elapsed: 0.669 s - in io.confluent.ksql.ddl.commands.CreateSourceFactoryTest
-------------------------------------------------------------------------------
Test set: io.confluent.ksql.function.udaf.average.AverageUdafTest
-------------------------------------------------------------------------------
Tests run: 9, Failures: 0, Errors: 0, Skipped: 0, Time elapsed: 0.001 s - in io.confluent.ksql.function.udaf.average.AverageUdafTest
-------------------------------------------------------------------------------
Test set: io.confluent.ksql.function.udf.datetime.FormatTimestampTest
-------------------------------------------------------------------------------
Tests run: 13, Failures: 0, Errors: 0, Skipped: 0, Time elapsed: 0.372 s - in io.confluent.ksql.function.udf.datetime.FormatTimestampTest
-------------------------------------------------------------------------------
Test set: io.confluent.ksql.connect.ConnectorTest
-------------------------------------------------------------------------------
Tests run: 1, Failures: 0, Errors: 0, Skipped: 0, Time elapsed: 0.001 s - in io.confluent.ksql.connect.ConnectorTest
-------------------------------------------------------------------------------
Test set: io.confluent.ksql.function.udaf.topkdistinct.LongTopkDistinctKudafTest
-------------------------------------------------------------------------------
Tests run: 6, Failures: 0, Errors: 0, Skipped: 0, Time elapsed: 0.001 s - in io.confluent.ksql.function.udaf.topkdistinct.LongTopkDistinctKudafTest
-------------------------------------------------------------------------------
Test set: io.confluent.ksql.function.udaf.max.DecimalMaxKudafTest
-------------------------------------------------------------------------------
Tests run: 3, Failures: 0, Errors: 0, Skipped: 0, Time elapsed: 0.001 s - in io.confluent.ksql.function.udaf.max.DecimalMaxKudafTest
-------------------------------------------------------------------------------
Test set: io.confluent.ksql.function.udf.string.ConcatTest
-------------------------------------------------------------------------------
Tests run: 5, Failures: 0, Errors: 0, Skipped: 0, Time elapsed: 0.002 s - in io.confluent.ksql.function.udf.string.ConcatTest
-------------------------------------------------------------------------------
Test set: io.confluent.ksql.function.udf.string.TrimTest
-------------------------------------------------------------------------------
Tests run: 5, Failures: 0, Errors: 0, Skipped: 0, Time elapsed: 0.001 s - in io.confluent.ksql.function.udf.string.TrimTest
-------------------------------------------------------------------------------
Test set: io.confluent.ksql.function.udf.array.ArrayJoinTest
-------------------------------------------------------------------------------
Tests run: 4, Failures: 0, Errors: 0, Skipped: 0, Time elapsed: 0.002 s - in io.confluent.ksql.function.udf.array.ArrayJoinTest
-------------------------------------------------------------------------------
Test set: io.confluent.ksql.structured.SchemaKGroupedTableTest
-------------------------------------------------------------------------------
Tests run: 5, Failures: 0, Errors: 0, Skipped: 0, Time elapsed: 0.012 s - in io.confluent.ksql.structured.SchemaKGroupedTableTest
-------------------------------------------------------------------------------
Test set: io.confluent.ksql.util.QueryLoggerUtilTest
-------------------------------------------------------------------------------
Tests run: 2, Failures: 0, Errors: 0, Skipped: 0, Time elapsed: 0.001 s - in io.confluent.ksql.util.QueryLoggerUtilTest
-------------------------------------------------------------------------------
Test set: io.confluent.ksql.structured.QueryContextTest
-------------------------------------------------------------------------------
Tests run: 3, Failures: 0, Errors: 0, Skipped: 0, Time elapsed: 0.003 s - in io.confluent.ksql.structured.QueryContextTest
-------------------------------------------------------------------------------
Test set: io.confluent.ksql.ddl.commands.CommandFactoriesTest
-------------------------------------------------------------------------------
Tests run: 12, Failures: 0, Errors: 0, Skipped: 0, Time elapsed: 0.574 s - in io.confluent.ksql.ddl.commands.CommandFactoriesTest
-------------------------------------------------------------------------------
Test set: io.confluent.ksql.planner.ProjectionTest
-------------------------------------------------------------------------------
Tests run: 15, Failures: 0, Errors: 0, Skipped: 0, Time elapsed: 0.01 s - in io.confluent.ksql.planner.ProjectionTest
-------------------------------------------------------------------------------
Test set: io.confluent.ksql.analyzer.FilterTypeValidatorTest
-------------------------------------------------------------------------------
Tests run: 6, Failures: 0, Errors: 0, Skipped: 0, Time elapsed: 0.002 s - in io.confluent.ksql.analyzer.FilterTypeValidatorTest
-------------------------------------------------------------------------------
Test set: io.confluent.ksql.function.udf.datetime.UnixTimestampTest
-------------------------------------------------------------------------------
Tests run: 3, Failures: 0, Errors: 0, Skipped: 0, Time elapsed: 0.002 s - in io.confluent.ksql.function.udf.datetime.UnixTimestampTest
-------------------------------------------------------------------------------
Test set: io.confluent.ksql.function.udf.array.ArrayIntersectTest
-------------------------------------------------------------------------------
Tests run: 9, Failures: 0, Errors: 0, Skipped: 0, Time elapsed: 0.001 s - in io.confluent.ksql.function.udf.array.ArrayIntersectTest
-------------------------------------------------------------------------------
Test set: io.confluent.ksql.services.SandboxConnectClientTest
-------------------------------------------------------------------------------
Tests run: 4, Failures: 0, Errors: 0, Skipped: 0, Time elapsed: 0.001 s - in io.confluent.ksql.services.SandboxConnectClientTest
-------------------------------------------------------------------------------
Test set: io.confluent.ksql.function.udf.string.SplitTest
-------------------------------------------------------------------------------
Tests run: 6, Failures: 0, Errors: 0, Skipped: 0, Time elapsed: 0.004 s - in io.confluent.ksql.function.udf.string.SplitTest
-------------------------------------------------------------------------------
Test set: io.confluent.ksql.query.RegexClassifierTest
-------------------------------------------------------------------------------
Tests run: 6, Failures: 0, Errors: 0, Skipped: 0, Time elapsed: 0.003 s - in io.confluent.ksql.query.RegexClassifierTest
-------------------------------------------------------------------------------
Test set: io.confluent.ksql.function.udf.lambda.TransformTest
-------------------------------------------------------------------------------
Tests run: 4, Failures: 0, Errors: 0, Skipped: 0, Time elapsed: 0.002 s - in io.confluent.ksql.function.udf.lambda.TransformTest
-------------------------------------------------------------------------------
Test set: io.confluent.ksql.topic.TopicDeleteInjectorTest
-------------------------------------------------------------------------------
Tests run: 13, Failures: 0, Errors: 0, Skipped: 0, Time elapsed: 4.14 s - in io.confluent.ksql.topic.TopicDeleteInjectorTest
-------------------------------------------------------------------------------
Test set: io.confluent.ksql.function.udf.string.InitCapTest
-------------------------------------------------------------------------------
Tests run: 2, Failures: 0, Errors: 0, Skipped: 0, Time elapsed: 0.003 s - in io.confluent.ksql.function.udf.string.InitCapTest
-------------------------------------------------------------------------------
Test set: io.confluent.ksql.function.udf.math.LnTest
-------------------------------------------------------------------------------
Tests run: 4, Failures: 0, Errors: 0, Skipped: 0, Time elapsed: 0.002 s - in io.confluent.ksql.function.udf.math.LnTest
-------------------------------------------------------------------------------
Test set: io.confluent.ksql.function.udf.string.MaskKeepRightTest
-------------------------------------------------------------------------------
Tests run: 7, Failures: 0, Errors: 0, Skipped: 0, Time elapsed: 0.002 s - in io.confluent.ksql.function.udf.string.MaskKeepRightTest
-------------------------------------------------------------------------------
Test set: io.confluent.ksql.function.udf.string.InstrTest
-------------------------------------------------------------------------------
Tests run: 5, Failures: 0, Errors: 0, Skipped: 0, Time elapsed: 0.002 s - in io.confluent.ksql.function.udf.string.InstrTest
-------------------------------------------------------------------------------
Test set: io.confluent.ksql.util.TransientQueryMetadataTest
-------------------------------------------------------------------------------
Tests run: 2, Failures: 0, Errors: 0, Skipped: 0, Time elapsed: 0.002 s - in io.confluent.ksql.util.TransientQueryMetadataTest
-------------------------------------------------------------------------------
Test set: io.confluent.ksql.planner.plan.ConfiguredKsqlPlanTest
-------------------------------------------------------------------------------
Tests run: 1, Failures: 0, Errors: 0, Skipped: 0, Time elapsed: 0.002 s - in io.confluent.ksql.planner.plan.ConfiguredKsqlPlanTest
-------------------------------------------------------------------------------
Test set: io.confluent.ksql.engine.ImmutabilityTest
-------------------------------------------------------------------------------
Tests run: 14, Failures: 0, Errors: 0, Skipped: 0, Time elapsed: 0.007 s - in io.confluent.ksql.engine.ImmutabilityTest
-------------------------------------------------------------------------------
Test set: io.confluent.ksql.function.udaf.sum.DoubleSumKudafTest
-------------------------------------------------------------------------------
Tests run: 5, Failures: 0, Errors: 0, Skipped: 0, Time elapsed: 0.001 s - in io.confluent.ksql.function.udaf.sum.DoubleSumKudafTest
-------------------------------------------------------------------------------
Test set: io.confluent.ksql.function.udf.string.UuidTest
-------------------------------------------------------------------------------
Tests run: 2, Failures: 0, Errors: 0, Skipped: 0, Time elapsed: 0.002 s - in io.confluent.ksql.function.udf.string.UuidTest
-------------------------------------------------------------------------------
Test set: io.confluent.ksql.function.udf.string.RegexpReplaceTest
-------------------------------------------------------------------------------
Tests run: 3, Failures: 0, Errors: 0, Skipped: 0, Time elapsed: 0.001 s - in io.confluent.ksql.function.udf.string.RegexpReplaceTest
-------------------------------------------------------------------------------
Test set: io.confluent.ksql.function.udf.string.MaskLeftTest
-------------------------------------------------------------------------------
Tests run: 4, Failures: 0, Errors: 0, Skipped: 0, Time elapsed: 0.002 s - in io.confluent.ksql.function.udf.string.MaskLeftTest
-------------------------------------------------------------------------------
Test set: io.confluent.ksql.planner.plan.SuppressNodeTest
-------------------------------------------------------------------------------
Tests run: 2, Failures: 0, Errors: 0, Skipped: 0, Time elapsed: 0.001 s - in io.confluent.ksql.planner.plan.SuppressNodeTest
-------------------------------------------------------------------------------
Test set: io.confluent.ksql.schema.registry.SchemaRegistryUtilTest
-------------------------------------------------------------------------------
Tests run: 10, Failures: 0, Errors: 0, Skipped: 0, Time elapsed: 4.071 s - in io.confluent.ksql.schema.registry.SchemaRegistryUtilTest
-------------------------------------------------------------------------------
Test set: io.confluent.ksql.query.QueryExecutorTest
-------------------------------------------------------------------------------
Tests run: 16, Failures: 0, Errors: 0, Skipped: 0, Time elapsed: 0.002 s - in io.confluent.ksql.query.QueryExecutorTest
-------------------------------------------------------------------------------
Test set: io.confluent.ksql.function.udf.string.ConcatWSTest
-------------------------------------------------------------------------------
Tests run: 10, Failures: 0, Errors: 0, Skipped: 0, Time elapsed: 0.001 s - in io.confluent.ksql.function.udf.string.ConcatWSTest
-------------------------------------------------------------------------------
Test set: io.confluent.ksql.physical.pull.operators.KeyedTableLookupOperatorTest
-------------------------------------------------------------------------------
Tests run: 2, Failures: 0, Errors: 0, Skipped: 0, Time elapsed: 0.033 s - in io.confluent.ksql.physical.pull.operators.KeyedTableLookupOperatorTest
-------------------------------------------------------------------------------
Test set: io.confluent.ksql.services.DefaultConnectClientTest
-------------------------------------------------------------------------------
Tests run: 9, Failures: 0, Errors: 0, Skipped: 0, Time elapsed: 3.964 s - in io.confluent.ksql.services.DefaultConnectClientTest
-------------------------------------------------------------------------------
Test set: io.confluent.ksql.function.udf.math.ExpTest
-------------------------------------------------------------------------------
Tests run: 4, Failures: 0, Errors: 0, Skipped: 0, Time elapsed: 0.002 s - in io.confluent.ksql.function.udf.math.ExpTest
-------------------------------------------------------------------------------
Test set: io.confluent.ksql.analyzer.SourceSchemasTest
-------------------------------------------------------------------------------
Tests run: 17, Failures: 0, Errors: 0, Skipped: 0, Time elapsed: 0.001 s - in io.confluent.ksql.analyzer.SourceSchemasTest
-------------------------------------------------------------------------------
Test set: io.confluent.ksql.physical.pull.HARoutingTest
-------------------------------------------------------------------------------
Tests run: 9, Failures: 0, Errors: 0, Skipped: 0, Time elapsed: 0.541 s - in io.confluent.ksql.physical.pull.HARoutingTest
-------------------------------------------------------------------------------
Test set: io.confluent.ksql.security.KsqlBackendAccessValidatorTest
-------------------------------------------------------------------------------
Tests run: 4, Failures: 0, Errors: 0, Skipped: 0, Time elapsed: 0.001 s - in io.confluent.ksql.security.KsqlBackendAccessValidatorTest
-------------------------------------------------------------------------------
Test set: io.confluent.ksql.util.ArrayUtilTest
-------------------------------------------------------------------------------
Tests run: 2, Failures: 0, Errors: 0, Skipped: 0, Time elapsed: 0.001 s - in io.confluent.ksql.util.ArrayUtilTest
-------------------------------------------------------------------------------
Test set: io.confluent.ksql.function.udf.string.UCaseTest
-------------------------------------------------------------------------------
Tests run: 4, Failures: 0, Errors: 0, Skipped: 0, Time elapsed: 0.001 s - in io.confluent.ksql.function.udf.string.UCaseTest
-------------------------------------------------------------------------------
Test set: io.confluent.ksql.function.udf.math.RandomTest
-------------------------------------------------------------------------------
Tests run: 1, Failures: 0, Errors: 0, Skipped: 0, Time elapsed: 0.001 s - in io.confluent.ksql.function.udf.math.RandomTest
-------------------------------------------------------------------------------
Test set: io.confluent.ksql.function.udaf.count.CountKudafTest
-------------------------------------------------------------------------------
Tests run: 4, Failures: 0, Errors: 0, Skipped: 0, Time elapsed: 0.001 s - in io.confluent.ksql.function.udaf.count.CountKudafTest
-------------------------------------------------------------------------------
Test set: io.confluent.ksql.function.udf.array.ArraySortTest
-------------------------------------------------------------------------------
Tests run: 13, Failures: 0, Errors: 0, Skipped: 0, Time elapsed: 0.002 s - in io.confluent.ksql.function.udf.array.ArraySortTest
-------------------------------------------------------------------------------
Test set: io.confluent.ksql.function.udaf.stddev.StandardDeviationSampUdafTest
-------------------------------------------------------------------------------
Tests run: 10, Failures: 0, Errors: 0, Skipped: 0, Time elapsed: 0.002 s - in io.confluent.ksql.function.udaf.stddev.StandardDeviationSampUdafTest
-------------------------------------------------------------------------------
Test set: io.confluent.ksql.function.udf.json.JsonExtractStringKudfTest
-------------------------------------------------------------------------------
Tests run: 9, Failures: 0, Errors: 0, Skipped: 0, Time elapsed: 0.002 s - in io.confluent.ksql.function.udf.json.JsonExtractStringKudfTest
-------------------------------------------------------------------------------
Test set: io.confluent.ksql.streams.GroupedFactoryTest
-------------------------------------------------------------------------------
Tests run: 1, Failures: 0, Errors: 0, Skipped: 0, Time elapsed: 0.124 s - in io.confluent.ksql.streams.GroupedFactoryTest
-------------------------------------------------------------------------------
Test set: io.confluent.ksql.engine.OrphanedTransientQueryCleanerTest
-------------------------------------------------------------------------------
Tests run: 4, Failures: 0, Errors: 0, Skipped: 0, Time elapsed: 0.144 s - in io.confluent.ksql.engine.OrphanedTransientQueryCleanerTest
-------------------------------------------------------------------------------
Test set: io.confluent.ksql.physical.PhysicalPlanBuilderTest
-------------------------------------------------------------------------------
Tests run: 14, Failures: 0, Errors: 0, Skipped: 0, Time elapsed: 1.402 s - in io.confluent.ksql.physical.PhysicalPlanBuilderTest
-------------------------------------------------------------------------------
Test set: io.confluent.ksql.function.UdfLoaderTest
-------------------------------------------------------------------------------
Tests run: 75, Failures: 0, Errors: 0, Skipped: 0, Time elapsed: 4.95 s - in io.confluent.ksql.function.UdfLoaderTest
-------------------------------------------------------------------------------
Test set: io.confluent.ksql.planner.RequiredColumnsTest
-------------------------------------------------------------------------------
Tests run: 6, Failures: 0, Errors: 0, Skipped: 0, Time elapsed: 0.004 s - in io.confluent.ksql.planner.RequiredColumnsTest
-------------------------------------------------------------------------------
Test set: io.confluent.ksql.function.udaf.offset.LatestByOffsetTest
-------------------------------------------------------------------------------
Tests run: 33, Failures: 0, Errors: 0, Skipped: 0, Time elapsed: 0.002 s - in io.confluent.ksql.function.udaf.offset.LatestByOffsetTest
-------------------------------------------------------------------------------
Test set: io.confluent.ksql.function.udf.geo.GeoDistanceTest
-------------------------------------------------------------------------------
Tests run: 5, Failures: 0, Errors: 0, Skipped: 0, Time elapsed: 0.002 s - in io.confluent.ksql.function.udf.geo.GeoDistanceTest
-------------------------------------------------------------------------------
Test set: io.confluent.ksql.engine.generic.GenericRecordFactoryTest
-------------------------------------------------------------------------------
Tests run: 13, Failures: 0, Errors: 0, Skipped: 0, Time elapsed: 0.058 s - in io.confluent.ksql.engine.generic.GenericRecordFactoryTest
-------------------------------------------------------------------------------
Test set: io.confluent.ksql.function.FunctionMetricsTest
-------------------------------------------------------------------------------
Tests run: 8, Failures: 0, Errors: 0, Skipped: 0, Time elapsed: 0.104 s - in io.confluent.ksql.function.FunctionMetricsTest
-------------------------------------------------------------------------------
Test set: io.confluent.ksql.function.udf.array.ArrayUnionTest
-------------------------------------------------------------------------------
Tests run: 9, Failures: 0, Errors: 0, Skipped: 0, Time elapsed: 0.002 s - in io.confluent.ksql.function.udf.array.ArrayUnionTest
-------------------------------------------------------------------------------
Test set: io.confluent.ksql.function.udf.math.SignTest
-------------------------------------------------------------------------------
Tests run: 4, Failures: 0, Errors: 0, Skipped: 0, Time elapsed: 0.001 s - in io.confluent.ksql.function.udf.math.SignTest
-------------------------------------------------------------------------------
Test set: io.confluent.ksql.integration.KafkaConsumerGroupClientTest
-------------------------------------------------------------------------------
Tests run: 3, Failures: 0, Errors: 0, Skipped: 0, Time elapsed: 13.165 s - in io.confluent.ksql.integration.KafkaConsumerGroupClientTest
-------------------------------------------------------------------------------
Test set: io.confluent.ksql.schema.registry.KsqlSchemaRegistryClientFactoryTest
-------------------------------------------------------------------------------
Tests run: 5, Failures: 0, Errors: 0, Skipped: 0, Time elapsed: 0.376 s - in io.confluent.ksql.schema.registry.KsqlSchemaRegistryClientFactoryTest
-------------------------------------------------------------------------------
Test set: io.confluent.ksql.security.ExtensionSecurityManagerTest
-------------------------------------------------------------------------------
Tests run: 7, Failures: 0, Errors: 0, Skipped: 0, Time elapsed: 0.002 s - in io.confluent.ksql.security.ExtensionSecurityManagerTest
-------------------------------------------------------------------------------
Test set: io.confluent.ksql.util.SandboxedPersistentQueryMetadataImplTest
-------------------------------------------------------------------------------
Tests run: 4, Failures: 0, Errors: 0, Skipped: 0, Time elapsed: 0.001 s - in io.confluent.ksql.util.SandboxedPersistentQueryMetadataImplTest
-------------------------------------------------------------------------------
Test set: io.confluent.ksql.physical.common.operators.SelectOperatorTest
-------------------------------------------------------------------------------
Tests run: 2, Failures: 0, Errors: 0, Skipped: 0, Time elapsed: 0.185 s - in io.confluent.ksql.physical.common.operators.SelectOperatorTest
-------------------------------------------------------------------------------
Test set: io.confluent.ksql.physical.scalablepush.PushPhysicalPlanTest
-------------------------------------------------------------------------------
Tests run: 2, Failures: 0, Errors: 0, Skipped: 0, Time elapsed: 0.337 s - in io.confluent.ksql.physical.scalablepush.PushPhysicalPlanTest
-------------------------------------------------------------------------------
Test set: io.confluent.ksql.function.udf.datetime.StringToDateTest
-------------------------------------------------------------------------------
Tests run: 6, Failures: 0, Errors: 0, Skipped: 0, Time elapsed: 0.058 s - in io.confluent.ksql.function.udf.datetime.StringToDateTest
-------------------------------------------------------------------------------
Test set: io.confluent.ksql.function.udf.map.MapKeysTest
-------------------------------------------------------------------------------
Tests run: 5, Failures: 0, Errors: 0, Skipped: 0, Time elapsed: 0.001 s - in io.confluent.ksql.function.udf.map.MapKeysTest
-------------------------------------------------------------------------------
Test set: io.confluent.ksql.function.udaf.topk.LongTopkKudafTest
-------------------------------------------------------------------------------
Tests run: 5, Failures: 0, Errors: 0, Skipped: 0, Time elapsed: 0.002 s - in io.confluent.ksql.function.udaf.topk.LongTopkKudafTest
-------------------------------------------------------------------------------
Test set: io.confluent.ksql.function.udf.lambda.ReduceTest
-------------------------------------------------------------------------------
Tests run: 5, Failures: 0, Errors: 0, Skipped: 0, Time elapsed: 0.001 s - in io.confluent.ksql.function.udf.lambda.ReduceTest
-------------------------------------------------------------------------------
Test set: io.confluent.ksql.function.udf.string.SplitToMapTest
-------------------------------------------------------------------------------
Tests run: 15, Failures: 0, Errors: 0, Skipped: 0, Time elapsed: 0.004 s - in io.confluent.ksql.function.udf.string.SplitToMapTest
-------------------------------------------------------------------------------
Test set: io.confluent.ksql.function.udf.string.RegexpExtractTest
-------------------------------------------------------------------------------
Tests run: 5, Failures: 0, Errors: 0, Skipped: 0, Time elapsed: 0.002 s - in io.confluent.ksql.function.udf.string.RegexpExtractTest
-------------------------------------------------------------------------------
Test set: io.confluent.ksql.engine.rewrite.QueryAnonymizerTest
-------------------------------------------------------------------------------
Tests run: 24, Failures: 0, Errors: 0, Skipped: 0, Time elapsed: 0.327 s - in io.confluent.ksql.engine.rewrite.QueryAnonymizerTest
-------------------------------------------------------------------------------
Test set: io.confluent.ksql.function.udf.string.EncodeTest
-------------------------------------------------------------------------------
Tests run: 14, Failures: 0, Errors: 0, Skipped: 0, Time elapsed: 0.002 s - in io.confluent.ksql.function.udf.string.EncodeTest
-------------------------------------------------------------------------------
Test set: io.confluent.ksql.integration.SelectValueMapperIntegrationTest
-------------------------------------------------------------------------------
Tests run: 2, Failures: 0, Errors: 0, Skipped: 0, Time elapsed: 0.16 s - in io.confluent.ksql.integration.SelectValueMapperIntegrationTest
-------------------------------------------------------------------------------
Test set: io.confluent.ksql.planner.plan.ImplicitlyCastResolverTest
-------------------------------------------------------------------------------
Tests run: 3, Failures: 0, Errors: 0, Skipped: 0, Time elapsed: 0.001 s - in io.confluent.ksql.planner.plan.ImplicitlyCastResolverTest
-------------------------------------------------------------------------------
Test set: io.confluent.ksql.function.udf.url.UrlExtractFragmentTest
-------------------------------------------------------------------------------
Tests run: 4, Failures: 0, Errors: 0, Skipped: 0, Time elapsed: 0.002 s - in io.confluent.ksql.function.udf.url.UrlExtractFragmentTest
-------------------------------------------------------------------------------
Test set: io.confluent.ksql.engine.generic.GenericExpressionResolverTest
-------------------------------------------------------------------------------
Tests run: 9, Failures: 0, Errors: 0, Skipped: 0, Time elapsed: 0.053 s - in io.confluent.ksql.engine.generic.GenericExpressionResolverTest
-------------------------------------------------------------------------------
Test set: io.confluent.ksql.util.PlanSummaryTest
-------------------------------------------------------------------------------
Tests run: 4, Failures: 0, Errors: 0, Skipped: 0, Time elapsed: 0.347 s - in io.confluent.ksql.util.PlanSummaryTest
-------------------------------------------------------------------------------
Test set: io.confluent.ksql.function.udaf.topk.StringTopkKudafTest
-------------------------------------------------------------------------------
Tests run: 5, Failures: 0, Errors: 0, Skipped: 0, Time elapsed: 0.001 s - in io.confluent.ksql.function.udaf.topk.StringTopkKudafTest
-------------------------------------------------------------------------------
Test set: io.confluent.ksql.planner.plan.PreJoinProjectNodeTest
-------------------------------------------------------------------------------
Tests run: 3, Failures: 0, Errors: 0, Skipped: 0, Time elapsed: 0.089 s - in io.confluent.ksql.planner.plan.PreJoinProjectNodeTest
-------------------------------------------------------------------------------
Test set: io.confluent.ksql.engine.QueryIdUtilTest
-------------------------------------------------------------------------------
Tests run: 10, Failures: 0, Errors: 0, Skipped: 0, Time elapsed: 0.161 s - in io.confluent.ksql.engine.QueryIdUtilTest
-------------------------------------------------------------------------------
Test set: io.confluent.ksql.util.json.JsonPathTokenizerTest
-------------------------------------------------------------------------------
Tests run: 2, Failures: 0, Errors: 0, Skipped: 0, Time elapsed: 0.001 s - in io.confluent.ksql.util.json.JsonPathTokenizerTest
-------------------------------------------------------------------------------
Test set: io.confluent.ksql.planner.plan.DataSourceNodeTest
-------------------------------------------------------------------------------
Tests run: 18, Failures: 0, Errors: 0, Skipped: 0, Time elapsed: 0.217 s - in io.confluent.ksql.planner.plan.DataSourceNodeTest
-------------------------------------------------------------------------------
Test set: io.confluent.ksql.function.udf.list.ArrayContainsTest
-------------------------------------------------------------------------------
Tests run: 6, Failures: 0, Errors: 0, Skipped: 0, Time elapsed: 0.001 s - in io.confluent.ksql.function.udf.list.ArrayContainsTest
-------------------------------------------------------------------------------
Test set: io.confluent.ksql.security.KsqlCacheAccessValidatorTest
-------------------------------------------------------------------------------
Tests run: 4, Failures: 0, Errors: 0, Skipped: 0, Time elapsed: 0.106 s - in io.confluent.ksql.security.KsqlCacheAccessValidatorTest
-------------------------------------------------------------------------------
Test set: io.confluent.ksql.function.udf.datetime.UnixDateTest
-------------------------------------------------------------------------------
Tests run: 1, Failures: 0, Errors: 0, Skipped: 0, Time elapsed: 0.002 s - in io.confluent.ksql.function.udf.datetime.UnixDateTest
-------------------------------------------------------------------------------
Test set: io.confluent.ksql.function.udf.AsValueTest
-------------------------------------------------------------------------------
Tests run: 2, Failures: 0, Errors: 0, Skipped: 0, Time elapsed: 0.004 s - in io.confluent.ksql.function.udf.AsValueTest
-------------------------------------------------------------------------------
Test set: io.confluent.ksql.function.udaf.map.HistogramUdafTest
-------------------------------------------------------------------------------
Tests run: 4, Failures: 0, Errors: 0, Skipped: 0, Time elapsed: 0.002 s - in io.confluent.ksql.function.udaf.map.HistogramUdafTest
-------------------------------------------------------------------------------
Test set: io.confluent.ksql.planner.plan.LogicRewriterTest
-------------------------------------------------------------------------------
Tests run: 4, Failures: 0, Errors: 0, Skipped: 0, Time elapsed: 0.009 s - in io.confluent.ksql.planner.plan.LogicRewriterTest
-------------------------------------------------------------------------------
Test set: io.confluent.ksql.function.udf.array.GenerateSeriesTest
-------------------------------------------------------------------------------
Tests run: 18, Failures: 0, Errors: 0, Skipped: 0, Time elapsed: 0.002 s - in io.confluent.ksql.function.udf.array.GenerateSeriesTest
-------------------------------------------------------------------------------
Test set: io.confluent.ksql.function.UdafAggregateFunctionFactoryTest
-------------------------------------------------------------------------------
Tests run: 4, Failures: 0, Errors: 0, Skipped: 0, Time elapsed: 0.306 s - in io.confluent.ksql.function.UdafAggregateFunctionFactoryTest
-------------------------------------------------------------------------------
Test set: io.confluent.ksql.engine.KsqlPlanV1Test
-------------------------------------------------------------------------------
Tests run: 1, Failures: 0, Errors: 0, Skipped: 0, Time elapsed: 0.08 s - in io.confluent.ksql.engine.KsqlPlanV1Test
-------------------------------------------------------------------------------
Test set: io.confluent.ksql.planner.plan.FlatMapNodeTest
-------------------------------------------------------------------------------
Tests run: 2, Failures: 0, Errors: 0, Skipped: 0, Time elapsed: 0.005 s - in io.confluent.ksql.planner.plan.FlatMapNodeTest
-------------------------------------------------------------------------------
Test set: io.confluent.ksql.planner.plan.AggregateNodeTest
-------------------------------------------------------------------------------
Tests run: 11, Failures: 0, Errors: 0, Skipped: 0, Time elapsed: 0.564 s - in io.confluent.ksql.planner.plan.AggregateNodeTest
-------------------------------------------------------------------------------
Test set: io.confluent.ksql.planner.plan.PlanBuildContextTest
-------------------------------------------------------------------------------
Tests run: 2, Failures: 0, Errors: 0, Skipped: 0, Time elapsed: 0.001 s - in io.confluent.ksql.planner.plan.PlanBuildContextTest
-------------------------------------------------------------------------------
Test set: io.confluent.ksql.function.udf.map.MapUnionTest
-------------------------------------------------------------------------------
Tests run: 7, Failures: 0, Errors: 0, Skipped: 0, Time elapsed: 0.001 s - in io.confluent.ksql.function.udf.map.MapUnionTest
-------------------------------------------------------------------------------
Test set: io.confluent.ksql.function.udf.map.AsMapTest
-------------------------------------------------------------------------------
Tests run: 4, Failures: 0, Errors: 0, Skipped: 0, Time elapsed: 0.001 s - in io.confluent.ksql.function.udf.map.AsMapTest
-------------------------------------------------------------------------------
Test set: io.confluent.ksql.format.DefaultFormatInjectorTest
-------------------------------------------------------------------------------
Tests run: 8, Failures: 0, Errors: 0, Skipped: 0, Time elapsed: 0.022 s - in io.confluent.ksql.format.DefaultFormatInjectorTest
-------------------------------------------------------------------------------
Test set: io.confluent.ksql.analyzer.QueryAnalyzerFunctionalTest
-------------------------------------------------------------------------------
Tests run: 3, Failures: 0, Errors: 0, Skipped: 0, Time elapsed: 1.55 s - in io.confluent.ksql.analyzer.QueryAnalyzerFunctionalTest
-------------------------------------------------------------------------------
Test set: io.confluent.ksql.internal.KsqlEngineMetricsTest
-------------------------------------------------------------------------------
Tests run: 15, Failures: 0, Errors: 0, Skipped: 0, Time elapsed: 0.187 s - in io.confluent.ksql.internal.KsqlEngineMetricsTest
-------------------------------------------------------------------------------
Test set: io.confluent.ksql.analyzer.ColumnReferenceValidatorTest
-------------------------------------------------------------------------------
Tests run: 10, Failures: 0, Errors: 0, Skipped: 0, Time elapsed: 0.074 s - in io.confluent.ksql.analyzer.ColumnReferenceValidatorTest
-------------------------------------------------------------------------------
Test set: io.confluent.ksql.function.UdfClassLoaderTest
-------------------------------------------------------------------------------
Tests run: 4, Failures: 0, Errors: 0, Skipped: 0, Time elapsed: 0.003 s - in io.confluent.ksql.function.UdfClassLoaderTest
-------------------------------------------------------------------------------
Test set: io.confluent.ksql.function.udaf.topkdistinct.IntTopkDistinctKudafTest
-------------------------------------------------------------------------------
Tests run: 8, Failures: 0, Errors: 0, Skipped: 0, Time elapsed: 0.003 s - in io.confluent.ksql.function.udaf.topkdistinct.IntTopkDistinctKudafTest
-------------------------------------------------------------------------------
Test set: io.confluent.ksql.query.id.SpecificQueryIdGeneratorTest
-------------------------------------------------------------------------------
Tests run: 4, Failures: 0, Errors: 0, Skipped: 0, Time elapsed: 0.001 s - in io.confluent.ksql.query.id.SpecificQueryIdGeneratorTest
-------------------------------------------------------------------------------
Test set: io.confluent.ksql.function.udaf.sum.DecimalSumKudafTest
-------------------------------------------------------------------------------
Tests run: 5, Failures: 0, Errors: 0, Skipped: 0, Time elapsed: 0.001 s - in io.confluent.ksql.function.udaf.sum.DecimalSumKudafTest
-------------------------------------------------------------------------------
Test set: io.confluent.ksql.physical.scalablepush.ScalablePushRegistryTest
-------------------------------------------------------------------------------
Tests run: 7, Failures: 0, Errors: 0, Skipped: 0, Time elapsed: 0.406 s - in io.confluent.ksql.physical.scalablepush.ScalablePushRegistryTest
-------------------------------------------------------------------------------
Test set: io.confluent.ksql.query.TransientQueryQueueTest
-------------------------------------------------------------------------------
Tests run: 9, Failures: 0, Errors: 0, Skipped: 0, Time elapsed: 0.001 s - in io.confluent.ksql.query.TransientQueryQueueTest
-------------------------------------------------------------------------------
Test set: io.confluent.ksql.util.ExecutorUtilTest
-------------------------------------------------------------------------------
Tests run: 7, Failures: 0, Errors: 0, Skipped: 0, Time elapsed: 0.016 s - in io.confluent.ksql.util.ExecutorUtilTest
-------------------------------------------------------------------------------
Test set: io.confluent.ksql.planner.plan.QueryFilterNodeTest
-------------------------------------------------------------------------------
Tests run: 41, Failures: 0, Errors: 0, Skipped: 0, Time elapsed: 0.258 s - in io.confluent.ksql.planner.plan.QueryFilterNodeTest
-------------------------------------------------------------------------------
Test set: io.confluent.ksql.execution.ExpressionEvaluatorParityTest
-------------------------------------------------------------------------------
Tests run: 12, Failures: 0, Errors: 0, Skipped: 0, Time elapsed: 0.539 s - in io.confluent.ksql.execution.ExpressionEvaluatorParityTest
-------------------------------------------------------------------------------
Test set: io.confluent.ksql.analyzer.AggregateAnalyzerTest
-------------------------------------------------------------------------------
Tests run: 23, Failures: 0, Errors: 0, Skipped: 0, Time elapsed: 0.041 s - in io.confluent.ksql.analyzer.AggregateAnalyzerTest
-------------------------------------------------------------------------------
Test set: io.confluent.ksql.function.udf.list.SliceTest
-------------------------------------------------------------------------------
Tests run: 6, Failures: 0, Errors: 0, Skipped: 0, Time elapsed: 0.001 s - in io.confluent.ksql.function.udf.list.SliceTest
-------------------------------------------------------------------------------
Test set: io.confluent.ksql.planner.LogicalPlannerTest
-------------------------------------------------------------------------------
Tests run: 20, Failures: 0, Errors: 0, Skipped: 0, Time elapsed: 1.209 s - in io.confluent.ksql.planner.LogicalPlannerTest
-------------------------------------------------------------------------------
Test set: io.confluent.ksql.analyzer.AnalyzerFunctionalTest
-------------------------------------------------------------------------------
Tests run: 12, Failures: 0, Errors: 0, Skipped: 0, Time elapsed: 0.05 s - in io.confluent.ksql.analyzer.AnalyzerFunctionalTest
-------------------------------------------------------------------------------
Test set: io.confluent.ksql.util.QueryMetadataTest
-------------------------------------------------------------------------------
Tests run: 17, Failures: 0, Errors: 0, Skipped: 0, Time elapsed: 0.195 s - in io.confluent.ksql.util.QueryMetadataTest
-------------------------------------------------------------------------------
Test set: io.confluent.ksql.function.udf.math.RoundTest
-------------------------------------------------------------------------------
Tests run: 12, Failures: 0, Errors: 0, Skipped: 0, Time elapsed: 0.004 s - in io.confluent.ksql.function.udf.math.RoundTest
-------------------------------------------------------------------------------
Test set: io.confluent.ksql.function.udf.string.LPadTest
-------------------------------------------------------------------------------
Tests run: 9, Failures: 0, Errors: 0, Skipped: 0, Time elapsed: 0.002 s - in io.confluent.ksql.function.udf.string.LPadTest
-------------------------------------------------------------------------------
Test set: io.confluent.ksql.KsqlContextTestUtilTest
-------------------------------------------------------------------------------
Tests run: 1, Failures: 0, Errors: 0, Skipped: 0, Time elapsed: 0.226 s - in io.confluent.ksql.KsqlContextTestUtilTest
-------------------------------------------------------------------------------
Test set: io.confluent.ksql.function.udf.url.UrlExtractParameterTest
-------------------------------------------------------------------------------
Tests run: 5, Failures: 0, Errors: 0, Skipped: 0, Time elapsed: 0.001 s - in io.confluent.ksql.function.udf.url.UrlExtractParameterTest
-------------------------------------------------------------------------------
Test set: io.confluent.ksql.function.udaf.min.IntegerMinKudafTest
-------------------------------------------------------------------------------
Tests run: 3, Failures: 0, Errors: 0, Skipped: 0, Time elapsed: 0.002 s - in io.confluent.ksql.function.udaf.min.IntegerMinKudafTest
-------------------------------------------------------------------------------
Test set: io.confluent.ksql.materialization.ks.KsMaterializationFunctionalTest
-------------------------------------------------------------------------------
Tests run: 14, Failures: 0, Errors: 0, Skipped: 0, Time elapsed: 201.319 s - in io.confluent.ksql.materialization.ks.KsMaterializationFunctionalTest
-------------------------------------------------------------------------------
Test set: io.confluent.ksql.structured.SchemaKStreamTest
-------------------------------------------------------------------------------
Tests run: 18, Failures: 0, Errors: 0, Skipped: 0, Time elapsed: 0.271 s - in io.confluent.ksql.structured.SchemaKStreamTest
-------------------------------------------------------------------------------
Test set: io.confluent.ksql.function.udf.url.UrlExtractPortTest
-------------------------------------------------------------------------------
Tests run: 3, Failures: 0, Errors: 0, Skipped: 0, Time elapsed: 0.004 s - in io.confluent.ksql.function.udf.url.UrlExtractPortTest
-------------------------------------------------------------------------------
Test set: io.confluent.ksql.function.udf.array.ArrayMaxTest
-------------------------------------------------------------------------------
Tests run: 10, Failures: 0, Errors: 0, Skipped: 0, Time elapsed: 0.001 s - in io.confluent.ksql.function.udf.array.ArrayMaxTest
-------------------------------------------------------------------------------
Test set: io.confluent.ksql.function.udf.array.ArrayExceptTest
-------------------------------------------------------------------------------
Tests run: 10, Failures: 0, Errors: 0, Skipped: 0, Time elapsed: 0.005 s - in io.confluent.ksql.function.udf.array.ArrayExceptTest
-------------------------------------------------------------------------------
Test set: io.confluent.ksql.util.PersistentQueryMetadataTest
-------------------------------------------------------------------------------
Tests run: 7, Failures: 0, Errors: 0, Skipped: 0, Time elapsed: 0.699 s - in io.confluent.ksql.util.PersistentQueryMetadataTest
-------------------------------------------------------------------------------
Test set: io.confluent.ksql.physical.pull.operators.WindowedTableScanOperatorTest
-------------------------------------------------------------------------------
Tests run: 1, Failures: 0, Errors: 0, Skipped: 0, Time elapsed: 0.001 s - in io.confluent.ksql.physical.pull.operators.WindowedTableScanOperatorTest
-------------------------------------------------------------------------------
Test set: io.confluent.ksql.execution.plan.FormatsSerializationTest
-------------------------------------------------------------------------------
Tests run: 4, Failures: 0, Errors: 0, Skipped: 0, Time elapsed: 0.049 s - in io.confluent.ksql.execution.plan.FormatsSerializationTest
-------------------------------------------------------------------------------
Test set: io.confluent.ksql.function.udf.string.MaskerTest
-------------------------------------------------------------------------------
Tests run: 2, Failures: 0, Errors: 0, Skipped: 0, Time elapsed: 0.002 s - in io.confluent.ksql.function.udf.string.MaskerTest
-------------------------------------------------------------------------------
Test set: io.confluent.ksql.function.udf.string.MaskRightTest
-------------------------------------------------------------------------------
Tests run: 4, Failures: 0, Errors: 0, Skipped: 0, Time elapsed: 0.002 s - in io.confluent.ksql.function.udf.string.MaskRightTest
-------------------------------------------------------------------------------
Test set: io.confluent.ksql.schema.ksql.inference.DefaultSchemaInjectorTest
-------------------------------------------------------------------------------
Tests run: 22, Failures: 0, Errors: 0, Skipped: 0, Time elapsed: 0.141 s - in io.confluent.ksql.schema.ksql.inference.DefaultSchemaInjectorTest
-------------------------------------------------------------------------------
Test set: io.confluent.ksql.function.udaf.array.CollectListUdafTest
-------------------------------------------------------------------------------
Tests run: 7, Failures: 0, Errors: 0, Skipped: 0, Time elapsed: 0.004 s - in io.confluent.ksql.function.udaf.array.CollectListUdafTest
-------------------------------------------------------------------------------
Test set: io.confluent.ksql.function.udf.string.FieldTest
-------------------------------------------------------------------------------
Tests run: 6, Failures: 0, Errors: 0, Skipped: 0, Time elapsed: 0.001 s - in io.confluent.ksql.function.udf.string.FieldTest
-------------------------------------------------------------------------------
Test set: io.confluent.ksql.engine.rewrite.StatementRewriteForMagicPseudoTimestampTest
-------------------------------------------------------------------------------
Tests run: 18, Failures: 0, Errors: 0, Skipped: 0, Time elapsed: 0.083 s - in io.confluent.ksql.engine.rewrite.StatementRewriteForMagicPseudoTimestampTest
-------------------------------------------------------------------------------
Test set: io.confluent.ksql.function.udf.map.MapValuesTest
-------------------------------------------------------------------------------
Tests run: 5, Failures: 0, Errors: 0, Skipped: 0, Time elapsed: 0.001 s - in io.confluent.ksql.function.udf.map.MapValuesTest
-------------------------------------------------------------------------------
Test set: io.confluent.ksql.function.udaf.array.CollectSetUdafTest
-------------------------------------------------------------------------------
Tests run: 5, Failures: 0, Errors: 0, Skipped: 0, Time elapsed: 0.002 s - in io.confluent.ksql.function.udaf.array.CollectSetUdafTest
-------------------------------------------------------------------------------
Test set: io.confluent.ksql.engine.rewrite.AstSanitizerTest
-------------------------------------------------------------------------------
Tests run: 22, Failures: 0, Errors: 0, Skipped: 0, Time elapsed: 0.044 s - in io.confluent.ksql.engine.rewrite.AstSanitizerTest
-------------------------------------------------------------------------------
Test set: io.confluent.ksql.util.ScalablePushQueryMetadataTest
-------------------------------------------------------------------------------
Tests run: 3, Failures: 0, Errors: 0, Skipped: 0, Time elapsed: 0.208 s - in io.confluent.ksql.util.ScalablePushQueryMetadataTest
-------------------------------------------------------------------------------
Test set: io.confluent.ksql.function.udf.url.UrlExtractQueryTest
-------------------------------------------------------------------------------
Tests run: 3, Failures: 0, Errors: 0, Skipped: 0, Time elapsed: 0.001 s - in io.confluent.ksql.function.udf.url.UrlExtractQueryTest
-------------------------------------------------------------------------------
Test set: io.confluent.ksql.query.LimitedQueueCallbackTest
-------------------------------------------------------------------------------
Tests run: 6, Failures: 0, Errors: 0, Skipped: 0, Time elapsed: 0.001 s - in io.confluent.ksql.query.LimitedQueueCallbackTest
-------------------------------------------------------------------------------
Test set: io.confluent.ksql.structured.SchemaKTableTest
-------------------------------------------------------------------------------
Tests run: 21, Failures: 0, Errors: 0, Skipped: 0, Time elapsed: 18.441 s - in io.confluent.ksql.structured.SchemaKTableTest
-------------------------------------------------------------------------------
Test set: io.confluent.ksql.topic.TopicPropertiesTest
-------------------------------------------------------------------------------
Tests run: 11, Failures: 0, Errors: 0, Skipped: 0, Time elapsed: 0.002 s - in io.confluent.ksql.topic.TopicPropertiesTest
-------------------------------------------------------------------------------
Test set: io.confluent.ksql.engine.rewrite.ExpressionTreeRewriterTest
-------------------------------------------------------------------------------
Tests run: 47, Failures: 0, Errors: 0, Skipped: 0, Time elapsed: 0.291 s - in io.confluent.ksql.engine.rewrite.ExpressionTreeRewriterTest
-------------------------------------------------------------------------------
Test set: io.confluent.ksql.function.udf.datetime.ParseTimestampTest
-------------------------------------------------------------------------------
Tests run: 10, Failures: 0, Errors: 0, Skipped: 0, Time elapsed: 0.477 s - in io.confluent.ksql.function.udf.datetime.ParseTimestampTest
-------------------------------------------------------------------------------
Test set: io.confluent.ksql.function.udf.nulls.NullIfTest
-------------------------------------------------------------------------------
Tests run: 6, Failures: 0, Errors: 0, Skipped: 0, Time elapsed: 0.003 s - in io.confluent.ksql.function.udf.nulls.NullIfTest
-------------------------------------------------------------------------------
Test set: io.confluent.ksql.physical.scalablepush.locator.AllHostsLocatorTest
-------------------------------------------------------------------------------
Tests run: 1, Failures: 0, Errors: 0, Skipped: 0, Time elapsed: 0.036 s - in io.confluent.ksql.physical.scalablepush.locator.AllHostsLocatorTest
-------------------------------------------------------------------------------
Test set: io.confluent.ksql.function.udf.string.RPadTest
-------------------------------------------------------------------------------
Tests run: 10, Failures: 0, Errors: 0, Skipped: 0, Time elapsed: 0.002 s - in io.confluent.ksql.function.udf.string.RPadTest
-------------------------------------------------------------------------------
Test set: io.confluent.ksql.physical.scalablepush.operators.PeekStreamOperatorTest
-------------------------------------------------------------------------------
Tests run: 1, Failures: 0, Errors: 0, Skipped: 0, Time elapsed: 0.002 s - in io.confluent.ksql.physical.scalablepush.operators.PeekStreamOperatorTest
-------------------------------------------------------------------------------
Test set: io.confluent.ksql.function.udf.datetime.TimestampAddTest
-------------------------------------------------------------------------------
Tests run: 3, Failures: 0, Errors: 0, Skipped: 0, Time elapsed: 0.002 s - in io.confluent.ksql.function.udf.datetime.TimestampAddTest
-------------------------------------------------------------------------------
Test set: io.confluent.ksql.function.udf.datetime.TimestampToStringTest
-------------------------------------------------------------------------------
Tests run: 13, Failures: 0, Errors: 0, Skipped: 0, Time elapsed: 0.32 s - in io.confluent.ksql.function.udf.datetime.TimestampToStringTest
-------------------------------------------------------------------------------
Test set: io.confluent.ksql.physical.common.operators.ProjectOperatorTest
-------------------------------------------------------------------------------
Tests run: 9, Failures: 0, Errors: 0, Skipped: 0, Time elapsed: 0.115 s - in io.confluent.ksql.physical.common.operators.ProjectOperatorTest
-------------------------------------------------------------------------------
Test set: io.confluent.ksql.physical.scalablepush.PushRoutingTest
-------------------------------------------------------------------------------
Tests run: 7, Failures: 0, Errors: 0, Skipped: 0, Time elapsed: 0.75 s - in io.confluent.ksql.physical.scalablepush.PushRoutingTest
-------------------------------------------------------------------------------
Test set: io.confluent.ksql.query.id.SequentialQueryIdGeneratorTest
-------------------------------------------------------------------------------
Tests run: 2, Failures: 0, Errors: 0, Skipped: 0, Time elapsed: 0.001 s - in io.confluent.ksql.query.id.SequentialQueryIdGeneratorTest
-------------------------------------------------------------------------------
Test set: io.confluent.ksql.util.KafkaStreamsThreadErrorTest
-------------------------------------------------------------------------------
Tests run: 1, Failures: 0, Errors: 0, Skipped: 0, Time elapsed: 0.001 s - in io.confluent.ksql.util.KafkaStreamsThreadErrorTest
-------------------------------------------------------------------------------
Test set: io.confluent.ksql.function.udf.datetime.StringToTimestampTest
-------------------------------------------------------------------------------
Tests run: 10, Failures: 0, Errors: 0, Skipped: 0, Time elapsed: 0.27 s - in io.confluent.ksql.function.udf.datetime.StringToTimestampTest
-------------------------------------------------------------------------------
Test set: io.confluent.ksql.ddl.commands.DdlCommandExecTest
-------------------------------------------------------------------------------
Tests run: 25, Failures: 0, Errors: 0, Skipped: 0, Time elapsed: 0.141 s - in io.confluent.ksql.ddl.commands.DdlCommandExecTest
-------------------------------------------------------------------------------
Test set: io.confluent.ksql.function.udf.string.MaskKeepLeftTest
-------------------------------------------------------------------------------
Tests run: 4, Failures: 0, Errors: 0, Skipped: 0, Time elapsed: 0.002 s - in io.confluent.ksql.function.udf.string.MaskKeepLeftTest
-------------------------------------------------------------------------------
Test set: io.confluent.ksql.function.udf.math.AbsTest
-------------------------------------------------------------------------------
Tests run: 3, Failures: 0, Errors: 0, Skipped: 0, Time elapsed: 0.001 s - in io.confluent.ksql.function.udf.math.AbsTest
-------------------------------------------------------------------------------
Test set: io.confluent.ksql.engine.KsqlEngineTest
-------------------------------------------------------------------------------
Tests run: 75, Failures: 0, Errors: 0, Skipped: 0, Time elapsed: 3.389 s - in io.confluent.ksql.engine.KsqlEngineTest
-------------------------------------------------------------------------------
Test set: io.confluent.ksql.function.udf.math.SqrtTest
-------------------------------------------------------------------------------
Tests run: 4, Failures: 0, Errors: 0, Skipped: 0, Time elapsed: 0.002 s - in io.confluent.ksql.function.udf.math.SqrtTest
-------------------------------------------------------------------------------
Test set: io.confluent.ksql.physical.scalablepush.ProcessingQueueTest
-------------------------------------------------------------------------------
Tests run: 2, Failures: 0, Errors: 0, Skipped: 0, Time elapsed: 0.046 s - in io.confluent.ksql.physical.scalablepush.ProcessingQueueTest
-------------------------------------------------------------------------------
Test set: io.confluent.ksql.function.udf.json.JsonArrayContainsTest
-------------------------------------------------------------------------------
Tests run: 7, Failures: 0, Errors: 0, Skipped: 0, Time elapsed: 0.002 s - in io.confluent.ksql.function.udf.json.JsonArrayContainsTest
-------------------------------------------------------------------------------
Test set: io.confluent.ksql.connect.supported.ConnectorsTest
-------------------------------------------------------------------------------
Tests run: 1, Failures: 0, Errors: 0, Skipped: 0, Time elapsed: 0.004 s - in io.confluent.ksql.connect.supported.ConnectorsTest
-------------------------------------------------------------------------------
Test set: io.confluent.ksql.function.udf.url.UrlDecodeParamTest
-------------------------------------------------------------------------------
Tests run: 3, Failures: 0, Errors: 0, Skipped: 0, Time elapsed: 0.001 s - in io.confluent.ksql.function.udf.url.UrlDecodeParamTest
-------------------------------------------------------------------------------
Test set: io.confluent.ksql.schema.ksql.inference.SchemaRegistryTopicSchemaSupplierTest
-------------------------------------------------------------------------------
Tests run: 30, Failures: 0, Errors: 0, Skipped: 0, Time elapsed: 0.251 s - in io.confluent.ksql.schema.ksql.inference.SchemaRegistryTopicSchemaSupplierTest
-------------------------------------------------------------------------------
Test set: io.confluent.ksql.rocksdb.KsqlBoundedMemoryRocksDBConfigTest
-------------------------------------------------------------------------------
Tests run: 4, Failures: 0, Errors: 0, Skipped: 0, Time elapsed: 0.013 s - in io.confluent.ksql.rocksdb.KsqlBoundedMemoryRocksDBConfigTest
-------------------------------------------------------------------------------
Test set: io.confluent.ksql.rocksdb.KsqlBoundedMemoryRocksDBConfigSetterTest
-------------------------------------------------------------------------------
Tests run: 13, Failures: 0, Errors: 0, Skipped: 0, Time elapsed: 2.744 s - in io.confluent.ksql.rocksdb.KsqlBoundedMemoryRocksDBConfigSetterTest
-------------------------------------------------------------------------------
Test set: io.confluent.ksql.rest.ApiJsonMapperTest
-------------------------------------------------------------------------------
Tests run: 8, Failures: 0, Errors: 0, Skipped: 0, Time elapsed: 0.032 s - in io.confluent.ksql.rest.ApiJsonMapperTest
-------------------------------------------------------------------------------
Test set: io.confluent.ksql.rest.entity.KsqlRequestTest
-------------------------------------------------------------------------------
Tests run: 14, Failures: 0, Errors: 0, Skipped: 0, Time elapsed: 0.059 s - in io.confluent.ksql.rest.entity.KsqlRequestTest
-------------------------------------------------------------------------------
Test set: io.confluent.ksql.rest.entity.FunctionInfoTest
-------------------------------------------------------------------------------
Tests run: 1, Failures: 0, Errors: 0, Skipped: 0, Time elapsed: 0.01 s - in io.confluent.ksql.rest.entity.FunctionInfoTest
-------------------------------------------------------------------------------
Test set: io.confluent.ksql.rest.entity.SchemaInfoTest
-------------------------------------------------------------------------------
Tests run: 2, Failures: 0, Errors: 0, Skipped: 0, Time elapsed: 0 s - in io.confluent.ksql.rest.entity.SchemaInfoTest
-------------------------------------------------------------------------------
Test set: io.confluent.ksql.rest.QueryIdSerializationTest
-------------------------------------------------------------------------------
Tests run: 2, Failures: 0, Errors: 0, Skipped: 0, Time elapsed: 0.121 s - in io.confluent.ksql.rest.QueryIdSerializationTest
-------------------------------------------------------------------------------
Test set: io.confluent.ksql.rest.entity.ServerClusterIdTest
-------------------------------------------------------------------------------
Tests run: 2, Failures: 0, Errors: 0, Skipped: 0, Time elapsed: 0.001 s - in io.confluent.ksql.rest.entity.ServerClusterIdTest
-------------------------------------------------------------------------------
Test set: io.confluent.ksql.rest.entity.SourceDescriptionTest
-------------------------------------------------------------------------------
Tests run: 1, Failures: 0, Errors: 0, Skipped: 0, Time elapsed: 0.106 s - in io.confluent.ksql.rest.entity.SourceDescriptionTest
-------------------------------------------------------------------------------
Test set: io.confluent.ksql.rest.entity.CommandStatusEntityTest
-------------------------------------------------------------------------------
Tests run: 9, Failures: 0, Errors: 0, Skipped: 0, Time elapsed: 0.007 s - in io.confluent.ksql.rest.entity.CommandStatusEntityTest
-------------------------------------------------------------------------------
Test set: io.confluent.ksql.rest.entity.SchemaDescriptionFormatTest
-------------------------------------------------------------------------------
Tests run: 3, Failures: 0, Errors: 0, Skipped: 0, Time elapsed: 0.009 s - in io.confluent.ksql.rest.entity.SchemaDescriptionFormatTest
-------------------------------------------------------------------------------
Test set: io.confluent.ksql.rest.entity.KafkaTopicsListExtendedTest
-------------------------------------------------------------------------------
Tests run: 1, Failures: 0, Errors: 0, Skipped: 0, Time elapsed: 0.005 s - in io.confluent.ksql.rest.entity.KafkaTopicsListExtendedTest
-------------------------------------------------------------------------------
Test set: io.confluent.ksql.rest.model.ImmutabilityTest
-------------------------------------------------------------------------------
Tests run: 33, Failures: 0, Errors: 0, Skipped: 0, Time elapsed: 0.046 s - in io.confluent.ksql.rest.model.ImmutabilityTest
-------------------------------------------------------------------------------
Test set: io.confluent.ksql.rest.ErrorsTest
-------------------------------------------------------------------------------
Tests run: 5, Failures: 0, Errors: 0, Skipped: 0, Time elapsed: 0.977 s - in io.confluent.ksql.rest.ErrorsTest
-------------------------------------------------------------------------------
Test set: io.confluent.ksql.rest.entity.ServerMetadataTest
-------------------------------------------------------------------------------
Tests run: 2, Failures: 0, Errors: 0, Skipped: 0, Time elapsed: 0.081 s - in io.confluent.ksql.rest.entity.ServerMetadataTest
-------------------------------------------------------------------------------
Test set: io.confluent.ksql.rest.entity.KafkaTopicsListTest
-------------------------------------------------------------------------------
Tests run: 1, Failures: 0, Errors: 0, Skipped: 0, Time elapsed: 0.016 s - in io.confluent.ksql.rest.entity.KafkaTopicsListTest
-------------------------------------------------------------------------------
Test set: io.confluent.ksql.rest.entity.KsqlErrorMessageTest
-------------------------------------------------------------------------------
Tests run: 2, Failures: 0, Errors: 0, Skipped: 0, Time elapsed: 0.015 s - in io.confluent.ksql.rest.entity.KsqlErrorMessageTest
-------------------------------------------------------------------------------
Test set: io.confluent.ksql.rest.entity.EntityTest
-------------------------------------------------------------------------------
Tests run: 87, Failures: 0, Errors: 0, Skipped: 0, Time elapsed: 0.019 s - in io.confluent.ksql.rest.entity.EntityTest
-------------------------------------------------------------------------------
Test set: io.confluent.ksql.rest.GenericRowSerializationTest
-------------------------------------------------------------------------------
Tests run: 1, Failures: 0, Errors: 0, Skipped: 0, Time elapsed: 0.035 s - in io.confluent.ksql.rest.GenericRowSerializationTest
-------------------------------------------------------------------------------
Test set: io.confluent.ksql.rest.entity.SourceInfoTest
-------------------------------------------------------------------------------
Tests run: 2, Failures: 0, Errors: 0, Skipped: 0, Time elapsed: 0.003 s - in io.confluent.ksql.rest.entity.SourceInfoTest
-------------------------------------------------------------------------------
Test set: io.confluent.ksql.rest.entity.ServerInfoTest
-------------------------------------------------------------------------------
Tests run: 1, Failures: 0, Errors: 0, Skipped: 0, Time elapsed: 0.006 s - in io.confluent.ksql.rest.entity.ServerInfoTest
-------------------------------------------------------------------------------
Test set: io.confluent.ksql.rest.entity.QueryStatusCountTest
-------------------------------------------------------------------------------
Tests run: 6, Failures: 0, Errors: 0, Skipped: 0, Time elapsed: 0.009 s - in io.confluent.ksql.rest.entity.QueryStatusCountTest
-------------------------------------------------------------------------------
Test set: io.confluent.ksql.test.util.ImmutableTesterTest
-------------------------------------------------------------------------------
Tests run: 10, Failures: 0, Errors: 0, Skipped: 0, Time elapsed: 0.17 s - in io.confluent.ksql.test.util.ImmutableTesterTest
-------------------------------------------------------------------------------
Test set: io.confluent.ksql.test.util.ZooKeeperEmbeddedTest
-------------------------------------------------------------------------------
Tests run: 1, Failures: 0, Errors: 0, Skipped: 0, Time elapsed: 2.71 s - in io.confluent.ksql.test.util.ZooKeeperEmbeddedTest
-------------------------------------------------------------------------------
Test set: io.confluent.ksql.schema.ksql.DefaultSqlValueCoercerTest$StrictValueCoercionTest
-------------------------------------------------------------------------------
Tests run: 607, Failures: 0, Errors: 0, Skipped: 0, Time elapsed: 0.03 s - in io.confluent.ksql.schema.ksql.DefaultSqlValueCoercerTest$StrictValueCoercionTest
-------------------------------------------------------------------------------
Test set: io.confluent.ksql.schema.ksql.SqlTimeTypesTest
-------------------------------------------------------------------------------
Tests run: 9, Failures: 0, Errors: 0, Skipped: 0, Time elapsed: 0.08 s - in io.confluent.ksql.schema.ksql.SqlTimeTypesTest
-------------------------------------------------------------------------------
Test set: io.confluent.ksql.schema.ksql.DefaultSqlValueCoercerTest$StructAdditionalTest
-------------------------------------------------------------------------------
Tests run: 5, Failures: 0, Errors: 0, Skipped: 0, Time elapsed: 0.002 s - in io.confluent.ksql.schema.ksql.DefaultSqlValueCoercerTest$StructAdditionalTest
-------------------------------------------------------------------------------
Test set: io.confluent.ksql.schema.ksql.DefaultSqlValueCoercerTest$MapValueCombinationTest
-------------------------------------------------------------------------------
Tests run: 864, Failures: 0, Errors: 0, Skipped: 0, Time elapsed: 0.062 s - in io.confluent.ksql.schema.ksql.DefaultSqlValueCoercerTest$MapValueCombinationTest
-------------------------------------------------------------------------------
Test set: io.confluent.ksql.schema.ksql.DefaultSqlValueCoercerTest$ArrayCombinationTest
-------------------------------------------------------------------------------
Tests run: 864, Failures: 0, Errors: 0, Skipped: 0, Time elapsed: 0.076 s - in io.confluent.ksql.schema.ksql.DefaultSqlValueCoercerTest$ArrayCombinationTest
-------------------------------------------------------------------------------
Test set: io.confluent.ksql.schema.ksql.DefaultSqlValueCoercerTest$TypeCombinationTest
-------------------------------------------------------------------------------
Tests run: 864, Failures: 0, Errors: 0, Skipped: 0, Time elapsed: 0.03 s - in io.confluent.ksql.schema.ksql.DefaultSqlValueCoercerTest$TypeCombinationTest
-------------------------------------------------------------------------------
Test set: io.confluent.ksql.schema.ksql.DefaultSqlValueCoercerTest$StructCombinationTest
-------------------------------------------------------------------------------
Tests run: 864, Failures: 0, Errors: 0, Skipped: 0, Time elapsed: 0.314 s - in io.confluent.ksql.schema.ksql.DefaultSqlValueCoercerTest$StructCombinationTest
-------------------------------------------------------------------------------
Test set: io.confluent.ksql.schema.ksql.SqlBooleansTest
-------------------------------------------------------------------------------
Tests run: 8, Failures: 0, Errors: 0, Skipped: 0, Time elapsed: 0.001 s - in io.confluent.ksql.schema.ksql.SqlBooleansTest
-------------------------------------------------------------------------------
Test set: io.confluent.ksql.schema.ksql.DefaultSqlValueCoercerTest$MapKeyCombinationTest
-------------------------------------------------------------------------------
Tests run: 864, Failures: 0, Errors: 0, Skipped: 0, Time elapsed: 0.045 s - in io.confluent.ksql.schema.ksql.DefaultSqlValueCoercerTest$MapKeyCombinationTest
-------------------------------------------------------------------------------
Test set: io.confluent.ksql.schema.ksql.DefaultSqlValueCoercerTest$UpCastRulesTest
-------------------------------------------------------------------------------
Tests run: 144, Failures: 0, Errors: 0, Skipped: 0, Time elapsed: 0.08 s - in io.confluent.ksql.schema.ksql.DefaultSqlValueCoercerTest$UpCastRulesTest
-------------------------------------------------------------------------------
Test set: io.confluent.ksql.schema.ksql.DefaultSqlValueCoercerTest$MetaTest
-------------------------------------------------------------------------------
Tests run: 2, Failures: 0, Errors: 0, Skipped: 0, Time elapsed: 0.007 s - in io.confluent.ksql.schema.ksql.DefaultSqlValueCoercerTest$MetaTest
-------------------------------------------------------------------------------
Test set: io.confluent.ksql.schema.ksql.DefaultSqlValueCoercerTest$LaxValueCoercionTest
-------------------------------------------------------------------------------
Tests run: 607, Failures: 0, Errors: 0, Skipped: 0, Time elapsed: 0.046 s - in io.confluent.ksql.schema.ksql.DefaultSqlValueCoercerTest$LaxValueCoercionTest
-------------------------------------------------------------------------------
Test set: io.confluent.ksql.schema.ksql.DefaultSqlValueCoercerTest$ArrayAdditionalTest
-------------------------------------------------------------------------------
Tests run: 2, Failures: 0, Errors: 0, Skipped: 0, Time elapsed: 0.001 s - in io.confluent.ksql.schema.ksql.DefaultSqlValueCoercerTest$ArrayAdditionalTest
-------------------------------------------------------------------------------
Test set: io.confluent.ksql.schema.ksql.DefaultSqlValueCoercerTest$MapAdditionalTest
-------------------------------------------------------------------------------
Tests run: 2, Failures: 0, Errors: 0, Skipped: 0, Time elapsed: 0.002 s - in io.confluent.ksql.schema.ksql.DefaultSqlValueCoercerTest$MapAdditionalTest
-------------------------------------------------------------------------------
Test set: io.confluent.ksql.schema.ksql.SqlDoublesTest
-------------------------------------------------------------------------------
Tests run: 4, Failures: 0, Errors: 0, Skipped: 0, Time elapsed: 0.001 s - in io.confluent.ksql.schema.ksql.SqlDoublesTest
-------------------------------------------------------------------------------
Test set: io.confluent.ksql.datagen.DataGenFunctionalTest
-------------------------------------------------------------------------------
Tests run: 4, Failures: 0, Errors: 0, Skipped: 0, Time elapsed: 3.73 s - in io.confluent.ksql.datagen.DataGenFunctionalTest
-------------------------------------------------------------------------------
Test set: io.confluent.ksql.datagen.SessionManagerTest
-------------------------------------------------------------------------------
Tests run: 5, Failures: 0, Errors: 0, Skipped: 0, Time elapsed: 0.033 s - in io.confluent.ksql.datagen.SessionManagerTest
-------------------------------------------------------------------------------
Test set: io.confluent.ksql.datagen.RowGeneratorTest
-------------------------------------------------------------------------------
Tests run: 3, Failures: 0, Errors: 0, Skipped: 0, Time elapsed: 0.129 s - in io.confluent.ksql.datagen.RowGeneratorTest
-------------------------------------------------------------------------------
Test set: io.confluent.ksql.datagen.DataGenTest
-------------------------------------------------------------------------------
Tests run: 6, Failures: 0, Errors: 0, Skipped: 0, Time elapsed: 0.14 s - in io.confluent.ksql.datagen.DataGenTest
-------------------------------------------------------------------------------
Test set: io.confluent.ksql.datagen.DataGenProducerTest
-------------------------------------------------------------------------------
Tests run: 2, Failures: 0, Errors: 0, Skipped: 0, Time elapsed: 0.359 s - in io.confluent.ksql.datagen.DataGenProducerTest
-------------------------------------------------------------------------------
Test set: io.confluent.ksql.datagen.GeneratorTest
-------------------------------------------------------------------------------
Tests run: 11, Failures: 0, Errors: 0, Skipped: 0, Time elapsed: 0.081 s - in io.confluent.ksql.datagen.GeneratorTest
-------------------------------------------------------------------------------
Test set: io.confluent.ksql.cli.BasicAuthFunctionalTest
-------------------------------------------------------------------------------
Tests run: 9, Failures: 0, Errors: 0, Skipped: 0, Time elapsed: 7.396 s - in io.confluent.ksql.cli.BasicAuthFunctionalTest
-------------------------------------------------------------------------------
Test set: io.confluent.ksql.cli.SslFunctionalTest
-------------------------------------------------------------------------------
Tests run: 4, Failures: 0, Errors: 0, Skipped: 0, Time elapsed: 4.4 s - in io.confluent.ksql.cli.SslFunctionalTest
-------------------------------------------------------------------------------
Test set: io.confluent.ksql.cli.CliTest
-------------------------------------------------------------------------------
Tests run: 51, Failures: 0, Errors: 0, Skipped: 0, Time elapsed: 20.154 s - in io.confluent.ksql.cli.CliTest
-------------------------------------------------------------------------------
Test set: io.confluent.ksql.cli.SslClientAuthFunctionalTest
-------------------------------------------------------------------------------
Tests run: 4, Failures: 0, Errors: 0, Skipped: 0, Time elapsed: 13.206 s - in io.confluent.ksql.cli.SslClientAuthFunctionalTest
-------------------------------------------------------------------------------
Test set: io.confluent.ksql.cli.console.OutputFormatTest
-------------------------------------------------------------------------------
Tests run: 3, Failures: 0, Errors: 0, Skipped: 0, Time elapsed: 0.012 s - in io.confluent.ksql.cli.console.OutputFormatTest
-------------------------------------------------------------------------------
Test set: io.confluent.ksql.cli.console.CommentStripperTest
-------------------------------------------------------------------------------
Tests run: 12, Failures: 0, Errors: 0, Skipped: 0, Time elapsed: 0.032 s - in io.confluent.ksql.cli.console.CommentStripperTest
-------------------------------------------------------------------------------
Test set: io.confluent.ksql.cli.console.cmd.RunScriptTest
-------------------------------------------------------------------------------
Tests run: 7, Failures: 0, Errors: 0, Skipped: 0, Time elapsed: 0.012 s - in io.confluent.ksql.cli.console.cmd.RunScriptTest
-------------------------------------------------------------------------------
Test set: io.confluent.ksql.cli.console.table.builder.QueriesTableBuilderTest
-------------------------------------------------------------------------------
Tests run: 2, Failures: 0, Errors: 0, Skipped: 0, Time elapsed: 0.003 s - in io.confluent.ksql.cli.console.table.builder.QueriesTableBuilderTest
-------------------------------------------------------------------------------
Test set: io.confluent.ksql.KsqlTest
-------------------------------------------------------------------------------
Tests run: 8, Failures: 0, Errors: 0, Skipped: 0, Time elapsed: 2.651 s - in io.confluent.ksql.KsqlTest
-------------------------------------------------------------------------------
Test set: io.confluent.ksql.cli.console.TrimmingParserTest
-------------------------------------------------------------------------------
Tests run: 5, Failures: 0, Errors: 0, Skipped: 0, Time elapsed: 0.024 s - in io.confluent.ksql.cli.console.TrimmingParserTest
-------------------------------------------------------------------------------
Test set: io.confluent.ksql.cli.console.JLineTerminalTest
-------------------------------------------------------------------------------
Tests run: 6, Failures: 0, Errors: 0, Skipped: 0, Time elapsed: 0.83 s - in io.confluent.ksql.cli.console.JLineTerminalTest
-------------------------------------------------------------------------------
Test set: io.confluent.ksql.util.TabularRowTest
-------------------------------------------------------------------------------
Tests run: 10, Failures: 0, Errors: 0, Skipped: 0, Time elapsed: 0.005 s - in io.confluent.ksql.util.TabularRowTest
-------------------------------------------------------------------------------
Test set: io.confluent.ksql.cli.console.cmd.RemoteServerSpecificCommandTest
-------------------------------------------------------------------------------
Tests run: 10, Failures: 0, Errors: 0, Skipped: 0, Time elapsed: 0.11 s - in io.confluent.ksql.cli.console.cmd.RemoteServerSpecificCommandTest
-------------------------------------------------------------------------------
Test set: io.confluent.ksql.cli.console.cmd.RequestPipeliningCommandTest
-------------------------------------------------------------------------------
Tests run: 6, Failures: 0, Errors: 0, Skipped: 0, Time elapsed: 0.074 s - in io.confluent.ksql.cli.console.cmd.RequestPipeliningCommandTest
-------------------------------------------------------------------------------
Test set: io.confluent.ksql.cli.console.KsqlLineParserTest
-------------------------------------------------------------------------------
Tests run: 10, Failures: 0, Errors: 0, Skipped: 0, Time elapsed: 0.011 s - in io.confluent.ksql.cli.console.KsqlLineParserTest
-------------------------------------------------------------------------------
Test set: io.confluent.ksql.cli.console.table.builder.PropertiesListTableBuilderTest
-------------------------------------------------------------------------------
Tests run: 4, Failures: 0, Errors: 0, Skipped: 0, Time elapsed: 0.086 s - in io.confluent.ksql.cli.console.table.builder.PropertiesListTableBuilderTest
-------------------------------------------------------------------------------
Test set: io.confluent.ksql.cli.console.UnclosedQuoteCheckerTest
-------------------------------------------------------------------------------
Tests run: 19, Failures: 0, Errors: 0, Skipped: 0, Time elapsed: 0.004 s - in io.confluent.ksql.cli.console.UnclosedQuoteCheckerTest
-------------------------------------------------------------------------------
Test set: io.confluent.ksql.util.CmdLineUtilTest
-------------------------------------------------------------------------------
Tests run: 26, Failures: 0, Errors: 0, Skipped: 0, Time elapsed: 0.003 s - in io.confluent.ksql.util.CmdLineUtilTest
-------------------------------------------------------------------------------
Test set: io.confluent.ksql.cli.commands.OptionsTest
-------------------------------------------------------------------------------
Tests run: 12, Failures: 0, Errors: 0, Skipped: 0, Time elapsed: 0.308 s - in io.confluent.ksql.cli.commands.OptionsTest
-------------------------------------------------------------------------------
Test set: io.confluent.ksql.cli.console.JLineReaderTest
-------------------------------------------------------------------------------
Tests run: 14, Failures: 0, Errors: 0, Skipped: 0, Time elapsed: 0.3 s - in io.confluent.ksql.cli.console.JLineReaderTest
-------------------------------------------------------------------------------
Test set: io.confluent.ksql.cli.console.ConsoleTest
-------------------------------------------------------------------------------
Tests run: 74, Failures: 0, Errors: 0, Skipped: 0, Time elapsed: 3.16 s - in io.confluent.ksql.cli.console.ConsoleTest
-------------------------------------------------------------------------------
Test set: io.confluent.ksql.benchmark.SerdeBenchmarkTest
-------------------------------------------------------------------------------
Tests run: 11, Failures: 0, Errors: 0, Skipped: 0, Time elapsed: 1.053 s - in io.confluent.ksql.benchmark.SerdeBenchmarkTest
-------------------------------------------------------------------------------
Test set: io.confluent.ksql.parser.tree.GroupByTest
-------------------------------------------------------------------------------
Tests run: 4, Failures: 0, Errors: 0, Skipped: 0, Time elapsed: 0.017 s - in io.confluent.ksql.parser.tree.GroupByTest
-------------------------------------------------------------------------------
Test set: io.confluent.ksql.parser.tree.ExplainTest
-------------------------------------------------------------------------------
Tests run: 3, Failures: 0, Errors: 0, Skipped: 0, Time elapsed: 0.001 s - in io.confluent.ksql.parser.tree.ExplainTest
-------------------------------------------------------------------------------
Test set: io.confluent.ksql.parser.tree.StatementsTest
-------------------------------------------------------------------------------
Tests run: 1, Failures: 0, Errors: 0, Skipped: 0, Time elapsed: 0.001 s - in io.confluent.ksql.parser.tree.StatementsTest
-------------------------------------------------------------------------------
Test set: io.confluent.ksql.parser.tree.ListConnectorPluginsTest
-------------------------------------------------------------------------------
Tests run: 1, Failures: 0, Errors: 0, Skipped: 0, Time elapsed: 0.003 s - in io.confluent.ksql.parser.tree.ListConnectorPluginsTest
-------------------------------------------------------------------------------
Test set: io.confluent.ksql.parser.tree.CreateTableAsSelectTest
-------------------------------------------------------------------------------
Tests run: 1, Failures: 0, Errors: 0, Skipped: 0, Time elapsed: 0.016 s - in io.confluent.ksql.parser.tree.CreateTableAsSelectTest
-------------------------------------------------------------------------------
Test set: io.confluent.ksql.parser.json.ExpressionDeserializerTest
-------------------------------------------------------------------------------
Tests run: 2, Failures: 0, Errors: 0, Skipped: 0, Time elapsed: 0.002 s - in io.confluent.ksql.parser.json.ExpressionDeserializerTest
-------------------------------------------------------------------------------
Test set: io.confluent.ksql.parser.tree.AliasedRelationTest
-------------------------------------------------------------------------------
Tests run: 1, Failures: 0, Errors: 0, Skipped: 0, Time elapsed: 0.001 s - in io.confluent.ksql.parser.tree.AliasedRelationTest
-------------------------------------------------------------------------------
Test set: io.confluent.ksql.parser.tree.DropStreamTest
-------------------------------------------------------------------------------
Tests run: 2, Failures: 0, Errors: 0, Skipped: 0, Time elapsed: 0.003 s - in io.confluent.ksql.parser.tree.DropStreamTest
-------------------------------------------------------------------------------
Test set: io.confluent.ksql.parser.json.KsqlTypesSerdeModuleTest
-------------------------------------------------------------------------------
Tests run: 4, Failures: 0, Errors: 0, Skipped: 0, Time elapsed: 0.018 s - in io.confluent.ksql.parser.json.KsqlTypesSerdeModuleTest
-------------------------------------------------------------------------------
Test set: io.confluent.ksql.parser.tree.SingleColumnTest
-------------------------------------------------------------------------------
Tests run: 1, Failures: 0, Errors: 0, Skipped: 0, Time elapsed: 0.001 s - in io.confluent.ksql.parser.tree.SingleColumnTest
-------------------------------------------------------------------------------
Test set: io.confluent.ksql.parser.json.WindowExpressionSerializerTest
-------------------------------------------------------------------------------
Tests run: 1, Failures: 0, Errors: 0, Skipped: 0, Time elapsed: 0.001 s - in io.confluent.ksql.parser.json.WindowExpressionSerializerTest
-------------------------------------------------------------------------------
Test set: io.confluent.ksql.parser.tree.ListTablesTest
-------------------------------------------------------------------------------
Tests run: 1, Failures: 0, Errors: 0, Skipped: 0, Time elapsed: 0.001 s - in io.confluent.ksql.parser.tree.ListTablesTest
-------------------------------------------------------------------------------
Test set: io.confluent.ksql.parser.ImmutabilityTest
-------------------------------------------------------------------------------
Tests run: 71, Failures: 0, Errors: 0, Skipped: 0, Time elapsed: 0.023 s - in io.confluent.ksql.parser.ImmutabilityTest
-------------------------------------------------------------------------------
Test set: io.confluent.ksql.parser.ColumnReferenceParserTest
-------------------------------------------------------------------------------
Tests run: 2, Failures: 0, Errors: 0, Skipped: 0, Time elapsed: 0.001 s - in io.confluent.ksql.parser.ColumnReferenceParserTest
-------------------------------------------------------------------------------
Test set: io.confluent.ksql.parser.tree.AllColumnsTest
-------------------------------------------------------------------------------
Tests run: 1, Failures: 0, Errors: 0, Skipped: 0, Time elapsed: 0.002 s - in io.confluent.ksql.parser.tree.AllColumnsTest
-------------------------------------------------------------------------------
Test set: io.confluent.ksql.parser.tree.AssertValuesTest
-------------------------------------------------------------------------------
Tests run: 1, Failures: 0, Errors: 0, Skipped: 0, Time elapsed: 0.041 s - in io.confluent.ksql.parser.tree.AssertValuesTest
-------------------------------------------------------------------------------
Test set: io.confluent.ksql.parser.tree.DescribeConnectorTest
-------------------------------------------------------------------------------
Tests run: 1, Failures: 0, Errors: 0, Skipped: 0, Time elapsed: 0.001 s - in io.confluent.ksql.parser.tree.DescribeConnectorTest
-------------------------------------------------------------------------------
Test set: io.confluent.ksql.schema.ksql.SqlTypeParserTest
-------------------------------------------------------------------------------
Tests run: 12, Failures: 0, Errors: 0, Skipped: 0, Time elapsed: 0.017 s - in io.confluent.ksql.schema.ksql.SqlTypeParserTest
-------------------------------------------------------------------------------
Test set: io.confluent.ksql.parser.util.ParserUtilTest
-------------------------------------------------------------------------------
Tests run: 4, Failures: 0, Errors: 0, Skipped: 0, Time elapsed: 0.067 s - in io.confluent.ksql.parser.util.ParserUtilTest
-------------------------------------------------------------------------------
Test set: io.confluent.ksql.parser.SqlFormatterTest
-------------------------------------------------------------------------------
Tests run: 67, Failures: 0, Errors: 0, Skipped: 0, Time elapsed: 0.235 s - in io.confluent.ksql.parser.SqlFormatterTest
-------------------------------------------------------------------------------
Test set: io.confluent.ksql.parser.json.SelectExpressionDeserializerTest
-------------------------------------------------------------------------------
Tests run: 3, Failures: 0, Errors: 0, Skipped: 0, Time elapsed: 0.159 s - in io.confluent.ksql.parser.json.SelectExpressionDeserializerTest
-------------------------------------------------------------------------------
Test set: io.confluent.ksql.parser.properties.with.CreateSourceAsPropertiesTest
-------------------------------------------------------------------------------
Tests run: 22, Failures: 0, Errors: 0, Skipped: 0, Time elapsed: 0.007 s - in io.confluent.ksql.parser.properties.with.CreateSourceAsPropertiesTest
-------------------------------------------------------------------------------
Test set: io.confluent.ksql.parser.tree.ListConnectorsTest
-------------------------------------------------------------------------------
Tests run: 1, Failures: 0, Errors: 0, Skipped: 0, Time elapsed: 0.002 s - in io.confluent.ksql.parser.tree.ListConnectorsTest
-------------------------------------------------------------------------------
Test set: io.confluent.ksql.parser.tree.WindowExpressionTest
-------------------------------------------------------------------------------
Tests run: 1, Failures: 0, Errors: 0, Skipped: 0, Time elapsed: 0.054 s - in io.confluent.ksql.parser.tree.WindowExpressionTest
-------------------------------------------------------------------------------
Test set: io.confluent.ksql.parser.VariableSubstitutorTest
-------------------------------------------------------------------------------
Tests run: 10, Failures: 0, Errors: 0, Skipped: 0, Time elapsed: 0.076 s - in io.confluent.ksql.parser.VariableSubstitutorTest
-------------------------------------------------------------------------------
Test set: io.confluent.ksql.parser.tree.TableTest
-------------------------------------------------------------------------------
Tests run: 1, Failures: 0, Errors: 0, Skipped: 0, Time elapsed: 0.002 s - in io.confluent.ksql.parser.tree.TableTest
-------------------------------------------------------------------------------
Test set: io.confluent.ksql.parser.properties.with.InsertIntoPropertiesTest
-------------------------------------------------------------------------------
Tests run: 2, Failures: 0, Errors: 0, Skipped: 0, Time elapsed: 0.001 s - in io.confluent.ksql.parser.properties.with.InsertIntoPropertiesTest
-------------------------------------------------------------------------------
Test set: io.confluent.ksql.parser.tree.HoppingWindowExpressionTest
-------------------------------------------------------------------------------
Tests run: 2, Failures: 0, Errors: 0, Skipped: 0, Time elapsed: 0.001 s - in io.confluent.ksql.parser.tree.HoppingWindowExpressionTest
-------------------------------------------------------------------------------
Test set: io.confluent.ksql.parser.tree.ListQueriesTest
-------------------------------------------------------------------------------
Tests run: 1, Failures: 0, Errors: 0, Skipped: 0, Time elapsed: 0.002 s - in io.confluent.ksql.parser.tree.ListQueriesTest
-------------------------------------------------------------------------------
Test set: io.confluent.ksql.parser.tree.TerminateQueryTest
-------------------------------------------------------------------------------
Tests run: 1, Failures: 0, Errors: 0, Skipped: 0, Time elapsed: 0.001 s - in io.confluent.ksql.parser.tree.TerminateQueryTest
-------------------------------------------------------------------------------
Test set: io.confluent.ksql.parser.tree.JoinedSourceTest
-------------------------------------------------------------------------------
Tests run: 1, Failures: 0, Errors: 0, Skipped: 0, Time elapsed: 0.001 s - in io.confluent.ksql.parser.tree.JoinedSourceTest
-------------------------------------------------------------------------------
Test set: io.confluent.ksql.parser.tree.TumblingWindowExpressionTest
-------------------------------------------------------------------------------
Tests run: 2, Failures: 0, Errors: 0, Skipped: 0, Time elapsed: 0.001 s - in io.confluent.ksql.parser.tree.TumblingWindowExpressionTest
-------------------------------------------------------------------------------
Test set: io.confluent.ksql.parser.tree.CreateStreamTest
-------------------------------------------------------------------------------
Tests run: 2, Failures: 0, Errors: 0, Skipped: 0, Time elapsed: 0.022 s - in io.confluent.ksql.parser.tree.CreateStreamTest
-------------------------------------------------------------------------------
Test set: io.confluent.ksql.util.ParserUtilTest
-------------------------------------------------------------------------------
Tests run: 2, Failures: 0, Errors: 0, Skipped: 0, Time elapsed: 0.042 s - in io.confluent.ksql.util.ParserUtilTest
-------------------------------------------------------------------------------
Test set: io.confluent.ksql.parser.tree.InsertIntoTest
-------------------------------------------------------------------------------
Tests run: 2, Failures: 0, Errors: 0, Skipped: 0, Time elapsed: 0.007 s - in io.confluent.ksql.parser.tree.InsertIntoTest
-------------------------------------------------------------------------------
Test set: io.confluent.ksql.parser.json.SelectExpressionSerializerTest
-------------------------------------------------------------------------------
Tests run: 3, Failures: 0, Errors: 0, Skipped: 0, Time elapsed: 0.002 s - in io.confluent.ksql.parser.json.SelectExpressionSerializerTest
-------------------------------------------------------------------------------
Test set: io.confluent.ksql.parser.tree.QueryTest
-------------------------------------------------------------------------------
Tests run: 1, Failures: 0, Errors: 0, Skipped: 0, Time elapsed: 0.13 s - in io.confluent.ksql.parser.tree.QueryTest
-------------------------------------------------------------------------------
Test set: io.confluent.ksql.parser.tree.TableElementTest
-------------------------------------------------------------------------------
Tests run: 4, Failures: 0, Errors: 0, Skipped: 0, Time elapsed: 0.004 s - in io.confluent.ksql.parser.tree.TableElementTest
-------------------------------------------------------------------------------
Test set: io.confluent.ksql.parser.tree.InsertValuesTest
-------------------------------------------------------------------------------
Tests run: 3, Failures: 0, Errors: 0, Skipped: 0, Time elapsed: 0.002 s - in io.confluent.ksql.parser.tree.InsertValuesTest
-------------------------------------------------------------------------------
Test set: io.confluent.ksql.parser.SyntaxErrorValidatorTest
-------------------------------------------------------------------------------
Tests run: 5, Failures: 0, Errors: 0, Skipped: 0, Time elapsed: 0.282 s - in io.confluent.ksql.parser.SyntaxErrorValidatorTest
-------------------------------------------------------------------------------
Test set: io.confluent.ksql.parser.tree.ShowColumnsTest
-------------------------------------------------------------------------------
Tests run: 1, Failures: 0, Errors: 0, Skipped: 0, Time elapsed: 0.003 s - in io.confluent.ksql.parser.tree.ShowColumnsTest
-------------------------------------------------------------------------------
Test set: io.confluent.ksql.parser.tree.CreateStreamAsSelectTest
-------------------------------------------------------------------------------
Tests run: 1, Failures: 0, Errors: 0, Skipped: 0, Time elapsed: 0.027 s - in io.confluent.ksql.parser.tree.CreateStreamAsSelectTest
-------------------------------------------------------------------------------
Test set: io.confluent.ksql.parser.json.ColumnSerdeTest
-------------------------------------------------------------------------------
Tests run: 2, Failures: 0, Errors: 0, Skipped: 0, Time elapsed: 0.001 s - in io.confluent.ksql.parser.json.ColumnSerdeTest
-------------------------------------------------------------------------------
Test set: io.confluent.ksql.parser.tree.TableElementsTest
-------------------------------------------------------------------------------
Tests run: 14, Failures: 0, Errors: 0, Skipped: 0, Time elapsed: 0.037 s - in io.confluent.ksql.parser.tree.TableElementsTest
-------------------------------------------------------------------------------
Test set: io.confluent.ksql.parser.properties.with.CreateSourcePropertiesTest
-------------------------------------------------------------------------------
Tests run: 31, Failures: 0, Errors: 0, Skipped: 0, Time elapsed: 0.284 s - in io.confluent.ksql.parser.properties.with.CreateSourcePropertiesTest
-------------------------------------------------------------------------------
Test set: io.confluent.ksql.util.IdentifierUtilTest
-------------------------------------------------------------------------------
Tests run: 4, Failures: 0, Errors: 0, Skipped: 0, Time elapsed: 0.005 s - in io.confluent.ksql.util.IdentifierUtilTest
-------------------------------------------------------------------------------
Test set: io.confluent.ksql.parser.tree.ListStreamsTest
-------------------------------------------------------------------------------
Tests run: 1, Failures: 0, Errors: 0, Skipped: 0, Time elapsed: 0.002 s - in io.confluent.ksql.parser.tree.ListStreamsTest
-------------------------------------------------------------------------------
Test set: io.confluent.ksql.parser.tree.ListTopicsTest
-------------------------------------------------------------------------------
Tests run: 1, Failures: 0, Errors: 0, Skipped: 0, Time elapsed: 0.003 s - in io.confluent.ksql.parser.tree.ListTopicsTest
-------------------------------------------------------------------------------
Test set: io.confluent.ksql.parser.tree.SessionWindowExpressionTest
-------------------------------------------------------------------------------
Tests run: 2, Failures: 0, Errors: 0, Skipped: 0, Time elapsed: 0.001 s - in io.confluent.ksql.parser.tree.SessionWindowExpressionTest
-------------------------------------------------------------------------------
Test set: io.confluent.ksql.parser.tree.CreateConnectorTest
-------------------------------------------------------------------------------
Tests run: 1, Failures: 0, Errors: 0, Skipped: 0, Time elapsed: 0.001 s - in io.confluent.ksql.parser.tree.CreateConnectorTest
-------------------------------------------------------------------------------
Test set: io.confluent.ksql.util.ParserKeywordValidatorUtilTest
-------------------------------------------------------------------------------
Tests run: 4, Failures: 0, Errors: 0, Skipped: 0, Time elapsed: 0.004 s - in io.confluent.ksql.util.ParserKeywordValidatorUtilTest
-------------------------------------------------------------------------------
Test set: io.confluent.ksql.parser.KsqlParserTest
-------------------------------------------------------------------------------
Tests run: 85, Failures: 0, Errors: 0, Skipped: 0, Time elapsed: 0.213 s - in io.confluent.ksql.parser.KsqlParserTest
-------------------------------------------------------------------------------
Test set: io.confluent.ksql.parser.tree.JoinTest
-------------------------------------------------------------------------------
Tests run: 1, Failures: 0, Errors: 0, Skipped: 0, Time elapsed: 0.051 s - in io.confluent.ksql.parser.tree.JoinTest
-------------------------------------------------------------------------------
Test set: io.confluent.ksql.util.QueryGuidTest
-------------------------------------------------------------------------------
Tests run: 7, Failures: 0, Errors: 0, Skipped: 0, Time elapsed: 0.004 s - in io.confluent.ksql.util.QueryGuidTest
-------------------------------------------------------------------------------
Test set: io.confluent.ksql.parser.json.LogicalSchemaDeserializerTest
-------------------------------------------------------------------------------
Tests run: 3, Failures: 0, Errors: 0, Skipped: 0, Time elapsed: 0.001 s - in io.confluent.ksql.parser.json.LogicalSchemaDeserializerTest
-------------------------------------------------------------------------------
Test set: io.confluent.ksql.parser.tree.ListPropertiesTest
-------------------------------------------------------------------------------
Tests run: 1, Failures: 0, Errors: 0, Skipped: 0, Time elapsed: 0.002 s - in io.confluent.ksql.parser.tree.ListPropertiesTest
-------------------------------------------------------------------------------
Test set: io.confluent.ksql.parser.SchemaParserTest
-------------------------------------------------------------------------------
Tests run: 8, Failures: 0, Errors: 0, Skipped: 0, Time elapsed: 0.039 s - in io.confluent.ksql.parser.SchemaParserTest
-------------------------------------------------------------------------------
Test set: io.confluent.ksql.parser.tree.DropTableTest
-------------------------------------------------------------------------------
Tests run: 2, Failures: 0, Errors: 0, Skipped: 0, Time elapsed: 0.001 s - in io.confluent.ksql.parser.tree.DropTableTest
-------------------------------------------------------------------------------
Test set: io.confluent.ksql.util.GrammarTokenExporterTest
-------------------------------------------------------------------------------
Tests run: 1, Failures: 0, Errors: 0, Skipped: 0, Time elapsed: 0.005 s - in io.confluent.ksql.util.GrammarTokenExporterTest
-------------------------------------------------------------------------------
Test set: io.confluent.ksql.parser.LiteralUtilTest
-------------------------------------------------------------------------------
Tests run: 3, Failures: 0, Errors: 0, Skipped: 0, Time elapsed: 0.007 s - in io.confluent.ksql.parser.LiteralUtilTest
-------------------------------------------------------------------------------
Test set: io.confluent.ksql.parser.json.WindowExpressionDeserializerTest
-------------------------------------------------------------------------------
Tests run: 1, Failures: 0, Errors: 0, Skipped: 0, Time elapsed: 0.002 s - in io.confluent.ksql.parser.json.WindowExpressionDeserializerTest
-------------------------------------------------------------------------------
Test set: io.confluent.ksql.parser.tree.PartitionByTest
-------------------------------------------------------------------------------
Tests run: 1, Failures: 0, Errors: 0, Skipped: 0, Time elapsed: 0.004 s - in io.confluent.ksql.parser.tree.PartitionByTest
-------------------------------------------------------------------------------
Test set: io.confluent.ksql.parser.AssertTableTest
-------------------------------------------------------------------------------
Tests run: 1, Failures: 0, Errors: 0, Skipped: 0, Time elapsed: 0.069 s - in io.confluent.ksql.parser.AssertTableTest
-------------------------------------------------------------------------------
Test set: io.confluent.ksql.parser.tree.WithinExpressionTest
-------------------------------------------------------------------------------
Tests run: 4, Failures: 0, Errors: 0, Skipped: 0, Time elapsed: 0.001 s - in io.confluent.ksql.parser.tree.WithinExpressionTest
-------------------------------------------------------------------------------
Test set: io.confluent.ksql.parser.tree.CreateTableTest
-------------------------------------------------------------------------------
Tests run: 2, Failures: 0, Errors: 0, Skipped: 0, Time elapsed: 0.014 s - in io.confluent.ksql.parser.tree.CreateTableTest
-------------------------------------------------------------------------------
Test set: io.confluent.ksql.parser.ExpressionParserTest
-------------------------------------------------------------------------------
Tests run: 6, Failures: 0, Errors: 0, Skipped: 0, Time elapsed: 0.005 s - in io.confluent.ksql.parser.ExpressionParserTest
-------------------------------------------------------------------------------
Test set: io.confluent.ksql.parser.AstBuilderTest
-------------------------------------------------------------------------------
Tests run: 42, Failures: 0, Errors: 0, Skipped: 0, Time elapsed: 0.051 s - in io.confluent.ksql.parser.AstBuilderTest
-------------------------------------------------------------------------------
Test set: io.confluent.ksql.parser.tree.AssertStreamTest
-------------------------------------------------------------------------------
Tests run: 1, Failures: 0, Errors: 0, Skipped: 0, Time elapsed: 0.019 s - in io.confluent.ksql.parser.tree.AssertStreamTest
-------------------------------------------------------------------------------
Test set: io.confluent.ksql.parser.json.ExpressionSerializerTest
-------------------------------------------------------------------------------
Tests run: 2, Failures: 0, Errors: 0, Skipped: 0, Time elapsed: 0.002 s - in io.confluent.ksql.parser.json.ExpressionSerializerTest
-------------------------------------------------------------------------------
Test set: io.confluent.ksql.reactive.BufferedPublisherTest
-------------------------------------------------------------------------------
Tests run: 22, Failures: 0, Errors: 0, Skipped: 0, Time elapsed: 0.27 s - in io.confluent.ksql.reactive.BufferedPublisherTest
-------------------------------------------------------------------------------
Test set: io.confluent.ksql.config.KsqlConfigResolverTest
-------------------------------------------------------------------------------
Tests run: 26, Failures: 0, Errors: 0, Skipped: 0, Time elapsed: 0.008 s - in io.confluent.ksql.config.KsqlConfigResolverTest
-------------------------------------------------------------------------------
Test set: io.confluent.ksql.schema.ksql.SqlBaseTypeTest
-------------------------------------------------------------------------------
Tests run: 11, Failures: 0, Errors: 0, Skipped: 0, Time elapsed: 0.001 s - in io.confluent.ksql.schema.ksql.SqlBaseTypeTest
-------------------------------------------------------------------------------
Test set: io.confluent.ksql.schema.OperatorTest
-------------------------------------------------------------------------------
Tests run: 7, Failures: 0, Errors: 0, Skipped: 0, Time elapsed: 0.026 s - in io.confluent.ksql.schema.OperatorTest
-------------------------------------------------------------------------------
Test set: io.confluent.ksql.metrics.ProducerCollectorTest
-------------------------------------------------------------------------------
Tests run: 1, Failures: 0, Errors: 0, Skipped: 0, Time elapsed: 0.004 s - in io.confluent.ksql.metrics.ProducerCollectorTest
-------------------------------------------------------------------------------
Test set: io.confluent.ksql.util.ErrorMessageUtilTest
-------------------------------------------------------------------------------
Tests run: 9, Failures: 0, Errors: 0, Skipped: 0, Time elapsed: 0.002 s - in io.confluent.ksql.util.ErrorMessageUtilTest
-------------------------------------------------------------------------------
Test set: io.confluent.ksql.GenericKeyTest$GenKeyTest
-------------------------------------------------------------------------------
Tests run: 6, Failures: 0, Errors: 0, Skipped: 0, Time elapsed: 0.023 s - in io.confluent.ksql.GenericKeyTest$GenKeyTest
-------------------------------------------------------------------------------
Test set: io.confluent.ksql.properties.LocalPropertyParserTest
-------------------------------------------------------------------------------
Tests run: 6, Failures: 0, Errors: 0, Skipped: 0, Time elapsed: 0.138 s - in io.confluent.ksql.properties.LocalPropertyParserTest
-------------------------------------------------------------------------------
Test set: io.confluent.ksql.util.GenericsUtilTest
-------------------------------------------------------------------------------
Tests run: 21, Failures: 0, Errors: 0, Skipped: 0, Time elapsed: 0.003 s - in io.confluent.ksql.util.GenericsUtilTest
-------------------------------------------------------------------------------
Test set: io.confluent.ksql.function.udf.UdfMetadataTest
-------------------------------------------------------------------------------
Tests run: 1, Failures: 0, Errors: 0, Skipped: 0, Time elapsed: 0.001 s - in io.confluent.ksql.function.udf.UdfMetadataTest
-------------------------------------------------------------------------------
Test set: io.confluent.ksql.configdef.ConfigValidatorsTest
-------------------------------------------------------------------------------
Tests run: 22, Failures: 0, Errors: 0, Skipped: 0, Time elapsed: 0.063 s - in io.confluent.ksql.configdef.ConfigValidatorsTest
-------------------------------------------------------------------------------
Test set: io.confluent.ksql.query.QueryErrorClassifierTest
-------------------------------------------------------------------------------
Tests run: 5, Failures: 0, Errors: 0, Skipped: 0, Time elapsed: 0.089 s - in io.confluent.ksql.query.QueryErrorClassifierTest
-------------------------------------------------------------------------------
Test set: io.confluent.ksql.config.SessionConfigTest
-------------------------------------------------------------------------------
Tests run: 6, Failures: 0, Errors: 0, Skipped: 0, Time elapsed: 0.056 s - in io.confluent.ksql.config.SessionConfigTest
-------------------------------------------------------------------------------
Test set: io.confluent.ksql.schema.ksql.SqlTypeWalkerTest
-------------------------------------------------------------------------------
Tests run: 16, Failures: 0, Errors: 0, Skipped: 0, Time elapsed: 0.137 s - in io.confluent.ksql.schema.ksql.SqlTypeWalkerTest
-------------------------------------------------------------------------------
Test set: io.confluent.ksql.serde.RefinementInfoTest
-------------------------------------------------------------------------------
Tests run: 3, Failures: 0, Errors: 0, Skipped: 0, Time elapsed: 0.017 s - in io.confluent.ksql.serde.RefinementInfoTest
-------------------------------------------------------------------------------
Test set: io.confluent.ksql.util.KsqlRequestConfigTest
-------------------------------------------------------------------------------
Tests run: 1, Failures: 0, Errors: 0, Skipped: 0, Time elapsed: 0.001 s - in io.confluent.ksql.util.KsqlRequestConfigTest
-------------------------------------------------------------------------------
Test set: io.confluent.ksql.util.DecimalUtilTest
-------------------------------------------------------------------------------
Tests run: 62, Failures: 0, Errors: 0, Skipped: 0, Time elapsed: 0.012 s - in io.confluent.ksql.util.DecimalUtilTest
-------------------------------------------------------------------------------
Test set: io.confluent.ksql.properties.DenyListPropertyValidatorTest
-------------------------------------------------------------------------------
Tests run: 3, Failures: 0, Errors: 0, Skipped: 0, Time elapsed: 0.005 s - in io.confluent.ksql.properties.DenyListPropertyValidatorTest
-------------------------------------------------------------------------------
Test set: io.confluent.ksql.function.types.ParamTypesTest
-------------------------------------------------------------------------------
Tests run: 5, Failures: 0, Errors: 0, Skipped: 0, Time elapsed: 0.002 s - in io.confluent.ksql.function.types.ParamTypesTest
-------------------------------------------------------------------------------
Test set: io.confluent.ksql.GenericRowTest
-------------------------------------------------------------------------------
Tests run: 11, Failures: 0, Errors: 0, Skipped: 0, Time elapsed: 0.014 s - in io.confluent.ksql.GenericRowTest
-------------------------------------------------------------------------------
Test set: io.confluent.ksql.properties.LocalPropertiesTest
-------------------------------------------------------------------------------
Tests run: 16, Failures: 0, Errors: 0, Skipped: 0, Time elapsed: 0.044 s - in io.confluent.ksql.properties.LocalPropertiesTest
-------------------------------------------------------------------------------
Test set: io.confluent.ksql.serde.FormatInfoTest
-------------------------------------------------------------------------------
Tests run: 3, Failures: 0, Errors: 0, Skipped: 0, Time elapsed: 0.001 s - in io.confluent.ksql.serde.FormatInfoTest
-------------------------------------------------------------------------------
Test set: io.confluent.ksql.function.UdfIndexTest
-------------------------------------------------------------------------------
Tests run: 52, Failures: 0, Errors: 0, Skipped: 0, Time elapsed: 0.027 s - in io.confluent.ksql.function.UdfIndexTest
-------------------------------------------------------------------------------
Test set: io.confluent.ksql.model.WindowTypeTest
-------------------------------------------------------------------------------
Tests run: 6, Failures: 0, Errors: 0, Skipped: 0, Time elapsed: 0.001 s - in io.confluent.ksql.model.WindowTypeTest
-------------------------------------------------------------------------------
Test set: io.confluent.ksql.metrics.MetricCollectorsTest
-------------------------------------------------------------------------------
Tests run: 10, Failures: 0, Errors: 0, Skipped: 0, Time elapsed: 0.235 s - in io.confluent.ksql.metrics.MetricCollectorsTest
-------------------------------------------------------------------------------
Test set: io.confluent.ksql.serde.WindowInfoTest
-------------------------------------------------------------------------------
Tests run: 9, Failures: 0, Errors: 0, Skipped: 0, Time elapsed: 0.06 s - in io.confluent.ksql.serde.WindowInfoTest
-------------------------------------------------------------------------------
Test set: io.confluent.ksql.config.ConfigItemTest
-------------------------------------------------------------------------------
Tests run: 16, Failures: 0, Errors: 0, Skipped: 0, Time elapsed: 0.001 s - in io.confluent.ksql.config.ConfigItemTest
-------------------------------------------------------------------------------
Test set: io.confluent.ksql.query.QueryIdTest
-------------------------------------------------------------------------------
Tests run: 3, Failures: 0, Errors: 0, Skipped: 0, Time elapsed: 0.002 s - in io.confluent.ksql.query.QueryIdTest
-------------------------------------------------------------------------------
Test set: io.confluent.ksql.function.ParameterInfoTest
-------------------------------------------------------------------------------
Tests run: 1, Failures: 0, Errors: 0, Skipped: 0, Time elapsed: 0.001 s - in io.confluent.ksql.function.ParameterInfoTest
-------------------------------------------------------------------------------
Test set: QueryApplicationIdTest
-------------------------------------------------------------------------------
Tests run: 2, Failures: 0, Errors: 0, Skipped: 0, Time elapsed: 0.015 s - in QueryApplicationIdTest
-------------------------------------------------------------------------------
Test set: io.confluent.ksql.json.StructSerializationModuleTest
-------------------------------------------------------------------------------
Tests run: 4, Failures: 0, Errors: 0, Skipped: 0, Time elapsed: 0.001 s - in io.confluent.ksql.json.StructSerializationModuleTest
-------------------------------------------------------------------------------
Test set: io.confluent.ksql.schema.ksql.SchemaConvertersTest
-------------------------------------------------------------------------------
Tests run: 21, Failures: 0, Errors: 0, Skipped: 0, Time elapsed: 0.007 s - in io.confluent.ksql.schema.ksql.SchemaConvertersTest
-------------------------------------------------------------------------------
Test set: io.confluent.ksql.logging.processing.ProcessingLoggerUtilTest
-------------------------------------------------------------------------------
Tests run: 2, Failures: 0, Errors: 0, Skipped: 0, Time elapsed: 0.006 s - in io.confluent.ksql.logging.processing.ProcessingLoggerUtilTest
-------------------------------------------------------------------------------
Test set: io.confluent.ksql.serde.SerdeFeaturesTest
-------------------------------------------------------------------------------
Tests run: 10, Failures: 0, Errors: 0, Skipped: 0, Time elapsed: 0.091 s - in io.confluent.ksql.serde.SerdeFeaturesTest
-------------------------------------------------------------------------------
Test set: io.confluent.ksql.common.ImmutabilityTest
-------------------------------------------------------------------------------
Tests run: 44, Failures: 0, Errors: 0, Skipped: 0, Time elapsed: 0.011 s - in io.confluent.ksql.common.ImmutabilityTest
-------------------------------------------------------------------------------
Test set: io.confluent.ksql.properties.PropertiesUtilTest
-------------------------------------------------------------------------------
Tests run: 7, Failures: 0, Errors: 0, Skipped: 0, Time elapsed: 0.017 s - in io.confluent.ksql.properties.PropertiesUtilTest
-------------------------------------------------------------------------------
Test set: io.confluent.ksql.util.RetryUtilTest
-------------------------------------------------------------------------------
Tests run: 5, Failures: 0, Errors: 0, Skipped: 0, Time elapsed: 0.125 s - in io.confluent.ksql.util.RetryUtilTest
-------------------------------------------------------------------------------
Test set: io.confluent.ksql.util.timestamp.PartialStringToTimestampParserTest
-------------------------------------------------------------------------------
Tests run: 13, Failures: 0, Errors: 0, Skipped: 0, Time elapsed: 0.011 s - in io.confluent.ksql.util.timestamp.PartialStringToTimestampParserTest
-------------------------------------------------------------------------------
Test set: io.confluent.ksql.schema.connect.SqlSchemaFormatterTest
-------------------------------------------------------------------------------
Tests run: 23, Failures: 0, Errors: 0, Skipped: 0, Time elapsed: 0.001 s - in io.confluent.ksql.schema.connect.SqlSchemaFormatterTest
-------------------------------------------------------------------------------
Test set: io.confluent.ksql.GenericKeyTest$BuilderTest
-------------------------------------------------------------------------------
Tests run: 7, Failures: 0, Errors: 0, Skipped: 0, Time elapsed: 0.004 s - in io.confluent.ksql.GenericKeyTest$BuilderTest
-------------------------------------------------------------------------------
Test set: io.confluent.ksql.util.WelcomeMsgUtilsTest
-------------------------------------------------------------------------------
Tests run: 4, Failures: 0, Errors: 0, Skipped: 0, Time elapsed: 0.153 s - in io.confluent.ksql.util.WelcomeMsgUtilsTest
-------------------------------------------------------------------------------
Test set: io.confluent.ksql.properties.LocalPropertyValidatorTest
-------------------------------------------------------------------------------
Tests run: 4, Failures: 0, Errors: 0, Skipped: 0, Time elapsed: 0.002 s - in io.confluent.ksql.properties.LocalPropertyValidatorTest
-------------------------------------------------------------------------------
Test set: io.confluent.ksql.util.GrammaticalJoinerTest
-------------------------------------------------------------------------------
Tests run: 7, Failures: 0, Errors: 0, Skipped: 0, Time elapsed: 0.001 s - in io.confluent.ksql.util.GrammaticalJoinerTest
-------------------------------------------------------------------------------
Test set: io.confluent.ksql.schema.ksql.PersistenceSchemaTest
-------------------------------------------------------------------------------
Tests run: 6, Failures: 0, Errors: 0, Skipped: 0, Time elapsed: 0.001 s - in io.confluent.ksql.schema.ksql.PersistenceSchemaTest
-------------------------------------------------------------------------------
Test set: io.confluent.ksql.util.VertxSslOptionsFactoryTest
-------------------------------------------------------------------------------
Tests run: 13, Failures: 0, Errors: 0, Skipped: 0, Time elapsed: 0.107 s - in io.confluent.ksql.util.VertxSslOptionsFactoryTest
-------------------------------------------------------------------------------
Test set: io.confluent.ksql.logging.processing.ProcessingLoggerFactoryImplTest
-------------------------------------------------------------------------------
Tests run: 2, Failures: 0, Errors: 0, Skipped: 0, Time elapsed: 0.926 s - in io.confluent.ksql.logging.processing.ProcessingLoggerFactoryImplTest
-------------------------------------------------------------------------------
Test set: io.confluent.ksql.logging.processing.ProcessingLoggerImplTest
-------------------------------------------------------------------------------
Tests run: 3, Failures: 0, Errors: 0, Skipped: 0, Time elapsed: 0.048 s - in io.confluent.ksql.logging.processing.ProcessingLoggerImplTest
-------------------------------------------------------------------------------
Test set: io.confluent.ksql.metrics.ConsumerCollectorTest
-------------------------------------------------------------------------------
Tests run: 1, Failures: 0, Errors: 0, Skipped: 0, Time elapsed: 0.005 s - in io.confluent.ksql.metrics.ConsumerCollectorTest
-------------------------------------------------------------------------------
Test set: io.confluent.ksql.util.KsqlConfigTest
-------------------------------------------------------------------------------
Tests run: 40, Failures: 0, Errors: 0, Skipped: 1, Time elapsed: 0.052 s - in io.confluent.ksql.util.KsqlConfigTest
-------------------------------------------------------------------------------
Test set: io.confluent.ksql.schema.ksql.ColumnTest
-------------------------------------------------------------------------------
Tests run: 8, Failures: 0, Errors: 0, Skipped: 0, Time elapsed: 0.001 s - in io.confluent.ksql.schema.ksql.ColumnTest
-------------------------------------------------------------------------------
Test set: io.confluent.ksql.schema.ksql.LogicalSchemaTest
-------------------------------------------------------------------------------
Tests run: 44, Failures: 0, Errors: 0, Skipped: 0, Time elapsed: 0.027 s - in io.confluent.ksql.schema.ksql.LogicalSchemaTest
-------------------------------------------------------------------------------
Test set: io.confluent.ksql.util.HandlerMapsTest
-------------------------------------------------------------------------------
Tests run: 41, Failures: 0, Errors: 0, Skipped: 0, Time elapsed: 0.176 s - in io.confluent.ksql.util.HandlerMapsTest
-------------------------------------------------------------------------------
Test set: io.confluent.ksql.json.LogicalSchemaSerializerTest
-------------------------------------------------------------------------------
Tests run: 3, Failures: 0, Errors: 0, Skipped: 0, Time elapsed: 0.001 s - in io.confluent.ksql.json.LogicalSchemaSerializerTest
-------------------------------------------------------------------------------
Test set: io.confluent.ksql.metrics.TopicSensorsTest
-------------------------------------------------------------------------------
Tests run: 2, Failures: 0, Errors: 0, Skipped: 0, Time elapsed: 0.14 s - in io.confluent.ksql.metrics.TopicSensorsTest
-------------------------------------------------------------------------------
Test set: io.confluent.ksql.util.KsqlVersionTest
-------------------------------------------------------------------------------
Tests run: 4, Failures: 0, Errors: 0, Skipped: 0, Time elapsed: 0.001 s - in io.confluent.ksql.util.KsqlVersionTest
-------------------------------------------------------------------------------
Test set: io.confluent.ksql.parser.DurationParserTest
-------------------------------------------------------------------------------
Tests run: 13, Failures: 0, Errors: 0, Skipped: 0, Time elapsed: 0.001 s - in io.confluent.ksql.parser.DurationParserTest
-------------------------------------------------------------------------------
Test set: io.confluent.ksql.errors.ProductionExceptionHandlerUtilTest
-------------------------------------------------------------------------------
Tests run: 7, Failures: 0, Errors: 0, Skipped: 0, Time elapsed: 0.116 s - in io.confluent.ksql.errors.ProductionExceptionHandlerUtilTest
-------------------------------------------------------------------------------
Test set: io.confluent.ksql.function.UdfFactoryTest
-------------------------------------------------------------------------------
Tests run: 2, Failures: 0, Errors: 0, Skipped: 0, Time elapsed: 0.002 s - in io.confluent.ksql.function.UdfFactoryTest
-------------------------------------------------------------------------------
Test set: io.confluent.ksql.util.ReservedInternalTopicsTest
-------------------------------------------------------------------------------
Tests run: 8, Failures: 0, Errors: 0, Skipped: 0, Time elapsed: 0.009 s - in io.confluent.ksql.util.ReservedInternalTopicsTest
-------------------------------------------------------------------------------
Test set: io.confluent.ksql.schema.connect.SchemaWalkerTest
-------------------------------------------------------------------------------
Tests run: 18, Failures: 0, Errors: 0, Skipped: 0, Time elapsed: 0.171 s - in io.confluent.ksql.schema.connect.SchemaWalkerTest
-------------------------------------------------------------------------------
Test set: io.confluent.ksql.metrics.StreamsErrorCollectorTest
-------------------------------------------------------------------------------
Tests run: 4, Failures: 0, Errors: 0, Skipped: 0, Time elapsed: 0.022 s - in io.confluent.ksql.metrics.StreamsErrorCollectorTest
-------------------------------------------------------------------------------
Test set: io.confluent.ksql.util.timestamp.StringToTimestampParserTest
-------------------------------------------------------------------------------
Tests run: 14, Failures: 0, Errors: 0, Skipped: 0, Time elapsed: 0.003 s - in io.confluent.ksql.util.timestamp.StringToTimestampParserTest
-------------------------------------------------------------------------------
Test set: io.confluent.ksql.reactive.ReactiveSubscriberTest
-------------------------------------------------------------------------------
Tests run: 3, Failures: 0, Errors: 0, Skipped: 0, Time elapsed: 0.153 s - in io.confluent.ksql.reactive.ReactiveSubscriberTest
-------------------------------------------------------------------------------
Test set: io.confluent.support.metrics.utils.StringUtilsTest
-------------------------------------------------------------------------------
Tests run: 2, Failures: 0, Errors: 0, Skipped: 0, Time elapsed: 0.002 s - in io.confluent.support.metrics.utils.StringUtilsTest
-------------------------------------------------------------------------------
Test set: io.confluent.support.metrics.validate.MetricsValidationTest
-------------------------------------------------------------------------------
Tests run: 2, Failures: 0, Errors: 0, Skipped: 0, Time elapsed: 0.002 s - in io.confluent.support.metrics.validate.MetricsValidationTest
-------------------------------------------------------------------------------
Test set: io.confluent.ksql.version.metrics.KsqlVersionCheckerAgentTest
-------------------------------------------------------------------------------
Tests run: 9, Failures: 0, Errors: 0, Skipped: 0, Time elapsed: 1.639 s - in io.confluent.ksql.version.metrics.KsqlVersionCheckerAgentTest
-------------------------------------------------------------------------------
Test set: io.confluent.ksql.version.metrics.VersionCheckerIntegrationTest
-------------------------------------------------------------------------------
Tests run: 1, Failures: 0, Errors: 0, Skipped: 0, Time elapsed: 1.552 s - in io.confluent.ksql.version.metrics.VersionCheckerIntegrationTest
-------------------------------------------------------------------------------
Test set: io.confluent.support.metrics.PhoneHomeConfigTest
-------------------------------------------------------------------------------
Tests run: 3, Failures: 0, Errors: 0, Skipped: 0, Time elapsed: 0.002 s - in io.confluent.support.metrics.PhoneHomeConfigTest
-------------------------------------------------------------------------------
Test set: io.confluent.ksql.version.metrics.KsqlVersionCheckerResponseHandlerTest
-------------------------------------------------------------------------------
Tests run: 1, Failures: 0, Errors: 0, Skipped: 0, Time elapsed: 0.037 s - in io.confluent.ksql.version.metrics.KsqlVersionCheckerResponseHandlerTest
-------------------------------------------------------------------------------
Test set: io.confluent.ksql.version.metrics.collector.BasicCollectorTest
-------------------------------------------------------------------------------
Tests run: 5, Failures: 0, Errors: 0, Skipped: 0, Time elapsed: 0.896 s - in io.confluent.ksql.version.metrics.collector.BasicCollectorTest
-------------------------------------------------------------------------------
Test set: io.confluent.support.metrics.common.time.TimeUtilsTest
-------------------------------------------------------------------------------
Tests run: 1, Failures: 0, Errors: 0, Skipped: 0, Time elapsed: 0.002 s - in io.confluent.support.metrics.common.time.TimeUtilsTest
-------------------------------------------------------------------------------
Test set: io.confluent.support.metrics.utils.WebClientTest
-------------------------------------------------------------------------------
Tests run: 6, Failures: 0, Errors: 0, Skipped: 0, Time elapsed: 2.075 s - in io.confluent.support.metrics.utils.WebClientTest
-------------------------------------------------------------------------------
Test set: io.confluent.support.metrics.common.FilterTest
-------------------------------------------------------------------------------
Tests run: 6, Failures: 0, Errors: 0, Skipped: 0, Time elapsed: 0.001 s - in io.confluent.support.metrics.common.FilterTest
-------------------------------------------------------------------------------
Test set: io.confluent.support.metrics.BaseSupportConfigTest
-------------------------------------------------------------------------------
Tests run: 19, Failures: 0, Errors: 0, Skipped: 0, Time elapsed: 0.001 s - in io.confluent.support.metrics.BaseSupportConfigTest
-------------------------------------------------------------------------------
Test set: io.confluent.support.metrics.utils.JitterTest
-------------------------------------------------------------------------------
Tests run: 1, Failures: 0, Errors: 0, Skipped: 0, Time elapsed: 0.004 s - in io.confluent.support.metrics.utils.JitterTest
-------------------------------------------------------------------------------
Test set: io.confluent.support.metrics.common.UuidTest
-------------------------------------------------------------------------------
Tests run: 3, Failures: 0, Errors: 0, Skipped: 0, Time elapsed: 0.001 s - in io.confluent.support.metrics.common.UuidTest
-------------------------------------------------------------------------------
Test set: io.confluent.support.metrics.submitters.ConfluentSubmitterTest
-------------------------------------------------------------------------------
Tests run: 13, Failures: 0, Errors: 0, Skipped: 0, Time elapsed: 0.002 s - in io.confluent.support.metrics.submitters.ConfluentSubmitterTest
-------------------------------------------------------------------------------
Test set: io.confluent.ksql.version.metrics.collector.KsqlModuleTypeTest
-------------------------------------------------------------------------------
Tests run: 1, Failures: 0, Errors: 0, Skipped: 0, Time elapsed: 0.006 s - in io.confluent.ksql.version.metrics.collector.KsqlModuleTypeTest
-------------------------------------------------------------------------------
Test set: io.confluent.ksql.tools.migrations.MigrationsTest
-------------------------------------------------------------------------------
Tests run: 1, Failures: 0, Errors: 0, Skipped: 0, Time elapsed: 47.189 s - in io.confluent.ksql.tools.migrations.MigrationsTest
-------------------------------------------------------------------------------
Test set: io.confluent.ksql.tools.migrations.util.MigrationsUtilTest
-------------------------------------------------------------------------------
Tests run: 2, Failures: 0, Errors: 0, Skipped: 0, Time elapsed: 0.003 s - in io.confluent.ksql.tools.migrations.util.MigrationsUtilTest
-------------------------------------------------------------------------------
Test set: io.confluent.ksql.tools.migrations.commands.ValidateMigrationsCommandTest
-------------------------------------------------------------------------------
Tests run: 8, Failures: 0, Errors: 0, Skipped: 0, Time elapsed: 0.071 s - in io.confluent.ksql.tools.migrations.commands.ValidateMigrationsCommandTest
-------------------------------------------------------------------------------
Test set: io.confluent.ksql.tools.migrations.commands.CreateMigrationCommandTest
-------------------------------------------------------------------------------
Tests run: 10, Failures: 0, Errors: 0, Skipped: 0, Time elapsed: 0.018 s - in io.confluent.ksql.tools.migrations.commands.CreateMigrationCommandTest
-------------------------------------------------------------------------------
Test set: io.confluent.ksql.tools.migrations.commands.InitializeMigrationCommandTest
-------------------------------------------------------------------------------
Tests run: 5, Failures: 0, Errors: 0, Skipped: 0, Time elapsed: 0.027 s - in io.confluent.ksql.tools.migrations.commands.InitializeMigrationCommandTest
-------------------------------------------------------------------------------
Test set: io.confluent.ksql.tools.migrations.util.ServerVersionUtilTest
-------------------------------------------------------------------------------
Tests run: 4, Failures: 0, Errors: 0, Skipped: 0, Time elapsed: 0.013 s - in io.confluent.ksql.tools.migrations.util.ServerVersionUtilTest
-------------------------------------------------------------------------------
Test set: io.confluent.ksql.tools.migrations.util.MigrationVersionInfoFormatterTest
-------------------------------------------------------------------------------
Tests run: 1, Failures: 0, Errors: 0, Skipped: 0, Time elapsed: 0.008 s - in io.confluent.ksql.tools.migrations.util.MigrationVersionInfoFormatterTest
-------------------------------------------------------------------------------
Test set: io.confluent.ksql.tools.migrations.commands.MigrationInfoCommandTest
-------------------------------------------------------------------------------
Tests run: 5, Failures: 0, Errors: 0, Skipped: 0, Time elapsed: 1.72 s - in io.confluent.ksql.tools.migrations.commands.MigrationInfoCommandTest
-------------------------------------------------------------------------------
Test set: io.confluent.ksql.tools.migrations.commands.DestroyMigrationsCommandTest
-------------------------------------------------------------------------------
Tests run: 8, Failures: 0, Errors: 0, Skipped: 0, Time elapsed: 0.148 s - in io.confluent.ksql.tools.migrations.commands.DestroyMigrationsCommandTest
-------------------------------------------------------------------------------
Test set: io.confluent.ksql.tools.migrations.MigrationsParsingTest
-------------------------------------------------------------------------------
Tests run: 8, Failures: 0, Errors: 0, Skipped: 0, Time elapsed: 0.344 s - in io.confluent.ksql.tools.migrations.MigrationsParsingTest
-------------------------------------------------------------------------------
Test set: io.confluent.ksql.tools.migrations.util.CommandParserTest
-------------------------------------------------------------------------------
Tests run: 35, Failures: 0, Errors: 0, Skipped: 0, Time elapsed: 0.341 s - in io.confluent.ksql.tools.migrations.util.CommandParserTest
-------------------------------------------------------------------------------
Test set: io.confluent.ksql.tools.migrations.commands.ApplyMigrationCommandTest
-------------------------------------------------------------------------------
Tests run: 22, Failures: 0, Errors: 0, Skipped: 0, Time elapsed: 10.428 s - in io.confluent.ksql.tools.migrations.commands.ApplyMigrationCommandTest
-------------------------------------------------------------------------------
Test set: io.confluent.ksql.tools.migrations.util.MigrationsDirectoryUtilTest
-------------------------------------------------------------------------------
Tests run: 1, Failures: 0, Errors: 0, Skipped: 0, Time elapsed: 0.033 s - in io.confluent.ksql.tools.migrations.util.MigrationsDirectoryUtilTest
-------------------------------------------------------------------------------
Test set: io.confluent.ksql.tools.migrations.commands.NewMigrationCommandTest
-------------------------------------------------------------------------------
Tests run: 10, Failures: 0, Errors: 0, Skipped: 0, Time elapsed: 0.069 s - in io.confluent.ksql.tools.migrations.commands.NewMigrationCommandTest
-------------------------------------------------------------------------------
Test set: io.confluent.ksql.serde.none.NoneFormatTest
-------------------------------------------------------------------------------
Tests run: 4, Failures: 0, Errors: 0, Skipped: 0, Time elapsed: 0.033 s - in io.confluent.ksql.serde.none.NoneFormatTest
-------------------------------------------------------------------------------
Test set: io.confluent.ksql.serde.StaticTopicSerdeTest
-------------------------------------------------------------------------------
Tests run: 6, Failures: 0, Errors: 0, Skipped: 0, Time elapsed: 0.045 s - in io.confluent.ksql.serde.StaticTopicSerdeTest
-------------------------------------------------------------------------------
Test set: io.confluent.ksql.serde.tls.ThreadLocalDeserializerTest
-------------------------------------------------------------------------------
Tests run: 1, Failures: 0, Errors: 0, Skipped: 0, Time elapsed: 0.028 s - in io.confluent.ksql.serde.tls.ThreadLocalDeserializerTest
-------------------------------------------------------------------------------
Test set: io.confluent.ksql.serde.delimited.KsqlDelimitedDeserializerTest
-------------------------------------------------------------------------------
Tests run: 17, Failures: 0, Errors: 0, Skipped: 0, Time elapsed: 0.074 s - in io.confluent.ksql.serde.delimited.KsqlDelimitedDeserializerTest
-------------------------------------------------------------------------------
Test set: io.confluent.ksql.serde.GenericRowSerDeTest
-------------------------------------------------------------------------------
Tests run: 7, Failures: 0, Errors: 0, Skipped: 0, Time elapsed: 0.206 s - in io.confluent.ksql.serde.GenericRowSerDeTest
-------------------------------------------------------------------------------
Test set: io.confluent.ksql.serde.connect.ConnectFormatSchemaTranslatorTest
-------------------------------------------------------------------------------
Tests run: 8, Failures: 0, Errors: 0, Skipped: 0, Time elapsed: 0.172 s - in io.confluent.ksql.serde.connect.ConnectFormatSchemaTranslatorTest
-------------------------------------------------------------------------------
Test set: io.confluent.ksql.serde.tls.ThreadLocalSerializerTest
-------------------------------------------------------------------------------
Tests run: 1, Failures: 0, Errors: 0, Skipped: 0, Time elapsed: 0.004 s - in io.confluent.ksql.serde.tls.ThreadLocalSerializerTest
-------------------------------------------------------------------------------
Test set: io.confluent.ksql.serde.tls.ThreadLocalCloseableTest
-------------------------------------------------------------------------------
Tests run: 2, Failures: 0, Errors: 0, Skipped: 0, Time elapsed: 0.008 s - in io.confluent.ksql.serde.tls.ThreadLocalCloseableTest
-------------------------------------------------------------------------------
Test set: io.confluent.ksql.logging.processing.SerializationErrorTest
-------------------------------------------------------------------------------
Tests run: 5, Failures: 0, Errors: 0, Skipped: 0, Time elapsed: 0.006 s - in io.confluent.ksql.logging.processing.SerializationErrorTest
-------------------------------------------------------------------------------
Test set: io.confluent.ksql.serde.avro.AvroDataTranslatorTest
-------------------------------------------------------------------------------
Tests run: 12, Failures: 0, Errors: 0, Skipped: 0, Time elapsed: 0.008 s - in io.confluent.ksql.serde.avro.AvroDataTranslatorTest
-------------------------------------------------------------------------------
Test set: io.confluent.ksql.serde.connect.ConnectFormatTest
-------------------------------------------------------------------------------
Tests run: 3, Failures: 0, Errors: 0, Skipped: 0, Time elapsed: 0.051 s - in io.confluent.ksql.serde.connect.ConnectFormatTest
-------------------------------------------------------------------------------
Test set: io.confluent.ksql.serde.FormatFactoryTest
-------------------------------------------------------------------------------
Tests run: 6, Failures: 0, Errors: 0, Skipped: 0, Time elapsed: 0.005 s - in io.confluent.ksql.serde.FormatFactoryTest
-------------------------------------------------------------------------------
Test set: io.confluent.ksql.serde.unwrapped.UnwrappedDeserializerTest
-------------------------------------------------------------------------------
Tests run: 6, Failures: 0, Errors: 0, Skipped: 0, Time elapsed: 0.006 s - in io.confluent.ksql.serde.unwrapped.UnwrappedDeserializerTest
-------------------------------------------------------------------------------
Test set: io.confluent.ksql.serde.ValueFormatTest
-------------------------------------------------------------------------------
Tests run: 6, Failures: 0, Errors: 0, Skipped: 0, Time elapsed: 0.004 s - in io.confluent.ksql.serde.ValueFormatTest
-------------------------------------------------------------------------------
Test set: io.confluent.ksql.serde.connect.KsqlConnectDeserializerTest
-------------------------------------------------------------------------------
Tests run: 1, Failures: 0, Errors: 0, Skipped: 0, Time elapsed: 0.139 s - in io.confluent.ksql.serde.connect.KsqlConnectDeserializerTest
-------------------------------------------------------------------------------
Test set: io.confluent.ksql.serde.kafka.KafkaSerdeFactoryTest
-------------------------------------------------------------------------------
Tests run: 14, Failures: 0, Errors: 0, Skipped: 0, Time elapsed: 0.006 s - in io.confluent.ksql.serde.kafka.KafkaSerdeFactoryTest
-------------------------------------------------------------------------------
Test set: io.confluent.ksql.serde.connect.ConnectSchemaUtilTest
-------------------------------------------------------------------------------
Tests run: 9, Failures: 0, Errors: 0, Skipped: 0, Time elapsed: 0.003 s - in io.confluent.ksql.serde.connect.ConnectSchemaUtilTest
-------------------------------------------------------------------------------
Test set: io.confluent.ksql.serde.protobuf.KsqlProtobufDeserializerTest
-------------------------------------------------------------------------------
Tests run: 4, Failures: 0, Errors: 0, Skipped: 0, Time elapsed: 0.027 s - in io.confluent.ksql.serde.protobuf.KsqlProtobufDeserializerTest
-------------------------------------------------------------------------------
Test set: io.confluent.ksql.serde.avro.AvroSchemaTranslatorTest
-------------------------------------------------------------------------------
Tests run: 1, Failures: 0, Errors: 0, Skipped: 0, Time elapsed: 0.074 s - in io.confluent.ksql.serde.avro.AvroSchemaTranslatorTest
-------------------------------------------------------------------------------
Test set: io.confluent.ksql.serde.avro.AvroFormatTest
-------------------------------------------------------------------------------
Tests run: 2, Failures: 0, Errors: 0, Skipped: 0, Time elapsed: 0.001 s - in io.confluent.ksql.serde.avro.AvroFormatTest
-------------------------------------------------------------------------------
Test set: io.confluent.ksql.serde.json.KsqlJsonSerdeFactoryTest
-------------------------------------------------------------------------------
Tests run: 2, Failures: 0, Errors: 0, Skipped: 0, Time elapsed: 0.075 s - in io.confluent.ksql.serde.json.KsqlJsonSerdeFactoryTest
-------------------------------------------------------------------------------
Test set: io.confluent.ksql.serde.GenericKeySerDeTest
-------------------------------------------------------------------------------
Tests run: 16, Failures: 0, Errors: 0, Skipped: 0, Time elapsed: 0.049 s - in io.confluent.ksql.serde.GenericKeySerDeTest
-------------------------------------------------------------------------------
Test set: io.confluent.ksql.serde.voids.KsqlVoidSerdeTest
-------------------------------------------------------------------------------
Tests run: 3, Failures: 0, Errors: 0, Skipped: 0, Time elapsed: 0.003 s - in io.confluent.ksql.serde.voids.KsqlVoidSerdeTest
-------------------------------------------------------------------------------
Test set: io.confluent.ksql.serde.GenericSerdeFactoryTest
-------------------------------------------------------------------------------
Tests run: 6, Failures: 0, Errors: 0, Skipped: 0, Time elapsed: 0.283 s - in io.confluent.ksql.serde.GenericSerdeFactoryTest
-------------------------------------------------------------------------------
Test set: io.confluent.ksql.serde.protobuf.KsqlProtobufSerializerTest
-------------------------------------------------------------------------------
Tests run: 4, Failures: 0, Errors: 0, Skipped: 0, Time elapsed: 0.354 s - in io.confluent.ksql.serde.protobuf.KsqlProtobufSerializerTest
-------------------------------------------------------------------------------
Test set: io.confluent.ksql.serde.json.KsqlJsonDeserializerTest
-------------------------------------------------------------------------------
Tests run: 92, Failures: 0, Errors: 0, Skipped: 0, Time elapsed: 0.153 s - in io.confluent.ksql.serde.json.KsqlJsonDeserializerTest
-------------------------------------------------------------------------------
Test set: io.confluent.ksql.logging.processing.LoggingSerializerTest
-------------------------------------------------------------------------------
Tests run: 7, Failures: 0, Errors: 0, Skipped: 0, Time elapsed: 0.054 s - in io.confluent.ksql.logging.processing.LoggingSerializerTest
-------------------------------------------------------------------------------
Test set: io.confluent.ksql.serde.KeyFormatTest
-------------------------------------------------------------------------------
Tests run: 10, Failures: 0, Errors: 0, Skipped: 0, Time elapsed: 0.084 s - in io.confluent.ksql.serde.KeyFormatTest
-------------------------------------------------------------------------------
Test set: io.confluent.ksql.serde.protobuf.ProtobufSerdeFactoryTest
-------------------------------------------------------------------------------
Tests run: 2, Failures: 0, Errors: 0, Skipped: 0, Time elapsed: 0.229 s - in io.confluent.ksql.serde.protobuf.ProtobufSerdeFactoryTest
-------------------------------------------------------------------------------
Test set: io.confluent.ksql.serde.json.JsonSerdeUtilsTest
-------------------------------------------------------------------------------
Tests run: 42, Failures: 0, Errors: 0, Skipped: 0, Time elapsed: 0.324 s - in io.confluent.ksql.serde.json.JsonSerdeUtilsTest
-------------------------------------------------------------------------------
Test set: io.confluent.ksql.serde.json.KsqlJsonSerializerTest
-------------------------------------------------------------------------------
Tests run: 52, Failures: 0, Errors: 0, Skipped: 0, Time elapsed: 0.428 s - in io.confluent.ksql.serde.json.KsqlJsonSerializerTest
-------------------------------------------------------------------------------
Test set: io.confluent.ksql.logging.processing.DeserializationErrorTest
-------------------------------------------------------------------------------
Tests run: 5, Failures: 0, Errors: 0, Skipped: 0, Time elapsed: 0.044 s - in io.confluent.ksql.logging.processing.DeserializationErrorTest
-------------------------------------------------------------------------------
Test set: io.confluent.ksql.serde.unwrapped.UnwrappedSerializerTest
-------------------------------------------------------------------------------
Tests run: 9, Failures: 0, Errors: 0, Skipped: 0, Time elapsed: 0.009 s - in io.confluent.ksql.serde.unwrapped.UnwrappedSerializerTest
-------------------------------------------------------------------------------
Test set: io.confluent.ksql.logging.processing.LoggingDeserializerTest
-------------------------------------------------------------------------------
Tests run: 9, Failures: 0, Errors: 0, Skipped: 0, Time elapsed: 1.102 s - in io.confluent.ksql.logging.processing.LoggingDeserializerTest
-------------------------------------------------------------------------------
Test set: io.confluent.ksql.serde.avro.KsqlAvroDeserializerTest
-------------------------------------------------------------------------------
Tests run: 71, Failures: 0, Errors: 0, Skipped: 0, Time elapsed: 0.186 s - in io.confluent.ksql.serde.avro.KsqlAvroDeserializerTest
-------------------------------------------------------------------------------
Test set: io.confluent.ksql.schema.ksql.PhysicalSchemaTest
-------------------------------------------------------------------------------
Tests run: 5, Failures: 0, Errors: 0, Skipped: 0, Time elapsed: 0.002 s - in io.confluent.ksql.schema.ksql.PhysicalSchemaTest
-------------------------------------------------------------------------------
Test set: io.confluent.ksql.serde.GenericDeserializerTest
-------------------------------------------------------------------------------
Tests run: 5, Failures: 0, Errors: 0, Skipped: 0, Time elapsed: 0.004 s - in io.confluent.ksql.serde.GenericDeserializerTest
-------------------------------------------------------------------------------
Test set: io.confluent.ksql.serde.connect.ConnectSchemasTest
-------------------------------------------------------------------------------
Tests run: 1, Failures: 0, Errors: 0, Skipped: 0, Time elapsed: 0.001 s - in io.confluent.ksql.serde.connect.ConnectSchemasTest
-------------------------------------------------------------------------------
Test set: io.confluent.ksql.serde.GenericSerializerTest
-------------------------------------------------------------------------------
Tests run: 5, Failures: 0, Errors: 0, Skipped: 0, Time elapsed: 0.003 s - in io.confluent.ksql.serde.GenericSerializerTest
-------------------------------------------------------------------------------
Test set: io.confluent.ksql.serde.delimited.KsqlDelimitedSerializerTest
-------------------------------------------------------------------------------
Tests run: 13, Failures: 0, Errors: 0, Skipped: 0, Time elapsed: 0.021 s - in io.confluent.ksql.serde.delimited.KsqlDelimitedSerializerTest
-------------------------------------------------------------------------------
Test set: io.confluent.ksql.serde.connect.ConnectDataTranslatorTest
-------------------------------------------------------------------------------
Tests run: 12, Failures: 0, Errors: 0, Skipped: 0, Time elapsed: 0.002 s - in io.confluent.ksql.serde.connect.ConnectDataTranslatorTest
-------------------------------------------------------------------------------
Test set: io.confluent.ksql.serde.avro.KsqlAvroSerializerTest
-------------------------------------------------------------------------------
Tests run: 48, Failures: 0, Errors: 1, Skipped: 0, Time elapsed: 0.256 s <<< FAILURE! - in io.confluent.ksql.serde.avro.KsqlAvroSerializerTest
io.confluent.ksql.serde.avro.KsqlAvroSerializerTest.shouldSerializeArrayOfStruct  Time elapsed: 0.011 s  <<< ERROR!
java.lang.ClassCastException: org.apache.avro.generic.GenericData$Array cannot be cast to com.google.common.collect.ImmutableList
	at io.confluent.ksql.serde.avro.KsqlAvroSerializerTest.shouldSerializeArrayOfStruct(KsqlAvroSerializerTest.java:619)

-------------------------------------------------------------------------------
Test set: io.confluent.ksql.serde.ImmutabilityTest
-------------------------------------------------------------------------------
Tests run: 6, Failures: 0, Errors: 0, Skipped: 0, Time elapsed: 0.002 s - in io.confluent.ksql.serde.ImmutabilityTest
-------------------------------------------------------------------------------
Test set: io.confluent.ksql.execution.codegen.helpers.CastEvaluatorTest$CombinationTest
-------------------------------------------------------------------------------
Tests run: 432, Failures: 0, Errors: 0, Skipped: 0, Time elapsed: 0.26 s - in io.confluent.ksql.execution.codegen.helpers.CastEvaluatorTest$CombinationTest
-------------------------------------------------------------------------------
Test set: io.confluent.ksql.execution.util.ExpressionTypeManagerTest
-------------------------------------------------------------------------------
Tests run: 44, Failures: 0, Errors: 0, Skipped: 0, Time elapsed: 0.056 s - in io.confluent.ksql.execution.util.ExpressionTypeManagerTest
-------------------------------------------------------------------------------
Test set: io.confluent.ksql.execution.transform.select.SelectionTest
-------------------------------------------------------------------------------
Tests run: 3, Failures: 0, Errors: 0, Skipped: 0, Time elapsed: 0.015 s - in io.confluent.ksql.execution.transform.select.SelectionTest
-------------------------------------------------------------------------------
Test set: io.confluent.ksql.execution.codegen.helpers.CastEvaluatorTest$MapEvalTest
-------------------------------------------------------------------------------
Tests run: 3, Failures: 0, Errors: 0, Skipped: 0, Time elapsed: 0.003 s - in io.confluent.ksql.execution.codegen.helpers.CastEvaluatorTest$MapEvalTest
-------------------------------------------------------------------------------
Test set: io.confluent.ksql.execution.plan.StreamSelectTest
-------------------------------------------------------------------------------
Tests run: 1, Failures: 0, Errors: 0, Skipped: 0, Time elapsed: 0.003 s - in io.confluent.ksql.execution.plan.StreamSelectTest
-------------------------------------------------------------------------------
Test set: io.confluent.ksql.execution.plan.TableGroupByV1Test
-------------------------------------------------------------------------------
Tests run: 1, Failures: 0, Errors: 0, Skipped: 0, Time elapsed: 0.004 s - in io.confluent.ksql.execution.plan.TableGroupByV1Test
-------------------------------------------------------------------------------
Test set: io.confluent.ksql.execution.plan.StreamSelectKeyTest
-------------------------------------------------------------------------------
Tests run: 1, Failures: 0, Errors: 0, Skipped: 0, Time elapsed: 0.196 s - in io.confluent.ksql.execution.plan.StreamSelectKeyTest
-------------------------------------------------------------------------------
Test set: io.confluent.ksql.execution.runtime.RuntimeBuildContextTest
-------------------------------------------------------------------------------
Tests run: 8, Failures: 0, Errors: 0, Skipped: 0, Time elapsed: 0.428 s - in io.confluent.ksql.execution.runtime.RuntimeBuildContextTest
-------------------------------------------------------------------------------
Test set: io.confluent.ksql.execution.plan.TableFilterTest
-------------------------------------------------------------------------------
Tests run: 1, Failures: 0, Errors: 0, Skipped: 0, Time elapsed: 0.002 s - in io.confluent.ksql.execution.plan.TableFilterTest
-------------------------------------------------------------------------------
Test set: io.confluent.ksql.execution.transform.select.SelectValueMapperFactoryTest
-------------------------------------------------------------------------------
Tests run: 1, Failures: 0, Errors: 0, Skipped: 0, Time elapsed: 0.003 s - in io.confluent.ksql.execution.transform.select.SelectValueMapperFactoryTest
-------------------------------------------------------------------------------
Test set: io.confluent.ksql.execution.interpreter.InterpretedExpressionTest
-------------------------------------------------------------------------------
Tests run: 29, Failures: 0, Errors: 0, Skipped: 0, Time elapsed: 0.079 s - in io.confluent.ksql.execution.interpreter.InterpretedExpressionTest
-------------------------------------------------------------------------------
Test set: io.confluent.ksql.execution.expression.tree.InListExpressionTest
-------------------------------------------------------------------------------
Tests run: 2, Failures: 0, Errors: 0, Skipped: 0, Time elapsed: 0.001 s - in io.confluent.ksql.execution.expression.tree.InListExpressionTest
-------------------------------------------------------------------------------
Test set: io.confluent.ksql.execution.codegen.helpers.CastEvaluatorTest$DateTest
-------------------------------------------------------------------------------
Tests run: 2, Failures: 0, Errors: 0, Skipped: 0, Time elapsed: 0.004 s - in io.confluent.ksql.execution.codegen.helpers.CastEvaluatorTest$DateTest
-------------------------------------------------------------------------------
Test set: io.confluent.ksql.execution.function.UdafUtilTest
-------------------------------------------------------------------------------
Tests run: 6, Failures: 0, Errors: 0, Skipped: 0, Time elapsed: 0.013 s - in io.confluent.ksql.execution.function.UdafUtilTest
-------------------------------------------------------------------------------
Test set: io.confluent.ksql.execution.function.udtf.KudtfFlatMapperTest
-------------------------------------------------------------------------------
Tests run: 3, Failures: 0, Errors: 0, Skipped: 0, Time elapsed: 0.036 s - in io.confluent.ksql.execution.function.udtf.KudtfFlatMapperTest
-------------------------------------------------------------------------------
Test set: io.confluent.ksql.execution.codegen.helpers.NullSafeTest
-------------------------------------------------------------------------------
Tests run: 2, Failures: 0, Errors: 0, Skipped: 0, Time elapsed: 0.003 s - in io.confluent.ksql.execution.codegen.helpers.NullSafeTest
-------------------------------------------------------------------------------
Test set: io.confluent.ksql.execution.codegen.SqlToJavaVisitorTest
-------------------------------------------------------------------------------
Tests run: 58, Failures: 0, Errors: 0, Skipped: 0, Time elapsed: 0.607 s - in io.confluent.ksql.execution.codegen.SqlToJavaVisitorTest
-------------------------------------------------------------------------------
Test set: io.confluent.ksql.execution.codegen.CompiledExpressionTest
-------------------------------------------------------------------------------
Tests run: 7, Failures: 0, Errors: 0, Skipped: 0, Time elapsed: 0.279 s - in io.confluent.ksql.execution.codegen.CompiledExpressionTest
-------------------------------------------------------------------------------
Test set: io.confluent.ksql.execution.codegen.helpers.CastEvaluatorTest$ArrayCombinationTest
-------------------------------------------------------------------------------
Tests run: 432, Failures: 0, Errors: 0, Skipped: 0, Time elapsed: 0.271 s - in io.confluent.ksql.execution.codegen.helpers.CastEvaluatorTest$ArrayCombinationTest
-------------------------------------------------------------------------------
Test set: io.confluent.ksql.execution.plan.TableTableJoinTest
-------------------------------------------------------------------------------
Tests run: 1, Failures: 0, Errors: 0, Skipped: 0, Time elapsed: 0.004 s - in io.confluent.ksql.execution.plan.TableTableJoinTest
-------------------------------------------------------------------------------
Test set: io.confluent.ksql.execution.plan.StreamSelectKeyV1Test
-------------------------------------------------------------------------------
Tests run: 1, Failures: 0, Errors: 0, Skipped: 0, Time elapsed: 0.001 s - in io.confluent.ksql.execution.plan.StreamSelectKeyV1Test
-------------------------------------------------------------------------------
Test set: io.confluent.ksql.execution.codegen.helpers.CastEvaluatorTest$TimeTest
-------------------------------------------------------------------------------
Tests run: 1, Failures: 0, Errors: 0, Skipped: 0, Time elapsed: 0.003 s - in io.confluent.ksql.execution.codegen.helpers.CastEvaluatorTest$TimeTest
-------------------------------------------------------------------------------
Test set: io.confluent.ksql.execution.plan.StreamGroupByKeyTest
-------------------------------------------------------------------------------
Tests run: 1, Failures: 0, Errors: 0, Skipped: 0, Time elapsed: 0.001 s - in io.confluent.ksql.execution.plan.StreamGroupByKeyTest
-------------------------------------------------------------------------------
Test set: io.confluent.ksql.execution.transform.select.SelectValueMapperTest
-------------------------------------------------------------------------------
Tests run: 3, Failures: 0, Errors: 0, Skipped: 0, Time elapsed: 0.004 s - in io.confluent.ksql.execution.transform.select.SelectValueMapperTest
-------------------------------------------------------------------------------
Test set: io.confluent.ksql.execution.plan.StreamSinkTest
-------------------------------------------------------------------------------
Tests run: 1, Failures: 0, Errors: 0, Skipped: 0, Time elapsed: 0.002 s - in io.confluent.ksql.execution.plan.StreamSinkTest
-------------------------------------------------------------------------------
Test set: io.confluent.ksql.execution.codegen.helpers.CastEvaluatorTest$NestedCombinationTest
-------------------------------------------------------------------------------
Tests run: 432, Failures: 0, Errors: 0, Skipped: 0, Time elapsed: 0.865 s - in io.confluent.ksql.execution.codegen.helpers.CastEvaluatorTest$NestedCombinationTest
-------------------------------------------------------------------------------
Test set: io.confluent.ksql.execution.codegen.helpers.CastEvaluatorTest$MetaTest
-------------------------------------------------------------------------------
Tests run: 1, Failures: 0, Errors: 0, Skipped: 0, Time elapsed: 0.002 s - in io.confluent.ksql.execution.codegen.helpers.CastEvaluatorTest$MetaTest
-------------------------------------------------------------------------------
Test set: io.confluent.ksql.execution.function.UdfUtilTest
-------------------------------------------------------------------------------
Tests run: 34, Failures: 0, Errors: 0, Skipped: 0, Time elapsed: 0.003 s - in io.confluent.ksql.execution.function.UdfUtilTest
-------------------------------------------------------------------------------
Test set: io.confluent.ksql.execution.expression.tree.BetweenPredicateTest
-------------------------------------------------------------------------------
Tests run: 1, Failures: 0, Errors: 0, Skipped: 0, Time elapsed: 0.001 s - in io.confluent.ksql.execution.expression.tree.BetweenPredicateTest
-------------------------------------------------------------------------------
Test set: io.confluent.ksql.logging.processing.RecordProcessingErrorTest
-------------------------------------------------------------------------------
Tests run: 4, Failures: 0, Errors: 0, Skipped: 0, Time elapsed: 0.218 s - in io.confluent.ksql.logging.processing.RecordProcessingErrorTest
-------------------------------------------------------------------------------
Test set: io.confluent.ksql.execution.ImmutabilityTest
-------------------------------------------------------------------------------
Tests run: 106, Failures: 0, Errors: 0, Skipped: 0, Time elapsed: 0.008 s - in io.confluent.ksql.execution.ImmutabilityTest
-------------------------------------------------------------------------------
Test set: io.confluent.ksql.execution.plan.TableGroupByTest
-------------------------------------------------------------------------------
Tests run: 1, Failures: 0, Errors: 0, Skipped: 0, Time elapsed: 0.004 s - in io.confluent.ksql.execution.plan.TableGroupByTest
-------------------------------------------------------------------------------
Test set: io.confluent.ksql.execution.codegen.helpers.CastEvaluatorTest$StructEvalTest
-------------------------------------------------------------------------------
Tests run: 4, Failures: 0, Errors: 0, Skipped: 0, Time elapsed: 0.001 s - in io.confluent.ksql.execution.codegen.helpers.CastEvaluatorTest$StructEvalTest
-------------------------------------------------------------------------------
Test set: io.confluent.ksql.execution.plan.ExecutionStepTest
-------------------------------------------------------------------------------
Tests run: 29, Failures: 0, Errors: 0, Skipped: 0, Time elapsed: 0.038 s - in io.confluent.ksql.execution.plan.ExecutionStepTest
-------------------------------------------------------------------------------
Test set: io.confluent.ksql.execution.codegen.helpers.CastEvaluatorTest$StructMismatchedFieldsTest
-------------------------------------------------------------------------------
Tests run: 1, Failures: 0, Errors: 0, Skipped: 0, Time elapsed: 0.002 s - in io.confluent.ksql.execution.codegen.helpers.CastEvaluatorTest$StructMismatchedFieldsTest
-------------------------------------------------------------------------------
Test set: io.confluent.ksql.execution.codegen.helpers.CastEvaluatorTest$DoubleTest
-------------------------------------------------------------------------------
Tests run: 3, Failures: 0, Errors: 0, Skipped: 0, Time elapsed: 0.008 s - in io.confluent.ksql.execution.codegen.helpers.CastEvaluatorTest$DoubleTest
-------------------------------------------------------------------------------
Test set: io.confluent.ksql.execution.codegen.helpers.CastEvaluatorTest$CastShouldBeASuperSetOfLaxCoercionTest
-------------------------------------------------------------------------------
Tests run: 126, Failures: 0, Errors: 0, Skipped: 0, Time elapsed: 0.663 s - in io.confluent.ksql.execution.codegen.helpers.CastEvaluatorTest$CastShouldBeASuperSetOfLaxCoercionTest
-------------------------------------------------------------------------------
Test set: io.confluent.ksql.execution.plan.StreamGroupByTest
-------------------------------------------------------------------------------
Tests run: 1, Failures: 0, Errors: 0, Skipped: 0, Time elapsed: 0.002 s - in io.confluent.ksql.execution.plan.StreamGroupByTest
-------------------------------------------------------------------------------
Test set: io.confluent.ksql.execution.expression.tree.LambdaFunctionCallTest
-------------------------------------------------------------------------------
Tests run: 3, Failures: 0, Errors: 0, Skipped: 0, Time elapsed: 0.001 s - in io.confluent.ksql.execution.expression.tree.LambdaFunctionCallTest
-------------------------------------------------------------------------------
Test set: io.confluent.ksql.execution.util.KeyUtilTest
-------------------------------------------------------------------------------
Tests run: 3, Failures: 0, Errors: 0, Skipped: 0, Time elapsed: 0.001 s - in io.confluent.ksql.execution.util.KeyUtilTest
-------------------------------------------------------------------------------
Test set: io.confluent.ksql.execution.plan.StreamFilterTest
-------------------------------------------------------------------------------
Tests run: 1, Failures: 0, Errors: 0, Skipped: 0, Time elapsed: 0.002 s - in io.confluent.ksql.execution.plan.StreamFilterTest
-------------------------------------------------------------------------------
Test set: io.confluent.ksql.execution.plan.WindowedStreamSourceTest
-------------------------------------------------------------------------------
Tests run: 1, Failures: 0, Errors: 0, Skipped: 0, Time elapsed: 0.003 s - in io.confluent.ksql.execution.plan.WindowedStreamSourceTest
-------------------------------------------------------------------------------
Test set: io.confluent.ksql.execution.plan.TableSelectKeyTest
-------------------------------------------------------------------------------
Tests run: 1, Failures: 0, Errors: 0, Skipped: 0, Time elapsed: 0.002 s - in io.confluent.ksql.execution.plan.TableSelectKeyTest
-------------------------------------------------------------------------------
Test set: io.confluent.ksql.execution.expression.tree.DoubleLiteralTest
-------------------------------------------------------------------------------
Tests run: 1, Failures: 0, Errors: 0, Skipped: 0, Time elapsed: 0.026 s - in io.confluent.ksql.execution.expression.tree.DoubleLiteralTest
-------------------------------------------------------------------------------
Test set: io.confluent.ksql.execution.codegen.helpers.CastEvaluatorTest$MapValueCombinationTest
-------------------------------------------------------------------------------
Tests run: 432, Failures: 0, Errors: 0, Skipped: 0, Time elapsed: 0.432 s - in io.confluent.ksql.execution.codegen.helpers.CastEvaluatorTest$MapValueCombinationTest
-------------------------------------------------------------------------------
Test set: io.confluent.ksql.execution.plan.StreamTableJoinTest
-------------------------------------------------------------------------------
Tests run: 1, Failures: 0, Errors: 0, Skipped: 0, Time elapsed: 0.002 s - in io.confluent.ksql.execution.plan.StreamTableJoinTest
-------------------------------------------------------------------------------
Test set: io.confluent.ksql.execution.codegen.helpers.CastEvaluatorTest$TimestampTest
-------------------------------------------------------------------------------
Tests run: 3, Failures: 0, Errors: 0, Skipped: 0, Time elapsed: 0.002 s - in io.confluent.ksql.execution.codegen.helpers.CastEvaluatorTest$TimestampTest
-------------------------------------------------------------------------------
Test set: io.confluent.ksql.execution.plan.TableSelectTest
-------------------------------------------------------------------------------
Tests run: 1, Failures: 0, Errors: 0, Skipped: 0, Time elapsed: 0.074 s - in io.confluent.ksql.execution.plan.TableSelectTest
-------------------------------------------------------------------------------
Test set: io.confluent.ksql.execution.plan.StreamFlatMapTest
-------------------------------------------------------------------------------
Tests run: 1, Failures: 0, Errors: 0, Skipped: 0, Time elapsed: 0.004 s - in io.confluent.ksql.execution.plan.StreamFlatMapTest
-------------------------------------------------------------------------------
Test set: io.confluent.ksql.execution.codegen.helpers.ArrayAccessTest
-------------------------------------------------------------------------------
Tests run: 4, Failures: 0, Errors: 0, Skipped: 0, Time elapsed: 0.005 s - in io.confluent.ksql.execution.codegen.helpers.ArrayAccessTest
-------------------------------------------------------------------------------
Test set: io.confluent.ksql.execution.expression.tree.ArithmeticBinaryExpressionTest
-------------------------------------------------------------------------------
Tests run: 1, Failures: 0, Errors: 0, Skipped: 0, Time elapsed: 0.003 s - in io.confluent.ksql.execution.expression.tree.ArithmeticBinaryExpressionTest
-------------------------------------------------------------------------------
Test set: io.confluent.ksql.execution.ddl.commands.KsqlTopicTest
-------------------------------------------------------------------------------
Tests run: 1, Failures: 0, Errors: 0, Skipped: 0, Time elapsed: 0.207 s - in io.confluent.ksql.execution.ddl.commands.KsqlTopicTest
-------------------------------------------------------------------------------
Test set: io.confluent.ksql.execution.codegen.helpers.CastEvaluatorTest$MapKeyCombinationTest
-------------------------------------------------------------------------------
Tests run: 432, Failures: 0, Errors: 0, Skipped: 0, Time elapsed: 0.343 s - in io.confluent.ksql.execution.codegen.helpers.CastEvaluatorTest$MapKeyCombinationTest
-------------------------------------------------------------------------------
Test set: io.confluent.ksql.execution.plan.TableSinkTest
-------------------------------------------------------------------------------
Tests run: 1, Failures: 0, Errors: 0, Skipped: 0, Time elapsed: 0.002 s - in io.confluent.ksql.execution.plan.TableSinkTest
-------------------------------------------------------------------------------
Test set: io.confluent.ksql.execution.util.ComparisonUtilTest
-------------------------------------------------------------------------------
Tests run: 4, Failures: 0, Errors: 0, Skipped: 0, Time elapsed: 0.005 s - in io.confluent.ksql.execution.util.ComparisonUtilTest
-------------------------------------------------------------------------------
Test set: io.confluent.ksql.execution.expression.tree.ArithmeticUnaryExpressionTest
-------------------------------------------------------------------------------
Tests run: 1, Failures: 0, Errors: 0, Skipped: 0, Time elapsed: 0.002 s - in io.confluent.ksql.execution.expression.tree.ArithmeticUnaryExpressionTest
-------------------------------------------------------------------------------
Test set: io.confluent.ksql.execution.plan.StreamAggregateTest
-------------------------------------------------------------------------------
Tests run: 1, Failures: 0, Errors: 0, Skipped: 0, Time elapsed: 0.002 s - in io.confluent.ksql.execution.plan.StreamAggregateTest
-------------------------------------------------------------------------------
Test set: io.confluent.ksql.execution.expression.tree.FunctionCallTest
-------------------------------------------------------------------------------
Tests run: 2, Failures: 0, Errors: 0, Skipped: 0, Time elapsed: 0.001 s - in io.confluent.ksql.execution.expression.tree.FunctionCallTest
-------------------------------------------------------------------------------
Test set: io.confluent.ksql.execution.util.FunctionArgumentsUtilTest
-------------------------------------------------------------------------------
Tests run: 3, Failures: 0, Errors: 0, Skipped: 0, Time elapsed: 0.003 s - in io.confluent.ksql.execution.util.FunctionArgumentsUtilTest
-------------------------------------------------------------------------------
Test set: io.confluent.ksql.schema.ksql.ColumnNamesTest
-------------------------------------------------------------------------------
Tests run: 11, Failures: 0, Errors: 0, Skipped: 0, Time elapsed: 0.006 s - in io.confluent.ksql.schema.ksql.ColumnNamesTest
-------------------------------------------------------------------------------
Test set: io.confluent.ksql.execution.util.CoercionUtilTest
-------------------------------------------------------------------------------
Tests run: 28, Failures: 0, Errors: 0, Skipped: 0, Time elapsed: 0.002 s - in io.confluent.ksql.execution.util.CoercionUtilTest
-------------------------------------------------------------------------------
Test set: io.confluent.ksql.execution.codegen.LambdaMappingUtilTest
-------------------------------------------------------------------------------
Tests run: 2, Failures: 0, Errors: 0, Skipped: 0, Time elapsed: 0.001 s - in io.confluent.ksql.execution.codegen.LambdaMappingUtilTest
-------------------------------------------------------------------------------
Test set: io.confluent.ksql.execution.plan.StreamSourceTest
-------------------------------------------------------------------------------
Tests run: 1, Failures: 0, Errors: 0, Skipped: 0, Time elapsed: 0.062 s - in io.confluent.ksql.execution.plan.StreamSourceTest
-------------------------------------------------------------------------------
Test set: io.confluent.ksql.execution.codegen.helpers.CastEvaluatorTest$ArrayEvalTest
-------------------------------------------------------------------------------
Tests run: 3, Failures: 0, Errors: 0, Skipped: 0, Time elapsed: 0.004 s - in io.confluent.ksql.execution.codegen.helpers.CastEvaluatorTest$ArrayEvalTest
-------------------------------------------------------------------------------
Test set: io.confluent.ksql.execution.plan.StreamWindowedAggregateTest
-------------------------------------------------------------------------------
Tests run: 1, Failures: 0, Errors: 0, Skipped: 0, Time elapsed: 0.032 s - in io.confluent.ksql.execution.plan.StreamWindowedAggregateTest
-------------------------------------------------------------------------------
Test set: io.confluent.ksql.execution.function.udtf.TableFunctionApplierTest
-------------------------------------------------------------------------------
Tests run: 5, Failures: 0, Errors: 0, Skipped: 0, Time elapsed: 0.129 s - in io.confluent.ksql.execution.function.udtf.TableFunctionApplierTest
-------------------------------------------------------------------------------
Test set: io.confluent.ksql.execution.plan.StreamStreamJoinTest
-------------------------------------------------------------------------------
Tests run: 1, Failures: 0, Errors: 0, Skipped: 0, Time elapsed: 0.011 s - in io.confluent.ksql.execution.plan.StreamStreamJoinTest
-------------------------------------------------------------------------------
Test set: io.confluent.ksql.execution.expression.tree.LikePredicateTest
-------------------------------------------------------------------------------
Tests run: 1, Failures: 0, Errors: 0, Skipped: 0, Time elapsed: 0.001 s - in io.confluent.ksql.execution.expression.tree.LikePredicateTest
-------------------------------------------------------------------------------
Test set: io.confluent.ksql.execution.codegen.helpers.LikeEvaluatorTest
-------------------------------------------------------------------------------
Tests run: 28, Failures: 0, Errors: 0, Skipped: 0, Time elapsed: 0.002 s - in io.confluent.ksql.execution.codegen.helpers.LikeEvaluatorTest
-------------------------------------------------------------------------------
Test set: io.confluent.ksql.execution.expression.formatter.ExpressionFormatterTest
-------------------------------------------------------------------------------
Tests run: 47, Failures: 0, Errors: 0, Skipped: 0, Time elapsed: 0.06 s - in io.confluent.ksql.execution.expression.formatter.ExpressionFormatterTest
-------------------------------------------------------------------------------
Test set: io.confluent.ksql.execution.plan.WindowedTableSourceTest
-------------------------------------------------------------------------------
Tests run: 1, Failures: 0, Errors: 0, Skipped: 0, Time elapsed: 0.002 s - in io.confluent.ksql.execution.plan.WindowedTableSourceTest
-------------------------------------------------------------------------------
Test set: io.confluent.ksql.execution.expression.tree.WhenClauseTest
-------------------------------------------------------------------------------
Tests run: 1, Failures: 0, Errors: 0, Skipped: 0, Time elapsed: 0.002 s - in io.confluent.ksql.execution.expression.tree.WhenClauseTest
-------------------------------------------------------------------------------
Test set: io.confluent.ksql.execution.plan.StreamGroupByV1Test
-------------------------------------------------------------------------------
Tests run: 1, Failures: 0, Errors: 0, Skipped: 0, Time elapsed: 0.001 s - in io.confluent.ksql.execution.plan.StreamGroupByV1Test
-------------------------------------------------------------------------------
Test set: io.confluent.ksql.execution.expression.tree.InPredicateTest
-------------------------------------------------------------------------------
Tests run: 1, Failures: 0, Errors: 0, Skipped: 0, Time elapsed: 0.056 s - in io.confluent.ksql.execution.expression.tree.InPredicateTest
-------------------------------------------------------------------------------
Test set: io.confluent.ksql.execution.ddl.commands.CreateSourceCommandTest
-------------------------------------------------------------------------------
Tests run: 3, Failures: 0, Errors: 0, Skipped: 0, Time elapsed: 0.732 s - in io.confluent.ksql.execution.ddl.commands.CreateSourceCommandTest
-------------------------------------------------------------------------------
Test set: io.confluent.ksql.execution.plan.TableAggregateTest
-------------------------------------------------------------------------------
Tests run: 1, Failures: 0, Errors: 0, Skipped: 0, Time elapsed: 0.026 s - in io.confluent.ksql.execution.plan.TableAggregateTest
-------------------------------------------------------------------------------
Test set: io.confluent.ksql.execution.transform.sqlpredicate.SqlPredicateTest
-------------------------------------------------------------------------------
Tests run: 5, Failures: 0, Errors: 0, Skipped: 0, Time elapsed: 0.014 s - in io.confluent.ksql.execution.transform.sqlpredicate.SqlPredicateTest
-------------------------------------------------------------------------------
Test set: io.confluent.ksql.execution.codegen.helpers.SqlTypeCodeGenTest
-------------------------------------------------------------------------------
Tests run: 1, Failures: 0, Errors: 0, Skipped: 0, Time elapsed: 0.006 s - in io.confluent.ksql.execution.codegen.helpers.SqlTypeCodeGenTest
-------------------------------------------------------------------------------
Test set: io.confluent.ksql.execution.plan.ForeignKeyTableTableJoinTest
-------------------------------------------------------------------------------
Tests run: 1, Failures: 0, Errors: 0, Skipped: 0, Time elapsed: 0.001 s - in io.confluent.ksql.execution.plan.ForeignKeyTableTableJoinTest
-------------------------------------------------------------------------------
Test set: io.confluent.ksql.execution.function.udaf.KudafUndoAggregatorTest
-------------------------------------------------------------------------------
Tests run: 2, Failures: 0, Errors: 0, Skipped: 0, Time elapsed: 0.058 s - in io.confluent.ksql.execution.function.udaf.KudafUndoAggregatorTest
-------------------------------------------------------------------------------
Test set: io.confluent.ksql.execution.plan.TableSourceTest
-------------------------------------------------------------------------------
Tests run: 1, Failures: 0, Errors: 0, Skipped: 0, Time elapsed: 0.003 s - in io.confluent.ksql.execution.plan.TableSourceTest
-------------------------------------------------------------------------------
Test set: io.confluent.ksql.execution.function.udaf.KudafAggregatorTest
-------------------------------------------------------------------------------
Tests run: 3, Failures: 0, Errors: 0, Skipped: 0, Time elapsed: 0.27 s - in io.confluent.ksql.execution.function.udaf.KudafAggregatorTest
-------------------------------------------------------------------------------
Test set: io.confluent.ksql.execution.codegen.helpers.CastEvaluatorTest$StructCombinationTest
-------------------------------------------------------------------------------
Tests run: 432, Failures: 0, Errors: 0, Skipped: 0, Time elapsed: 0.439 s - in io.confluent.ksql.execution.codegen.helpers.CastEvaluatorTest$StructCombinationTest
-------------------------------------------------------------------------------
Test set: io.confluent.ksql.execution.codegen.helpers.SearchedCaseFunctionTest
-------------------------------------------------------------------------------
Tests run: 10, Failures: 0, Errors: 0, Skipped: 0, Time elapsed: 0.011 s - in io.confluent.ksql.execution.codegen.helpers.SearchedCaseFunctionTest
-------------------------------------------------------------------------------
Test set: io.confluent.ksql.execution.codegen.helpers.LambdaUtilTest
-------------------------------------------------------------------------------
Tests run: 4, Failures: 0, Errors: 0, Skipped: 0, Time elapsed: 0.217 s - in io.confluent.ksql.execution.codegen.helpers.LambdaUtilTest
-------------------------------------------------------------------------------
Test set: io.confluent.ksql.execution.streams.ForeignKeyJoinParamsFactoryTest
-------------------------------------------------------------------------------
Tests run: 2, Failures: 0, Errors: 0, Skipped: 0, Time elapsed: 0.002 s - in io.confluent.ksql.execution.streams.ForeignKeyJoinParamsFactoryTest
-------------------------------------------------------------------------------
Test set: io.confluent.ksql.execution.streams.timestamp.KsqlTimestampExtractorTest
-------------------------------------------------------------------------------
Tests run: 1, Failures: 0, Errors: 0, Skipped: 0, Time elapsed: 0.003 s - in io.confluent.ksql.execution.streams.timestamp.KsqlTimestampExtractorTest
-------------------------------------------------------------------------------
Test set: io.confluent.ksql.execution.streams.materialization.ks.SessionStoreCacheBypassTest
-------------------------------------------------------------------------------
Tests run: 5, Failures: 0, Errors: 0, Skipped: 0, Time elapsed: 0.205 s - in io.confluent.ksql.execution.streams.materialization.ks.SessionStoreCacheBypassTest
-------------------------------------------------------------------------------
Test set: io.confluent.ksql.execution.streams.StepSchemaResolverTest
-------------------------------------------------------------------------------
Tests run: 20, Failures: 0, Errors: 0, Skipped: 0, Time elapsed: 0.48 s - in io.confluent.ksql.execution.streams.StepSchemaResolverTest
-------------------------------------------------------------------------------
Test set: io.confluent.ksql.execution.streams.materialization.KsqlMaterializationFactoryTest
-------------------------------------------------------------------------------
Tests run: 8, Failures: 0, Errors: 0, Skipped: 0, Time elapsed: 0.55 s - in io.confluent.ksql.execution.streams.materialization.KsqlMaterializationFactoryTest
-------------------------------------------------------------------------------
Test set: io.confluent.ksql.execution.streams.transform.KsTransformerTest
-------------------------------------------------------------------------------
Tests run: 4, Failures: 0, Errors: 0, Skipped: 0, Time elapsed: 0.001 s - in io.confluent.ksql.execution.streams.transform.KsTransformerTest
-------------------------------------------------------------------------------
Test set: io.confluent.ksql.execution.streams.materialization.TableRowValidationTest
-------------------------------------------------------------------------------
Tests run: 3, Failures: 0, Errors: 0, Skipped: 0, Time elapsed: 0.005 s - in io.confluent.ksql.execution.streams.materialization.TableRowValidationTest
-------------------------------------------------------------------------------
Test set: io.confluent.ksql.execution.streams.materialization.ks.WindowStoreCacheBypassTest
-------------------------------------------------------------------------------
Tests run: 6, Failures: 0, Errors: 0, Skipped: 0, Time elapsed: 0.649 s - in io.confluent.ksql.execution.streams.materialization.ks.WindowStoreCacheBypassTest
-------------------------------------------------------------------------------
Test set: io.confluent.ksql.execution.streams.timestamp.StringTimestampExtractorTest
-------------------------------------------------------------------------------
Tests run: 4, Failures: 0, Errors: 0, Skipped: 0, Time elapsed: 0.111 s - in io.confluent.ksql.execution.streams.timestamp.StringTimestampExtractorTest
-------------------------------------------------------------------------------
Test set: io.confluent.ksql.execution.streams.StreamTableJoinBuilderTest
-------------------------------------------------------------------------------
Tests run: 10, Failures: 0, Errors: 0, Skipped: 0, Time elapsed: 0.598 s - in io.confluent.ksql.execution.streams.StreamTableJoinBuilderTest
-------------------------------------------------------------------------------
Test set: io.confluent.ksql.execution.streams.timestamp.LoggingTimestampExtractorTest
-------------------------------------------------------------------------------
Tests run: 5, Failures: 0, Errors: 0, Skipped: 0, Time elapsed: 0.011 s - in io.confluent.ksql.execution.streams.timestamp.LoggingTimestampExtractorTest
-------------------------------------------------------------------------------
Test set: io.confluent.ksql.execution.streams.metrics.RocksDBMetricsCollectorTest
-------------------------------------------------------------------------------
Tests run: 11, Failures: 0, Errors: 0, Skipped: 0, Time elapsed: 0.247 s - in io.confluent.ksql.execution.streams.metrics.RocksDBMetricsCollectorTest
-------------------------------------------------------------------------------
Test set: io.confluent.ksql.execution.streams.StreamGroupByBuilderTest
-------------------------------------------------------------------------------
Tests run: 13, Failures: 0, Errors: 0, Skipped: 0, Time elapsed: 0.098 s - in io.confluent.ksql.execution.streams.StreamGroupByBuilderTest
-------------------------------------------------------------------------------
Test set: io.confluent.ksql.execution.streams.RegisterSchemaCallbackTest
-------------------------------------------------------------------------------
Tests run: 3, Failures: 0, Errors: 0, Skipped: 0, Time elapsed: 0.084 s - in io.confluent.ksql.execution.streams.RegisterSchemaCallbackTest
-------------------------------------------------------------------------------
Test set: io.confluent.ksql.execution.streams.StreamAggregateBuilderTest
-------------------------------------------------------------------------------
Tests run: 19, Failures: 0, Errors: 0, Skipped: 0, Time elapsed: 0.956 s - in io.confluent.ksql.execution.streams.StreamAggregateBuilderTest
-------------------------------------------------------------------------------
Test set: io.confluent.ksql.execution.streams.materialization.KsqlMaterializationTest
-------------------------------------------------------------------------------
Tests run: 26, Failures: 0, Errors: 0, Skipped: 0, Time elapsed: 0.451 s - in io.confluent.ksql.execution.streams.materialization.KsqlMaterializationTest
-------------------------------------------------------------------------------
Test set: io.confluent.ksql.execution.streams.materialization.ks.KsStateStoreTest
-------------------------------------------------------------------------------
Tests run: 8, Failures: 0, Errors: 0, Skipped: 0, Time elapsed: 0.006 s - in io.confluent.ksql.execution.streams.materialization.ks.KsStateStoreTest
-------------------------------------------------------------------------------
Test set: io.confluent.ksql.execution.streams.timestamp.StringTimestampExtractionPolicyTest
-------------------------------------------------------------------------------
Tests run: 1, Failures: 0, Errors: 0, Skipped: 0, Time elapsed: 0.003 s - in io.confluent.ksql.execution.streams.timestamp.StringTimestampExtractionPolicyTest
-------------------------------------------------------------------------------
Test set: io.confluent.ksql.execution.streams.StreamSelectBuilderTest
-------------------------------------------------------------------------------
Tests run: 5, Failures: 0, Errors: 0, Skipped: 0, Time elapsed: 0.06 s - in io.confluent.ksql.execution.streams.StreamSelectBuilderTest
-------------------------------------------------------------------------------
Test set: io.confluent.ksql.execution.streams.GroupByParamsFactoryTest
-------------------------------------------------------------------------------
Tests run: 12, Failures: 0, Errors: 0, Skipped: 0, Time elapsed: 0.584 s - in io.confluent.ksql.execution.streams.GroupByParamsFactoryTest
-------------------------------------------------------------------------------
Test set: io.confluent.ksql.execution.streams.SourceBuilderTest
-------------------------------------------------------------------------------
Tests run: 35, Failures: 0, Errors: 0, Skipped: 0, Time elapsed: 0.685 s - in io.confluent.ksql.execution.streams.SourceBuilderTest
-------------------------------------------------------------------------------
Test set: io.confluent.ksql.execution.streams.materialization.ks.KsMaterializationTest
-------------------------------------------------------------------------------
Tests run: 9, Failures: 0, Errors: 0, Skipped: 0, Time elapsed: 0.002 s - in io.confluent.ksql.execution.streams.materialization.ks.KsMaterializationTest
-------------------------------------------------------------------------------
Test set: io.confluent.ksql.execution.streams.TableGroupByBuilderTest
-------------------------------------------------------------------------------
Tests run: 7, Failures: 0, Errors: 0, Skipped: 0, Time elapsed: 0.083 s - in io.confluent.ksql.execution.streams.TableGroupByBuilderTest
-------------------------------------------------------------------------------
Test set: io.confluent.ksql.execution.streams.StreamGroupByBuilderV1Test
-------------------------------------------------------------------------------
Tests run: 13, Failures: 0, Errors: 0, Skipped: 0, Time elapsed: 0.216 s - in io.confluent.ksql.execution.streams.StreamGroupByBuilderV1Test
-------------------------------------------------------------------------------
Test set: io.confluent.ksql.execution.streams.StreamSelectKeyBuilderV1Test
-------------------------------------------------------------------------------
Tests run: 8, Failures: 0, Errors: 0, Skipped: 0, Time elapsed: 0.047 s - in io.confluent.ksql.execution.streams.StreamSelectKeyBuilderV1Test
-------------------------------------------------------------------------------
Test set: io.confluent.ksql.execution.streams.SinkBuilderTest
-------------------------------------------------------------------------------
Tests run: 12, Failures: 0, Errors: 0, Skipped: 0, Time elapsed: 0.232 s - in io.confluent.ksql.execution.streams.SinkBuilderTest
-------------------------------------------------------------------------------
Test set: io.confluent.ksql.execution.streams.materialization.RowTest
-------------------------------------------------------------------------------
Tests run: 4, Failures: 0, Errors: 0, Skipped: 0, Time elapsed: 0.103 s - in io.confluent.ksql.execution.streams.materialization.RowTest
-------------------------------------------------------------------------------
Test set: io.confluent.ksql.execution.streams.StreamStreamJoinBuilderTest
-------------------------------------------------------------------------------
Tests run: 14, Failures: 0, Errors: 0, Skipped: 0, Time elapsed: 0.114 s - in io.confluent.ksql.execution.streams.StreamStreamJoinBuilderTest
-------------------------------------------------------------------------------
Test set: io.confluent.ksql.execution.streams.ImmutabilityTest
-------------------------------------------------------------------------------
Tests run: 5, Failures: 0, Errors: 0, Skipped: 0, Time elapsed: 0.004 s - in io.confluent.ksql.execution.streams.ImmutabilityTest
-------------------------------------------------------------------------------
Test set: io.confluent.ksql.execution.streams.PlanInfoExtractorTest
-------------------------------------------------------------------------------
Tests run: 5, Failures: 0, Errors: 0, Skipped: 0, Time elapsed: 0.104 s - in io.confluent.ksql.execution.streams.PlanInfoExtractorTest
-------------------------------------------------------------------------------
Test set: io.confluent.ksql.execution.streams.JoinParamsFactoryTest
-------------------------------------------------------------------------------
Tests run: 4, Failures: 0, Errors: 0, Skipped: 0, Time elapsed: 0.003 s - in io.confluent.ksql.execution.streams.JoinParamsFactoryTest
-------------------------------------------------------------------------------
Test set: io.confluent.ksql.execution.streams.StreamFilterBuilderTest
-------------------------------------------------------------------------------
Tests run: 4, Failures: 0, Errors: 0, Skipped: 0, Time elapsed: 0.01 s - in io.confluent.ksql.execution.streams.StreamFilterBuilderTest
-------------------------------------------------------------------------------
Test set: io.confluent.ksql.execution.streams.materialization.ks.KsMaterializedSessionTableTest
-------------------------------------------------------------------------------
Tests run: 21, Failures: 0, Errors: 0, Skipped: 0, Time elapsed: 0.259 s - in io.confluent.ksql.execution.streams.materialization.ks.KsMaterializedSessionTableTest
-------------------------------------------------------------------------------
Test set: io.confluent.ksql.execution.streams.timestamp.MetadataTimestampExtractionPolicyTest
-------------------------------------------------------------------------------
Tests run: 1, Failures: 0, Errors: 0, Skipped: 0, Time elapsed: 0.042 s - in io.confluent.ksql.execution.streams.timestamp.MetadataTimestampExtractionPolicyTest
-------------------------------------------------------------------------------
Test set: io.confluent.ksql.execution.streams.materialization.ks.KsMaterializedWindowTableTest
-------------------------------------------------------------------------------
Tests run: 32, Failures: 0, Errors: 0, Skipped: 0, Time elapsed: 0.661 s - in io.confluent.ksql.execution.streams.materialization.ks.KsMaterializedWindowTableTest
-------------------------------------------------------------------------------
Test set: io.confluent.ksql.execution.streams.materialization.ks.KsLocatorTest
-------------------------------------------------------------------------------
Tests run: 14, Failures: 0, Errors: 0, Skipped: 0, Time elapsed: 1.051 s - in io.confluent.ksql.execution.streams.materialization.ks.KsLocatorTest
-------------------------------------------------------------------------------
Test set: io.confluent.ksql.execution.streams.materialization.ks.KsMaterializationFactoryTest
-------------------------------------------------------------------------------
Tests run: 6, Failures: 0, Errors: 0, Skipped: 0, Time elapsed: 0.379 s - in io.confluent.ksql.execution.streams.materialization.ks.KsMaterializationFactoryTest
-------------------------------------------------------------------------------
Test set: io.confluent.ksql.execution.streams.materialization.WindowedRowTest
-------------------------------------------------------------------------------
Tests run: 4, Failures: 0, Errors: 0, Skipped: 0, Time elapsed: 0.091 s - in io.confluent.ksql.execution.streams.materialization.WindowedRowTest
-------------------------------------------------------------------------------
Test set: io.confluent.ksql.execution.streams.timestamp.TimestampColumnExtractorsTest
-------------------------------------------------------------------------------
Tests run: 4, Failures: 0, Errors: 0, Skipped: 0, Time elapsed: 0.142 s - in io.confluent.ksql.execution.streams.timestamp.TimestampColumnExtractorsTest
-------------------------------------------------------------------------------
Test set: io.confluent.ksql.execution.streams.materialization.ks.KsMaterializedTableTest
-------------------------------------------------------------------------------
Tests run: 10, Failures: 0, Errors: 0, Skipped: 0, Time elapsed: 0.118 s - in io.confluent.ksql.execution.streams.materialization.ks.KsMaterializedTableTest
-------------------------------------------------------------------------------
Test set: io.confluent.ksql.execution.streams.TableFilterBuilderTest
-------------------------------------------------------------------------------
Tests run: 5, Failures: 0, Errors: 0, Skipped: 0, Time elapsed: 0.243 s - in io.confluent.ksql.execution.streams.TableFilterBuilderTest
-------------------------------------------------------------------------------
Test set: io.confluent.ksql.execution.streams.MaterializedFactoryTest
-------------------------------------------------------------------------------
Tests run: 2, Failures: 0, Errors: 0, Skipped: 0, Time elapsed: 0.108 s - in io.confluent.ksql.execution.streams.MaterializedFactoryTest
-------------------------------------------------------------------------------
Test set: io.confluent.ksql.execution.streams.TableAggregateBuilderTest
-------------------------------------------------------------------------------
Tests run: 8, Failures: 0, Errors: 0, Skipped: 0, Time elapsed: 0.089 s - in io.confluent.ksql.execution.streams.TableAggregateBuilderTest
-------------------------------------------------------------------------------
Test set: io.confluent.ksql.execution.streams.StreamSelectKeyBuilderTest
-------------------------------------------------------------------------------
Tests run: 7, Failures: 0, Errors: 0, Skipped: 0, Time elapsed: 0.228 s - in io.confluent.ksql.execution.streams.StreamSelectKeyBuilderTest
-------------------------------------------------------------------------------
Test set: io.confluent.ksql.execution.streams.timestamp.MetadataTimestampExtractorTest
-------------------------------------------------------------------------------
Tests run: 3, Failures: 0, Errors: 0, Skipped: 0, Time elapsed: 0.017 s - in io.confluent.ksql.execution.streams.timestamp.MetadataTimestampExtractorTest
-------------------------------------------------------------------------------
Test set: io.confluent.ksql.execution.streams.materialization.WindowTest
-------------------------------------------------------------------------------
Tests run: 3, Failures: 0, Errors: 0, Skipped: 0, Time elapsed: 0.006 s - in io.confluent.ksql.execution.streams.materialization.WindowTest
-------------------------------------------------------------------------------
Test set: io.confluent.ksql.execution.streams.AggregateParamsFactoryTest
-------------------------------------------------------------------------------
Tests run: 9, Failures: 0, Errors: 0, Skipped: 0, Time elapsed: 0.293 s - in io.confluent.ksql.execution.streams.AggregateParamsFactoryTest
-------------------------------------------------------------------------------
Test set: io.confluent.ksql.execution.streams.timestamp.LongColumnTimestampExtractionPolicyTest
-------------------------------------------------------------------------------
Tests run: 1, Failures: 0, Errors: 0, Skipped: 0, Time elapsed: 0.016 s - in io.confluent.ksql.execution.streams.timestamp.LongColumnTimestampExtractionPolicyTest
-------------------------------------------------------------------------------
Test set: io.confluent.ksql.execution.streams.PartitionByParamsFactoryTest
-------------------------------------------------------------------------------
Tests run: 18, Failures: 0, Errors: 0, Skipped: 0, Time elapsed: 0.252 s - in io.confluent.ksql.execution.streams.PartitionByParamsFactoryTest
-------------------------------------------------------------------------------
Test set: io.confluent.ksql.execution.streams.TableGroupByBuilderV1Test
-------------------------------------------------------------------------------
Tests run: 7, Failures: 0, Errors: 0, Skipped: 0, Time elapsed: 2.192 s - in io.confluent.ksql.execution.streams.TableGroupByBuilderV1Test
-------------------------------------------------------------------------------
Test set: io.confluent.ksql.execution.streams.GroupByParamsV1FactoryTest
-------------------------------------------------------------------------------
Tests run: 14, Failures: 0, Errors: 0, Skipped: 0, Time elapsed: 0.04 s - in io.confluent.ksql.execution.streams.GroupByParamsV1FactoryTest
-------------------------------------------------------------------------------
Test set: io.confluent.ksql.execution.streams.TableTableJoinBuilderTest
-------------------------------------------------------------------------------
Tests run: 8, Failures: 0, Errors: 0, Skipped: 0, Time elapsed: 0.017 s - in io.confluent.ksql.execution.streams.TableTableJoinBuilderTest
-------------------------------------------------------------------------------
Test set: io.confluent.ksql.execution.streams.KsqlValueJoinerTest
-------------------------------------------------------------------------------
Tests run: 3, Failures: 0, Errors: 0, Skipped: 0, Time elapsed: 0.001 s - in io.confluent.ksql.execution.streams.KsqlValueJoinerTest
-------------------------------------------------------------------------------
Test set: io.confluent.ksql.execution.streams.ForeignKeyTableTableJoinBuilderTest
-------------------------------------------------------------------------------
Tests run: 8, Failures: 0, Errors: 0, Skipped: 0, Time elapsed: 0.14 s - in io.confluent.ksql.execution.streams.ForeignKeyTableTableJoinBuilderTest
-------------------------------------------------------------------------------
Test set: io.confluent.ksql.execution.streams.TableSuppressBuilderTest
-------------------------------------------------------------------------------
Tests run: 1, Failures: 0, Errors: 0, Skipped: 0, Time elapsed: 0.184 s - in io.confluent.ksql.execution.streams.TableSuppressBuilderTest
-------------------------------------------------------------------------------
Test set: io.confluent.ksql.execution.streams.timestamp.TimestampExtractionPolicyFactoryTest
-------------------------------------------------------------------------------
Tests run: 10, Failures: 0, Errors: 0, Skipped: 0, Time elapsed: 0.017 s - in io.confluent.ksql.execution.streams.timestamp.TimestampExtractionPolicyFactoryTest
-------------------------------------------------------------------------------
Test set: io.confluent.ksql.api.client.integration.ClientIntegrationTest
-------------------------------------------------------------------------------
Tests run: 43, Failures: 0, Errors: 0, Skipped: 0, Time elapsed: 57.958 s - in io.confluent.ksql.api.client.integration.ClientIntegrationTest
-------------------------------------------------------------------------------
Test set: io.confluent.ksql.api.client.integration.RestClientIntegrationTest
-------------------------------------------------------------------------------
Tests run: 1, Failures: 0, Errors: 0, Skipped: 0, Time elapsed: 36.194 s - in io.confluent.ksql.api.client.integration.RestClientIntegrationTest
-------------------------------------------------------------------------------
Test set: io.confluent.ksql.api.client.ClientTlsTest
-------------------------------------------------------------------------------
Tests run: 73, Failures: 0, Errors: 0, Skipped: 0, Time elapsed: 6.177 s - in io.confluent.ksql.api.client.ClientTlsTest
-------------------------------------------------------------------------------
Test set: io.confluent.ksql.api.client.impl.StreamedQueryResultImplTest
-------------------------------------------------------------------------------
Tests run: 9, Failures: 0, Errors: 0, Skipped: 0, Time elapsed: 1.567 s - in io.confluent.ksql.api.client.impl.StreamedQueryResultImplTest
-------------------------------------------------------------------------------
Test set: io.confluent.ksql.api.client.ClientBasicAuthTest
-------------------------------------------------------------------------------
Tests run: 72, Failures: 0, Errors: 0, Skipped: 0, Time elapsed: 3.397 s - in io.confluent.ksql.api.client.ClientBasicAuthTest
-------------------------------------------------------------------------------
Test set: io.confluent.ksql.api.client.impl.ConnectorTypeImplTest
-------------------------------------------------------------------------------
Tests run: 1, Failures: 0, Errors: 0, Skipped: 0, Time elapsed: 0.002 s - in io.confluent.ksql.api.client.impl.ConnectorTypeImplTest
-------------------------------------------------------------------------------
Test set: io.confluent.ksql.api.client.impl.ConnectorInfoImplTest
-------------------------------------------------------------------------------
Tests run: 1, Failures: 0, Errors: 0, Skipped: 0, Time elapsed: 0.003 s - in io.confluent.ksql.api.client.impl.ConnectorInfoImplTest
-------------------------------------------------------------------------------
Test set: io.confluent.ksql.api.client.impl.InsertAckImplTest
-------------------------------------------------------------------------------
Tests run: 1, Failures: 0, Errors: 0, Skipped: 0, Time elapsed: 0.002 s - in io.confluent.ksql.api.client.impl.InsertAckImplTest
-------------------------------------------------------------------------------
Test set: io.confluent.ksql.api.client.impl.StreamInfoImplTest
-------------------------------------------------------------------------------
Tests run: 1, Failures: 0, Errors: 0, Skipped: 0, Time elapsed: 0.007 s - in io.confluent.ksql.api.client.impl.StreamInfoImplTest
-------------------------------------------------------------------------------
Test set: io.confluent.ksql.api.client.impl.ServerInfoImplTest
-------------------------------------------------------------------------------
Tests run: 1, Failures: 0, Errors: 0, Skipped: 0, Time elapsed: 0.001 s - in io.confluent.ksql.api.client.impl.ServerInfoImplTest
-------------------------------------------------------------------------------
Test set: io.confluent.ksql.api.client.impl.RowImplTest
-------------------------------------------------------------------------------
Tests run: 16, Failures: 0, Errors: 0, Skipped: 0, Time elapsed: 0.012 s - in io.confluent.ksql.api.client.impl.RowImplTest
-------------------------------------------------------------------------------
Test set: io.confluent.ksql.api.client.impl.ExecuteStatementResultImplTest
-------------------------------------------------------------------------------
Tests run: 1, Failures: 0, Errors: 0, Skipped: 0, Time elapsed: 0.001 s - in io.confluent.ksql.api.client.impl.ExecuteStatementResultImplTest
-------------------------------------------------------------------------------
Test set: io.confluent.ksql.api.client.impl.TableInfoImplTest
-------------------------------------------------------------------------------
Tests run: 1, Failures: 0, Errors: 0, Skipped: 0, Time elapsed: 0.002 s - in io.confluent.ksql.api.client.impl.TableInfoImplTest
-------------------------------------------------------------------------------
Test set: io.confluent.ksql.api.client.impl.TopicInfoImplTest
-------------------------------------------------------------------------------
Tests run: 1, Failures: 0, Errors: 0, Skipped: 0, Time elapsed: 0.002 s - in io.confluent.ksql.api.client.impl.TopicInfoImplTest
-------------------------------------------------------------------------------
Test set: io.confluent.ksql.api.client.impl.ConnectorDescriptionImplTest
-------------------------------------------------------------------------------
Tests run: 1, Failures: 0, Errors: 0, Skipped: 0, Time elapsed: 0.002 s - in io.confluent.ksql.api.client.impl.ConnectorDescriptionImplTest
-------------------------------------------------------------------------------
Test set: io.confluent.ksql.api.client.impl.SourceDescriptionImplTest
-------------------------------------------------------------------------------
Tests run: 1, Failures: 0, Errors: 0, Skipped: 0, Time elapsed: 0.014 s - in io.confluent.ksql.api.client.impl.SourceDescriptionImplTest
-------------------------------------------------------------------------------
Test set: io.confluent.ksql.api.client.util.RowUtilTest
-------------------------------------------------------------------------------
Tests run: 1, Failures: 0, Errors: 0, Skipped: 0, Time elapsed: 0.002 s - in io.confluent.ksql.api.client.util.RowUtilTest
-------------------------------------------------------------------------------
Test set: io.confluent.ksql.api.client.ClientTlsMutualAuthTest
-------------------------------------------------------------------------------
Tests run: 73, Failures: 0, Errors: 0, Skipped: 0, Time elapsed: 10.905 s - in io.confluent.ksql.api.client.ClientTlsMutualAuthTest
-------------------------------------------------------------------------------
Test set: io.confluent.ksql.api.client.impl.ClientImplTest
-------------------------------------------------------------------------------
Tests run: 1, Failures: 0, Errors: 0, Skipped: 0, Time elapsed: 0.07 s - in io.confluent.ksql.api.client.impl.ClientImplTest
-------------------------------------------------------------------------------
Test set: io.confluent.ksql.api.client.impl.ColumnTypeImplTest
-------------------------------------------------------------------------------
Tests run: 1, Failures: 0, Errors: 0, Skipped: 0, Time elapsed: 0.005 s - in io.confluent.ksql.api.client.impl.ColumnTypeImplTest
-------------------------------------------------------------------------------
Test set: io.confluent.ksql.api.client.impl.QueryInfoImplTest
-------------------------------------------------------------------------------
Tests run: 1, Failures: 0, Errors: 0, Skipped: 0, Time elapsed: 0.006 s - in io.confluent.ksql.api.client.impl.QueryInfoImplTest
-------------------------------------------------------------------------------
Test set: io.confluent.ksql.api.client.impl.ClientOptionsImplTest
-------------------------------------------------------------------------------
Tests run: 1, Failures: 0, Errors: 0, Skipped: 0, Time elapsed: 0.023 s - in io.confluent.ksql.api.client.impl.ClientOptionsImplTest
-------------------------------------------------------------------------------
Test set: io.confluent.ksql.api.client.impl.PollableSubscriberTest
-------------------------------------------------------------------------------
Tests run: 3, Failures: 0, Errors: 0, Skipped: 0, Time elapsed: 0.339 s - in io.confluent.ksql.api.client.impl.PollableSubscriberTest
-------------------------------------------------------------------------------
Test set: io.confluent.ksql.api.client.ClientTest
-------------------------------------------------------------------------------
Tests run: 72, Failures: 0, Errors: 0, Skipped: 0, Time elapsed: 2.262 s - in io.confluent.ksql.api.client.ClientTest
-------------------------------------------------------------------------------
Test set: io.confluent.ksql.api.client.impl.FieldInfoImplTest
-------------------------------------------------------------------------------
Tests run: 1, Failures: 0, Errors: 0, Skipped: 0, Time elapsed: 0.002 s - in io.confluent.ksql.api.client.impl.FieldInfoImplTest
